2026-02-04 00:12:59,372 - INFO - Logging initialized. Log file: d:\workspace\MRes\NoiseRate\kfold_results\logs\kfold_training_20260204_001259.log
2026-02-04 00:12:59,372 - INFO - 
============================================================
2026-02-04 00:12:59,372 - INFO - K-FOLD TRAINING - START
2026-02-04 00:12:59,372 - INFO - ============================================================

2026-02-04 00:12:59,390 - INFO - Using device: cuda

2026-02-04 00:12:59,390 - INFO - ============================================================
2026-02-04 00:12:59,390 - INFO - Loading and Preparing Data
2026-02-04 00:12:59,390 - INFO - ============================================================
2026-02-04 00:12:59,391 - INFO - Loading metadata from: d:/workspace/MRes/datasets/mimic-cxr-clean/gt/metadata.csv
2026-02-04 00:12:59,398 - INFO - Loaded 1029 samples
2026-02-04 00:12:59,398 - INFO - Filtering for ViewPosition: ['AP', 'PA']
2026-02-04 00:12:59,399 - INFO - After filtering: 676 samples

2026-02-04 00:12:59,523 - INFO - Using 12 CheXpert pathology columns
2026-02-04 00:12:59,523 - INFO - Applying uncertain label strategy: u_zeros
2026-02-04 00:12:59,528 - INFO - Labels shape: (676, 12)

2026-02-04 00:12:59,528 - INFO - Creating 5-fold stratified splits...
2026-02-04 00:12:59,530 - INFO - Created 5 folds
2026-02-04 00:12:59,530 - INFO -   Fold 1: 540 train, 136 val
2026-02-04 00:12:59,530 - INFO -   Fold 2: 541 train, 135 val
2026-02-04 00:12:59,530 - INFO -   Fold 3: 541 train, 135 val
2026-02-04 00:12:59,530 - INFO -   Fold 4: 541 train, 135 val
2026-02-04 00:12:59,530 - INFO -   Fold 5: 541 train, 135 val
2026-02-04 00:12:59,530 - INFO - 
2026-02-04 00:12:59,530 - INFO - ============================================================
2026-02-04 00:12:59,531 - INFO - Training Fold 1/5
2026-02-04 00:12:59,531 - INFO - ============================================================
2026-02-04 00:12:59,532 - INFO - Train batches: 17, Val batches: 5
2026-02-04 00:12:59,619 - INFO - Model parameters: 391,404
2026-02-04 00:12:59,620 - INFO - Computed pos_weight: [ 2.576159   3.6956522 13.594595   3.8214285 15.875     14.882353
 15.363636   2.8297873  1.5352113 26.        10.489362  18.285715 ]
2026-02-04 00:12:59,621 - INFO - 
Epoch 1/20
2026-02-04 00:12:59,621 - INFO - ----------------------------------------
2026-02-04 00:13:08,797 - INFO -   Train Loss: 1.2073
2026-02-04 00:13:08,798 - INFO -   Val Loss:   1.2356
2026-02-04 00:13:08,798 - INFO -   LR:         0.000994
2026-02-04 00:13:08,798 - INFO -   ** New best val loss: 1.2356
2026-02-04 00:13:08,798 - INFO - 
Epoch 2/20
2026-02-04 00:13:08,798 - INFO - ----------------------------------------
2026-02-04 00:13:10,516 - INFO -   Train Loss: 1.1866
2026-02-04 00:13:10,516 - INFO -   Val Loss:   1.1911
2026-02-04 00:13:10,516 - INFO -   LR:         0.000976
2026-02-04 00:13:10,516 - INFO -   ** New best val loss: 1.1911
2026-02-04 00:13:10,517 - INFO - 
Epoch 3/20
2026-02-04 00:13:10,517 - INFO - ----------------------------------------
2026-02-04 00:13:12,392 - INFO -   Train Loss: 1.1841
2026-02-04 00:13:12,392 - INFO -   Val Loss:   1.1916
2026-02-04 00:13:12,392 - INFO -   LR:         0.000946
2026-02-04 00:13:12,392 - INFO - 
Epoch 4/20
2026-02-04 00:13:12,393 - INFO - ----------------------------------------
2026-02-04 00:13:14,240 - INFO -   Train Loss: 1.1733
2026-02-04 00:13:14,240 - INFO -   Val Loss:   1.2040
2026-02-04 00:13:14,240 - INFO -   LR:         0.000905
2026-02-04 00:13:14,240 - INFO - 
Epoch 5/20
2026-02-04 00:13:14,240 - INFO - ----------------------------------------
2026-02-04 00:13:15,944 - INFO -   Train Loss: 1.1658
2026-02-04 00:13:15,944 - INFO -   Val Loss:   1.1994
2026-02-04 00:13:15,944 - INFO -   LR:         0.000855
2026-02-04 00:13:15,944 - INFO - 
Epoch 6/20
2026-02-04 00:13:15,944 - INFO - ----------------------------------------
2026-02-04 00:13:17,621 - INFO -   Train Loss: 1.1565
2026-02-04 00:13:17,621 - INFO -   Val Loss:   1.3364
2026-02-04 00:13:17,621 - INFO -   LR:         0.000796
2026-02-04 00:13:17,621 - INFO - 
Epoch 7/20
2026-02-04 00:13:17,621 - INFO - ----------------------------------------
2026-02-04 00:13:19,318 - INFO -   Train Loss: 1.1557
2026-02-04 00:13:19,319 - INFO -   Val Loss:   1.1949
2026-02-04 00:13:19,319 - INFO -   LR:         0.000730
2026-02-04 00:13:19,319 - INFO - 
Early stopping triggered at epoch 7
2026-02-04 00:13:19,444 - INFO - 
Model saved to: d:\workspace\MRes\NoiseRate\kfold_results\models\fold_1_model.pth
2026-02-04 00:13:19,444 - INFO - ============================================================
2026-02-04 00:13:19,446 - INFO - Training Fold 2/5
2026-02-04 00:13:19,446 - INFO - ============================================================
2026-02-04 00:13:19,446 - INFO - Train batches: 17, Val batches: 5
2026-02-04 00:13:19,452 - INFO - Model parameters: 391,404
2026-02-04 00:13:19,453 - INFO - Computed pos_weight: [ 2.5592105  3.5083334 10.76087    4.0560746 14.911765  14.911765
 11.581395   3.1615384  1.5518868 23.59091   13.236842  19.807692 ]
2026-02-04 00:13:19,453 - INFO - 
Epoch 1/20
2026-02-04 00:13:19,453 - INFO - ----------------------------------------
2026-02-04 00:13:21,231 - INFO -   Train Loss: 1.2176
2026-02-04 00:13:21,231 - INFO -   Val Loss:   1.1274
2026-02-04 00:13:21,231 - INFO -   LR:         0.000994
2026-02-04 00:13:21,231 - INFO -   ** New best val loss: 1.1274
2026-02-04 00:13:21,231 - INFO - 
Epoch 2/20
2026-02-04 00:13:21,231 - INFO - ----------------------------------------
2026-02-04 00:13:23,000 - INFO -   Train Loss: 1.1783
2026-02-04 00:13:23,000 - INFO -   Val Loss:   1.1434
2026-02-04 00:13:23,000 - INFO -   LR:         0.000976
2026-02-04 00:13:23,000 - INFO - 
Epoch 3/20
2026-02-04 00:13:23,000 - INFO - ----------------------------------------
2026-02-04 00:13:24,825 - INFO -   Train Loss: 1.1777
2026-02-04 00:13:24,826 - INFO -   Val Loss:   1.2190
2026-02-04 00:13:24,826 - INFO -   LR:         0.000946
2026-02-04 00:13:24,826 - INFO - 
Epoch 4/20
2026-02-04 00:13:24,826 - INFO - ----------------------------------------
2026-02-04 00:13:26,584 - INFO -   Train Loss: 1.1565
2026-02-04 00:13:26,585 - INFO -   Val Loss:   1.1897
2026-02-04 00:13:26,585 - INFO -   LR:         0.000905
2026-02-04 00:13:26,585 - INFO - 
Epoch 5/20
2026-02-04 00:13:26,585 - INFO - ----------------------------------------
2026-02-04 00:13:28,357 - INFO -   Train Loss: 1.1467
2026-02-04 00:13:28,357 - INFO -   Val Loss:   1.3212
2026-02-04 00:13:28,358 - INFO -   LR:         0.000855
2026-02-04 00:13:28,358 - INFO - 
Epoch 6/20
2026-02-04 00:13:28,358 - INFO - ----------------------------------------
2026-02-04 00:13:30,090 - INFO -   Train Loss: 1.1426
2026-02-04 00:13:30,090 - INFO -   Val Loss:   1.5759
2026-02-04 00:13:30,090 - INFO -   LR:         0.000796
2026-02-04 00:13:30,090 - INFO - 
Early stopping triggered at epoch 6
2026-02-04 00:13:30,212 - INFO - 
Model saved to: d:\workspace\MRes\NoiseRate\kfold_results\models\fold_2_model.pth
2026-02-04 00:13:30,212 - INFO - ============================================================
2026-02-04 00:13:30,212 - INFO - Training Fold 3/5
2026-02-04 00:13:30,213 - INFO - ============================================================
2026-02-04 00:13:30,213 - INFO - Train batches: 17, Val batches: 5
2026-02-04 00:13:30,216 - INFO - Model parameters: 391,404
2026-02-04 00:13:30,217 - INFO - Computed pos_weight: [ 2.5827816  3.9633029 11.581395   3.663793  17.655172  15.393939
 12.525      3.0676692  1.6915423 22.52174   13.236842  19.807692 ]
2026-02-04 00:13:30,217 - INFO - 
Epoch 1/20
2026-02-04 00:13:30,218 - INFO - ----------------------------------------
2026-02-04 00:13:31,956 - INFO -   Train Loss: 1.2136
2026-02-04 00:13:31,956 - INFO -   Val Loss:   1.3724
2026-02-04 00:13:31,956 - INFO -   LR:         0.000994
2026-02-04 00:13:31,956 - INFO -   ** New best val loss: 1.3724
2026-02-04 00:13:31,957 - INFO - 
Epoch 2/20
2026-02-04 00:13:31,957 - INFO - ----------------------------------------
2026-02-04 00:13:33,677 - INFO -   Train Loss: 1.1870
2026-02-04 00:13:33,677 - INFO -   Val Loss:   1.1732
2026-02-04 00:13:33,677 - INFO -   LR:         0.000976
2026-02-04 00:13:33,677 - INFO -   ** New best val loss: 1.1732
2026-02-04 00:13:33,677 - INFO - 
Epoch 3/20
2026-02-04 00:13:33,677 - INFO - ----------------------------------------
2026-02-04 00:13:35,404 - INFO -   Train Loss: 1.1758
2026-02-04 00:13:35,405 - INFO -   Val Loss:   1.1966
2026-02-04 00:13:35,405 - INFO -   LR:         0.000946
2026-02-04 00:13:35,405 - INFO - 
Epoch 4/20
2026-02-04 00:13:35,405 - INFO - ----------------------------------------
2026-02-04 00:13:37,136 - INFO -   Train Loss: 1.1859
2026-02-04 00:13:37,137 - INFO -   Val Loss:   1.2214
2026-02-04 00:13:37,137 - INFO -   LR:         0.000905
2026-02-04 00:13:37,137 - INFO - 
Epoch 5/20
2026-02-04 00:13:37,138 - INFO - ----------------------------------------
2026-02-04 00:13:38,905 - INFO -   Train Loss: 1.1831
2026-02-04 00:13:38,906 - INFO -   Val Loss:   1.1776
2026-02-04 00:13:38,906 - INFO -   LR:         0.000855
2026-02-04 00:13:38,906 - INFO - 
Epoch 6/20
2026-02-04 00:13:38,906 - INFO - ----------------------------------------
2026-02-04 00:13:40,638 - INFO -   Train Loss: 1.1833
2026-02-04 00:13:40,638 - INFO -   Val Loss:   1.1693
2026-02-04 00:13:40,638 - INFO -   LR:         0.000796
2026-02-04 00:13:40,638 - INFO -   ** New best val loss: 1.1693
2026-02-04 00:13:40,638 - INFO - 
Epoch 7/20
2026-02-04 00:13:40,639 - INFO - ----------------------------------------
2026-02-04 00:13:42,574 - INFO -   Train Loss: 1.1696
2026-02-04 00:13:42,574 - INFO -   Val Loss:   1.2532
2026-02-04 00:13:42,574 - INFO -   LR:         0.000730
2026-02-04 00:13:42,574 - INFO - 
Epoch 8/20
2026-02-04 00:13:42,574 - INFO - ----------------------------------------
2026-02-04 00:13:44,442 - INFO -   Train Loss: 1.1600
2026-02-04 00:13:44,443 - INFO -   Val Loss:   1.3274
2026-02-04 00:13:44,443 - INFO -   LR:         0.000658
2026-02-04 00:13:44,443 - INFO - 
Epoch 9/20
2026-02-04 00:13:44,444 - INFO - ----------------------------------------
2026-02-04 00:13:46,152 - INFO -   Train Loss: 1.1638
2026-02-04 00:13:46,154 - INFO -   Val Loss:   1.2069
2026-02-04 00:13:46,154 - INFO -   LR:         0.000582
2026-02-04 00:13:46,154 - INFO - 
Epoch 10/20
2026-02-04 00:13:46,154 - INFO - ----------------------------------------
2026-02-04 00:13:47,876 - INFO -   Train Loss: 1.1571
2026-02-04 00:13:47,877 - INFO -   Val Loss:   1.1717
2026-02-04 00:13:47,877 - INFO -   LR:         0.000505
2026-02-04 00:13:47,877 - INFO - 
Epoch 11/20
2026-02-04 00:13:47,877 - INFO - ----------------------------------------
2026-02-04 00:13:49,593 - INFO -   Train Loss: 1.1534
2026-02-04 00:13:49,593 - INFO -   Val Loss:   1.1580
2026-02-04 00:13:49,593 - INFO -   LR:         0.000428
2026-02-04 00:13:49,594 - INFO -   ** New best val loss: 1.1580
2026-02-04 00:13:49,594 - INFO - 
Epoch 12/20
2026-02-04 00:13:49,594 - INFO - ----------------------------------------
2026-02-04 00:13:51,347 - INFO -   Train Loss: 1.1549
2026-02-04 00:13:51,347 - INFO -   Val Loss:   1.1626
2026-02-04 00:13:51,347 - INFO -   LR:         0.000352
2026-02-04 00:13:51,347 - INFO - 
Epoch 13/20
2026-02-04 00:13:51,347 - INFO - ----------------------------------------
2026-02-04 00:13:53,082 - INFO -   Train Loss: 1.1512
2026-02-04 00:13:53,082 - INFO -   Val Loss:   1.1720
2026-02-04 00:13:53,083 - INFO -   LR:         0.000280
2026-02-04 00:13:53,083 - INFO - 
Epoch 14/20
2026-02-04 00:13:53,083 - INFO - ----------------------------------------
2026-02-04 00:13:54,825 - INFO -   Train Loss: 1.1440
2026-02-04 00:13:54,825 - INFO -   Val Loss:   1.1686
2026-02-04 00:13:54,827 - INFO -   LR:         0.000214
2026-02-04 00:13:54,827 - INFO - 
Epoch 15/20
2026-02-04 00:13:54,827 - INFO - ----------------------------------------
2026-02-04 00:13:56,568 - INFO -   Train Loss: 1.1521
2026-02-04 00:13:56,569 - INFO -   Val Loss:   1.1616
2026-02-04 00:13:56,569 - INFO -   LR:         0.000155
2026-02-04 00:13:56,569 - INFO - 
Epoch 16/20
2026-02-04 00:13:56,569 - INFO - ----------------------------------------
2026-02-04 00:13:58,291 - INFO -   Train Loss: 1.1486
2026-02-04 00:13:58,291 - INFO -   Val Loss:   1.1586
2026-02-04 00:13:58,291 - INFO -   LR:         0.000105
2026-02-04 00:13:58,291 - INFO - 
Early stopping triggered at epoch 16
2026-02-04 00:13:58,419 - INFO - 
Model saved to: d:\workspace\MRes\NoiseRate\kfold_results\models\fold_3_model.pth
2026-02-04 00:13:58,419 - INFO - ============================================================
2026-02-04 00:13:58,419 - INFO - Training Fold 4/5
2026-02-04 00:13:58,420 - INFO - ============================================================
2026-02-04 00:13:58,420 - INFO - Train batches: 17, Val batches: 5
2026-02-04 00:13:58,424 - INFO - Model parameters: 391,404
2026-02-04 00:13:58,425 - INFO - Computed pos_weight: [ 2.5827816  3.4710743 14.027778   3.5083334 17.655172  16.451612
 14.027778   2.9779413  1.5761905 20.64      11.295455  16.451612 ]
2026-02-04 00:13:58,425 - INFO - 
Epoch 1/20
2026-02-04 00:13:58,425 - INFO - ----------------------------------------
2026-02-04 00:14:00,215 - INFO -   Train Loss: 1.2125
2026-02-04 00:14:00,215 - INFO -   Val Loss:   1.1890
2026-02-04 00:14:00,216 - INFO -   LR:         0.000994
2026-02-04 00:14:00,216 - INFO -   ** New best val loss: 1.1890
2026-02-04 00:14:00,216 - INFO - 
Epoch 2/20
2026-02-04 00:14:00,216 - INFO - ----------------------------------------
2026-02-04 00:14:01,984 - INFO -   Train Loss: 1.1920
2026-02-04 00:14:01,984 - INFO -   Val Loss:   1.1662
2026-02-04 00:14:01,984 - INFO -   LR:         0.000976
2026-02-04 00:14:01,984 - INFO -   ** New best val loss: 1.1662
2026-02-04 00:14:01,984 - INFO - 
Epoch 3/20
2026-02-04 00:14:01,984 - INFO - ----------------------------------------
2026-02-04 00:14:03,736 - INFO -   Train Loss: 1.1645
2026-02-04 00:14:03,737 - INFO -   Val Loss:   1.1550
2026-02-04 00:14:03,737 - INFO -   LR:         0.000946
2026-02-04 00:14:03,737 - INFO -   ** New best val loss: 1.1550
2026-02-04 00:14:03,737 - INFO - 
Epoch 4/20
2026-02-04 00:14:03,737 - INFO - ----------------------------------------
2026-02-04 00:14:05,493 - INFO -   Train Loss: 1.1683
2026-02-04 00:14:05,494 - INFO -   Val Loss:   1.1996
2026-02-04 00:14:05,494 - INFO -   LR:         0.000905
2026-02-04 00:14:05,494 - INFO - 
Epoch 5/20
2026-02-04 00:14:05,494 - INFO - ----------------------------------------
2026-02-04 00:14:07,219 - INFO -   Train Loss: 1.1610
2026-02-04 00:14:07,219 - INFO -   Val Loss:   1.1560
2026-02-04 00:14:07,219 - INFO -   LR:         0.000855
2026-02-04 00:14:07,220 - INFO - 
Epoch 6/20
2026-02-04 00:14:07,220 - INFO - ----------------------------------------
2026-02-04 00:14:08,975 - INFO -   Train Loss: 1.1523
2026-02-04 00:14:08,975 - INFO -   Val Loss:   1.1681
2026-02-04 00:14:08,975 - INFO -   LR:         0.000796
2026-02-04 00:14:08,975 - INFO - 
Epoch 7/20
2026-02-04 00:14:08,975 - INFO - ----------------------------------------
2026-02-04 00:14:10,750 - INFO -   Train Loss: 1.1509
2026-02-04 00:14:10,750 - INFO -   Val Loss:   1.1515
2026-02-04 00:14:10,750 - INFO -   LR:         0.000730
2026-02-04 00:14:10,750 - INFO -   ** New best val loss: 1.1515
2026-02-04 00:14:10,751 - INFO - 
Epoch 8/20
2026-02-04 00:14:10,751 - INFO - ----------------------------------------
2026-02-04 00:14:12,694 - INFO -   Train Loss: 1.1520
2026-02-04 00:14:12,694 - INFO -   Val Loss:   1.1528
2026-02-04 00:14:12,695 - INFO -   LR:         0.000658
2026-02-04 00:14:12,695 - INFO - 
Epoch 9/20
2026-02-04 00:14:12,695 - INFO - ----------------------------------------
2026-02-04 00:14:14,569 - INFO -   Train Loss: 1.1429
2026-02-04 00:14:14,569 - INFO -   Val Loss:   1.1504
2026-02-04 00:14:14,569 - INFO -   LR:         0.000582
2026-02-04 00:14:14,569 - INFO -   ** New best val loss: 1.1504
2026-02-04 00:14:14,570 - INFO - 
Epoch 10/20
2026-02-04 00:14:14,570 - INFO - ----------------------------------------
2026-02-04 00:14:16,333 - INFO -   Train Loss: 1.1439
2026-02-04 00:14:16,333 - INFO -   Val Loss:   1.1532
2026-02-04 00:14:16,334 - INFO -   LR:         0.000505
2026-02-04 00:14:16,334 - INFO - 
Epoch 11/20
2026-02-04 00:14:16,334 - INFO - ----------------------------------------
2026-02-04 00:14:18,094 - INFO -   Train Loss: 1.1320
2026-02-04 00:14:18,094 - INFO -   Val Loss:   1.1570
2026-02-04 00:14:18,095 - INFO -   LR:         0.000428
2026-02-04 00:14:18,095 - INFO - 
Epoch 12/20
2026-02-04 00:14:18,095 - INFO - ----------------------------------------
2026-02-04 00:14:19,874 - INFO -   Train Loss: 1.1332
2026-02-04 00:14:19,874 - INFO -   Val Loss:   1.1683
2026-02-04 00:14:19,874 - INFO -   LR:         0.000352
2026-02-04 00:14:19,874 - INFO - 
Epoch 13/20
2026-02-04 00:14:19,874 - INFO - ----------------------------------------
2026-02-04 00:14:21,638 - INFO -   Train Loss: 1.1331
2026-02-04 00:14:21,639 - INFO -   Val Loss:   1.1541
2026-02-04 00:14:21,639 - INFO -   LR:         0.000280
2026-02-04 00:14:21,639 - INFO - 
Epoch 14/20
2026-02-04 00:14:21,639 - INFO - ----------------------------------------
2026-02-04 00:14:23,378 - INFO -   Train Loss: 1.1417
2026-02-04 00:14:23,379 - INFO -   Val Loss:   1.1544
2026-02-04 00:14:23,379 - INFO -   LR:         0.000214
2026-02-04 00:14:23,379 - INFO - 
Early stopping triggered at epoch 14
2026-02-04 00:14:23,507 - INFO - 
Model saved to: d:\workspace\MRes\NoiseRate\kfold_results\models\fold_4_model.pth
2026-02-04 00:14:23,508 - INFO - ============================================================
2026-02-04 00:14:23,508 - INFO - Training Fold 5/5
2026-02-04 00:14:23,508 - INFO - ============================================================
2026-02-04 00:14:23,508 - INFO - Train batches: 17, Val batches: 5
2026-02-04 00:14:23,514 - INFO - Model parameters: 391,404
2026-02-04 00:14:23,514 - INFO - Computed pos_weight: [ 2.5827816  3.5462184 11.880953   3.9633029 15.90625   15.90625
 14.027778   3.2265625  1.6519607 23.59091   12.195122  20.64     ]
2026-02-04 00:14:23,514 - INFO - 
Epoch 1/20
2026-02-04 00:14:23,515 - INFO - ----------------------------------------
2026-02-04 00:14:25,269 - INFO -   Train Loss: 1.2293
2026-02-04 00:14:25,269 - INFO -   Val Loss:   1.2553
2026-02-04 00:14:25,270 - INFO -   LR:         0.000994
2026-02-04 00:14:25,270 - INFO -   ** New best val loss: 1.2553
2026-02-04 00:14:25,270 - INFO - 
Epoch 2/20
2026-02-04 00:14:25,270 - INFO - ----------------------------------------
2026-02-04 00:14:27,009 - INFO -   Train Loss: 1.2006
2026-02-04 00:14:27,011 - INFO -   Val Loss:   1.2208
2026-02-04 00:14:27,011 - INFO -   LR:         0.000976
2026-02-04 00:14:27,011 - INFO -   ** New best val loss: 1.2208
2026-02-04 00:14:27,011 - INFO - 
Epoch 3/20
2026-02-04 00:14:27,012 - INFO - ----------------------------------------
2026-02-04 00:14:28,790 - INFO -   Train Loss: 1.1695
2026-02-04 00:14:28,790 - INFO -   Val Loss:   1.2158
2026-02-04 00:14:28,790 - INFO -   LR:         0.000946
2026-02-04 00:14:28,792 - INFO -   ** New best val loss: 1.2158
2026-02-04 00:14:28,792 - INFO - 
Epoch 4/20
2026-02-04 00:14:28,792 - INFO - ----------------------------------------
2026-02-04 00:14:30,520 - INFO -   Train Loss: 1.1823
2026-02-04 00:14:30,520 - INFO -   Val Loss:   1.2194
2026-02-04 00:14:30,520 - INFO -   LR:         0.000905
2026-02-04 00:14:30,520 - INFO - 
Epoch 5/20
2026-02-04 00:14:30,520 - INFO - ----------------------------------------
2026-02-04 00:14:32,261 - INFO -   Train Loss: 1.1771
2026-02-04 00:14:32,261 - INFO -   Val Loss:   1.2362
2026-02-04 00:14:32,261 - INFO -   LR:         0.000855
2026-02-04 00:14:32,261 - INFO - 
Epoch 6/20
2026-02-04 00:14:32,261 - INFO - ----------------------------------------
2026-02-04 00:14:33,988 - INFO -   Train Loss: 1.1704
2026-02-04 00:14:33,988 - INFO -   Val Loss:   1.2494
2026-02-04 00:14:33,988 - INFO -   LR:         0.000796
2026-02-04 00:14:33,988 - INFO - 
Epoch 7/20
2026-02-04 00:14:33,989 - INFO - ----------------------------------------
2026-02-04 00:14:35,727 - INFO -   Train Loss: 1.1521
2026-02-04 00:14:35,727 - INFO -   Val Loss:   1.2258
2026-02-04 00:14:35,727 - INFO -   LR:         0.000730
2026-02-04 00:14:35,727 - INFO - 
Epoch 8/20
2026-02-04 00:14:35,727 - INFO - ----------------------------------------
2026-02-04 00:14:37,482 - INFO -   Train Loss: 1.1662
2026-02-04 00:14:37,482 - INFO -   Val Loss:   1.2191
2026-02-04 00:14:37,482 - INFO -   LR:         0.000658
2026-02-04 00:14:37,482 - INFO - 
Early stopping triggered at epoch 8
2026-02-04 00:14:37,616 - INFO - 
Model saved to: d:\workspace\MRes\NoiseRate\kfold_results\models\fold_5_model.pth
2026-02-04 00:14:37,617 - INFO - 
============================================================
2026-02-04 00:14:37,617 - INFO - Out-of-fold predictions saved to: d:\workspace\MRes\NoiseRate\kfold_results\oof_predictions.npy
2026-02-04 00:14:37,618 - INFO - Shape: (676, 12)
2026-02-04 00:14:37,618 - INFO - ============================================================
2026-02-04 00:14:37,618 - INFO - 
============================================================
2026-02-04 00:14:37,618 - INFO - K-FOLD TRAINING - COMPLETE
2026-02-04 00:14:37,618 - INFO - ============================================================

