2026-02-04 19:40:31,998 - INFO - Logging initialized. Log file: d:\workspace\MRes\NoiseRate\kfold_results\logs\kfold_gt_20260204_194031.log
2026-02-04 19:40:31,998 - INFO - 
============================================================
2026-02-04 19:40:31,998 - INFO - K-FOLD TRAINING - GT LABELS
2026-02-04 19:40:31,998 - INFO - ============================================================

2026-02-04 19:40:32,020 - INFO - Using device: cuda

2026-02-04 19:40:32,020 - INFO - ============================================================
2026-02-04 19:40:32,020 - INFO - Loading and Preparing Data
2026-02-04 19:40:32,021 - INFO - ============================================================
2026-02-04 19:40:32,022 - INFO - Loading metadata from: d:/workspace/MRes/datasets/mimic-cxr-clean/gt/metadata.csv
2026-02-04 19:40:32,030 - INFO - Loaded 1029 samples
2026-02-04 19:40:32,030 - INFO - Filtering for ViewPosition: ['AP', 'PA']
2026-02-04 19:40:32,031 - INFO - After filtering: 676 samples

2026-02-04 19:40:32,032 - INFO - Using GT labels for training
2026-02-04 19:40:32,032 - INFO - Using 12 CheXpert pathology columns
2026-02-04 19:40:32,032 - INFO - Applying uncertain label strategy: u_zeros
2026-02-04 19:40:32,036 - INFO - Labels shape: (676, 12)

2026-02-04 19:40:32,037 - INFO - ============================================================
2026-02-04 19:40:32,037 - INFO - K-Fold Split
2026-02-04 19:40:32,037 - INFO - ============================================================
2026-02-04 19:40:32,037 - INFO - K-fold: 5 splits, stratified by first label

2026-02-04 19:40:32,039 - INFO - ============================================================
2026-02-04 19:40:32,039 - INFO - Fold 1/5
2026-02-04 19:40:32,039 - INFO - ============================================================
2026-02-04 19:40:32,039 - INFO - Train samples: 540, Val samples: 136

2026-02-04 19:40:35,111 - INFO - Epoch 1/20
2026-02-04 19:40:35,111 - INFO -   Train Loss: 1.2215
2026-02-04 19:40:35,111 - INFO -   Val Loss:   1.3743
2026-02-04 19:40:35,111 - INFO -   LR:         0.000994
2026-02-04 19:40:35,112 - INFO -   ** New best val loss: 1.3743
2026-02-04 19:40:35,121 - INFO - 
2026-02-04 19:40:37,860 - INFO - Epoch 2/20
2026-02-04 19:40:37,860 - INFO -   Train Loss: 1.1965
2026-02-04 19:40:37,860 - INFO -   Val Loss:   1.1739
2026-02-04 19:40:37,860 - INFO -   LR:         0.000976
2026-02-04 19:40:37,860 - INFO -   ** New best val loss: 1.1739
2026-02-04 19:40:37,867 - INFO - 
2026-02-04 19:40:40,525 - INFO - Epoch 3/20
2026-02-04 19:40:40,525 - INFO -   Train Loss: 1.1834
2026-02-04 19:40:40,525 - INFO -   Val Loss:   1.1932
2026-02-04 19:40:40,525 - INFO -   LR:         0.000946
2026-02-04 19:40:40,525 - INFO - 
2026-02-04 19:40:42,822 - INFO - Epoch 4/20
2026-02-04 19:40:42,822 - INFO -   Train Loss: 1.1722
2026-02-04 19:40:42,822 - INFO -   Val Loss:   1.1813
2026-02-04 19:40:42,822 - INFO -   LR:         0.000905
2026-02-04 19:40:42,824 - INFO - 
2026-02-04 19:40:45,002 - INFO - Epoch 5/20
2026-02-04 19:40:45,004 - INFO -   Train Loss: 1.1719
2026-02-04 19:40:45,004 - INFO -   Val Loss:   1.2047
2026-02-04 19:40:45,004 - INFO -   LR:         0.000855
2026-02-04 19:40:45,004 - INFO - 
2026-02-04 19:40:47,289 - INFO - Epoch 6/20
2026-02-04 19:40:47,289 - INFO -   Train Loss: 1.1542
2026-02-04 19:40:47,289 - INFO -   Val Loss:   1.1873
2026-02-04 19:40:47,289 - INFO -   LR:         0.000796
2026-02-04 19:40:47,290 - INFO - 
2026-02-04 19:40:49,598 - INFO - Epoch 7/20
2026-02-04 19:40:49,599 - INFO -   Train Loss: 1.1499
2026-02-04 19:40:49,599 - INFO -   Val Loss:   1.1946
2026-02-04 19:40:49,599 - INFO -   LR:         0.000730
2026-02-04 19:40:49,599 - INFO - 
2026-02-04 19:40:49,599 - INFO - Early stopping triggered at epoch 7

2026-02-04 19:40:49,814 - INFO - Fold 1 complete. Best val loss: 1.1739

2026-02-04 19:40:49,815 - INFO - ============================================================
2026-02-04 19:40:49,815 - INFO - Fold 2/5
2026-02-04 19:40:49,815 - INFO - ============================================================
2026-02-04 19:40:49,815 - INFO - Train samples: 541, Val samples: 135

2026-02-04 19:40:52,031 - INFO - Epoch 1/20
2026-02-04 19:40:52,031 - INFO -   Train Loss: 1.2110
2026-02-04 19:40:52,031 - INFO -   Val Loss:   1.1618
2026-02-04 19:40:52,031 - INFO -   LR:         0.000994
2026-02-04 19:40:52,031 - INFO -   ** New best val loss: 1.1618
2026-02-04 19:40:52,038 - INFO - 
2026-02-04 19:40:54,254 - INFO - Epoch 2/20
2026-02-04 19:40:54,254 - INFO -   Train Loss: 1.1882
2026-02-04 19:40:54,254 - INFO -   Val Loss:   1.1353
2026-02-04 19:40:54,255 - INFO -   LR:         0.000976
2026-02-04 19:40:54,255 - INFO -   ** New best val loss: 1.1353
2026-02-04 19:40:54,261 - INFO - 
2026-02-04 19:40:56,428 - INFO - Epoch 3/20
2026-02-04 19:40:56,428 - INFO -   Train Loss: 1.1706
2026-02-04 19:40:56,428 - INFO -   Val Loss:   1.1567
2026-02-04 19:40:56,428 - INFO -   LR:         0.000946
2026-02-04 19:40:56,429 - INFO - 
2026-02-04 19:40:58,600 - INFO - Epoch 4/20
2026-02-04 19:40:58,600 - INFO -   Train Loss: 1.1678
2026-02-04 19:40:58,600 - INFO -   Val Loss:   1.1477
2026-02-04 19:40:58,600 - INFO -   LR:         0.000905
2026-02-04 19:40:58,600 - INFO - 
2026-02-04 19:41:00,788 - INFO - Epoch 5/20
2026-02-04 19:41:00,788 - INFO -   Train Loss: 1.1544
2026-02-04 19:41:00,788 - INFO -   Val Loss:   1.1835
2026-02-04 19:41:00,788 - INFO -   LR:         0.000855
2026-02-04 19:41:00,789 - INFO - 
2026-02-04 19:41:02,933 - INFO - Epoch 6/20
2026-02-04 19:41:02,933 - INFO -   Train Loss: 1.1631
2026-02-04 19:41:02,935 - INFO -   Val Loss:   1.1705
2026-02-04 19:41:02,935 - INFO -   LR:         0.000796
2026-02-04 19:41:02,935 - INFO - 
2026-02-04 19:41:05,107 - INFO - Epoch 7/20
2026-02-04 19:41:05,107 - INFO -   Train Loss: 1.1596
2026-02-04 19:41:05,107 - INFO -   Val Loss:   1.1352
2026-02-04 19:41:05,107 - INFO -   LR:         0.000730
2026-02-04 19:41:05,108 - INFO -   ** New best val loss: 1.1352
2026-02-04 19:41:05,114 - INFO - 
2026-02-04 19:41:05,114 - INFO - Early stopping triggered at epoch 7

2026-02-04 19:41:05,280 - INFO - Fold 2 complete. Best val loss: 1.1352

2026-02-04 19:41:05,280 - INFO - ============================================================
2026-02-04 19:41:05,281 - INFO - Fold 3/5
2026-02-04 19:41:05,281 - INFO - ============================================================
2026-02-04 19:41:05,281 - INFO - Train samples: 541, Val samples: 135

2026-02-04 19:41:07,641 - INFO - Epoch 1/20
2026-02-04 19:41:07,641 - INFO -   Train Loss: 1.2143
2026-02-04 19:41:07,641 - INFO -   Val Loss:   1.2631
2026-02-04 19:41:07,641 - INFO -   LR:         0.000994
2026-02-04 19:41:07,641 - INFO -   ** New best val loss: 1.2631
2026-02-04 19:41:07,651 - INFO - 
2026-02-04 19:41:09,952 - INFO - Epoch 2/20
2026-02-04 19:41:09,953 - INFO -   Train Loss: 1.1851
2026-02-04 19:41:09,953 - INFO -   Val Loss:   1.1857
2026-02-04 19:41:09,953 - INFO -   LR:         0.000976
2026-02-04 19:41:09,953 - INFO -   ** New best val loss: 1.1857
2026-02-04 19:41:09,959 - INFO - 
2026-02-04 19:41:12,142 - INFO - Epoch 3/20
2026-02-04 19:41:12,143 - INFO -   Train Loss: 1.1975
2026-02-04 19:41:12,143 - INFO -   Val Loss:   1.2003
2026-02-04 19:41:12,143 - INFO -   LR:         0.000946
2026-02-04 19:41:12,143 - INFO - 
2026-02-04 19:41:14,307 - INFO - Epoch 4/20
2026-02-04 19:41:14,307 - INFO -   Train Loss: 1.1731
2026-02-04 19:41:14,307 - INFO -   Val Loss:   1.1847
2026-02-04 19:41:14,307 - INFO -   LR:         0.000905
2026-02-04 19:41:14,307 - INFO -   ** New best val loss: 1.1847
2026-02-04 19:41:14,313 - INFO - 
2026-02-04 19:41:16,483 - INFO - Epoch 5/20
2026-02-04 19:41:16,483 - INFO -   Train Loss: 1.1739
2026-02-04 19:41:16,483 - INFO -   Val Loss:   1.2193
2026-02-04 19:41:16,483 - INFO -   LR:         0.000855
2026-02-04 19:41:16,483 - INFO - 
2026-02-04 19:41:18,623 - INFO - Epoch 6/20
2026-02-04 19:41:18,625 - INFO -   Train Loss: 1.1662
2026-02-04 19:41:18,625 - INFO -   Val Loss:   1.2014
2026-02-04 19:41:18,625 - INFO -   LR:         0.000796
2026-02-04 19:41:18,625 - INFO - 
2026-02-04 19:41:20,846 - INFO - Epoch 7/20
2026-02-04 19:41:20,847 - INFO -   Train Loss: 1.1875
2026-02-04 19:41:20,847 - INFO -   Val Loss:   1.1928
2026-02-04 19:41:20,847 - INFO -   LR:         0.000730
2026-02-04 19:41:20,847 - INFO - 
2026-02-04 19:41:23,000 - INFO - Epoch 8/20
2026-02-04 19:41:23,000 - INFO -   Train Loss: 1.1666
2026-02-04 19:41:23,001 - INFO -   Val Loss:   1.1664
2026-02-04 19:41:23,001 - INFO -   LR:         0.000658
2026-02-04 19:41:23,001 - INFO -   ** New best val loss: 1.1664
2026-02-04 19:41:23,007 - INFO - 
2026-02-04 19:41:25,155 - INFO - Epoch 9/20
2026-02-04 19:41:25,155 - INFO -   Train Loss: 1.1669
2026-02-04 19:41:25,155 - INFO -   Val Loss:   1.1594
2026-02-04 19:41:25,155 - INFO -   LR:         0.000582
2026-02-04 19:41:25,156 - INFO -   ** New best val loss: 1.1594
2026-02-04 19:41:25,162 - INFO - 
2026-02-04 19:41:27,317 - INFO - Epoch 10/20
2026-02-04 19:41:27,317 - INFO -   Train Loss: 1.1590
2026-02-04 19:41:27,319 - INFO -   Val Loss:   1.1804
2026-02-04 19:41:27,319 - INFO -   LR:         0.000505
2026-02-04 19:41:27,319 - INFO - 
2026-02-04 19:41:29,463 - INFO - Epoch 11/20
2026-02-04 19:41:29,463 - INFO -   Train Loss: 1.1582
2026-02-04 19:41:29,464 - INFO -   Val Loss:   1.1711
2026-02-04 19:41:29,464 - INFO -   LR:         0.000428
2026-02-04 19:41:29,464 - INFO - 
2026-02-04 19:41:31,617 - INFO - Epoch 12/20
2026-02-04 19:41:31,618 - INFO -   Train Loss: 1.1502
2026-02-04 19:41:31,618 - INFO -   Val Loss:   1.1704
2026-02-04 19:41:31,618 - INFO -   LR:         0.000352
2026-02-04 19:41:31,618 - INFO - 
2026-02-04 19:41:33,766 - INFO - Epoch 13/20
2026-02-04 19:41:33,767 - INFO -   Train Loss: 1.1517
2026-02-04 19:41:33,767 - INFO -   Val Loss:   1.1719
2026-02-04 19:41:33,767 - INFO -   LR:         0.000280
2026-02-04 19:41:33,767 - INFO - 
2026-02-04 19:41:35,995 - INFO - Epoch 14/20
2026-02-04 19:41:35,996 - INFO -   Train Loss: 1.1487
2026-02-04 19:41:35,996 - INFO -   Val Loss:   1.1583
2026-02-04 19:41:35,996 - INFO -   LR:         0.000214
2026-02-04 19:41:35,996 - INFO -   ** New best val loss: 1.1583
2026-02-04 19:41:36,004 - INFO - 
2026-02-04 19:41:38,353 - INFO - Epoch 15/20
2026-02-04 19:41:38,353 - INFO -   Train Loss: 1.1497
2026-02-04 19:41:38,353 - INFO -   Val Loss:   1.1645
2026-02-04 19:41:38,353 - INFO -   LR:         0.000155
2026-02-04 19:41:38,353 - INFO - 
2026-02-04 19:41:40,591 - INFO - Epoch 16/20
2026-02-04 19:41:40,592 - INFO -   Train Loss: 1.1478
2026-02-04 19:41:40,592 - INFO -   Val Loss:   1.1625
2026-02-04 19:41:40,592 - INFO -   LR:         0.000105
2026-02-04 19:41:40,592 - INFO - 
2026-02-04 19:41:42,793 - INFO - Epoch 17/20
2026-02-04 19:41:42,793 - INFO -   Train Loss: 1.1472
2026-02-04 19:41:42,793 - INFO -   Val Loss:   1.1597
2026-02-04 19:41:42,793 - INFO -   LR:         0.000064
2026-02-04 19:41:42,794 - INFO - 
2026-02-04 19:41:44,956 - INFO - Epoch 18/20
2026-02-04 19:41:44,956 - INFO -   Train Loss: 1.1401
2026-02-04 19:41:44,956 - INFO -   Val Loss:   1.1577
2026-02-04 19:41:44,957 - INFO -   LR:         0.000034
2026-02-04 19:41:44,957 - INFO -   ** New best val loss: 1.1577
2026-02-04 19:41:44,963 - INFO - 
2026-02-04 19:41:47,085 - INFO - Epoch 19/20
2026-02-04 19:41:47,085 - INFO -   Train Loss: 1.1394
2026-02-04 19:41:47,085 - INFO -   Val Loss:   1.1596
2026-02-04 19:41:47,085 - INFO -   LR:         0.000016
2026-02-04 19:41:47,086 - INFO - 
2026-02-04 19:41:47,086 - INFO - Early stopping triggered at epoch 19

2026-02-04 19:41:47,259 - INFO - Fold 3 complete. Best val loss: 1.1577

2026-02-04 19:41:47,260 - INFO - ============================================================
2026-02-04 19:41:47,260 - INFO - Fold 4/5
2026-02-04 19:41:47,260 - INFO - ============================================================
2026-02-04 19:41:47,260 - INFO - Train samples: 541, Val samples: 135

2026-02-04 19:41:49,452 - INFO - Epoch 1/20
2026-02-04 19:41:49,453 - INFO -   Train Loss: 1.2287
2026-02-04 19:41:49,453 - INFO -   Val Loss:   1.2787
2026-02-04 19:41:49,453 - INFO -   LR:         0.000994
2026-02-04 19:41:49,453 - INFO -   ** New best val loss: 1.2787
2026-02-04 19:41:49,459 - INFO - 
2026-02-04 19:41:51,645 - INFO - Epoch 2/20
2026-02-04 19:41:51,645 - INFO -   Train Loss: 1.1884
2026-02-04 19:41:51,645 - INFO -   Val Loss:   1.1601
2026-02-04 19:41:51,645 - INFO -   LR:         0.000976
2026-02-04 19:41:51,645 - INFO -   ** New best val loss: 1.1601
2026-02-04 19:41:51,653 - INFO - 
2026-02-04 19:41:53,824 - INFO - Epoch 3/20
2026-02-04 19:41:53,825 - INFO -   Train Loss: 1.1762
2026-02-04 19:41:53,825 - INFO -   Val Loss:   1.1571
2026-02-04 19:41:53,825 - INFO -   LR:         0.000946
2026-02-04 19:41:53,825 - INFO -   ** New best val loss: 1.1571
2026-02-04 19:41:53,832 - INFO - 
2026-02-04 19:41:55,964 - INFO - Epoch 4/20
2026-02-04 19:41:55,964 - INFO -   Train Loss: 1.1745
2026-02-04 19:41:55,964 - INFO -   Val Loss:   1.1687
2026-02-04 19:41:55,964 - INFO -   LR:         0.000905
2026-02-04 19:41:55,965 - INFO - 
2026-02-04 19:41:58,128 - INFO - Epoch 5/20
2026-02-04 19:41:58,128 - INFO -   Train Loss: 1.1656
2026-02-04 19:41:58,128 - INFO -   Val Loss:   1.1518
2026-02-04 19:41:58,128 - INFO -   LR:         0.000855
2026-02-04 19:41:58,129 - INFO -   ** New best val loss: 1.1518
2026-02-04 19:41:58,136 - INFO - 
2026-02-04 19:42:00,331 - INFO - Epoch 6/20
2026-02-04 19:42:00,331 - INFO -   Train Loss: 1.1575
2026-02-04 19:42:00,333 - INFO -   Val Loss:   1.1653
2026-02-04 19:42:00,333 - INFO -   LR:         0.000796
2026-02-04 19:42:00,333 - INFO - 
2026-02-04 19:42:02,515 - INFO - Epoch 7/20
2026-02-04 19:42:02,516 - INFO -   Train Loss: 1.1387
2026-02-04 19:42:02,516 - INFO -   Val Loss:   1.2179
2026-02-04 19:42:02,516 - INFO -   LR:         0.000730
2026-02-04 19:42:02,516 - INFO - 
2026-02-04 19:42:04,760 - INFO - Epoch 8/20
2026-02-04 19:42:04,760 - INFO -   Train Loss: 1.1709
2026-02-04 19:42:04,760 - INFO -   Val Loss:   1.3295
2026-02-04 19:42:04,760 - INFO -   LR:         0.000658
2026-02-04 19:42:04,761 - INFO - 
2026-02-04 19:42:07,069 - INFO - Epoch 9/20
2026-02-04 19:42:07,069 - INFO -   Train Loss: 1.1447
2026-02-04 19:42:07,069 - INFO -   Val Loss:   1.1688
2026-02-04 19:42:07,069 - INFO -   LR:         0.000582
2026-02-04 19:42:07,069 - INFO - 
2026-02-04 19:42:09,369 - INFO - Epoch 10/20
2026-02-04 19:42:09,369 - INFO -   Train Loss: 1.1510
2026-02-04 19:42:09,369 - INFO -   Val Loss:   1.1435
2026-02-04 19:42:09,369 - INFO -   LR:         0.000505
2026-02-04 19:42:09,369 - INFO -   ** New best val loss: 1.1435
2026-02-04 19:42:09,376 - INFO - 
2026-02-04 19:42:11,566 - INFO - Epoch 11/20
2026-02-04 19:42:11,567 - INFO -   Train Loss: 1.1302
2026-02-04 19:42:11,567 - INFO -   Val Loss:   1.1496
2026-02-04 19:42:11,567 - INFO -   LR:         0.000428
2026-02-04 19:42:11,568 - INFO - 
2026-02-04 19:42:13,666 - INFO - Epoch 12/20
2026-02-04 19:42:13,667 - INFO -   Train Loss: 1.1415
2026-02-04 19:42:13,667 - INFO -   Val Loss:   1.1556
2026-02-04 19:42:13,667 - INFO -   LR:         0.000352
2026-02-04 19:42:13,667 - INFO - 
2026-02-04 19:42:15,839 - INFO - Epoch 13/20
2026-02-04 19:42:15,840 - INFO -   Train Loss: 1.1408
2026-02-04 19:42:15,840 - INFO -   Val Loss:   1.1635
2026-02-04 19:42:15,840 - INFO -   LR:         0.000280
2026-02-04 19:42:15,840 - INFO - 
2026-02-04 19:42:17,977 - INFO - Epoch 14/20
2026-02-04 19:42:17,977 - INFO -   Train Loss: 1.1298
2026-02-04 19:42:17,977 - INFO -   Val Loss:   1.1430
2026-02-04 19:42:17,978 - INFO -   LR:         0.000214
2026-02-04 19:42:17,978 - INFO -   ** New best val loss: 1.1430
2026-02-04 19:42:17,984 - INFO - 
2026-02-04 19:42:20,111 - INFO - Epoch 15/20
2026-02-04 19:42:20,111 - INFO -   Train Loss: 1.1361
2026-02-04 19:42:20,111 - INFO -   Val Loss:   1.1446
2026-02-04 19:42:20,111 - INFO -   LR:         0.000155
2026-02-04 19:42:20,111 - INFO - 
2026-02-04 19:42:20,112 - INFO - Early stopping triggered at epoch 15

2026-02-04 19:42:20,276 - INFO - Fold 4 complete. Best val loss: 1.1430

2026-02-04 19:42:20,277 - INFO - ============================================================
2026-02-04 19:42:20,277 - INFO - Fold 5/5
2026-02-04 19:42:20,277 - INFO - ============================================================
2026-02-04 19:42:20,277 - INFO - Train samples: 541, Val samples: 135

2026-02-04 19:42:22,450 - INFO - Epoch 1/20
2026-02-04 19:42:22,450 - INFO -   Train Loss: 1.2233
2026-02-04 19:42:22,450 - INFO -   Val Loss:   1.2719
2026-02-04 19:42:22,450 - INFO -   LR:         0.000994
2026-02-04 19:42:22,450 - INFO -   ** New best val loss: 1.2719
2026-02-04 19:42:22,457 - INFO - 
2026-02-04 19:42:24,584 - INFO - Epoch 2/20
2026-02-04 19:42:24,585 - INFO -   Train Loss: 1.1992
2026-02-04 19:42:24,585 - INFO -   Val Loss:   1.2281
2026-02-04 19:42:24,585 - INFO -   LR:         0.000976
2026-02-04 19:42:24,585 - INFO -   ** New best val loss: 1.2281
2026-02-04 19:42:24,592 - INFO - 
2026-02-04 19:42:26,757 - INFO - Epoch 3/20
2026-02-04 19:42:26,757 - INFO -   Train Loss: 1.1813
2026-02-04 19:42:26,757 - INFO -   Val Loss:   1.2232
2026-02-04 19:42:26,758 - INFO -   LR:         0.000946
2026-02-04 19:42:26,758 - INFO -   ** New best val loss: 1.2232
2026-02-04 19:42:26,764 - INFO - 
2026-02-04 19:42:28,909 - INFO - Epoch 4/20
2026-02-04 19:42:28,910 - INFO -   Train Loss: 1.1665
2026-02-04 19:42:28,910 - INFO -   Val Loss:   1.2878
2026-02-04 19:42:28,910 - INFO -   LR:         0.000905
2026-02-04 19:42:28,910 - INFO - 
2026-02-04 19:42:31,124 - INFO - Epoch 5/20
2026-02-04 19:42:31,125 - INFO -   Train Loss: 1.1670
2026-02-04 19:42:31,125 - INFO -   Val Loss:   1.2095
2026-02-04 19:42:31,125 - INFO -   LR:         0.000855
2026-02-04 19:42:31,125 - INFO -   ** New best val loss: 1.2095
2026-02-04 19:42:31,132 - INFO - 
2026-02-04 19:42:33,286 - INFO - Epoch 6/20
2026-02-04 19:42:33,287 - INFO -   Train Loss: 1.1721
2026-02-04 19:42:33,287 - INFO -   Val Loss:   1.2263
2026-02-04 19:42:33,287 - INFO -   LR:         0.000796
2026-02-04 19:42:33,287 - INFO - 
2026-02-04 19:42:35,440 - INFO - Epoch 7/20
2026-02-04 19:42:35,440 - INFO -   Train Loss: 1.1660
2026-02-04 19:42:35,440 - INFO -   Val Loss:   1.4574
2026-02-04 19:42:35,441 - INFO -   LR:         0.000730
2026-02-04 19:42:35,441 - INFO - 
2026-02-04 19:42:37,796 - INFO - Epoch 8/20
2026-02-04 19:42:37,797 - INFO -   Train Loss: 1.1638
2026-02-04 19:42:37,797 - INFO -   Val Loss:   1.3533
2026-02-04 19:42:37,797 - INFO -   LR:         0.000658
2026-02-04 19:42:37,797 - INFO - 
2026-02-04 19:42:40,169 - INFO - Epoch 9/20
2026-02-04 19:42:40,169 - INFO -   Train Loss: 1.1651
2026-02-04 19:42:40,169 - INFO -   Val Loss:   1.2157
2026-02-04 19:42:40,169 - INFO -   LR:         0.000582
2026-02-04 19:42:40,169 - INFO - 
2026-02-04 19:42:42,399 - INFO - Epoch 10/20
2026-02-04 19:42:42,399 - INFO -   Train Loss: 1.1521
2026-02-04 19:42:42,400 - INFO -   Val Loss:   1.2631
2026-02-04 19:42:42,400 - INFO -   LR:         0.000505
2026-02-04 19:42:42,400 - INFO - 
2026-02-04 19:42:42,400 - INFO - Early stopping triggered at epoch 10

2026-02-04 19:42:42,574 - INFO - Fold 5 complete. Best val loss: 1.2095

2026-02-04 19:42:42,575 - INFO - OOF predictions saved to: d:\workspace\MRes\NoiseRate\kfold_results\oof_predictions.npy
2026-02-04 19:42:42,575 - INFO - Shape: (676, 12)

2026-02-04 19:42:42,575 - INFO - 
============================================================
2026-02-04 19:42:42,575 - INFO - VALIDATION - GT LABELS
2026-02-04 19:42:42,576 - INFO - ============================================================

2026-02-04 19:42:42,620 - INFO - ============================================================
2026-02-04 19:42:42,620 - INFO - Per-Class AUROC (GT model)
2026-02-04 19:42:42,620 - INFO - ============================================================
2026-02-04 19:42:42,635 - INFO - ============================================================
2026-02-04 19:42:42,636 - INFO - CNN-GT - Per-Class AUROC
2026-02-04 19:42:42,636 - INFO - ============================================================
2026-02-04 19:42:42,636 - INFO - 
Pathology                           AUROC
2026-02-04 19:42:42,636 - INFO - ---------------------------------------------
2026-02-04 19:42:42,636 - INFO - Atelectasis                         0.550
2026-02-04 19:42:42,636 - INFO - Cardiomegaly                        0.606
2026-02-04 19:42:42,636 - INFO - Consolidation                       0.589
2026-02-04 19:42:42,636 - INFO - Edema                               0.679
2026-02-04 19:42:42,638 - INFO - Enlarged Cardiomediastinum          0.659
2026-02-04 19:42:42,638 - INFO - Fracture                            0.609
2026-02-04 19:42:42,638 - INFO - Lung Lesion                         0.641
2026-02-04 19:42:42,638 - INFO - Lung Opacity                        0.561
2026-02-04 19:42:42,638 - INFO - Pleural Effusion                    0.589
2026-02-04 19:42:42,638 - INFO - Pleural Other                       0.641
2026-02-04 19:42:42,638 - INFO - Pneumonia                           0.661
2026-02-04 19:42:42,638 - INFO - Pneumothorax                        0.503
2026-02-04 19:42:42,639 - INFO - ---------------------------------------------
2026-02-04 19:42:42,639 - INFO - Mean AUROC                          0.607
2026-02-04 19:42:42,639 - INFO - 
2026-02-04 19:42:42,639 - INFO - ============================================================
2026-02-04 19:42:42,640 - INFO - Per-Class Noise Analysis
2026-02-04 19:42:42,640 - INFO - ============================================================

2026-02-04 19:42:42,640 - INFO - ============================================================
2026-02-04 19:42:42,640 - INFO - Per-Class Noise Analysis (GT labels)
2026-02-04 19:42:42,640 - INFO - ============================================================
2026-02-04 19:42:42,640 - INFO - 
Analyzing 12 pathology classes individually...
2026-02-04 19:44:20,967 - INFO - 
Per-class noise rates:
2026-02-04 19:44:20,967 - INFO - Pathology                      Positive Negative  Issues     Rate
2026-02-04 19:44:20,967 - INFO - ----------------------------------------------------------------------
2026-02-04 19:44:20,967 - INFO - Atelectasis                         189      487    295    43.6%
2026-02-04 19:44:20,967 - INFO - Cardiomegaly                        146      530    304    45.0%
2026-02-04 19:44:20,968 - INFO - Consolidation                        51      625    257    38.0%
2026-02-04 19:44:20,968 - INFO - Edema                               141      535    242    35.8%
2026-02-04 19:44:20,968 - INFO - Enlarged Cardiomediastinum           39      637    254    37.6%
2026-02-04 19:44:20,969 - INFO - Fracture                             41      635    207    30.6%
2026-02-04 19:44:20,969 - INFO - Lung Lesion                          47      629    270    39.9%
2026-02-04 19:44:20,969 - INFO - Lung Opacity                        167      509    220    32.5%
2026-02-04 19:44:20,969 - INFO - Pleural Effusion                    260      416    282    41.7%
2026-02-04 19:44:20,969 - INFO - Pleural Other                        28      648    264    39.1%
2026-02-04 19:44:20,969 - INFO - Pneumonia                            52      624    203    30.0%
2026-02-04 19:44:20,969 - INFO - Pneumothorax                         34      642    201    29.7%
2026-02-04 19:44:20,969 - INFO - 
2026-02-04 19:44:20,973 - INFO - Results saved to: d:\workspace\MRes\NoiseRate\kfold_results\cnn_gt_results_20260204_194420.csv

2026-02-04 19:44:20,973 - INFO - 
============================================================
2026-02-04 19:44:20,973 - INFO - GT TRAINING AND VALIDATION - COMPLETE
2026-02-04 19:44:20,973 - INFO - ============================================================

