2026-02-04 21:06:07,085 - INFO - Logging initialized. Log file: d:\workspace\MRes\NoiseRate\kfold_results\logs\kfold_gt_20260204_210607.log
2026-02-04 21:06:07,085 - INFO - 
============================================================
2026-02-04 21:06:07,085 - INFO - K-FOLD TRAINING - GT LABELS
2026-02-04 21:06:07,085 - INFO - ============================================================

2026-02-04 21:06:07,104 - INFO - Using device: cuda

2026-02-04 21:06:07,104 - INFO - ============================================================
2026-02-04 21:06:07,104 - INFO - Loading and Preparing Data
2026-02-04 21:06:07,104 - INFO - ============================================================
2026-02-04 21:06:07,105 - INFO - Loading metadata from: d:/workspace/MRes/datasets/mimic-cxr-clean/gt/metadata.csv
2026-02-04 21:06:07,113 - INFO - Loaded 1029 samples
2026-02-04 21:06:07,114 - INFO - Filtering for ViewPosition: ['AP', 'PA']
2026-02-04 21:06:07,116 - INFO - After filtering: 676 samples

2026-02-04 21:06:07,116 - INFO - Using GT labels for training
2026-02-04 21:06:07,117 - INFO - Using 12 CheXpert pathology columns
2026-02-04 21:06:07,117 - INFO - Applying uncertain label strategy: u_zeros
2026-02-04 21:06:07,120 - INFO - Processed Data Label Statistics (Total Samples: 676):
2026-02-04 21:06:07,120 - INFO - Pathology                      Positive   Negative   Pos Rate  
2026-02-04 21:06:07,120 - INFO - -----------------------------------------------------------------
2026-02-04 21:06:07,120 - INFO - gt_Atelectasis                 189        487             28.0%
2026-02-04 21:06:07,121 - INFO - gt_Cardiomegaly                146        530             21.6%
2026-02-04 21:06:07,122 - INFO - gt_Consolidation               51         625              7.5%
2026-02-04 21:06:07,122 - INFO - gt_Edema                       141        535             20.9%
2026-02-04 21:06:07,122 - INFO - gt_Enlarged Cardiomediastinum  39         637              5.8%
2026-02-04 21:06:07,123 - INFO - gt_Fracture                    41         635              6.1%
2026-02-04 21:06:07,123 - INFO - gt_Lung Lesion                 47         629              7.0%
2026-02-04 21:06:07,123 - INFO - gt_Lung Opacity                167        509             24.7%
2026-02-04 21:06:07,124 - INFO - gt_Pleural Effusion            260        416             38.5%
2026-02-04 21:06:07,124 - INFO - gt_Pleural Other               28         648              4.1%
2026-02-04 21:06:07,124 - INFO - gt_Pneumonia                   52         624              7.7%
2026-02-04 21:06:07,125 - INFO - gt_Pneumothorax                34         642              5.0%
2026-02-04 21:06:07,125 - INFO - 
2026-02-04 21:06:07,126 - INFO - Labels shape: (676, 12)

2026-02-04 21:06:07,126 - INFO - ============================================================
2026-02-04 21:06:07,126 - INFO - K-Fold Split
2026-02-04 21:06:07,126 - INFO - ============================================================
2026-02-04 21:06:07,128 - INFO - K-fold: 5 splits, stratified by first label

2026-02-04 21:06:07,129 - INFO - ============================================================
2026-02-04 21:06:07,129 - INFO - Fold 1/5
2026-02-04 21:06:07,129 - INFO - ============================================================
2026-02-04 21:06:07,129 - INFO - Train samples: 540, Val samples: 136

2026-02-04 21:06:09,674 - INFO - Epoch 1/20
2026-02-04 21:06:09,675 - INFO -   Train Loss: 1.2301
2026-02-04 21:06:09,675 - INFO -   Val Loss:   1.2518
2026-02-04 21:06:09,675 - INFO -   LR:         0.000994
2026-02-04 21:06:09,675 - INFO -   ** New best val loss: 1.2518
2026-02-04 21:06:09,684 - INFO - 
2026-02-04 21:06:11,537 - INFO - Epoch 2/20
2026-02-04 21:06:11,537 - INFO -   Train Loss: 1.1883
2026-02-04 21:06:11,537 - INFO -   Val Loss:   1.1968
2026-02-04 21:06:11,537 - INFO -   LR:         0.000976
2026-02-04 21:06:11,537 - INFO -   ** New best val loss: 1.1968
2026-02-04 21:06:11,543 - INFO - 
2026-02-04 21:06:13,410 - INFO - Epoch 3/20
2026-02-04 21:06:13,410 - INFO -   Train Loss: 1.1763
2026-02-04 21:06:13,411 - INFO -   Val Loss:   1.2130
2026-02-04 21:06:13,412 - INFO -   LR:         0.000946
2026-02-04 21:06:13,412 - INFO - 
2026-02-04 21:06:15,216 - INFO - Epoch 4/20
2026-02-04 21:06:15,216 - INFO -   Train Loss: 1.1590
2026-02-04 21:06:15,216 - INFO -   Val Loss:   1.1947
2026-02-04 21:06:15,216 - INFO -   LR:         0.000905
2026-02-04 21:06:15,216 - INFO -   ** New best val loss: 1.1947
2026-02-04 21:06:15,222 - INFO - 
2026-02-04 21:06:17,067 - INFO - Epoch 5/20
2026-02-04 21:06:17,067 - INFO -   Train Loss: 1.1744
2026-02-04 21:06:17,068 - INFO -   Val Loss:   1.1924
2026-02-04 21:06:17,068 - INFO -   LR:         0.000855
2026-02-04 21:06:17,068 - INFO -   ** New best val loss: 1.1924
2026-02-04 21:06:17,075 - INFO - 
2026-02-04 21:06:18,917 - INFO - Epoch 6/20
2026-02-04 21:06:18,917 - INFO -   Train Loss: 1.1569
2026-02-04 21:06:18,917 - INFO -   Val Loss:   1.1783
2026-02-04 21:06:18,918 - INFO -   LR:         0.000796
2026-02-04 21:06:18,918 - INFO -   ** New best val loss: 1.1783
2026-02-04 21:06:18,925 - INFO - 
2026-02-04 21:06:20,763 - INFO - Epoch 7/20
2026-02-04 21:06:20,763 - INFO -   Train Loss: 1.1606
2026-02-04 21:06:20,763 - INFO -   Val Loss:   1.1980
2026-02-04 21:06:20,764 - INFO -   LR:         0.000730
2026-02-04 21:06:20,764 - INFO - 
2026-02-04 21:06:22,569 - INFO - Epoch 8/20
2026-02-04 21:06:22,569 - INFO -   Train Loss: 1.1602
2026-02-04 21:06:22,569 - INFO -   Val Loss:   1.2430
2026-02-04 21:06:22,570 - INFO -   LR:         0.000658
2026-02-04 21:06:22,570 - INFO - 
2026-02-04 21:06:24,372 - INFO - Epoch 9/20
2026-02-04 21:06:24,372 - INFO -   Train Loss: 1.1465
2026-02-04 21:06:24,372 - INFO -   Val Loss:   1.1822
2026-02-04 21:06:24,372 - INFO -   LR:         0.000582
2026-02-04 21:06:24,372 - INFO - 
2026-02-04 21:06:26,228 - INFO - Epoch 10/20
2026-02-04 21:06:26,229 - INFO -   Train Loss: 1.1467
2026-02-04 21:06:26,229 - INFO -   Val Loss:   1.1927
2026-02-04 21:06:26,229 - INFO -   LR:         0.000505
2026-02-04 21:06:26,229 - INFO - 
2026-02-04 21:06:28,023 - INFO - Epoch 11/20
2026-02-04 21:06:28,023 - INFO -   Train Loss: 1.1608
2026-02-04 21:06:28,023 - INFO -   Val Loss:   1.1796
2026-02-04 21:06:28,024 - INFO -   LR:         0.000428
2026-02-04 21:06:28,024 - INFO - 
2026-02-04 21:06:28,024 - INFO - Early stopping triggered at epoch 11

2026-02-04 21:06:28,209 - INFO - Fold 1 complete. Best val loss: 1.1783

2026-02-04 21:06:28,209 - INFO - ============================================================
2026-02-04 21:06:28,209 - INFO - Fold 2/5
2026-02-04 21:06:28,209 - INFO - ============================================================
2026-02-04 21:06:28,209 - INFO - Train samples: 541, Val samples: 135

2026-02-04 21:06:30,092 - INFO - Epoch 1/20
2026-02-04 21:06:30,092 - INFO -   Train Loss: 1.2206
2026-02-04 21:06:30,092 - INFO -   Val Loss:   1.2309
2026-02-04 21:06:30,092 - INFO -   LR:         0.000994
2026-02-04 21:06:30,092 - INFO -   ** New best val loss: 1.2309
2026-02-04 21:06:30,099 - INFO - 
2026-02-04 21:06:31,939 - INFO - Epoch 2/20
2026-02-04 21:06:31,939 - INFO -   Train Loss: 1.1806
2026-02-04 21:06:31,939 - INFO -   Val Loss:   1.1507
2026-02-04 21:06:31,939 - INFO -   LR:         0.000976
2026-02-04 21:06:31,939 - INFO -   ** New best val loss: 1.1507
2026-02-04 21:06:31,946 - INFO - 
2026-02-04 21:06:33,788 - INFO - Epoch 3/20
2026-02-04 21:06:33,788 - INFO -   Train Loss: 1.1684
2026-02-04 21:06:33,788 - INFO -   Val Loss:   1.2061
2026-02-04 21:06:33,789 - INFO -   LR:         0.000946
2026-02-04 21:06:33,789 - INFO - 
2026-02-04 21:06:35,592 - INFO - Epoch 4/20
2026-02-04 21:06:35,592 - INFO -   Train Loss: 1.1746
2026-02-04 21:06:35,592 - INFO -   Val Loss:   1.1840
2026-02-04 21:06:35,593 - INFO -   LR:         0.000905
2026-02-04 21:06:35,593 - INFO - 
2026-02-04 21:06:37,581 - INFO - Epoch 5/20
2026-02-04 21:06:37,581 - INFO -   Train Loss: 1.1722
2026-02-04 21:06:37,581 - INFO -   Val Loss:   1.1610
2026-02-04 21:06:37,581 - INFO -   LR:         0.000855
2026-02-04 21:06:37,581 - INFO - 
2026-02-04 21:06:39,629 - INFO - Epoch 6/20
2026-02-04 21:06:39,629 - INFO -   Train Loss: 1.1583
2026-02-04 21:06:39,629 - INFO -   Val Loss:   1.2828
2026-02-04 21:06:39,630 - INFO -   LR:         0.000796
2026-02-04 21:06:39,630 - INFO - 
2026-02-04 21:06:41,545 - INFO - Epoch 7/20
2026-02-04 21:06:41,545 - INFO -   Train Loss: 1.1697
2026-02-04 21:06:41,545 - INFO -   Val Loss:   1.3040
2026-02-04 21:06:41,545 - INFO -   LR:         0.000730
2026-02-04 21:06:41,545 - INFO - 
2026-02-04 21:06:41,545 - INFO - Early stopping triggered at epoch 7

2026-02-04 21:06:41,699 - INFO - Fold 2 complete. Best val loss: 1.1507

2026-02-04 21:06:41,700 - INFO - ============================================================
2026-02-04 21:06:41,700 - INFO - Fold 3/5
2026-02-04 21:06:41,700 - INFO - ============================================================
2026-02-04 21:06:41,701 - INFO - Train samples: 541, Val samples: 135

2026-02-04 21:06:43,553 - INFO - Epoch 1/20
2026-02-04 21:06:43,553 - INFO -   Train Loss: 1.2091
2026-02-04 21:06:43,553 - INFO -   Val Loss:   1.3608
2026-02-04 21:06:43,553 - INFO -   LR:         0.000994
2026-02-04 21:06:43,553 - INFO -   ** New best val loss: 1.3608
2026-02-04 21:06:43,559 - INFO - 
2026-02-04 21:06:45,429 - INFO - Epoch 2/20
2026-02-04 21:06:45,429 - INFO -   Train Loss: 1.1792
2026-02-04 21:06:45,429 - INFO -   Val Loss:   1.1788
2026-02-04 21:06:45,429 - INFO -   LR:         0.000976
2026-02-04 21:06:45,429 - INFO -   ** New best val loss: 1.1788
2026-02-04 21:06:45,438 - INFO - 
2026-02-04 21:06:47,254 - INFO - Epoch 3/20
2026-02-04 21:06:47,254 - INFO -   Train Loss: 1.1844
2026-02-04 21:06:47,254 - INFO -   Val Loss:   1.1977
2026-02-04 21:06:47,254 - INFO -   LR:         0.000946
2026-02-04 21:06:47,255 - INFO - 
2026-02-04 21:06:49,130 - INFO - Epoch 4/20
2026-02-04 21:06:49,131 - INFO -   Train Loss: 1.1744
2026-02-04 21:06:49,131 - INFO -   Val Loss:   1.1845
2026-02-04 21:06:49,131 - INFO -   LR:         0.000905
2026-02-04 21:06:49,131 - INFO - 
2026-02-04 21:06:50,984 - INFO - Epoch 5/20
2026-02-04 21:06:50,984 - INFO -   Train Loss: 1.1664
2026-02-04 21:06:50,985 - INFO -   Val Loss:   1.1687
2026-02-04 21:06:50,985 - INFO -   LR:         0.000855
2026-02-04 21:06:50,985 - INFO -   ** New best val loss: 1.1687
2026-02-04 21:06:50,990 - INFO - 
2026-02-04 21:06:52,872 - INFO - Epoch 6/20
2026-02-04 21:06:52,873 - INFO -   Train Loss: 1.1621
2026-02-04 21:06:52,873 - INFO -   Val Loss:   1.1958
2026-02-04 21:06:52,873 - INFO -   LR:         0.000796
2026-02-04 21:06:52,873 - INFO - 
2026-02-04 21:06:54,766 - INFO - Epoch 7/20
2026-02-04 21:06:54,766 - INFO -   Train Loss: 1.1612
2026-02-04 21:06:54,767 - INFO -   Val Loss:   1.1834
2026-02-04 21:06:54,767 - INFO -   LR:         0.000730
2026-02-04 21:06:54,767 - INFO - 
2026-02-04 21:06:56,592 - INFO - Epoch 8/20
2026-02-04 21:06:56,592 - INFO -   Train Loss: 1.1622
2026-02-04 21:06:56,592 - INFO -   Val Loss:   1.2100
2026-02-04 21:06:56,592 - INFO -   LR:         0.000658
2026-02-04 21:06:56,592 - INFO - 
2026-02-04 21:06:58,352 - INFO - Epoch 9/20
2026-02-04 21:06:58,352 - INFO -   Train Loss: 1.1713
2026-02-04 21:06:58,352 - INFO -   Val Loss:   1.1732
2026-02-04 21:06:58,352 - INFO -   LR:         0.000582
2026-02-04 21:06:58,352 - INFO - 
2026-02-04 21:07:00,037 - INFO - Epoch 10/20
2026-02-04 21:07:00,037 - INFO -   Train Loss: 1.1550
2026-02-04 21:07:00,037 - INFO -   Val Loss:   1.1860
2026-02-04 21:07:00,037 - INFO -   LR:         0.000505
2026-02-04 21:07:00,037 - INFO - 
2026-02-04 21:07:00,038 - INFO - Early stopping triggered at epoch 10

2026-02-04 21:07:00,181 - INFO - Fold 3 complete. Best val loss: 1.1687

2026-02-04 21:07:00,181 - INFO - ============================================================
2026-02-04 21:07:00,181 - INFO - Fold 4/5
2026-02-04 21:07:00,181 - INFO - ============================================================
2026-02-04 21:07:00,182 - INFO - Train samples: 541, Val samples: 135

2026-02-04 21:07:01,828 - INFO - Epoch 1/20
2026-02-04 21:07:01,829 - INFO -   Train Loss: 1.1900
2026-02-04 21:07:01,829 - INFO -   Val Loss:   1.2375
2026-02-04 21:07:01,829 - INFO -   LR:         0.000994
2026-02-04 21:07:01,829 - INFO -   ** New best val loss: 1.2375
2026-02-04 21:07:01,834 - INFO - 
2026-02-04 21:07:03,442 - INFO - Epoch 2/20
2026-02-04 21:07:03,442 - INFO -   Train Loss: 1.1872
2026-02-04 21:07:03,442 - INFO -   Val Loss:   1.1411
2026-02-04 21:07:03,442 - INFO -   LR:         0.000976
2026-02-04 21:07:03,443 - INFO -   ** New best val loss: 1.1411
2026-02-04 21:07:03,449 - INFO - 
2026-02-04 21:07:05,080 - INFO - Epoch 3/20
2026-02-04 21:07:05,081 - INFO -   Train Loss: 1.1668
2026-02-04 21:07:05,081 - INFO -   Val Loss:   1.1508
2026-02-04 21:07:05,081 - INFO -   LR:         0.000946
2026-02-04 21:07:05,081 - INFO - 
2026-02-04 21:07:06,679 - INFO - Epoch 4/20
2026-02-04 21:07:06,679 - INFO -   Train Loss: 1.1736
2026-02-04 21:07:06,680 - INFO -   Val Loss:   1.1925
2026-02-04 21:07:06,680 - INFO -   LR:         0.000905
2026-02-04 21:07:06,680 - INFO - 
2026-02-04 21:07:08,465 - INFO - Epoch 5/20
2026-02-04 21:07:08,465 - INFO -   Train Loss: 1.1640
2026-02-04 21:07:08,465 - INFO -   Val Loss:   1.3015
2026-02-04 21:07:08,465 - INFO -   LR:         0.000855
2026-02-04 21:07:08,465 - INFO - 
2026-02-04 21:07:10,219 - INFO - Epoch 6/20
2026-02-04 21:07:10,220 - INFO -   Train Loss: 1.1488
2026-02-04 21:07:10,220 - INFO -   Val Loss:   1.1929
2026-02-04 21:07:10,220 - INFO -   LR:         0.000796
2026-02-04 21:07:10,220 - INFO - 
2026-02-04 21:07:11,955 - INFO - Epoch 7/20
2026-02-04 21:07:11,955 - INFO -   Train Loss: 1.1551
2026-02-04 21:07:11,955 - INFO -   Val Loss:   1.2386
2026-02-04 21:07:11,955 - INFO -   LR:         0.000730
2026-02-04 21:07:11,955 - INFO - 
2026-02-04 21:07:11,955 - INFO - Early stopping triggered at epoch 7

2026-02-04 21:07:12,092 - INFO - Fold 4 complete. Best val loss: 1.1411

2026-02-04 21:07:12,092 - INFO - ============================================================
2026-02-04 21:07:12,092 - INFO - Fold 5/5
2026-02-04 21:07:12,092 - INFO - ============================================================
2026-02-04 21:07:12,092 - INFO - Train samples: 541, Val samples: 135

2026-02-04 21:07:13,711 - INFO - Epoch 1/20
2026-02-04 21:07:13,711 - INFO -   Train Loss: 1.2258
2026-02-04 21:07:13,711 - INFO -   Val Loss:   1.3047
2026-02-04 21:07:13,711 - INFO -   LR:         0.000994
2026-02-04 21:07:13,711 - INFO -   ** New best val loss: 1.3047
2026-02-04 21:07:13,717 - INFO - 
2026-02-04 21:07:15,325 - INFO - Epoch 2/20
2026-02-04 21:07:15,325 - INFO -   Train Loss: 1.2025
2026-02-04 21:07:15,325 - INFO -   Val Loss:   1.2262
2026-02-04 21:07:15,325 - INFO -   LR:         0.000976
2026-02-04 21:07:15,326 - INFO -   ** New best val loss: 1.2262
2026-02-04 21:07:15,330 - INFO - 
2026-02-04 21:07:16,960 - INFO - Epoch 3/20
2026-02-04 21:07:16,961 - INFO -   Train Loss: 1.1870
2026-02-04 21:07:16,961 - INFO -   Val Loss:   1.2558
2026-02-04 21:07:16,961 - INFO -   LR:         0.000946
2026-02-04 21:07:16,961 - INFO - 
2026-02-04 21:07:18,583 - INFO - Epoch 4/20
2026-02-04 21:07:18,583 - INFO -   Train Loss: 1.1798
2026-02-04 21:07:18,583 - INFO -   Val Loss:   1.2234
2026-02-04 21:07:18,583 - INFO -   LR:         0.000905
2026-02-04 21:07:18,583 - INFO -   ** New best val loss: 1.2234
2026-02-04 21:07:18,590 - INFO - 
2026-02-04 21:07:20,200 - INFO - Epoch 5/20
2026-02-04 21:07:20,200 - INFO -   Train Loss: 1.1729
2026-02-04 21:07:20,200 - INFO -   Val Loss:   1.2834
2026-02-04 21:07:20,201 - INFO -   LR:         0.000855
2026-02-04 21:07:20,201 - INFO - 
2026-02-04 21:07:21,788 - INFO - Epoch 6/20
2026-02-04 21:07:21,788 - INFO -   Train Loss: 1.1676
2026-02-04 21:07:21,788 - INFO -   Val Loss:   1.3211
2026-02-04 21:07:21,788 - INFO -   LR:         0.000796
2026-02-04 21:07:21,788 - INFO - 
2026-02-04 21:07:23,367 - INFO - Epoch 7/20
2026-02-04 21:07:23,368 - INFO -   Train Loss: 1.1521
2026-02-04 21:07:23,368 - INFO -   Val Loss:   1.2048
2026-02-04 21:07:23,368 - INFO -   LR:         0.000730
2026-02-04 21:07:23,368 - INFO -   ** New best val loss: 1.2048
2026-02-04 21:07:23,373 - INFO - 
2026-02-04 21:07:25,011 - INFO - Epoch 8/20
2026-02-04 21:07:25,011 - INFO -   Train Loss: 1.1603
2026-02-04 21:07:25,011 - INFO -   Val Loss:   1.2536
2026-02-04 21:07:25,011 - INFO -   LR:         0.000658
2026-02-04 21:07:25,011 - INFO - 
2026-02-04 21:07:26,623 - INFO - Epoch 9/20
2026-02-04 21:07:26,623 - INFO -   Train Loss: 1.1600
2026-02-04 21:07:26,623 - INFO -   Val Loss:   1.2279
2026-02-04 21:07:26,623 - INFO -   LR:         0.000582
2026-02-04 21:07:26,624 - INFO - 
2026-02-04 21:07:28,228 - INFO - Epoch 10/20
2026-02-04 21:07:28,228 - INFO -   Train Loss: 1.1682
2026-02-04 21:07:28,228 - INFO -   Val Loss:   1.3122
2026-02-04 21:07:28,228 - INFO -   LR:         0.000505
2026-02-04 21:07:28,228 - INFO - 
2026-02-04 21:07:29,852 - INFO - Epoch 11/20
2026-02-04 21:07:29,853 - INFO -   Train Loss: 1.1511
2026-02-04 21:07:29,853 - INFO -   Val Loss:   1.2358
2026-02-04 21:07:29,853 - INFO -   LR:         0.000428
2026-02-04 21:07:29,853 - INFO - 
2026-02-04 21:07:31,418 - INFO - Epoch 12/20
2026-02-04 21:07:31,418 - INFO -   Train Loss: 1.1488
2026-02-04 21:07:31,418 - INFO -   Val Loss:   1.2486
2026-02-04 21:07:31,420 - INFO -   LR:         0.000352
2026-02-04 21:07:31,420 - INFO - 
2026-02-04 21:07:31,420 - INFO - Early stopping triggered at epoch 12

2026-02-04 21:07:31,561 - INFO - Fold 5 complete. Best val loss: 1.2048

2026-02-04 21:07:31,563 - INFO - OOF predictions saved to: d:\workspace\MRes\NoiseRate\kfold_results\oof_predictions.npy
2026-02-04 21:07:31,563 - INFO - Shape: (676, 12)

2026-02-04 21:07:31,563 - INFO - 
============================================================
2026-02-04 21:07:31,563 - INFO - VALIDATION - GT LABELS
2026-02-04 21:07:31,563 - INFO - ============================================================

2026-02-04 21:07:31,593 - INFO - ============================================================
2026-02-04 21:07:31,593 - INFO - Per-Class AUROC (GT model)
2026-02-04 21:07:31,594 - INFO - ============================================================
2026-02-04 21:07:31,608 - INFO - ============================================================
2026-02-04 21:07:31,609 - INFO - CNN-GT - Per-Class AUROC
2026-02-04 21:07:31,609 - INFO - ============================================================
2026-02-04 21:07:31,609 - INFO - 
Pathology                           AUROC
2026-02-04 21:07:31,609 - INFO - ---------------------------------------------
2026-02-04 21:07:31,610 - INFO - Atelectasis                         0.554
2026-02-04 21:07:31,610 - INFO - Cardiomegaly                        0.604
2026-02-04 21:07:31,610 - INFO - Consolidation                       0.598
2026-02-04 21:07:31,610 - INFO - Edema                               0.640
2026-02-04 21:07:31,610 - INFO - Enlarged Cardiomediastinum          0.685
2026-02-04 21:07:31,610 - INFO - Fracture                            0.568
2026-02-04 21:07:31,610 - INFO - Lung Lesion                         0.626
2026-02-04 21:07:31,610 - INFO - Lung Opacity                        0.525
2026-02-04 21:07:31,610 - INFO - Pleural Effusion                    0.573
2026-02-04 21:07:31,611 - INFO - Pleural Other                       0.649
2026-02-04 21:07:31,611 - INFO - Pneumonia                           0.579
2026-02-04 21:07:31,611 - INFO - Pneumothorax                        0.543
2026-02-04 21:07:31,611 - INFO - ---------------------------------------------
2026-02-04 21:07:31,611 - INFO - Mean AUROC                          0.595
2026-02-04 21:07:31,612 - INFO - 
2026-02-04 21:07:31,612 - INFO - ============================================================
2026-02-04 21:07:31,612 - INFO - Per-Class Noise Analysis
2026-02-04 21:07:31,612 - INFO - ============================================================

2026-02-04 21:07:31,612 - INFO - ============================================================
2026-02-04 21:07:31,612 - INFO - Per-Class Noise Analysis (GT labels)
2026-02-04 21:07:31,612 - INFO - ============================================================
2026-02-04 21:07:31,613 - INFO - 
Analyzing 12 pathology classes individually...
2026-02-04 21:08:49,106 - INFO - 
Per-class noise rates:
2026-02-04 21:08:49,106 - INFO - Pathology                      Positive Negative  Issues     Rate
2026-02-04 21:08:49,106 - INFO - ----------------------------------------------------------------------
2026-02-04 21:08:49,106 - INFO - Atelectasis                         189      487    303    44.8%
2026-02-04 21:08:49,106 - INFO - Cardiomegaly                        146      530    291    43.0%
2026-02-04 21:08:49,106 - INFO - Consolidation                        51      625    225    33.3%
2026-02-04 21:08:49,107 - INFO - Edema                               141      535    253    37.4%
2026-02-04 21:08:49,107 - INFO - Enlarged Cardiomediastinum           39      637    254    37.6%
2026-02-04 21:08:49,107 - INFO - Fracture                             41      635    275    40.7%
2026-02-04 21:08:49,107 - INFO - Lung Lesion                          47      629    179    26.5%
2026-02-04 21:08:49,107 - INFO - Lung Opacity                        167      509    271    40.1%
2026-02-04 21:08:49,107 - INFO - Pleural Effusion                    260      416    297    43.9%
2026-02-04 21:08:49,107 - INFO - Pleural Other                        28      648    206    30.5%
2026-02-04 21:08:49,107 - INFO - Pneumonia                            52      624    228    33.7%
2026-02-04 21:08:49,108 - INFO - Pneumothorax                         34      642    225    33.3%
2026-02-04 21:08:49,108 - INFO - 
