2026-02-04 21:34:39,402 - INFO - Logging initialized. Log file: d:\workspace\MRes\NoiseRate\kfold_results\logs\kfold_gt_20260204_213439.log
2026-02-04 21:34:39,402 - INFO - 
============================================================
2026-02-04 21:34:39,402 - INFO - K-FOLD TRAINING - GT LABELS
2026-02-04 21:34:39,402 - INFO - ============================================================

2026-02-04 21:34:39,423 - INFO - Using device: cuda

2026-02-04 21:34:39,423 - INFO - ============================================================
2026-02-04 21:34:39,424 - INFO - Loading and Preparing Data
2026-02-04 21:34:39,424 - INFO - ============================================================
2026-02-04 21:34:39,425 - INFO - Loading metadata from: d:/workspace/MRes/datasets/mimic-cxr-clean/gt/metadata.csv
2026-02-04 21:34:39,433 - INFO - Loaded 1029 samples
2026-02-04 21:34:39,433 - INFO - Filtering for ViewPosition: ['AP', 'PA']
2026-02-04 21:34:39,435 - INFO - After filtering: 676 samples

2026-02-04 21:34:39,435 - INFO - Using GT labels for training
2026-02-04 21:34:39,435 - INFO - Using 12 CheXpert pathology columns
2026-02-04 21:34:39,435 - INFO - Applying uncertain label strategy: u_zeros
2026-02-04 21:34:39,440 - INFO - Processed Data Label Statistics (Total Samples: 676):
2026-02-04 21:34:39,441 - INFO - Pathology                      Positive   Negative   Pos Rate  
2026-02-04 21:34:39,441 - INFO - -----------------------------------------------------------------
2026-02-04 21:34:39,441 - INFO - gt_Atelectasis                 189        487             28.0%
2026-02-04 21:34:39,442 - INFO - gt_Cardiomegaly                146        530             21.6%
2026-02-04 21:34:39,442 - INFO - gt_Consolidation               51         625              7.5%
2026-02-04 21:34:39,443 - INFO - gt_Edema                       141        535             20.9%
2026-02-04 21:34:39,443 - INFO - gt_Enlarged Cardiomediastinum  39         637              5.8%
2026-02-04 21:34:39,444 - INFO - gt_Fracture                    41         635              6.1%
2026-02-04 21:34:39,444 - INFO - gt_Lung Lesion                 47         629              7.0%
2026-02-04 21:34:39,444 - INFO - gt_Lung Opacity                167        509             24.7%
2026-02-04 21:34:39,445 - INFO - gt_Pleural Effusion            260        416             38.5%
2026-02-04 21:34:39,445 - INFO - gt_Pleural Other               28         648              4.1%
2026-02-04 21:34:39,445 - INFO - gt_Pneumonia                   52         624              7.7%
2026-02-04 21:34:39,446 - INFO - gt_Pneumothorax                34         642              5.0%
2026-02-04 21:34:39,446 - INFO - 
2026-02-04 21:34:39,448 - INFO - Labels shape: (676, 12)

2026-02-04 21:34:39,448 - INFO - ============================================================
2026-02-04 21:34:39,448 - INFO - K-Fold Split
2026-02-04 21:34:39,448 - INFO - ============================================================
2026-02-04 21:34:39,448 - INFO - K-fold: 5 splits, stratified by first label

2026-02-04 21:34:39,450 - INFO - ============================================================
2026-02-04 21:34:39,450 - INFO - Fold 1/5
2026-02-04 21:34:39,450 - INFO - ============================================================
2026-02-04 21:34:39,450 - INFO - Train samples: 540, Val samples: 136

2026-02-04 21:34:42,184 - INFO - Epoch 1/20
2026-02-04 21:34:42,184 - INFO -   Train Loss: 1.2152
2026-02-04 21:34:42,184 - INFO -   Val Loss:   1.3190
2026-02-04 21:34:42,184 - INFO -   LR:         0.000994
2026-02-04 21:34:42,184 - INFO -   ** New best val loss: 1.3190
2026-02-04 21:34:42,194 - INFO - 
2026-02-04 21:34:44,298 - INFO - Epoch 2/20
2026-02-04 21:34:44,298 - INFO -   Train Loss: 1.1863
2026-02-04 21:34:44,299 - INFO -   Val Loss:   1.2180
2026-02-04 21:34:44,299 - INFO -   LR:         0.000976
2026-02-04 21:34:44,299 - INFO -   ** New best val loss: 1.2180
2026-02-04 21:34:44,306 - INFO - 
2026-02-04 21:34:46,412 - INFO - Epoch 3/20
2026-02-04 21:34:46,412 - INFO -   Train Loss: 1.1688
2026-02-04 21:34:46,412 - INFO -   Val Loss:   1.1851
2026-02-04 21:34:46,413 - INFO -   LR:         0.000946
2026-02-04 21:34:46,413 - INFO -   ** New best val loss: 1.1851
2026-02-04 21:34:46,419 - INFO - 
2026-02-04 21:34:48,529 - INFO - Epoch 4/20
2026-02-04 21:34:48,529 - INFO -   Train Loss: 1.1689
2026-02-04 21:34:48,529 - INFO -   Val Loss:   1.2169
2026-02-04 21:34:48,529 - INFO -   LR:         0.000905
2026-02-04 21:34:48,529 - INFO - 
2026-02-04 21:34:50,657 - INFO - Epoch 5/20
2026-02-04 21:34:50,657 - INFO -   Train Loss: 1.1694
2026-02-04 21:34:50,657 - INFO -   Val Loss:   1.1906
2026-02-04 21:34:50,657 - INFO -   LR:         0.000855
2026-02-04 21:34:50,657 - INFO - 
2026-02-04 21:34:52,746 - INFO - Epoch 6/20
2026-02-04 21:34:52,746 - INFO -   Train Loss: 1.1534
2026-02-04 21:34:52,746 - INFO -   Val Loss:   1.2930
2026-02-04 21:34:52,746 - INFO -   LR:         0.000796
2026-02-04 21:34:52,746 - INFO - 
2026-02-04 21:34:54,886 - INFO - Epoch 7/20
2026-02-04 21:34:54,886 - INFO -   Train Loss: 1.1621
2026-02-04 21:34:54,887 - INFO -   Val Loss:   1.1808
2026-02-04 21:34:54,887 - INFO -   LR:         0.000730
2026-02-04 21:34:54,887 - INFO -   ** New best val loss: 1.1808
2026-02-04 21:34:54,893 - INFO - 
2026-02-04 21:34:57,040 - INFO - Epoch 8/20
2026-02-04 21:34:57,041 - INFO -   Train Loss: 1.1622
2026-02-04 21:34:57,041 - INFO -   Val Loss:   1.1908
2026-02-04 21:34:57,041 - INFO -   LR:         0.000658
2026-02-04 21:34:57,041 - INFO - 
2026-02-04 21:34:59,163 - INFO - Epoch 9/20
2026-02-04 21:34:59,164 - INFO -   Train Loss: 1.1575
2026-02-04 21:34:59,164 - INFO -   Val Loss:   1.1958
2026-02-04 21:34:59,164 - INFO -   LR:         0.000582
2026-02-04 21:34:59,164 - INFO - 
2026-02-04 21:35:01,306 - INFO - Epoch 10/20
2026-02-04 21:35:01,308 - INFO -   Train Loss: 1.1401
2026-02-04 21:35:01,308 - INFO -   Val Loss:   1.1801
2026-02-04 21:35:01,308 - INFO -   LR:         0.000505
2026-02-04 21:35:01,308 - INFO -   ** New best val loss: 1.1801
2026-02-04 21:35:01,316 - INFO - 
2026-02-04 21:35:03,397 - INFO - Epoch 11/20
2026-02-04 21:35:03,398 - INFO -   Train Loss: 1.1458
2026-02-04 21:35:03,398 - INFO -   Val Loss:   1.1921
2026-02-04 21:35:03,398 - INFO -   LR:         0.000428
2026-02-04 21:35:03,398 - INFO - 
2026-02-04 21:35:05,522 - INFO - Epoch 12/20
2026-02-04 21:35:05,523 - INFO -   Train Loss: 1.1526
2026-02-04 21:35:05,523 - INFO -   Val Loss:   1.1818
2026-02-04 21:35:05,523 - INFO -   LR:         0.000352
2026-02-04 21:35:05,523 - INFO - 
2026-02-04 21:35:05,523 - INFO - Early stopping triggered at epoch 12

2026-02-04 21:35:05,683 - INFO - Fold 1 complete. Best val loss: 1.1801

2026-02-04 21:35:05,684 - INFO - ============================================================
2026-02-04 21:35:05,684 - INFO - Fold 2/5
2026-02-04 21:35:05,684 - INFO - ============================================================
2026-02-04 21:35:05,684 - INFO - Train samples: 541, Val samples: 135

2026-02-04 21:35:07,918 - INFO - Epoch 1/20
2026-02-04 21:35:07,918 - INFO -   Train Loss: 1.2160
2026-02-04 21:35:07,918 - INFO -   Val Loss:   1.1771
2026-02-04 21:35:07,918 - INFO -   LR:         0.000994
2026-02-04 21:35:07,918 - INFO -   ** New best val loss: 1.1771
2026-02-04 21:35:07,927 - INFO - 
2026-02-04 21:35:10,199 - INFO - Epoch 2/20
2026-02-04 21:35:10,200 - INFO -   Train Loss: 1.1866
2026-02-04 21:35:10,200 - INFO -   Val Loss:   1.1373
2026-02-04 21:35:10,200 - INFO -   LR:         0.000976
2026-02-04 21:35:10,200 - INFO -   ** New best val loss: 1.1373
2026-02-04 21:35:10,208 - INFO - 
2026-02-04 21:35:12,413 - INFO - Epoch 3/20
2026-02-04 21:35:12,414 - INFO -   Train Loss: 1.1699
2026-02-04 21:35:12,414 - INFO -   Val Loss:   1.2111
2026-02-04 21:35:12,414 - INFO -   LR:         0.000946
2026-02-04 21:35:12,414 - INFO - 
2026-02-04 21:35:14,504 - INFO - Epoch 4/20
2026-02-04 21:35:14,505 - INFO -   Train Loss: 1.1617
2026-02-04 21:35:14,505 - INFO -   Val Loss:   1.1355
2026-02-04 21:35:14,505 - INFO -   LR:         0.000905
2026-02-04 21:35:14,506 - INFO -   ** New best val loss: 1.1355
2026-02-04 21:35:14,513 - INFO - 
2026-02-04 21:35:16,633 - INFO - Epoch 5/20
2026-02-04 21:35:16,634 - INFO -   Train Loss: 1.1607
2026-02-04 21:35:16,634 - INFO -   Val Loss:   1.1449
2026-02-04 21:35:16,634 - INFO -   LR:         0.000855
2026-02-04 21:35:16,634 - INFO - 
2026-02-04 21:35:18,763 - INFO - Epoch 6/20
2026-02-04 21:35:18,764 - INFO -   Train Loss: 1.1555
2026-02-04 21:35:18,764 - INFO -   Val Loss:   1.2028
2026-02-04 21:35:18,764 - INFO -   LR:         0.000796
2026-02-04 21:35:18,764 - INFO - 
2026-02-04 21:35:20,920 - INFO - Epoch 7/20
2026-02-04 21:35:20,921 - INFO -   Train Loss: 1.1472
2026-02-04 21:35:20,921 - INFO -   Val Loss:   1.1515
2026-02-04 21:35:20,921 - INFO -   LR:         0.000730
2026-02-04 21:35:20,921 - INFO - 
2026-02-04 21:35:23,039 - INFO - Epoch 8/20
2026-02-04 21:35:23,040 - INFO -   Train Loss: 1.1406
2026-02-04 21:35:23,040 - INFO -   Val Loss:   1.1734
2026-02-04 21:35:23,040 - INFO -   LR:         0.000658
2026-02-04 21:35:23,040 - INFO - 
2026-02-04 21:35:25,142 - INFO - Epoch 9/20
2026-02-04 21:35:25,143 - INFO -   Train Loss: 1.1426
2026-02-04 21:35:25,143 - INFO -   Val Loss:   1.1817
2026-02-04 21:35:25,143 - INFO -   LR:         0.000582
2026-02-04 21:35:25,143 - INFO - 
2026-02-04 21:35:25,144 - INFO - Early stopping triggered at epoch 9

2026-02-04 21:35:25,312 - INFO - Fold 2 complete. Best val loss: 1.1355

2026-02-04 21:35:25,313 - INFO - ============================================================
2026-02-04 21:35:25,313 - INFO - Fold 3/5
2026-02-04 21:35:25,313 - INFO - ============================================================
2026-02-04 21:35:25,313 - INFO - Train samples: 541, Val samples: 135

2026-02-04 21:35:27,450 - INFO - Epoch 1/20
2026-02-04 21:35:27,450 - INFO -   Train Loss: 1.2247
2026-02-04 21:35:27,450 - INFO -   Val Loss:   1.2506
2026-02-04 21:35:27,451 - INFO -   LR:         0.000994
2026-02-04 21:35:27,451 - INFO -   ** New best val loss: 1.2506
2026-02-04 21:35:27,459 - INFO - 
2026-02-04 21:35:29,608 - INFO - Epoch 2/20
2026-02-04 21:35:29,608 - INFO -   Train Loss: 1.1968
2026-02-04 21:35:29,608 - INFO -   Val Loss:   1.2059
2026-02-04 21:35:29,608 - INFO -   LR:         0.000976
2026-02-04 21:35:29,609 - INFO -   ** New best val loss: 1.2059
2026-02-04 21:35:29,615 - INFO - 
2026-02-04 21:35:31,760 - INFO - Epoch 3/20
2026-02-04 21:35:31,760 - INFO -   Train Loss: 1.1843
2026-02-04 21:35:31,761 - INFO -   Val Loss:   1.1903
2026-02-04 21:35:31,761 - INFO -   LR:         0.000946
2026-02-04 21:35:31,761 - INFO -   ** New best val loss: 1.1903
2026-02-04 21:35:31,768 - INFO - 
2026-02-04 21:35:33,908 - INFO - Epoch 4/20
2026-02-04 21:35:33,908 - INFO -   Train Loss: 1.1692
2026-02-04 21:35:33,909 - INFO -   Val Loss:   1.1816
2026-02-04 21:35:33,909 - INFO -   LR:         0.000905
2026-02-04 21:35:33,909 - INFO -   ** New best val loss: 1.1816
2026-02-04 21:35:33,916 - INFO - 
2026-02-04 21:35:36,032 - INFO - Epoch 5/20
2026-02-04 21:35:36,032 - INFO -   Train Loss: 1.1625
2026-02-04 21:35:36,033 - INFO -   Val Loss:   1.2547
2026-02-04 21:35:36,033 - INFO -   LR:         0.000855
2026-02-04 21:35:36,033 - INFO - 
2026-02-04 21:35:38,285 - INFO - Epoch 6/20
2026-02-04 21:35:38,286 - INFO -   Train Loss: 1.1613
2026-02-04 21:35:38,286 - INFO -   Val Loss:   1.4486
2026-02-04 21:35:38,286 - INFO -   LR:         0.000796
2026-02-04 21:35:38,286 - INFO - 
2026-02-04 21:35:40,579 - INFO - Epoch 7/20
2026-02-04 21:35:40,579 - INFO -   Train Loss: 1.1639
2026-02-04 21:35:40,579 - INFO -   Val Loss:   1.2143
2026-02-04 21:35:40,580 - INFO -   LR:         0.000730
2026-02-04 21:35:40,580 - INFO - 
2026-02-04 21:35:42,775 - INFO - Epoch 8/20
2026-02-04 21:35:42,776 - INFO -   Train Loss: 1.1590
2026-02-04 21:35:42,776 - INFO -   Val Loss:   1.1689
2026-02-04 21:35:42,777 - INFO -   LR:         0.000658
2026-02-04 21:35:42,777 - INFO -   ** New best val loss: 1.1689
2026-02-04 21:35:42,783 - INFO - 
2026-02-04 21:35:44,950 - INFO - Epoch 9/20
2026-02-04 21:35:44,950 - INFO -   Train Loss: 1.1622
2026-02-04 21:35:44,950 - INFO -   Val Loss:   1.1886
2026-02-04 21:35:44,951 - INFO -   LR:         0.000582
2026-02-04 21:35:44,951 - INFO - 
2026-02-04 21:35:47,098 - INFO - Epoch 10/20
2026-02-04 21:35:47,098 - INFO -   Train Loss: 1.1499
2026-02-04 21:35:47,098 - INFO -   Val Loss:   1.1769
2026-02-04 21:35:47,098 - INFO -   LR:         0.000505
2026-02-04 21:35:47,098 - INFO - 
2026-02-04 21:35:49,247 - INFO - Epoch 11/20
2026-02-04 21:35:49,249 - INFO -   Train Loss: 1.1489
2026-02-04 21:35:49,249 - INFO -   Val Loss:   1.1543
2026-02-04 21:35:49,249 - INFO -   LR:         0.000428
2026-02-04 21:35:49,249 - INFO -   ** New best val loss: 1.1543
2026-02-04 21:35:49,256 - INFO - 
2026-02-04 21:35:51,401 - INFO - Epoch 12/20
2026-02-04 21:35:51,402 - INFO -   Train Loss: 1.1505
2026-02-04 21:35:51,402 - INFO -   Val Loss:   1.1603
2026-02-04 21:35:51,402 - INFO -   LR:         0.000352
2026-02-04 21:35:51,402 - INFO - 
2026-02-04 21:35:53,556 - INFO - Epoch 13/20
2026-02-04 21:35:53,556 - INFO -   Train Loss: 1.1536
2026-02-04 21:35:53,556 - INFO -   Val Loss:   1.1658
2026-02-04 21:35:53,556 - INFO -   LR:         0.000280
2026-02-04 21:35:53,556 - INFO - 
2026-02-04 21:35:55,683 - INFO - Epoch 14/20
2026-02-04 21:35:55,683 - INFO -   Train Loss: 1.1499
2026-02-04 21:35:55,683 - INFO -   Val Loss:   1.1776
2026-02-04 21:35:55,683 - INFO -   LR:         0.000214
2026-02-04 21:35:55,684 - INFO - 
2026-02-04 21:35:57,828 - INFO - Epoch 15/20
2026-02-04 21:35:57,828 - INFO -   Train Loss: 1.1517
2026-02-04 21:35:57,828 - INFO -   Val Loss:   1.1743
2026-02-04 21:35:57,828 - INFO -   LR:         0.000155
2026-02-04 21:35:57,828 - INFO - 
2026-02-04 21:35:59,970 - INFO - Epoch 16/20
2026-02-04 21:35:59,970 - INFO -   Train Loss: 1.1444
2026-02-04 21:35:59,970 - INFO -   Val Loss:   1.1608
2026-02-04 21:35:59,970 - INFO -   LR:         0.000105
2026-02-04 21:35:59,970 - INFO - 
2026-02-04 21:35:59,971 - INFO - Early stopping triggered at epoch 16

2026-02-04 21:36:00,148 - INFO - Fold 3 complete. Best val loss: 1.1543

2026-02-04 21:36:00,149 - INFO - ============================================================
2026-02-04 21:36:00,149 - INFO - Fold 4/5
2026-02-04 21:36:00,149 - INFO - ============================================================
2026-02-04 21:36:00,149 - INFO - Train samples: 541, Val samples: 135

2026-02-04 21:36:02,275 - INFO - Epoch 1/20
2026-02-04 21:36:02,275 - INFO -   Train Loss: 1.2206
2026-02-04 21:36:02,276 - INFO -   Val Loss:   1.2144
2026-02-04 21:36:02,276 - INFO -   LR:         0.000994
2026-02-04 21:36:02,276 - INFO -   ** New best val loss: 1.2144
2026-02-04 21:36:02,283 - INFO - 
2026-02-04 21:36:04,436 - INFO - Epoch 2/20
2026-02-04 21:36:04,436 - INFO -   Train Loss: 1.1780
2026-02-04 21:36:04,436 - INFO -   Val Loss:   1.1835
2026-02-04 21:36:04,436 - INFO -   LR:         0.000976
2026-02-04 21:36:04,436 - INFO -   ** New best val loss: 1.1835
2026-02-04 21:36:04,442 - INFO - 
2026-02-04 21:36:06,572 - INFO - Epoch 3/20
2026-02-04 21:36:06,572 - INFO -   Train Loss: 1.1804
2026-02-04 21:36:06,572 - INFO -   Val Loss:   1.2386
2026-02-04 21:36:06,573 - INFO -   LR:         0.000946
2026-02-04 21:36:06,573 - INFO - 
2026-02-04 21:36:08,893 - INFO - Epoch 4/20
2026-02-04 21:36:08,894 - INFO -   Train Loss: 1.1575
2026-02-04 21:36:08,894 - INFO -   Val Loss:   1.1938
2026-02-04 21:36:08,894 - INFO -   LR:         0.000905
2026-02-04 21:36:08,894 - INFO - 
2026-02-04 21:36:11,193 - INFO - Epoch 5/20
2026-02-04 21:36:11,193 - INFO -   Train Loss: 1.1552
2026-02-04 21:36:11,193 - INFO -   Val Loss:   1.1568
2026-02-04 21:36:11,193 - INFO -   LR:         0.000855
2026-02-04 21:36:11,193 - INFO -   ** New best val loss: 1.1568
2026-02-04 21:36:11,201 - INFO - 
2026-02-04 21:36:13,346 - INFO - Epoch 6/20
2026-02-04 21:36:13,346 - INFO -   Train Loss: 1.1658
2026-02-04 21:36:13,346 - INFO -   Val Loss:   1.2707
2026-02-04 21:36:13,347 - INFO -   LR:         0.000796
2026-02-04 21:36:13,347 - INFO - 
2026-02-04 21:36:15,466 - INFO - Epoch 7/20
2026-02-04 21:36:15,466 - INFO -   Train Loss: 1.1562
2026-02-04 21:36:15,466 - INFO -   Val Loss:   1.1602
2026-02-04 21:36:15,466 - INFO -   LR:         0.000730
2026-02-04 21:36:15,467 - INFO - 
2026-02-04 21:36:17,588 - INFO - Epoch 8/20
2026-02-04 21:36:17,588 - INFO -   Train Loss: 1.1492
2026-02-04 21:36:17,588 - INFO -   Val Loss:   1.1844
2026-02-04 21:36:17,588 - INFO -   LR:         0.000658
2026-02-04 21:36:17,588 - INFO - 
2026-02-04 21:36:19,716 - INFO - Epoch 9/20
2026-02-04 21:36:19,716 - INFO -   Train Loss: 1.1640
2026-02-04 21:36:19,716 - INFO -   Val Loss:   1.1583
2026-02-04 21:36:19,716 - INFO -   LR:         0.000582
2026-02-04 21:36:19,716 - INFO - 
2026-02-04 21:36:21,829 - INFO - Epoch 10/20
2026-02-04 21:36:21,829 - INFO -   Train Loss: 1.1320
2026-02-04 21:36:21,830 - INFO -   Val Loss:   1.1727
2026-02-04 21:36:21,830 - INFO -   LR:         0.000505
2026-02-04 21:36:21,830 - INFO - 
2026-02-04 21:36:21,830 - INFO - Early stopping triggered at epoch 10

2026-02-04 21:36:22,008 - INFO - Fold 4 complete. Best val loss: 1.1568

2026-02-04 21:36:22,008 - INFO - ============================================================
2026-02-04 21:36:22,009 - INFO - Fold 5/5
2026-02-04 21:36:22,009 - INFO - ============================================================
2026-02-04 21:36:22,009 - INFO - Train samples: 541, Val samples: 135

2026-02-04 21:36:24,173 - INFO - Epoch 1/20
2026-02-04 21:36:24,173 - INFO -   Train Loss: 1.2045
2026-02-04 21:36:24,173 - INFO -   Val Loss:   1.2389
2026-02-04 21:36:24,173 - INFO -   LR:         0.000994
2026-02-04 21:36:24,173 - INFO -   ** New best val loss: 1.2389
2026-02-04 21:36:24,180 - INFO - 
2026-02-04 21:36:26,313 - INFO - Epoch 2/20
2026-02-04 21:36:26,313 - INFO -   Train Loss: 1.2020
2026-02-04 21:36:26,313 - INFO -   Val Loss:   1.2187
2026-02-04 21:36:26,314 - INFO -   LR:         0.000976
2026-02-04 21:36:26,314 - INFO -   ** New best val loss: 1.2187
2026-02-04 21:36:26,318 - INFO - 
2026-02-04 21:36:28,461 - INFO - Epoch 3/20
2026-02-04 21:36:28,461 - INFO -   Train Loss: 1.1806
2026-02-04 21:36:28,462 - INFO -   Val Loss:   1.2604
2026-02-04 21:36:28,462 - INFO -   LR:         0.000946
2026-02-04 21:36:28,462 - INFO - 
2026-02-04 21:36:30,608 - INFO - Epoch 4/20
2026-02-04 21:36:30,608 - INFO -   Train Loss: 1.1648
2026-02-04 21:36:30,608 - INFO -   Val Loss:   1.2533
2026-02-04 21:36:30,608 - INFO -   LR:         0.000905
2026-02-04 21:36:30,608 - INFO - 
2026-02-04 21:36:32,725 - INFO - Epoch 5/20
2026-02-04 21:36:32,725 - INFO -   Train Loss: 1.1810
2026-02-04 21:36:32,726 - INFO -   Val Loss:   1.2228
2026-02-04 21:36:32,726 - INFO -   LR:         0.000855
2026-02-04 21:36:32,726 - INFO - 
2026-02-04 21:36:34,887 - INFO - Epoch 6/20
2026-02-04 21:36:34,887 - INFO -   Train Loss: 1.1594
2026-02-04 21:36:34,887 - INFO -   Val Loss:   1.2964
2026-02-04 21:36:34,887 - INFO -   LR:         0.000796
2026-02-04 21:36:34,887 - INFO - 
2026-02-04 21:36:37,033 - INFO - Epoch 7/20
2026-02-04 21:36:37,033 - INFO -   Train Loss: 1.1756
2026-02-04 21:36:37,033 - INFO -   Val Loss:   1.2603
2026-02-04 21:36:37,033 - INFO -   LR:         0.000730
2026-02-04 21:36:37,033 - INFO - 
2026-02-04 21:36:37,034 - INFO - Early stopping triggered at epoch 7

2026-02-04 21:36:37,219 - INFO - Fold 5 complete. Best val loss: 1.2187

2026-02-04 21:36:37,222 - INFO - OOF predictions saved to: d:\workspace\MRes\NoiseRate\kfold_results\oof_predictions.npy
2026-02-04 21:36:37,222 - INFO - Shape: (676, 12)

2026-02-04 21:36:37,222 - INFO - 
============================================================
2026-02-04 21:36:37,222 - INFO - VALIDATION - GT LABELS
2026-02-04 21:36:37,222 - INFO - ============================================================

2026-02-04 21:36:37,275 - INFO - ============================================================
2026-02-04 21:36:37,290 - INFO - Per-Class AUROC (GT model)
2026-02-04 21:36:37,292 - INFO - ============================================================
2026-02-04 21:36:37,332 - INFO - ============================================================
2026-02-04 21:36:37,333 - INFO - CNN-GT - Per-Class AUROC
2026-02-04 21:36:37,333 - INFO - ============================================================
2026-02-04 21:36:37,333 - INFO - 
Pathology                           AUROC
2026-02-04 21:36:37,333 - INFO - ---------------------------------------------
2026-02-04 21:36:37,333 - INFO - Atelectasis                         0.546
2026-02-04 21:36:37,333 - INFO - Cardiomegaly                        0.602
2026-02-04 21:36:37,334 - INFO - Consolidation                       0.572
2026-02-04 21:36:37,334 - INFO - Edema                               0.639
2026-02-04 21:36:37,334 - INFO - Enlarged Cardiomediastinum          0.681
2026-02-04 21:36:37,334 - INFO - Fracture                            0.584
2026-02-04 21:36:37,334 - INFO - Lung Lesion                         0.550
2026-02-04 21:36:37,334 - INFO - Lung Opacity                        0.551
2026-02-04 21:36:37,334 - INFO - Pleural Effusion                    0.579
2026-02-04 21:36:37,335 - INFO - Pleural Other                       0.621
2026-02-04 21:36:37,335 - INFO - Pneumonia                           0.629
2026-02-04 21:36:37,335 - INFO - Pneumothorax                        0.535
2026-02-04 21:36:37,335 - INFO - ---------------------------------------------
2026-02-04 21:36:37,335 - INFO - Mean AUROC                          0.591
2026-02-04 21:36:37,335 - INFO - 
2026-02-04 21:36:37,335 - INFO - ============================================================
2026-02-04 21:36:37,336 - INFO - Per-Class Noise Analysis
2026-02-04 21:36:37,336 - INFO - ============================================================

2026-02-04 21:36:37,336 - INFO - ============================================================
2026-02-04 21:36:37,336 - INFO - Per-Class Noise Analysis (GT labels)
2026-02-04 21:36:37,336 - INFO - ============================================================
2026-02-04 21:36:37,336 - INFO - 
Analyzing 12 pathology classes individually...
2026-02-04 21:38:03,990 - INFO - 
Per-class noise rates:
2026-02-04 21:38:03,991 - INFO - Pathology                      Positive Negative  Issues     Rate
2026-02-04 21:38:03,991 - INFO - ----------------------------------------------------------------------
2026-02-04 21:38:03,991 - INFO - Atelectasis                         189      487    293    43.3%
2026-02-04 21:38:03,992 - INFO - Cardiomegaly                        146      530    278    41.1%
2026-02-04 21:38:03,992 - INFO - Consolidation                        51      625    230    34.0%
2026-02-04 21:38:03,992 - INFO - Edema                               141      535    225    33.3%
2026-02-04 21:38:03,992 - INFO - Enlarged Cardiomediastinum           39      637    227    33.6%
2026-02-04 21:38:03,992 - INFO - Fracture                             41      635    257    38.0%
2026-02-04 21:38:03,992 - INFO - Lung Lesion                          47      629    235    34.8%
2026-02-04 21:38:03,992 - INFO - Lung Opacity                        167      509    320    47.3%
2026-02-04 21:38:03,992 - INFO - Pleural Effusion                    260      416    276    40.8%
2026-02-04 21:38:03,992 - INFO - Pleural Other                        28      648    230    34.0%
2026-02-04 21:38:03,992 - INFO - Pneumonia                            52      624    241    35.7%
2026-02-04 21:38:03,992 - INFO - Pneumothorax                         34      642    174    25.7%
2026-02-04 21:38:03,993 - INFO - 
2026-02-04 21:38:03,994 - INFO - Issue IDs saved to: d:\workspace\MRes\NoiseRate\kfold_results\issues_gt_20260204_213803.txt
2026-02-04 21:38:03,998 - INFO - Results saved to: d:\workspace\MRes\NoiseRate\kfold_results\cnn_gt_results_20260204_213803.csv

2026-02-04 21:38:03,998 - INFO - 
============================================================
2026-02-04 21:38:03,998 - INFO - GT TRAINING AND VALIDATION - COMPLETE
2026-02-04 21:38:03,998 - INFO - ============================================================

