2026-02-04 18:46:23,789 - INFO - Logging initialized. Log file: d:\workspace\MRes\NoiseRate\kfold_results\logs\kfold_gt_20260204_184623.log
2026-02-04 18:46:23,789 - INFO - 
============================================================
2026-02-04 18:46:23,789 - INFO - K-FOLD TRAINING - GT LABELS
2026-02-04 18:46:23,791 - INFO - ============================================================

2026-02-04 18:46:23,807 - INFO - Using device: cuda

2026-02-04 18:46:23,808 - INFO - ============================================================
2026-02-04 18:46:23,808 - INFO - Loading and Preparing Data
2026-02-04 18:46:23,808 - INFO - ============================================================
2026-02-04 18:46:23,809 - INFO - Loading metadata from: d:/workspace/MRes/datasets/mimic-cxr-clean/gt/metadata.csv
2026-02-04 18:46:23,816 - INFO - Loaded 1029 samples
2026-02-04 18:46:23,816 - INFO - Filtering for ViewPosition: ['AP', 'PA']
2026-02-04 18:46:23,817 - INFO - After filtering: 676 samples

2026-02-04 18:46:23,818 - INFO - Using GT labels for training
2026-02-04 18:46:23,818 - INFO - Using 12 CheXpert pathology columns
2026-02-04 18:46:23,818 - INFO - Applying uncertain label strategy: u_zeros
2026-02-04 18:46:23,822 - INFO - Labels shape: (676, 12)

2026-02-04 18:46:23,822 - INFO - ============================================================
2026-02-04 18:46:23,822 - INFO - K-Fold Split
2026-02-04 18:46:23,822 - INFO - ============================================================
2026-02-04 18:46:23,822 - INFO - K-fold: 5 splits, stratified by first label

2026-02-04 18:46:23,824 - INFO - ============================================================
2026-02-04 18:46:23,824 - INFO - Fold 1/5
2026-02-04 18:46:23,824 - INFO - ============================================================
2026-02-04 18:46:23,824 - INFO - Train samples: 540, Val samples: 136

2026-02-04 18:46:25,806 - INFO - Epoch 1/20
2026-02-04 18:46:25,806 - INFO -   Train Loss: 1.2123
2026-02-04 18:46:25,806 - INFO -   Val Loss:   1.2279
2026-02-04 18:46:25,806 - INFO -   LR:         0.000994
2026-02-04 18:46:25,806 - INFO -   ** New best val loss: 1.2279
2026-02-04 18:46:25,813 - INFO - 
2026-02-04 18:46:27,341 - INFO - Epoch 2/20
2026-02-04 18:46:27,341 - INFO -   Train Loss: 1.1781
2026-02-04 18:46:27,341 - INFO -   Val Loss:   1.1916
2026-02-04 18:46:27,342 - INFO -   LR:         0.000976
2026-02-04 18:46:27,342 - INFO -   ** New best val loss: 1.1916
2026-02-04 18:46:27,347 - INFO - 
2026-02-04 18:46:28,879 - INFO - Epoch 3/20
2026-02-04 18:46:28,879 - INFO -   Train Loss: 1.1717
2026-02-04 18:46:28,879 - INFO -   Val Loss:   1.1809
2026-02-04 18:46:28,879 - INFO -   LR:         0.000946
2026-02-04 18:46:28,879 - INFO -   ** New best val loss: 1.1809
2026-02-04 18:46:28,886 - INFO - 
2026-02-04 18:46:30,430 - INFO - Epoch 4/20
2026-02-04 18:46:30,430 - INFO -   Train Loss: 1.1604
2026-02-04 18:46:30,430 - INFO -   Val Loss:   1.1948
2026-02-04 18:46:30,430 - INFO -   LR:         0.000905
2026-02-04 18:46:30,430 - INFO - 
2026-02-04 18:46:31,974 - INFO - Epoch 5/20
2026-02-04 18:46:31,975 - INFO -   Train Loss: 1.1641
2026-02-04 18:46:31,975 - INFO -   Val Loss:   1.1795
2026-02-04 18:46:31,975 - INFO -   LR:         0.000855
2026-02-04 18:46:31,975 - INFO -   ** New best val loss: 1.1795
2026-02-04 18:46:31,981 - INFO - 
2026-02-04 18:46:33,567 - INFO - Epoch 6/20
2026-02-04 18:46:33,567 - INFO -   Train Loss: 1.1589
2026-02-04 18:46:33,568 - INFO -   Val Loss:   1.1917
2026-02-04 18:46:33,568 - INFO -   LR:         0.000796
2026-02-04 18:46:33,568 - INFO - 
2026-02-04 18:46:35,246 - INFO - Epoch 7/20
2026-02-04 18:46:35,246 - INFO -   Train Loss: 1.1509
2026-02-04 18:46:35,246 - INFO -   Val Loss:   1.1832
2026-02-04 18:46:35,246 - INFO -   LR:         0.000730
2026-02-04 18:46:35,246 - INFO - 
2026-02-04 18:46:36,979 - INFO - Epoch 8/20
2026-02-04 18:46:36,979 - INFO -   Train Loss: 1.1560
2026-02-04 18:46:36,979 - INFO -   Val Loss:   1.1765
2026-02-04 18:46:36,979 - INFO -   LR:         0.000658
2026-02-04 18:46:36,979 - INFO -   ** New best val loss: 1.1765
2026-02-04 18:46:36,987 - INFO - 
2026-02-04 18:46:38,657 - INFO - Epoch 9/20
2026-02-04 18:46:38,657 - INFO -   Train Loss: 1.1475
2026-02-04 18:46:38,657 - INFO -   Val Loss:   1.2072
2026-02-04 18:46:38,657 - INFO -   LR:         0.000582
2026-02-04 18:46:38,657 - INFO - 
2026-02-04 18:46:40,246 - INFO - Epoch 10/20
2026-02-04 18:46:40,246 - INFO -   Train Loss: 1.1420
2026-02-04 18:46:40,247 - INFO -   Val Loss:   1.1895
2026-02-04 18:46:40,247 - INFO -   LR:         0.000505
2026-02-04 18:46:40,247 - INFO - 
2026-02-04 18:46:41,834 - INFO - Epoch 11/20
2026-02-04 18:46:41,834 - INFO -   Train Loss: 1.1570
2026-02-04 18:46:41,834 - INFO -   Val Loss:   1.1716
2026-02-04 18:46:41,835 - INFO -   LR:         0.000428
2026-02-04 18:46:41,835 - INFO -   ** New best val loss: 1.1716
2026-02-04 18:46:41,840 - INFO - 
2026-02-04 18:46:43,438 - INFO - Epoch 12/20
2026-02-04 18:46:43,439 - INFO -   Train Loss: 1.1346
2026-02-04 18:46:43,439 - INFO -   Val Loss:   1.1814
2026-02-04 18:46:43,439 - INFO -   LR:         0.000352
2026-02-04 18:46:43,439 - INFO - 
2026-02-04 18:46:44,989 - INFO - Epoch 13/20
2026-02-04 18:46:44,989 - INFO -   Train Loss: 1.1343
2026-02-04 18:46:44,989 - INFO -   Val Loss:   1.1991
2026-02-04 18:46:44,989 - INFO -   LR:         0.000280
2026-02-04 18:46:44,990 - INFO - 
2026-02-04 18:46:46,591 - INFO - Epoch 14/20
2026-02-04 18:46:46,591 - INFO -   Train Loss: 1.1319
2026-02-04 18:46:46,591 - INFO -   Val Loss:   1.1814
2026-02-04 18:46:46,591 - INFO -   LR:         0.000214
2026-02-04 18:46:46,591 - INFO - 
2026-02-04 18:46:48,188 - INFO - Epoch 15/20
2026-02-04 18:46:48,188 - INFO -   Train Loss: 1.1405
2026-02-04 18:46:48,188 - INFO -   Val Loss:   1.1749
2026-02-04 18:46:48,188 - INFO -   LR:         0.000155
2026-02-04 18:46:48,188 - INFO - 
2026-02-04 18:46:49,796 - INFO - Epoch 16/20
2026-02-04 18:46:49,796 - INFO -   Train Loss: 1.1356
2026-02-04 18:46:49,796 - INFO -   Val Loss:   1.1772
2026-02-04 18:46:49,796 - INFO -   LR:         0.000105
2026-02-04 18:46:49,796 - INFO - 
2026-02-04 18:46:49,796 - INFO - Early stopping triggered at epoch 16

2026-02-04 18:46:49,940 - INFO - Fold 1 complete. Best val loss: 1.1716

2026-02-04 18:46:49,941 - INFO - ============================================================
2026-02-04 18:46:49,941 - INFO - Fold 2/5
2026-02-04 18:46:49,941 - INFO - ============================================================
2026-02-04 18:46:49,941 - INFO - Train samples: 541, Val samples: 135

2026-02-04 18:46:51,568 - INFO - Epoch 1/20
2026-02-04 18:46:51,568 - INFO -   Train Loss: 1.2065
2026-02-04 18:46:51,569 - INFO -   Val Loss:   1.1612
2026-02-04 18:46:51,569 - INFO -   LR:         0.000994
2026-02-04 18:46:51,569 - INFO -   ** New best val loss: 1.1612
2026-02-04 18:46:51,576 - INFO - 
2026-02-04 18:46:53,154 - INFO - Epoch 2/20
2026-02-04 18:46:53,154 - INFO -   Train Loss: 1.1910
2026-02-04 18:46:53,154 - INFO -   Val Loss:   1.1434
2026-02-04 18:46:53,154 - INFO -   LR:         0.000976
2026-02-04 18:46:53,154 - INFO -   ** New best val loss: 1.1434
2026-02-04 18:46:53,161 - INFO - 
2026-02-04 18:46:54,740 - INFO - Epoch 3/20
2026-02-04 18:46:54,740 - INFO -   Train Loss: 1.1618
2026-02-04 18:46:54,740 - INFO -   Val Loss:   1.1363
2026-02-04 18:46:54,740 - INFO -   LR:         0.000946
2026-02-04 18:46:54,740 - INFO -   ** New best val loss: 1.1363
2026-02-04 18:46:54,745 - INFO - 
2026-02-04 18:46:56,361 - INFO - Epoch 4/20
2026-02-04 18:46:56,361 - INFO -   Train Loss: 1.1674
2026-02-04 18:46:56,361 - INFO -   Val Loss:   1.1430
2026-02-04 18:46:56,361 - INFO -   LR:         0.000905
2026-02-04 18:46:56,361 - INFO - 
2026-02-04 18:46:57,949 - INFO - Epoch 5/20
2026-02-04 18:46:57,949 - INFO -   Train Loss: 1.1474
2026-02-04 18:46:57,949 - INFO -   Val Loss:   1.1565
2026-02-04 18:46:57,949 - INFO -   LR:         0.000855
2026-02-04 18:46:57,950 - INFO - 
2026-02-04 18:46:59,544 - INFO - Epoch 6/20
2026-02-04 18:46:59,545 - INFO -   Train Loss: 1.1523
2026-02-04 18:46:59,545 - INFO -   Val Loss:   1.1596
2026-02-04 18:46:59,545 - INFO -   LR:         0.000796
2026-02-04 18:46:59,545 - INFO - 
2026-02-04 18:47:01,134 - INFO - Epoch 7/20
2026-02-04 18:47:01,134 - INFO -   Train Loss: 1.1532
2026-02-04 18:47:01,134 - INFO -   Val Loss:   1.1954
2026-02-04 18:47:01,134 - INFO -   LR:         0.000730
2026-02-04 18:47:01,134 - INFO - 
2026-02-04 18:47:02,728 - INFO - Epoch 8/20
2026-02-04 18:47:02,728 - INFO -   Train Loss: 1.1510
2026-02-04 18:47:02,728 - INFO -   Val Loss:   1.1624
2026-02-04 18:47:02,728 - INFO -   LR:         0.000658
2026-02-04 18:47:02,728 - INFO - 
2026-02-04 18:47:02,728 - INFO - Early stopping triggered at epoch 8

2026-02-04 18:47:02,864 - INFO - Fold 2 complete. Best val loss: 1.1363

2026-02-04 18:47:02,864 - INFO - ============================================================
2026-02-04 18:47:02,864 - INFO - Fold 3/5
2026-02-04 18:47:02,864 - INFO - ============================================================
2026-02-04 18:47:02,864 - INFO - Train samples: 541, Val samples: 135

2026-02-04 18:47:04,475 - INFO - Epoch 1/20
2026-02-04 18:47:04,475 - INFO -   Train Loss: 1.2251
2026-02-04 18:47:04,475 - INFO -   Val Loss:   1.2257
2026-02-04 18:47:04,475 - INFO -   LR:         0.000994
2026-02-04 18:47:04,475 - INFO -   ** New best val loss: 1.2257
2026-02-04 18:47:04,481 - INFO - 
2026-02-04 18:47:06,274 - INFO - Epoch 2/20
2026-02-04 18:47:06,274 - INFO -   Train Loss: 1.2017
2026-02-04 18:47:06,274 - INFO -   Val Loss:   1.1945
2026-02-04 18:47:06,275 - INFO -   LR:         0.000976
2026-02-04 18:47:06,275 - INFO -   ** New best val loss: 1.1945
2026-02-04 18:47:06,280 - INFO - 
2026-02-04 18:47:08,030 - INFO - Epoch 3/20
2026-02-04 18:47:08,030 - INFO -   Train Loss: 1.1830
2026-02-04 18:47:08,031 - INFO -   Val Loss:   1.1774
2026-02-04 18:47:08,031 - INFO -   LR:         0.000946
2026-02-04 18:47:08,031 - INFO -   ** New best val loss: 1.1774
2026-02-04 18:47:08,038 - INFO - 
2026-02-04 18:47:09,633 - INFO - Epoch 4/20
2026-02-04 18:47:09,633 - INFO -   Train Loss: 1.1835
2026-02-04 18:47:09,633 - INFO -   Val Loss:   1.3834
2026-02-04 18:47:09,634 - INFO -   LR:         0.000905
2026-02-04 18:47:09,634 - INFO - 
2026-02-04 18:47:11,203 - INFO - Epoch 5/20
2026-02-04 18:47:11,203 - INFO -   Train Loss: 1.1812
2026-02-04 18:47:11,203 - INFO -   Val Loss:   1.2429
2026-02-04 18:47:11,203 - INFO -   LR:         0.000855
2026-02-04 18:47:11,203 - INFO - 
2026-02-04 18:47:12,801 - INFO - Epoch 6/20
2026-02-04 18:47:12,801 - INFO -   Train Loss: 1.1739
2026-02-04 18:47:12,801 - INFO -   Val Loss:   1.1770
2026-02-04 18:47:12,801 - INFO -   LR:         0.000796
2026-02-04 18:47:12,801 - INFO -   ** New best val loss: 1.1770
2026-02-04 18:47:12,807 - INFO - 
2026-02-04 18:47:14,472 - INFO - Epoch 7/20
2026-02-04 18:47:14,472 - INFO -   Train Loss: 1.1708
2026-02-04 18:47:14,472 - INFO -   Val Loss:   1.2139
2026-02-04 18:47:14,472 - INFO -   LR:         0.000730
2026-02-04 18:47:14,472 - INFO - 
2026-02-04 18:47:16,072 - INFO - Epoch 8/20
2026-02-04 18:47:16,072 - INFO -   Train Loss: 1.1663
2026-02-04 18:47:16,072 - INFO -   Val Loss:   1.1859
2026-02-04 18:47:16,072 - INFO -   LR:         0.000658
2026-02-04 18:47:16,072 - INFO - 
2026-02-04 18:47:16,072 - INFO - Early stopping triggered at epoch 8

2026-02-04 18:47:16,213 - INFO - Fold 3 complete. Best val loss: 1.1770

2026-02-04 18:47:16,213 - INFO - ============================================================
2026-02-04 18:47:16,213 - INFO - Fold 4/5
2026-02-04 18:47:16,213 - INFO - ============================================================
2026-02-04 18:47:16,213 - INFO - Train samples: 541, Val samples: 135

2026-02-04 18:47:17,812 - INFO - Epoch 1/20
2026-02-04 18:47:17,814 - INFO -   Train Loss: 1.2155
2026-02-04 18:47:17,814 - INFO -   Val Loss:   1.4190
2026-02-04 18:47:17,814 - INFO -   LR:         0.000994
2026-02-04 18:47:17,814 - INFO -   ** New best val loss: 1.4190
2026-02-04 18:47:17,821 - INFO - 
2026-02-04 18:47:19,436 - INFO - Epoch 2/20
2026-02-04 18:47:19,436 - INFO -   Train Loss: 1.1834
2026-02-04 18:47:19,436 - INFO -   Val Loss:   1.1616
2026-02-04 18:47:19,436 - INFO -   LR:         0.000976
2026-02-04 18:47:19,438 - INFO -   ** New best val loss: 1.1616
2026-02-04 18:47:19,445 - INFO - 
2026-02-04 18:47:21,046 - INFO - Epoch 3/20
2026-02-04 18:47:21,046 - INFO -   Train Loss: 1.1815
2026-02-04 18:47:21,046 - INFO -   Val Loss:   1.1754
2026-02-04 18:47:21,046 - INFO -   LR:         0.000946
2026-02-04 18:47:21,046 - INFO - 
2026-02-04 18:47:22,640 - INFO - Epoch 4/20
2026-02-04 18:47:22,640 - INFO -   Train Loss: 1.1706
2026-02-04 18:47:22,640 - INFO -   Val Loss:   1.1631
2026-02-04 18:47:22,640 - INFO -   LR:         0.000905
2026-02-04 18:47:22,640 - INFO - 
2026-02-04 18:47:24,252 - INFO - Epoch 5/20
2026-02-04 18:47:24,252 - INFO -   Train Loss: 1.1631
2026-02-04 18:47:24,252 - INFO -   Val Loss:   1.1407
2026-02-04 18:47:24,252 - INFO -   LR:         0.000855
2026-02-04 18:47:24,252 - INFO -   ** New best val loss: 1.1407
2026-02-04 18:47:24,256 - INFO - 
2026-02-04 18:47:25,834 - INFO - Epoch 6/20
2026-02-04 18:47:25,835 - INFO -   Train Loss: 1.1596
2026-02-04 18:47:25,835 - INFO -   Val Loss:   1.1880
2026-02-04 18:47:25,835 - INFO -   LR:         0.000796
2026-02-04 18:47:25,835 - INFO - 
2026-02-04 18:47:27,436 - INFO - Epoch 7/20
2026-02-04 18:47:27,436 - INFO -   Train Loss: 1.1582
2026-02-04 18:47:27,436 - INFO -   Val Loss:   1.1631
2026-02-04 18:47:27,437 - INFO -   LR:         0.000730
2026-02-04 18:47:27,437 - INFO - 
2026-02-04 18:47:29,040 - INFO - Epoch 8/20
2026-02-04 18:47:29,040 - INFO -   Train Loss: 1.1512
2026-02-04 18:47:29,040 - INFO -   Val Loss:   1.1548
2026-02-04 18:47:29,042 - INFO -   LR:         0.000658
2026-02-04 18:47:29,042 - INFO - 
2026-02-04 18:47:30,640 - INFO - Epoch 9/20
2026-02-04 18:47:30,642 - INFO -   Train Loss: 1.1546
2026-02-04 18:47:30,642 - INFO -   Val Loss:   1.1645
2026-02-04 18:47:30,642 - INFO -   LR:         0.000582
2026-02-04 18:47:30,642 - INFO - 
2026-02-04 18:47:32,269 - INFO - Epoch 10/20
2026-02-04 18:47:32,270 - INFO -   Train Loss: 1.1385
2026-02-04 18:47:32,270 - INFO -   Val Loss:   1.1821
2026-02-04 18:47:32,270 - INFO -   LR:         0.000505
2026-02-04 18:47:32,270 - INFO - 
2026-02-04 18:47:32,270 - INFO - Early stopping triggered at epoch 10

2026-02-04 18:47:32,415 - INFO - Fold 4 complete. Best val loss: 1.1407

2026-02-04 18:47:32,416 - INFO - ============================================================
2026-02-04 18:47:32,416 - INFO - Fold 5/5
2026-02-04 18:47:32,416 - INFO - ============================================================
2026-02-04 18:47:32,416 - INFO - Train samples: 541, Val samples: 135

2026-02-04 18:47:34,026 - INFO - Epoch 1/20
2026-02-04 18:47:34,026 - INFO -   Train Loss: 1.2259
2026-02-04 18:47:34,026 - INFO -   Val Loss:   1.2576
2026-02-04 18:47:34,026 - INFO -   LR:         0.000994
2026-02-04 18:47:34,026 - INFO -   ** New best val loss: 1.2576
2026-02-04 18:47:34,032 - INFO - 
2026-02-04 18:47:35,775 - INFO - Epoch 2/20
2026-02-04 18:47:35,776 - INFO -   Train Loss: 1.1889
2026-02-04 18:47:35,776 - INFO -   Val Loss:   1.2308
2026-02-04 18:47:35,776 - INFO -   LR:         0.000976
2026-02-04 18:47:35,776 - INFO -   ** New best val loss: 1.2308
2026-02-04 18:47:35,783 - INFO - 
2026-02-04 18:47:37,548 - INFO - Epoch 3/20
2026-02-04 18:47:37,549 - INFO -   Train Loss: 1.1861
2026-02-04 18:47:37,549 - INFO -   Val Loss:   1.2405
2026-02-04 18:47:37,549 - INFO -   LR:         0.000946
2026-02-04 18:47:37,549 - INFO - 
2026-02-04 18:47:39,164 - INFO - Epoch 4/20
2026-02-04 18:47:39,164 - INFO -   Train Loss: 1.1746
2026-02-04 18:47:39,164 - INFO -   Val Loss:   1.2844
2026-02-04 18:47:39,164 - INFO -   LR:         0.000905
2026-02-04 18:47:39,164 - INFO - 
2026-02-04 18:47:40,759 - INFO - Epoch 5/20
2026-02-04 18:47:40,759 - INFO -   Train Loss: 1.1885
2026-02-04 18:47:40,759 - INFO -   Val Loss:   1.2106
2026-02-04 18:47:40,760 - INFO -   LR:         0.000855
2026-02-04 18:47:40,760 - INFO -   ** New best val loss: 1.2106
2026-02-04 18:47:40,766 - INFO - 
2026-02-04 18:47:42,374 - INFO - Epoch 6/20
2026-02-04 18:47:42,374 - INFO -   Train Loss: 1.1839
2026-02-04 18:47:42,374 - INFO -   Val Loss:   1.2165
2026-02-04 18:47:42,374 - INFO -   LR:         0.000796
2026-02-04 18:47:42,374 - INFO - 
2026-02-04 18:47:43,967 - INFO - Epoch 7/20
2026-02-04 18:47:43,968 - INFO -   Train Loss: 1.1699
2026-02-04 18:47:43,968 - INFO -   Val Loss:   1.2157
2026-02-04 18:47:43,968 - INFO -   LR:         0.000730
2026-02-04 18:47:43,968 - INFO - 
2026-02-04 18:47:45,616 - INFO - Epoch 8/20
2026-02-04 18:47:45,616 - INFO -   Train Loss: 1.1710
2026-02-04 18:47:45,616 - INFO -   Val Loss:   1.2139
2026-02-04 18:47:45,617 - INFO -   LR:         0.000658
2026-02-04 18:47:45,617 - INFO - 
2026-02-04 18:47:47,248 - INFO - Epoch 9/20
2026-02-04 18:47:47,248 - INFO -   Train Loss: 1.1652
2026-02-04 18:47:47,248 - INFO -   Val Loss:   1.2147
2026-02-04 18:47:47,248 - INFO -   LR:         0.000582
2026-02-04 18:47:47,249 - INFO - 
2026-02-04 18:47:48,888 - INFO - Epoch 10/20
2026-02-04 18:47:48,888 - INFO -   Train Loss: 1.1548
2026-02-04 18:47:48,888 - INFO -   Val Loss:   1.2422
2026-02-04 18:47:48,888 - INFO -   LR:         0.000505
2026-02-04 18:47:48,888 - INFO - 
2026-02-04 18:47:48,888 - INFO - Early stopping triggered at epoch 10

2026-02-04 18:47:49,025 - INFO - Fold 5 complete. Best val loss: 1.2106

2026-02-04 18:47:49,026 - INFO - OOF predictions saved to: d:\workspace\MRes\NoiseRate\kfold_results\oof_predictions.npy
2026-02-04 18:47:49,026 - INFO - Shape: (676, 12)

2026-02-04 18:47:49,026 - INFO - 
============================================================
2026-02-04 18:47:49,026 - INFO - VALIDATION - GT LABELS
2026-02-04 18:47:49,026 - INFO - ============================================================

2026-02-04 18:47:49,063 - INFO - ============================================================
2026-02-04 18:47:49,064 - INFO - Per-Class AUROC (GT model)
2026-02-04 18:47:49,064 - INFO - ============================================================
2026-02-04 18:47:49,078 - INFO - ============================================================
2026-02-04 18:47:49,078 - INFO - CNN-GT - Per-Class AUROC
2026-02-04 18:47:49,078 - INFO - ============================================================
2026-02-04 18:47:49,078 - INFO - 
Pathology                           AUROC
2026-02-04 18:47:49,078 - INFO - ---------------------------------------------
2026-02-04 18:47:49,078 - INFO - Atelectasis                         0.549
2026-02-04 18:47:49,078 - INFO - Cardiomegaly                        0.610
2026-02-04 18:47:49,078 - INFO - Consolidation                       0.603
2026-02-04 18:47:49,079 - INFO - Edema                               0.637
2026-02-04 18:47:49,079 - INFO - Enlarged Cardiomediastinum          0.682
2026-02-04 18:47:49,079 - INFO - Fracture                            0.572
2026-02-04 18:47:49,079 - INFO - Lung Lesion                         0.603
2026-02-04 18:47:49,079 - INFO - Lung Opacity                        0.539
2026-02-04 18:47:49,079 - INFO - Pleural Effusion                    0.586
2026-02-04 18:47:49,079 - INFO - Pleural Other                       0.642
2026-02-04 18:47:49,079 - INFO - Pneumonia                           0.649
2026-02-04 18:47:49,080 - INFO - Pneumothorax                        0.546
2026-02-04 18:47:49,080 - INFO - ---------------------------------------------
2026-02-04 18:47:49,080 - INFO - Mean AUROC                          0.602
2026-02-04 18:47:49,080 - INFO - 
2026-02-04 18:47:49,080 - INFO - ============================================================
2026-02-04 18:47:49,080 - INFO - Per-Class Noise Analysis
2026-02-04 18:47:49,080 - INFO - ============================================================

2026-02-04 18:47:49,080 - INFO - ============================================================
2026-02-04 18:47:49,080 - INFO - Per-Class Noise Analysis (GT labels)
2026-02-04 18:47:49,081 - INFO - ============================================================
2026-02-04 18:47:49,081 - INFO - 
Analyzing 12 pathology classes individually...
2026-02-04 18:49:06,989 - INFO - 
Per-class noise rates:
2026-02-04 18:49:06,989 - INFO - Pathology                      Positive Negative  Issues     Rate
2026-02-04 18:49:06,989 - INFO - ----------------------------------------------------------------------
2026-02-04 18:49:06,990 - INFO - Atelectasis                         189      487    328    48.5%
2026-02-04 18:49:06,990 - INFO - Cardiomegaly                        146      530    260    38.5%
2026-02-04 18:49:06,990 - INFO - Consolidation                        51      625    247    36.5%
2026-02-04 18:49:06,990 - INFO - Edema                               141      535    243    35.9%
2026-02-04 18:49:06,990 - INFO - Enlarged Cardiomediastinum           39      637    247    36.5%
2026-02-04 18:49:06,990 - INFO - Fracture                             41      635    246    36.4%
2026-02-04 18:49:06,990 - INFO - Lung Lesion                          47      629    293    43.3%
2026-02-04 18:49:06,990 - INFO - Lung Opacity                        167      509    318    47.0%
2026-02-04 18:49:06,990 - INFO - Pleural Effusion                    260      416    278    41.1%
2026-02-04 18:49:06,991 - INFO - Pleural Other                        28      648    227    33.6%
2026-02-04 18:49:06,991 - INFO - Pneumonia                            52      624    222    32.8%
2026-02-04 18:49:06,991 - INFO - Pneumothorax                         34      642    227    33.6%
2026-02-04 18:49:06,991 - INFO - 
2026-02-04 18:49:07,022 - INFO - ============================================================
2026-02-04 18:49:07,022 - INFO - Per-Class Noise Analysis (PSEUDO labels)
2026-02-04 18:49:07,022 - INFO - ============================================================
2026-02-04 18:49:07,022 - INFO - 
Analyzing 12 pathology classes individually...
2026-02-04 18:50:24,770 - INFO - 
Per-class noise rates:
2026-02-04 18:50:24,770 - INFO - Pathology                      Positive Negative  Issues     Rate
2026-02-04 18:50:24,770 - INFO - ----------------------------------------------------------------------
2026-02-04 18:50:24,770 - INFO - Atelectasis                         188      488    336    49.7%
2026-02-04 18:50:24,770 - INFO - Cardiomegaly                        176      500    257    38.0%
2026-02-04 18:50:24,770 - INFO - Consolidation                        62      614    238    35.2%
2026-02-04 18:50:24,770 - INFO - Edema                               140      536    244    36.1%
2026-02-04 18:50:24,772 - INFO - Enlarged Cardiomediastinum           50      626    302    44.7%
2026-02-04 18:50:24,772 - INFO - Fracture                             51      625    245    36.2%
2026-02-04 18:50:24,772 - INFO - Lung Lesion                          51      625    299    44.2%
2026-02-04 18:50:24,772 - INFO - Lung Opacity                        214      462    305    45.1%
2026-02-04 18:50:24,772 - INFO - Pleural Effusion                    246      430    288    42.6%
2026-02-04 18:50:24,772 - INFO - Pleural Other                        35      641    189    28.0%
2026-02-04 18:50:24,772 - INFO - Pneumonia                            77      599    267    39.5%
2026-02-04 18:50:24,772 - INFO - Pneumothorax                         52      624    225    33.3%
2026-02-04 18:50:24,772 - INFO - 
2026-02-04 18:50:24,772 - INFO - 
============================================================
2026-02-04 18:50:24,772 - INFO - Per-Class Noise Comparison (GT vs Pseudo)
2026-02-04 18:50:24,772 - INFO - ============================================================
2026-02-04 18:50:24,773 - INFO - 
Pathology                        GT Noise  Pseudo Noise     Diff
2026-02-04 18:50:24,773 - INFO - ----------------------------------------------------------------------
2026-02-04 18:50:24,773 - INFO - Atelectasis                         48.5%         49.7%    +1.2%
2026-02-04 18:50:24,773 - INFO - Cardiomegaly                        38.5%         38.0%    -0.4%
2026-02-04 18:50:24,773 - INFO - Consolidation                       36.5%         35.2%    -1.3%
2026-02-04 18:50:24,773 - INFO - Edema                               35.9%         36.1%    +0.1%
2026-02-04 18:50:24,773 - INFO - Enlarged Cardiomediastinum          36.5%         44.7%    +8.1%
2026-02-04 18:50:24,773 - INFO - Fracture                            36.4%         36.2%    -0.1%
2026-02-04 18:50:24,773 - INFO - Lung Lesion                         43.3%         44.2%    +0.9%
2026-02-04 18:50:24,773 - INFO - Lung Opacity                        47.0%         45.1%    -1.9%
2026-02-04 18:50:24,773 - INFO - Pleural Effusion                    41.1%         42.6%    +1.5%
2026-02-04 18:50:24,773 - INFO - Pleural Other                       33.6%         28.0%    -5.6%
2026-02-04 18:50:24,773 - INFO - Pneumonia                           32.8%         39.5%    +6.7%
2026-02-04 18:50:24,773 - INFO - Pneumothorax                        33.6%         33.3%    -0.3%
2026-02-04 18:50:24,773 - INFO - 
2026-02-04 18:50:24,778 - INFO - Results saved to: d:\workspace\MRes\NoiseRate\kfold_results\cnn_gt_results_20260204_185024.csv

2026-02-04 18:50:24,778 - INFO - 
============================================================
2026-02-04 18:50:24,779 - INFO - GT TRAINING AND VALIDATION - COMPLETE
2026-02-04 18:50:24,779 - INFO - ============================================================

