2026-02-04 18:43:43,542 - INFO - Logging initialized. Log file: d:\workspace\MRes\NoiseRate\kfold_results\logs\kfold_gt_20260204_184343.log
2026-02-04 18:43:43,542 - INFO - 
============================================================
2026-02-04 18:43:43,542 - INFO - K-FOLD TRAINING - GT LABELS
2026-02-04 18:43:43,542 - INFO - ============================================================

2026-02-04 18:43:43,558 - INFO - Using device: cuda

2026-02-04 18:43:43,559 - INFO - ============================================================
2026-02-04 18:43:43,559 - INFO - Loading and Preparing Data
2026-02-04 18:43:43,559 - INFO - ============================================================
2026-02-04 18:43:43,560 - INFO - Loading metadata from: d:/workspace/MRes/datasets/mimic-cxr-clean/gt/metadata.csv
2026-02-04 18:43:43,568 - INFO - Loaded 1029 samples
2026-02-04 18:43:43,568 - INFO - Filtering for ViewPosition: ['AP', 'PA']
2026-02-04 18:43:43,569 - INFO - After filtering: 676 samples

2026-02-04 18:43:43,569 - INFO - Using GT labels for training
2026-02-04 18:43:43,569 - INFO - Using 12 CheXpert pathology columns
2026-02-04 18:43:43,569 - INFO - Applying uncertain label strategy: u_zeros
2026-02-04 18:43:43,573 - INFO - Labels shape: (676, 12)

2026-02-04 18:43:43,573 - INFO - ============================================================
2026-02-04 18:43:43,573 - INFO - K-Fold Split
2026-02-04 18:43:43,573 - INFO - ============================================================
2026-02-04 18:43:43,573 - INFO - K-fold: 5 splits, stratified by first label

2026-02-04 18:43:43,575 - INFO - ============================================================
2026-02-04 18:43:43,575 - INFO - Fold 1/5
2026-02-04 18:43:43,575 - INFO - ============================================================
2026-02-04 18:43:43,575 - INFO - Train samples: 540, Val samples: 136

