2026-02-04 18:51:51,990 - INFO - Logging initialized. Log file: d:\workspace\MRes\NoiseRate\kfold_results\logs\kfold_gt_20260204_185151.log
2026-02-04 18:51:51,990 - INFO - 
============================================================
2026-02-04 18:51:51,990 - INFO - K-FOLD TRAINING - GT LABELS
2026-02-04 18:51:51,990 - INFO - ============================================================

2026-02-04 18:51:52,009 - INFO - Using device: cuda

2026-02-04 18:51:52,009 - INFO - ============================================================
2026-02-04 18:51:52,009 - INFO - Loading and Preparing Data
2026-02-04 18:51:52,010 - INFO - ============================================================
2026-02-04 18:51:52,011 - INFO - Loading metadata from: d:/workspace/MRes/datasets/mimic-cxr-clean/gt/metadata.csv
2026-02-04 18:51:52,018 - INFO - Loaded 1029 samples
2026-02-04 18:51:52,018 - INFO - Filtering for ViewPosition: ['AP', 'PA']
2026-02-04 18:51:52,018 - INFO - After filtering: 676 samples

2026-02-04 18:51:52,018 - INFO - Using GT labels for training
2026-02-04 18:51:52,018 - INFO - Using 12 CheXpert pathology columns
2026-02-04 18:51:52,020 - INFO - Applying uncertain label strategy: u_zeros
2026-02-04 18:51:52,023 - INFO - Labels shape: (676, 12)

2026-02-04 18:51:52,023 - INFO - ============================================================
2026-02-04 18:51:52,023 - INFO - K-Fold Split
2026-02-04 18:51:52,023 - INFO - ============================================================
2026-02-04 18:51:52,023 - INFO - K-fold: 5 splits, stratified by first label

2026-02-04 18:51:52,024 - INFO - ============================================================
2026-02-04 18:51:52,024 - INFO - Fold 1/5
2026-02-04 18:51:52,024 - INFO - ============================================================
2026-02-04 18:51:52,025 - INFO - Train samples: 540, Val samples: 136

2026-02-04 18:51:54,144 - INFO - Epoch 1/20
2026-02-04 18:51:54,144 - INFO -   Train Loss: 1.2209
2026-02-04 18:51:54,144 - INFO -   Val Loss:   1.3094
2026-02-04 18:51:54,145 - INFO -   LR:         0.000994
2026-02-04 18:51:54,145 - INFO -   ** New best val loss: 1.3094
2026-02-04 18:51:54,154 - INFO - 
2026-02-04 18:51:55,791 - INFO - Epoch 2/20
2026-02-04 18:51:55,791 - INFO -   Train Loss: 1.1753
2026-02-04 18:51:55,791 - INFO -   Val Loss:   1.2353
2026-02-04 18:51:55,791 - INFO -   LR:         0.000976
2026-02-04 18:51:55,791 - INFO -   ** New best val loss: 1.2353
2026-02-04 18:51:55,797 - INFO - 
2026-02-04 18:51:57,364 - INFO - Epoch 3/20
2026-02-04 18:51:57,364 - INFO -   Train Loss: 1.1792
2026-02-04 18:51:57,364 - INFO -   Val Loss:   1.1951
2026-02-04 18:51:57,364 - INFO -   LR:         0.000946
2026-02-04 18:51:57,364 - INFO -   ** New best val loss: 1.1951
2026-02-04 18:51:57,370 - INFO - 
2026-02-04 18:51:58,965 - INFO - Epoch 4/20
2026-02-04 18:51:58,965 - INFO -   Train Loss: 1.1770
2026-02-04 18:51:58,965 - INFO -   Val Loss:   1.2038
2026-02-04 18:51:58,965 - INFO -   LR:         0.000905
2026-02-04 18:51:58,965 - INFO - 
2026-02-04 18:52:00,732 - INFO - Epoch 5/20
2026-02-04 18:52:00,732 - INFO -   Train Loss: 1.1553
2026-02-04 18:52:00,732 - INFO -   Val Loss:   1.2661
2026-02-04 18:52:00,732 - INFO -   LR:         0.000855
2026-02-04 18:52:00,732 - INFO - 
2026-02-04 18:52:02,338 - INFO - Epoch 6/20
2026-02-04 18:52:02,339 - INFO -   Train Loss: 1.1657
2026-02-04 18:52:02,339 - INFO -   Val Loss:   1.1797
2026-02-04 18:52:02,339 - INFO -   LR:         0.000796
2026-02-04 18:52:02,339 - INFO -   ** New best val loss: 1.1797
2026-02-04 18:52:02,346 - INFO - 
2026-02-04 18:52:03,994 - INFO - Epoch 7/20
2026-02-04 18:52:03,994 - INFO -   Train Loss: 1.1607
2026-02-04 18:52:03,994 - INFO -   Val Loss:   1.2017
2026-02-04 18:52:03,996 - INFO -   LR:         0.000730
2026-02-04 18:52:03,996 - INFO - 
2026-02-04 18:52:05,711 - INFO - Epoch 8/20
2026-02-04 18:52:05,711 - INFO -   Train Loss: 1.1520
2026-02-04 18:52:05,711 - INFO -   Val Loss:   1.1870
2026-02-04 18:52:05,711 - INFO -   LR:         0.000658
2026-02-04 18:52:05,711 - INFO - 
2026-02-04 18:52:07,485 - INFO - Epoch 9/20
2026-02-04 18:52:07,485 - INFO -   Train Loss: 1.1460
2026-02-04 18:52:07,485 - INFO -   Val Loss:   1.1759
2026-02-04 18:52:07,485 - INFO -   LR:         0.000582
2026-02-04 18:52:07,485 - INFO -   ** New best val loss: 1.1759
2026-02-04 18:52:07,491 - INFO - 
2026-02-04 18:52:09,146 - INFO - Epoch 10/20
2026-02-04 18:52:09,146 - INFO -   Train Loss: 1.1442
2026-02-04 18:52:09,146 - INFO -   Val Loss:   1.1777
2026-02-04 18:52:09,146 - INFO -   LR:         0.000505
2026-02-04 18:52:09,146 - INFO - 
2026-02-04 18:52:10,767 - INFO - Epoch 11/20
2026-02-04 18:52:10,767 - INFO -   Train Loss: 1.1492
2026-02-04 18:52:10,767 - INFO -   Val Loss:   1.1953
2026-02-04 18:52:10,767 - INFO -   LR:         0.000428
2026-02-04 18:52:10,767 - INFO - 
2026-02-04 18:52:12,408 - INFO - Epoch 12/20
2026-02-04 18:52:12,409 - INFO -   Train Loss: 1.1322
2026-02-04 18:52:12,409 - INFO -   Val Loss:   1.2229
2026-02-04 18:52:12,409 - INFO -   LR:         0.000352
2026-02-04 18:52:12,409 - INFO - 
2026-02-04 18:52:14,027 - INFO - Epoch 13/20
2026-02-04 18:52:14,028 - INFO -   Train Loss: 1.1382
2026-02-04 18:52:14,028 - INFO -   Val Loss:   1.1832
2026-02-04 18:52:14,028 - INFO -   LR:         0.000280
2026-02-04 18:52:14,028 - INFO - 
2026-02-04 18:52:15,641 - INFO - Epoch 14/20
2026-02-04 18:52:15,641 - INFO -   Train Loss: 1.1311
2026-02-04 18:52:15,642 - INFO -   Val Loss:   1.2309
2026-02-04 18:52:15,642 - INFO -   LR:         0.000214
2026-02-04 18:52:15,642 - INFO - 
2026-02-04 18:52:15,642 - INFO - Early stopping triggered at epoch 14

2026-02-04 18:52:15,788 - INFO - Fold 1 complete. Best val loss: 1.1759

2026-02-04 18:52:15,788 - INFO - ============================================================
2026-02-04 18:52:15,788 - INFO - Fold 2/5
2026-02-04 18:52:15,788 - INFO - ============================================================
2026-02-04 18:52:15,788 - INFO - Train samples: 541, Val samples: 135

2026-02-04 18:52:17,403 - INFO - Epoch 1/20
2026-02-04 18:52:17,403 - INFO -   Train Loss: 1.2167
2026-02-04 18:52:17,403 - INFO -   Val Loss:   1.1841
2026-02-04 18:52:17,403 - INFO -   LR:         0.000994
2026-02-04 18:52:17,403 - INFO -   ** New best val loss: 1.1841
2026-02-04 18:52:17,412 - INFO - 
2026-02-04 18:52:19,066 - INFO - Epoch 2/20
2026-02-04 18:52:19,066 - INFO -   Train Loss: 1.1817
2026-02-04 18:52:19,067 - INFO -   Val Loss:   1.1607
2026-02-04 18:52:19,067 - INFO -   LR:         0.000976
2026-02-04 18:52:19,067 - INFO -   ** New best val loss: 1.1607
2026-02-04 18:52:19,074 - INFO - 
2026-02-04 18:52:20,718 - INFO - Epoch 3/20
2026-02-04 18:52:20,719 - INFO -   Train Loss: 1.1655
2026-02-04 18:52:20,719 - INFO -   Val Loss:   1.2029
2026-02-04 18:52:20,719 - INFO -   LR:         0.000946
2026-02-04 18:52:20,719 - INFO - 
2026-02-04 18:52:22,346 - INFO - Epoch 4/20
2026-02-04 18:52:22,346 - INFO -   Train Loss: 1.1684
2026-02-04 18:52:22,346 - INFO -   Val Loss:   1.1627
2026-02-04 18:52:22,346 - INFO -   LR:         0.000905
2026-02-04 18:52:22,346 - INFO - 
2026-02-04 18:52:23,967 - INFO - Epoch 5/20
2026-02-04 18:52:23,967 - INFO -   Train Loss: 1.1577
2026-02-04 18:52:23,967 - INFO -   Val Loss:   1.1445
2026-02-04 18:52:23,968 - INFO -   LR:         0.000855
2026-02-04 18:52:23,968 - INFO -   ** New best val loss: 1.1445
2026-02-04 18:52:23,975 - INFO - 
2026-02-04 18:52:25,658 - INFO - Epoch 6/20
2026-02-04 18:52:25,658 - INFO -   Train Loss: 1.1514
2026-02-04 18:52:25,659 - INFO -   Val Loss:   1.1367
2026-02-04 18:52:25,659 - INFO -   LR:         0.000796
2026-02-04 18:52:25,659 - INFO -   ** New best val loss: 1.1367
2026-02-04 18:52:25,665 - INFO - 
2026-02-04 18:52:27,374 - INFO - Epoch 7/20
2026-02-04 18:52:27,375 - INFO -   Train Loss: 1.1458
2026-02-04 18:52:27,375 - INFO -   Val Loss:   1.1506
2026-02-04 18:52:27,375 - INFO -   LR:         0.000730
2026-02-04 18:52:27,375 - INFO - 
2026-02-04 18:52:29,058 - INFO - Epoch 8/20
2026-02-04 18:52:29,058 - INFO -   Train Loss: 1.1517
2026-02-04 18:52:29,058 - INFO -   Val Loss:   1.1788
2026-02-04 18:52:29,058 - INFO -   LR:         0.000658
2026-02-04 18:52:29,058 - INFO - 
2026-02-04 18:52:30,694 - INFO - Epoch 9/20
2026-02-04 18:52:30,694 - INFO -   Train Loss: 1.1406
2026-02-04 18:52:30,694 - INFO -   Val Loss:   1.1362
2026-02-04 18:52:30,694 - INFO -   LR:         0.000582
2026-02-04 18:52:30,694 - INFO -   ** New best val loss: 1.1362
2026-02-04 18:52:30,701 - INFO - 
2026-02-04 18:52:32,355 - INFO - Epoch 10/20
2026-02-04 18:52:32,355 - INFO -   Train Loss: 1.1369
2026-02-04 18:52:32,355 - INFO -   Val Loss:   1.1610
2026-02-04 18:52:32,356 - INFO -   LR:         0.000505
2026-02-04 18:52:32,356 - INFO - 
2026-02-04 18:52:33,998 - INFO - Epoch 11/20
2026-02-04 18:52:33,998 - INFO -   Train Loss: 1.1422
2026-02-04 18:52:33,998 - INFO -   Val Loss:   1.1392
2026-02-04 18:52:33,998 - INFO -   LR:         0.000428
2026-02-04 18:52:33,998 - INFO - 
2026-02-04 18:52:33,998 - INFO - Early stopping triggered at epoch 11

2026-02-04 18:52:34,148 - INFO - Fold 2 complete. Best val loss: 1.1362

2026-02-04 18:52:34,148 - INFO - ============================================================
2026-02-04 18:52:34,148 - INFO - Fold 3/5
2026-02-04 18:52:34,148 - INFO - ============================================================
2026-02-04 18:52:34,148 - INFO - Train samples: 541, Val samples: 135

2026-02-04 18:52:35,936 - INFO - Epoch 1/20
2026-02-04 18:52:35,938 - INFO -   Train Loss: 1.2240
2026-02-04 18:52:35,938 - INFO -   Val Loss:   1.2928
2026-02-04 18:52:35,938 - INFO -   LR:         0.000994
2026-02-04 18:52:35,938 - INFO -   ** New best val loss: 1.2928
2026-02-04 18:52:35,945 - INFO - 
2026-02-04 18:52:37,750 - INFO - Epoch 2/20
2026-02-04 18:52:37,751 - INFO -   Train Loss: 1.1939
2026-02-04 18:52:37,751 - INFO -   Val Loss:   1.1870
2026-02-04 18:52:37,751 - INFO -   LR:         0.000976
2026-02-04 18:52:37,751 - INFO -   ** New best val loss: 1.1870
2026-02-04 18:52:37,757 - INFO - 
2026-02-04 18:52:39,410 - INFO - Epoch 3/20
2026-02-04 18:52:39,410 - INFO -   Train Loss: 1.1853
2026-02-04 18:52:39,411 - INFO -   Val Loss:   1.1757
2026-02-04 18:52:39,411 - INFO -   LR:         0.000946
2026-02-04 18:52:39,411 - INFO -   ** New best val loss: 1.1757
2026-02-04 18:52:39,418 - INFO - 
2026-02-04 18:52:41,058 - INFO - Epoch 4/20
2026-02-04 18:52:41,058 - INFO -   Train Loss: 1.1785
2026-02-04 18:52:41,058 - INFO -   Val Loss:   1.1859
2026-02-04 18:52:41,058 - INFO -   LR:         0.000905
2026-02-04 18:52:41,058 - INFO - 
2026-02-04 18:52:42,691 - INFO - Epoch 5/20
2026-02-04 18:52:42,692 - INFO -   Train Loss: 1.1814
2026-02-04 18:52:42,692 - INFO -   Val Loss:   1.1949
2026-02-04 18:52:42,692 - INFO -   LR:         0.000855
2026-02-04 18:52:42,692 - INFO - 
2026-02-04 18:52:44,339 - INFO - Epoch 6/20
2026-02-04 18:52:44,339 - INFO -   Train Loss: 1.1685
2026-02-04 18:52:44,339 - INFO -   Val Loss:   1.1676
2026-02-04 18:52:44,339 - INFO -   LR:         0.000796
2026-02-04 18:52:44,340 - INFO -   ** New best val loss: 1.1676
2026-02-04 18:52:44,345 - INFO - 
2026-02-04 18:52:45,968 - INFO - Epoch 7/20
2026-02-04 18:52:45,968 - INFO -   Train Loss: 1.1559
2026-02-04 18:52:45,969 - INFO -   Val Loss:   1.1635
2026-02-04 18:52:45,969 - INFO -   LR:         0.000730
2026-02-04 18:52:45,969 - INFO -   ** New best val loss: 1.1635
2026-02-04 18:52:45,975 - INFO - 
2026-02-04 18:52:47,628 - INFO - Epoch 8/20
2026-02-04 18:52:47,628 - INFO -   Train Loss: 1.1601
2026-02-04 18:52:47,628 - INFO -   Val Loss:   1.1864
2026-02-04 18:52:47,628 - INFO -   LR:         0.000658
2026-02-04 18:52:47,628 - INFO - 
2026-02-04 18:52:49,284 - INFO - Epoch 9/20
2026-02-04 18:52:49,284 - INFO -   Train Loss: 1.1457
2026-02-04 18:52:49,284 - INFO -   Val Loss:   1.2469
2026-02-04 18:52:49,285 - INFO -   LR:         0.000582
2026-02-04 18:52:49,285 - INFO - 
2026-02-04 18:52:50,911 - INFO - Epoch 10/20
2026-02-04 18:52:50,911 - INFO -   Train Loss: 1.1574
2026-02-04 18:52:50,911 - INFO -   Val Loss:   1.1656
2026-02-04 18:52:50,911 - INFO -   LR:         0.000505
2026-02-04 18:52:50,911 - INFO - 
2026-02-04 18:52:52,556 - INFO - Epoch 11/20
2026-02-04 18:52:52,556 - INFO -   Train Loss: 1.1658
2026-02-04 18:52:52,556 - INFO -   Val Loss:   1.1726
2026-02-04 18:52:52,556 - INFO -   LR:         0.000428
2026-02-04 18:52:52,557 - INFO - 
2026-02-04 18:52:54,234 - INFO - Epoch 12/20
2026-02-04 18:52:54,234 - INFO -   Train Loss: 1.1467
2026-02-04 18:52:54,234 - INFO -   Val Loss:   1.1835
2026-02-04 18:52:54,234 - INFO -   LR:         0.000352
2026-02-04 18:52:54,234 - INFO - 
2026-02-04 18:52:54,234 - INFO - Early stopping triggered at epoch 12

2026-02-04 18:52:54,372 - INFO - Fold 3 complete. Best val loss: 1.1635

2026-02-04 18:52:54,372 - INFO - ============================================================
2026-02-04 18:52:54,372 - INFO - Fold 4/5
2026-02-04 18:52:54,373 - INFO - ============================================================
2026-02-04 18:52:54,373 - INFO - Train samples: 541, Val samples: 135

2026-02-04 18:52:56,017 - INFO - Epoch 1/20
2026-02-04 18:52:56,018 - INFO -   Train Loss: 1.2111
2026-02-04 18:52:56,018 - INFO -   Val Loss:   1.2480
2026-02-04 18:52:56,018 - INFO -   LR:         0.000994
2026-02-04 18:52:56,018 - INFO -   ** New best val loss: 1.2480
2026-02-04 18:52:56,025 - INFO - 
2026-02-04 18:52:57,643 - INFO - Epoch 2/20
2026-02-04 18:52:57,643 - INFO -   Train Loss: 1.1820
2026-02-04 18:52:57,643 - INFO -   Val Loss:   1.2166
2026-02-04 18:52:57,643 - INFO -   LR:         0.000976
2026-02-04 18:52:57,643 - INFO -   ** New best val loss: 1.2166
2026-02-04 18:52:57,649 - INFO - 
2026-02-04 18:52:59,302 - INFO - Epoch 3/20
2026-02-04 18:52:59,302 - INFO -   Train Loss: 1.1800
2026-02-04 18:52:59,302 - INFO -   Val Loss:   1.1698
2026-02-04 18:52:59,302 - INFO -   LR:         0.000946
2026-02-04 18:52:59,302 - INFO -   ** New best val loss: 1.1698
2026-02-04 18:52:59,307 - INFO - 
2026-02-04 18:53:00,955 - INFO - Epoch 4/20
2026-02-04 18:53:00,955 - INFO -   Train Loss: 1.1695
2026-02-04 18:53:00,955 - INFO -   Val Loss:   1.1623
2026-02-04 18:53:00,956 - INFO -   LR:         0.000905
2026-02-04 18:53:00,956 - INFO -   ** New best val loss: 1.1623
2026-02-04 18:53:00,963 - INFO - 
2026-02-04 18:53:02,656 - INFO - Epoch 5/20
2026-02-04 18:53:02,658 - INFO -   Train Loss: 1.1642
2026-02-04 18:53:02,658 - INFO -   Val Loss:   1.1730
2026-02-04 18:53:02,658 - INFO -   LR:         0.000855
2026-02-04 18:53:02,658 - INFO - 
2026-02-04 18:53:04,293 - INFO - Epoch 6/20
2026-02-04 18:53:04,293 - INFO -   Train Loss: 1.1561
2026-02-04 18:53:04,293 - INFO -   Val Loss:   1.1616
2026-02-04 18:53:04,293 - INFO -   LR:         0.000796
2026-02-04 18:53:04,293 - INFO -   ** New best val loss: 1.1616
2026-02-04 18:53:04,298 - INFO - 
2026-02-04 18:53:06,124 - INFO - Epoch 7/20
2026-02-04 18:53:06,125 - INFO -   Train Loss: 1.1494
2026-02-04 18:53:06,125 - INFO -   Val Loss:   1.2021
2026-02-04 18:53:06,125 - INFO -   LR:         0.000730
2026-02-04 18:53:06,125 - INFO - 
2026-02-04 18:53:07,955 - INFO - Epoch 8/20
2026-02-04 18:53:07,955 - INFO -   Train Loss: 1.1509
2026-02-04 18:53:07,955 - INFO -   Val Loss:   1.1559
2026-02-04 18:53:07,956 - INFO -   LR:         0.000658
2026-02-04 18:53:07,956 - INFO -   ** New best val loss: 1.1559
2026-02-04 18:53:07,962 - INFO - 
2026-02-04 18:53:09,634 - INFO - Epoch 9/20
2026-02-04 18:53:09,635 - INFO -   Train Loss: 1.1514
2026-02-04 18:53:09,635 - INFO -   Val Loss:   1.1623
2026-02-04 18:53:09,635 - INFO -   LR:         0.000582
2026-02-04 18:53:09,635 - INFO - 
2026-02-04 18:53:11,254 - INFO - Epoch 10/20
2026-02-04 18:53:11,254 - INFO -   Train Loss: 1.1535
2026-02-04 18:53:11,254 - INFO -   Val Loss:   1.1556
2026-02-04 18:53:11,254 - INFO -   LR:         0.000505
2026-02-04 18:53:11,254 - INFO -   ** New best val loss: 1.1556
2026-02-04 18:53:11,260 - INFO - 
2026-02-04 18:53:12,904 - INFO - Epoch 11/20
2026-02-04 18:53:12,904 - INFO -   Train Loss: 1.1529
2026-02-04 18:53:12,904 - INFO -   Val Loss:   1.1564
2026-02-04 18:53:12,904 - INFO -   LR:         0.000428
2026-02-04 18:53:12,904 - INFO - 
2026-02-04 18:53:14,558 - INFO - Epoch 12/20
2026-02-04 18:53:14,558 - INFO -   Train Loss: 1.1389
2026-02-04 18:53:14,558 - INFO -   Val Loss:   1.1542
2026-02-04 18:53:14,558 - INFO -   LR:         0.000352
2026-02-04 18:53:14,558 - INFO -   ** New best val loss: 1.1542
2026-02-04 18:53:14,564 - INFO - 
2026-02-04 18:53:16,200 - INFO - Epoch 13/20
2026-02-04 18:53:16,201 - INFO -   Train Loss: 1.1323
2026-02-04 18:53:16,201 - INFO -   Val Loss:   1.1613
2026-02-04 18:53:16,201 - INFO -   LR:         0.000280
2026-02-04 18:53:16,201 - INFO - 
2026-02-04 18:53:17,830 - INFO - Epoch 14/20
2026-02-04 18:53:17,831 - INFO -   Train Loss: 1.1456
2026-02-04 18:53:17,831 - INFO -   Val Loss:   1.1626
2026-02-04 18:53:17,831 - INFO -   LR:         0.000214
2026-02-04 18:53:17,831 - INFO - 
2026-02-04 18:53:19,485 - INFO - Epoch 15/20
2026-02-04 18:53:19,485 - INFO -   Train Loss: 1.1234
2026-02-04 18:53:19,485 - INFO -   Val Loss:   1.1596
2026-02-04 18:53:19,485 - INFO -   LR:         0.000155
2026-02-04 18:53:19,485 - INFO - 
2026-02-04 18:53:21,164 - INFO - Epoch 16/20
2026-02-04 18:53:21,165 - INFO -   Train Loss: 1.1284
2026-02-04 18:53:21,165 - INFO -   Val Loss:   1.1593
2026-02-04 18:53:21,165 - INFO -   LR:         0.000105
2026-02-04 18:53:21,165 - INFO - 
2026-02-04 18:53:22,793 - INFO - Epoch 17/20
2026-02-04 18:53:22,794 - INFO -   Train Loss: 1.1319
2026-02-04 18:53:22,794 - INFO -   Val Loss:   1.1618
2026-02-04 18:53:22,794 - INFO -   LR:         0.000064
2026-02-04 18:53:22,794 - INFO - 
2026-02-04 18:53:22,794 - INFO - Early stopping triggered at epoch 17

2026-02-04 18:53:22,936 - INFO - Fold 4 complete. Best val loss: 1.1542

2026-02-04 18:53:22,936 - INFO - ============================================================
2026-02-04 18:53:22,936 - INFO - Fold 5/5
2026-02-04 18:53:22,936 - INFO - ============================================================
2026-02-04 18:53:22,936 - INFO - Train samples: 541, Val samples: 135

2026-02-04 18:53:24,586 - INFO - Epoch 1/20
2026-02-04 18:53:24,586 - INFO -   Train Loss: 1.2259
2026-02-04 18:53:24,586 - INFO -   Val Loss:   1.2732
2026-02-04 18:53:24,586 - INFO -   LR:         0.000994
2026-02-04 18:53:24,586 - INFO -   ** New best val loss: 1.2732
2026-02-04 18:53:24,592 - INFO - 
2026-02-04 18:53:26,238 - INFO - Epoch 2/20
2026-02-04 18:53:26,238 - INFO -   Train Loss: 1.1997
2026-02-04 18:53:26,238 - INFO -   Val Loss:   1.2220
2026-02-04 18:53:26,238 - INFO -   LR:         0.000976
2026-02-04 18:53:26,239 - INFO -   ** New best val loss: 1.2220
2026-02-04 18:53:26,244 - INFO - 
2026-02-04 18:53:27,856 - INFO - Epoch 3/20
2026-02-04 18:53:27,856 - INFO -   Train Loss: 1.1672
2026-02-04 18:53:27,856 - INFO -   Val Loss:   1.2160
2026-02-04 18:53:27,856 - INFO -   LR:         0.000946
2026-02-04 18:53:27,856 - INFO -   ** New best val loss: 1.2160
2026-02-04 18:53:27,863 - INFO - 
2026-02-04 18:53:29,506 - INFO - Epoch 4/20
2026-02-04 18:53:29,506 - INFO -   Train Loss: 1.1721
2026-02-04 18:53:29,507 - INFO -   Val Loss:   1.2156
2026-02-04 18:53:29,507 - INFO -   LR:         0.000905
2026-02-04 18:53:29,507 - INFO -   ** New best val loss: 1.2156
2026-02-04 18:53:29,515 - INFO - 
2026-02-04 18:53:31,166 - INFO - Epoch 5/20
2026-02-04 18:53:31,166 - INFO -   Train Loss: 1.1632
2026-02-04 18:53:31,166 - INFO -   Val Loss:   1.2180
2026-02-04 18:53:31,166 - INFO -   LR:         0.000855
2026-02-04 18:53:31,166 - INFO - 
2026-02-04 18:53:32,795 - INFO - Epoch 6/20
2026-02-04 18:53:32,796 - INFO -   Train Loss: 1.1528
2026-02-04 18:53:32,796 - INFO -   Val Loss:   1.2087
2026-02-04 18:53:32,796 - INFO -   LR:         0.000796
2026-02-04 18:53:32,796 - INFO -   ** New best val loss: 1.2087
2026-02-04 18:53:32,802 - INFO - 
2026-02-04 18:53:34,416 - INFO - Epoch 7/20
2026-02-04 18:53:34,416 - INFO -   Train Loss: 1.1700
2026-02-04 18:53:34,416 - INFO -   Val Loss:   1.2225
2026-02-04 18:53:34,416 - INFO -   LR:         0.000730
2026-02-04 18:53:34,416 - INFO - 
2026-02-04 18:53:36,240 - INFO - Epoch 8/20
2026-02-04 18:53:36,242 - INFO -   Train Loss: 1.1684
2026-02-04 18:53:36,242 - INFO -   Val Loss:   1.2937
2026-02-04 18:53:36,242 - INFO -   LR:         0.000658
2026-02-04 18:53:36,242 - INFO - 
2026-02-04 18:53:38,022 - INFO - Epoch 9/20
2026-02-04 18:53:38,022 - INFO -   Train Loss: 1.1619
2026-02-04 18:53:38,023 - INFO -   Val Loss:   1.2112
2026-02-04 18:53:38,023 - INFO -   LR:         0.000582
2026-02-04 18:53:38,023 - INFO - 
2026-02-04 18:53:39,672 - INFO - Epoch 10/20
2026-02-04 18:53:39,672 - INFO -   Train Loss: 1.1422
2026-02-04 18:53:39,672 - INFO -   Val Loss:   1.2120
2026-02-04 18:53:39,672 - INFO -   LR:         0.000505
2026-02-04 18:53:39,672 - INFO - 
2026-02-04 18:53:41,316 - INFO - Epoch 11/20
2026-02-04 18:53:41,316 - INFO -   Train Loss: 1.1527
2026-02-04 18:53:41,316 - INFO -   Val Loss:   1.2578
2026-02-04 18:53:41,316 - INFO -   LR:         0.000428
2026-02-04 18:53:41,316 - INFO - 
2026-02-04 18:53:41,316 - INFO - Early stopping triggered at epoch 11

2026-02-04 18:53:41,474 - INFO - Fold 5 complete. Best val loss: 1.2087

2026-02-04 18:53:41,477 - INFO - OOF predictions saved to: d:\workspace\MRes\NoiseRate\kfold_results\oof_predictions.npy
2026-02-04 18:53:41,477 - INFO - Shape: (676, 12)

2026-02-04 18:53:41,477 - INFO - 
============================================================
2026-02-04 18:53:41,477 - INFO - VALIDATION - GT LABELS
2026-02-04 18:53:41,477 - INFO - ============================================================

2026-02-04 18:53:41,513 - INFO - ============================================================
2026-02-04 18:53:41,514 - INFO - Per-Class AUROC (GT model)
2026-02-04 18:53:41,514 - INFO - ============================================================
2026-02-04 18:53:41,527 - INFO - ============================================================
2026-02-04 18:53:41,527 - INFO - CNN-GT - Per-Class AUROC
2026-02-04 18:53:41,527 - INFO - ============================================================
2026-02-04 18:53:41,527 - INFO - 
Pathology                           AUROC
2026-02-04 18:53:41,527 - INFO - ---------------------------------------------
2026-02-04 18:53:41,527 - INFO - Atelectasis                         0.557
2026-02-04 18:53:41,527 - INFO - Cardiomegaly                        0.630
2026-02-04 18:53:41,527 - INFO - Consolidation                       0.585
2026-02-04 18:53:41,527 - INFO - Edema                               0.670
2026-02-04 18:53:41,528 - INFO - Enlarged Cardiomediastinum          0.679
2026-02-04 18:53:41,528 - INFO - Fracture                            0.640
2026-02-04 18:53:41,528 - INFO - Lung Lesion                         0.541
2026-02-04 18:53:41,528 - INFO - Lung Opacity                        0.513
2026-02-04 18:53:41,528 - INFO - Pleural Effusion                    0.602
2026-02-04 18:53:41,528 - INFO - Pleural Other                       0.616
2026-02-04 18:53:41,528 - INFO - Pneumonia                           0.597
2026-02-04 18:53:41,529 - INFO - Pneumothorax                        0.488
2026-02-04 18:53:41,529 - INFO - ---------------------------------------------
2026-02-04 18:53:41,529 - INFO - Mean AUROC                          0.593
2026-02-04 18:53:41,529 - INFO - 
2026-02-04 18:53:41,529 - INFO - ============================================================
2026-02-04 18:53:41,529 - INFO - Per-Class Noise Analysis
2026-02-04 18:53:41,529 - INFO - ============================================================

2026-02-04 18:53:41,529 - INFO - ============================================================
2026-02-04 18:53:41,529 - INFO - Per-Class Noise Analysis (GT labels)
2026-02-04 18:53:41,530 - INFO - ============================================================
2026-02-04 18:53:41,530 - INFO - 
Analyzing 12 pathology classes individually...
2026-02-04 18:54:59,606 - INFO - 
Per-class noise rates:
2026-02-04 18:54:59,606 - INFO - Pathology                      Positive Negative  Issues     Rate
2026-02-04 18:54:59,606 - INFO - ----------------------------------------------------------------------
2026-02-04 18:54:59,606 - INFO - Atelectasis                         189      487    320    47.3%
2026-02-04 18:54:59,606 - INFO - Cardiomegaly                        146      530    259    38.3%
2026-02-04 18:54:59,607 - INFO - Consolidation                        51      625    264    39.1%
2026-02-04 18:54:59,607 - INFO - Edema                               141      535    250    37.0%
2026-02-04 18:54:59,607 - INFO - Enlarged Cardiomediastinum           39      637    249    36.8%
2026-02-04 18:54:59,607 - INFO - Fracture                             41      635    206    30.5%
2026-02-04 18:54:59,607 - INFO - Lung Lesion                          47      629    283    41.9%
2026-02-04 18:54:59,607 - INFO - Lung Opacity                        167      509    292    43.2%
2026-02-04 18:54:59,607 - INFO - Pleural Effusion                    260      416    284    42.0%
2026-02-04 18:54:59,607 - INFO - Pleural Other                        28      648    238    35.2%
2026-02-04 18:54:59,608 - INFO - Pneumonia                            52      624    299    44.2%
2026-02-04 18:54:59,608 - INFO - Pneumothorax                         34      642    146    21.6%
2026-02-04 18:54:59,608 - INFO - 
2026-02-04 18:54:59,634 - INFO - ============================================================
2026-02-04 18:54:59,635 - INFO - Per-Class Noise Analysis (PSEUDO labels)
2026-02-04 18:54:59,635 - INFO - ============================================================
2026-02-04 18:54:59,635 - INFO - 
Analyzing 12 pathology classes individually...
2026-02-04 18:56:17,935 - INFO - 
Per-class noise rates:
2026-02-04 18:56:17,935 - INFO - Pathology                      Positive Negative  Issues     Rate
2026-02-04 18:56:17,936 - INFO - ----------------------------------------------------------------------
2026-02-04 18:56:17,936 - INFO - Atelectasis                         188      488    322    47.6%
2026-02-04 18:56:17,936 - INFO - Cardiomegaly                        176      500    262    38.8%
2026-02-04 18:56:17,936 - INFO - Consolidation                        62      614    264    39.1%
2026-02-04 18:56:17,936 - INFO - Edema                               140      536    250    37.0%
2026-02-04 18:56:17,936 - INFO - Enlarged Cardiomediastinum           50      626    271    40.1%
2026-02-04 18:56:17,936 - INFO - Fracture                             51      625    227    33.6%
2026-02-04 18:56:17,937 - INFO - Lung Lesion                          51      625    281    41.6%
2026-02-04 18:56:17,937 - INFO - Lung Opacity                        214      462    270    39.9%
2026-02-04 18:56:17,937 - INFO - Pleural Effusion                    246      430    294    43.5%
2026-02-04 18:56:17,937 - INFO - Pleural Other                        35      641    191    28.3%
2026-02-04 18:56:17,937 - INFO - Pneumonia                            77      599    336    49.7%
2026-02-04 18:56:17,937 - INFO - Pneumothorax                         52      624    153    22.6%
2026-02-04 18:56:17,937 - INFO - 
2026-02-04 18:56:17,937 - INFO - 
============================================================
2026-02-04 18:56:17,937 - INFO - Per-Class Noise Comparison (GT vs Pseudo)
2026-02-04 18:56:17,937 - INFO - ============================================================
2026-02-04 18:56:17,937 - INFO - 
Pathology                        GT Noise  Pseudo Noise     Diff
2026-02-04 18:56:17,938 - INFO - ----------------------------------------------------------------------
2026-02-04 18:56:17,938 - INFO - Atelectasis                         47.3%         47.6%    +0.3%
2026-02-04 18:56:17,938 - INFO - Cardiomegaly                        38.3%         38.8%    +0.4%
2026-02-04 18:56:17,938 - INFO - Consolidation                       39.1%         39.1%    +0.0%
2026-02-04 18:56:17,938 - INFO - Edema                               37.0%         37.0%    +0.0%
2026-02-04 18:56:17,938 - INFO - Enlarged Cardiomediastinum          36.8%         40.1%    +3.3%
2026-02-04 18:56:17,938 - INFO - Fracture                            30.5%         33.6%    +3.1%
2026-02-04 18:56:17,938 - INFO - Lung Lesion                         41.9%         41.6%    -0.3%
2026-02-04 18:56:17,938 - INFO - Lung Opacity                        43.2%         39.9%    -3.3%
2026-02-04 18:56:17,938 - INFO - Pleural Effusion                    42.0%         43.5%    +1.5%
2026-02-04 18:56:17,938 - INFO - Pleural Other                       35.2%         28.3%    -7.0%
2026-02-04 18:56:17,939 - INFO - Pneumonia                           44.2%         49.7%    +5.5%
2026-02-04 18:56:17,939 - INFO - Pneumothorax                        21.6%         22.6%    +1.0%
2026-02-04 18:56:17,939 - INFO - 
2026-02-04 18:56:17,942 - INFO - Results saved to: d:\workspace\MRes\NoiseRate\kfold_results\cnn_gt_results_20260204_185617.csv

2026-02-04 18:56:17,942 - INFO - 
============================================================
2026-02-04 18:56:17,942 - INFO - GT TRAINING AND VALIDATION - COMPLETE
2026-02-04 18:56:17,943 - INFO - ============================================================

