2026-02-04 18:45:18,117 - INFO - Logging initialized. Log file: d:\workspace\MRes\NoiseRate\kfold_results\logs\kfold_gt_20260204_184518.log
2026-02-04 18:45:18,117 - INFO - 
============================================================
2026-02-04 18:45:18,117 - INFO - K-FOLD TRAINING - GT LABELS
2026-02-04 18:45:18,117 - INFO - ============================================================

2026-02-04 18:45:18,139 - INFO - Using device: cuda

2026-02-04 18:45:18,139 - INFO - ============================================================
2026-02-04 18:45:18,139 - INFO - Loading and Preparing Data
2026-02-04 18:45:18,139 - INFO - ============================================================
2026-02-04 18:45:18,140 - INFO - Loading metadata from: d:/workspace/MRes/datasets/mimic-cxr-clean/gt/metadata.csv
2026-02-04 18:45:18,147 - INFO - Loaded 1029 samples
2026-02-04 18:45:18,147 - INFO - Filtering for ViewPosition: ['AP', 'PA']
2026-02-04 18:45:18,149 - INFO - After filtering: 676 samples

2026-02-04 18:45:18,149 - INFO - Using GT labels for training
2026-02-04 18:45:18,149 - INFO - Using 12 CheXpert pathology columns
2026-02-04 18:45:18,149 - INFO - Applying uncertain label strategy: u_zeros
2026-02-04 18:45:18,154 - INFO - Labels shape: (676, 12)

2026-02-04 18:45:18,154 - INFO - ============================================================
2026-02-04 18:45:18,154 - INFO - K-Fold Split
2026-02-04 18:45:18,154 - INFO - ============================================================
2026-02-04 18:45:18,154 - INFO - K-fold: 5 splits, stratified by first label

2026-02-04 18:45:18,156 - INFO - ============================================================
2026-02-04 18:45:18,156 - INFO - Fold 1/5
2026-02-04 18:45:18,156 - INFO - ============================================================
2026-02-04 18:45:18,156 - INFO - Train samples: 540, Val samples: 136

2026-02-04 18:45:20,358 - INFO - Epoch 1/20
2026-02-04 18:45:20,358 - INFO -   Train Loss: 1.2286
2026-02-04 18:45:20,359 - INFO -   Val Loss:   1.2312
2026-02-04 18:45:20,359 - INFO -   LR:         0.000994
2026-02-04 18:45:20,359 - INFO -   ** New best val loss: 1.2312
2026-02-04 18:45:20,367 - INFO - 
