2026-02-04 19:04:08,642 - INFO - Logging initialized. Log file: d:\workspace\MRes\NoiseRate\kfold_results\logs\kfold_gt_20260204_190408.log
2026-02-04 19:04:08,643 - INFO - 
============================================================
2026-02-04 19:04:08,643 - INFO - K-FOLD TRAINING - GT LABELS
2026-02-04 19:04:08,644 - INFO - ============================================================

2026-02-04 19:04:08,663 - INFO - Using device: cuda

2026-02-04 19:04:08,663 - INFO - ============================================================
2026-02-04 19:04:08,663 - INFO - Loading and Preparing Data
2026-02-04 19:04:08,663 - INFO - ============================================================
2026-02-04 19:04:08,664 - INFO - Loading metadata from: d:/workspace/MRes/datasets/mimic-cxr-clean/gt/metadata.csv
2026-02-04 19:04:08,673 - INFO - Loaded 1029 samples
2026-02-04 19:04:08,673 - INFO - Filtering for ViewPosition: ['AP', 'PA']
2026-02-04 19:04:08,674 - INFO - After filtering: 676 samples

2026-02-04 19:04:08,675 - INFO - Using GT labels for training
2026-02-04 19:04:08,675 - INFO - Using 12 CheXpert pathology columns
2026-02-04 19:04:08,675 - INFO - Applying uncertain label strategy: u_zeros
2026-02-04 19:04:08,680 - INFO - Labels shape: (676, 12)

2026-02-04 19:04:08,680 - INFO - ============================================================
2026-02-04 19:04:08,680 - INFO - K-Fold Split
2026-02-04 19:04:08,680 - INFO - ============================================================
2026-02-04 19:04:08,681 - INFO - K-fold: 5 splits, stratified by first label

2026-02-04 19:04:08,681 - INFO - ============================================================
2026-02-04 19:04:08,682 - INFO - Fold 1/5
2026-02-04 19:04:08,682 - INFO - ============================================================
2026-02-04 19:04:08,682 - INFO - Train samples: 540, Val samples: 136

2026-02-04 19:04:11,562 - INFO - Epoch 1/20
2026-02-04 19:04:11,563 - INFO -   Train Loss: 1.2023
2026-02-04 19:04:11,563 - INFO -   Val Loss:   1.2208
2026-02-04 19:04:11,563 - INFO -   LR:         0.000994
2026-02-04 19:04:11,564 - INFO -   ** New best val loss: 1.2208
2026-02-04 19:04:11,574 - INFO - 
2026-02-04 19:04:13,696 - INFO - Epoch 2/20
2026-02-04 19:04:13,697 - INFO -   Train Loss: 1.1849
2026-02-04 19:04:13,697 - INFO -   Val Loss:   1.2083
2026-02-04 19:04:13,697 - INFO -   LR:         0.000976
2026-02-04 19:04:13,697 - INFO -   ** New best val loss: 1.2083
2026-02-04 19:04:13,703 - INFO - 
2026-02-04 19:04:15,795 - INFO - Epoch 3/20
2026-02-04 19:04:15,796 - INFO -   Train Loss: 1.1895
2026-02-04 19:04:15,796 - INFO -   Val Loss:   1.1955
2026-02-04 19:04:15,796 - INFO -   LR:         0.000946
2026-02-04 19:04:15,796 - INFO -   ** New best val loss: 1.1955
2026-02-04 19:04:15,803 - INFO - 
2026-02-04 19:04:17,957 - INFO - Epoch 4/20
2026-02-04 19:04:17,957 - INFO -   Train Loss: 1.1689
2026-02-04 19:04:17,957 - INFO -   Val Loss:   1.1831
2026-02-04 19:04:17,957 - INFO -   LR:         0.000905
2026-02-04 19:04:17,957 - INFO -   ** New best val loss: 1.1831
2026-02-04 19:04:17,964 - INFO - 
2026-02-04 19:04:20,088 - INFO - Epoch 5/20
2026-02-04 19:04:20,088 - INFO -   Train Loss: 1.1658
2026-02-04 19:04:20,089 - INFO -   Val Loss:   1.2212
2026-02-04 19:04:20,089 - INFO -   LR:         0.000855
2026-02-04 19:04:20,089 - INFO - 
2026-02-04 19:04:22,221 - INFO - Epoch 6/20
2026-02-04 19:04:22,221 - INFO -   Train Loss: 1.1616
2026-02-04 19:04:22,221 - INFO -   Val Loss:   1.1745
2026-02-04 19:04:22,221 - INFO -   LR:         0.000796
2026-02-04 19:04:22,221 - INFO -   ** New best val loss: 1.1745
2026-02-04 19:04:22,229 - INFO - 
2026-02-04 19:04:24,347 - INFO - Epoch 7/20
2026-02-04 19:04:24,347 - INFO -   Train Loss: 1.1483
2026-02-04 19:04:24,347 - INFO -   Val Loss:   1.1719
2026-02-04 19:04:24,347 - INFO -   LR:         0.000730
2026-02-04 19:04:24,347 - INFO -   ** New best val loss: 1.1719
2026-02-04 19:04:24,353 - INFO - 
2026-02-04 19:04:26,481 - INFO - Epoch 8/20
2026-02-04 19:04:26,482 - INFO -   Train Loss: 1.1467
2026-02-04 19:04:26,482 - INFO -   Val Loss:   1.2096
2026-02-04 19:04:26,482 - INFO -   LR:         0.000658
2026-02-04 19:04:26,482 - INFO - 
2026-02-04 19:04:28,601 - INFO - Epoch 9/20
2026-02-04 19:04:28,601 - INFO -   Train Loss: 1.1502
2026-02-04 19:04:28,601 - INFO -   Val Loss:   1.1893
2026-02-04 19:04:28,601 - INFO -   LR:         0.000582
2026-02-04 19:04:28,601 - INFO - 
2026-02-04 19:04:30,733 - INFO - Epoch 10/20
2026-02-04 19:04:30,733 - INFO -   Train Loss: 1.1565
2026-02-04 19:04:30,733 - INFO -   Val Loss:   1.1903
2026-02-04 19:04:30,733 - INFO -   LR:         0.000505
2026-02-04 19:04:30,733 - INFO - 
2026-02-04 19:04:32,855 - INFO - Epoch 11/20
2026-02-04 19:04:32,855 - INFO -   Train Loss: 1.1369
2026-02-04 19:04:32,855 - INFO -   Val Loss:   1.2148
2026-02-04 19:04:32,855 - INFO -   LR:         0.000428
2026-02-04 19:04:32,855 - INFO - 
2026-02-04 19:04:35,016 - INFO - Epoch 12/20
2026-02-04 19:04:35,016 - INFO -   Train Loss: 1.1444
2026-02-04 19:04:35,017 - INFO -   Val Loss:   1.1938
2026-02-04 19:04:35,017 - INFO -   LR:         0.000352
2026-02-04 19:04:35,017 - INFO - 
2026-02-04 19:04:35,017 - INFO - Early stopping triggered at epoch 12

2026-02-04 19:04:35,232 - INFO - Fold 1 complete. Best val loss: 1.1719

2026-02-04 19:04:35,232 - INFO - ============================================================
2026-02-04 19:04:35,232 - INFO - Fold 2/5
2026-02-04 19:04:35,232 - INFO - ============================================================
2026-02-04 19:04:35,232 - INFO - Train samples: 541, Val samples: 135

2026-02-04 19:04:37,584 - INFO - Epoch 1/20
2026-02-04 19:04:37,584 - INFO -   Train Loss: 1.2186
2026-02-04 19:04:37,584 - INFO -   Val Loss:   1.1419
2026-02-04 19:04:37,584 - INFO -   LR:         0.000994
2026-02-04 19:04:37,584 - INFO -   ** New best val loss: 1.1419
2026-02-04 19:04:37,590 - INFO - 
2026-02-04 19:04:39,848 - INFO - Epoch 2/20
2026-02-04 19:04:39,848 - INFO -   Train Loss: 1.1760
2026-02-04 19:04:39,848 - INFO -   Val Loss:   1.1670
2026-02-04 19:04:39,848 - INFO -   LR:         0.000976
2026-02-04 19:04:39,848 - INFO - 
2026-02-04 19:04:41,944 - INFO - Epoch 3/20
2026-02-04 19:04:41,945 - INFO -   Train Loss: 1.1656
2026-02-04 19:04:41,945 - INFO -   Val Loss:   1.1471
2026-02-04 19:04:41,945 - INFO -   LR:         0.000946
2026-02-04 19:04:41,945 - INFO - 
2026-02-04 19:04:44,073 - INFO - Epoch 4/20
2026-02-04 19:04:44,074 - INFO -   Train Loss: 1.1623
2026-02-04 19:04:44,074 - INFO -   Val Loss:   1.1792
2026-02-04 19:04:44,074 - INFO -   LR:         0.000905
2026-02-04 19:04:44,074 - INFO - 
2026-02-04 19:04:46,175 - INFO - Epoch 5/20
2026-02-04 19:04:46,175 - INFO -   Train Loss: 1.1571
2026-02-04 19:04:46,176 - INFO -   Val Loss:   1.1463
2026-02-04 19:04:46,176 - INFO -   LR:         0.000855
2026-02-04 19:04:46,176 - INFO - 
2026-02-04 19:04:48,386 - INFO - Epoch 6/20
2026-02-04 19:04:48,386 - INFO -   Train Loss: 1.1495
2026-02-04 19:04:48,387 - INFO -   Val Loss:   1.2269
2026-02-04 19:04:48,387 - INFO -   LR:         0.000796
2026-02-04 19:04:48,387 - INFO - 
2026-02-04 19:04:48,387 - INFO - Early stopping triggered at epoch 6

2026-02-04 19:04:48,567 - INFO - Fold 2 complete. Best val loss: 1.1419

2026-02-04 19:04:48,568 - INFO - ============================================================
2026-02-04 19:04:48,568 - INFO - Fold 3/5
2026-02-04 19:04:48,568 - INFO - ============================================================
2026-02-04 19:04:48,568 - INFO - Train samples: 541, Val samples: 135

2026-02-04 19:04:50,744 - INFO - Epoch 1/20
2026-02-04 19:04:50,744 - INFO -   Train Loss: 1.2293
2026-02-04 19:04:50,745 - INFO -   Val Loss:   1.2682
2026-02-04 19:04:50,745 - INFO -   LR:         0.000994
2026-02-04 19:04:50,745 - INFO -   ** New best val loss: 1.2682
2026-02-04 19:04:50,753 - INFO - 
2026-02-04 19:04:52,902 - INFO - Epoch 2/20
2026-02-04 19:04:52,902 - INFO -   Train Loss: 1.1934
2026-02-04 19:04:52,903 - INFO -   Val Loss:   1.2121
2026-02-04 19:04:52,903 - INFO -   LR:         0.000976
2026-02-04 19:04:52,903 - INFO -   ** New best val loss: 1.2121
2026-02-04 19:04:52,910 - INFO - 
2026-02-04 19:04:55,002 - INFO - Epoch 3/20
2026-02-04 19:04:55,003 - INFO -   Train Loss: 1.1709
2026-02-04 19:04:55,003 - INFO -   Val Loss:   1.1986
2026-02-04 19:04:55,003 - INFO -   LR:         0.000946
2026-02-04 19:04:55,003 - INFO -   ** New best val loss: 1.1986
2026-02-04 19:04:55,010 - INFO - 
2026-02-04 19:04:57,148 - INFO - Epoch 4/20
2026-02-04 19:04:57,149 - INFO -   Train Loss: 1.1797
2026-02-04 19:04:57,149 - INFO -   Val Loss:   1.1916
2026-02-04 19:04:57,149 - INFO -   LR:         0.000905
2026-02-04 19:04:57,149 - INFO -   ** New best val loss: 1.1916
2026-02-04 19:04:57,158 - INFO - 
2026-02-04 19:04:59,280 - INFO - Epoch 5/20
2026-02-04 19:04:59,281 - INFO -   Train Loss: 1.1684
2026-02-04 19:04:59,281 - INFO -   Val Loss:   1.1874
2026-02-04 19:04:59,281 - INFO -   LR:         0.000855
2026-02-04 19:04:59,281 - INFO -   ** New best val loss: 1.1874
2026-02-04 19:04:59,289 - INFO - 
2026-02-04 19:05:01,423 - INFO - Epoch 6/20
2026-02-04 19:05:01,424 - INFO -   Train Loss: 1.1664
2026-02-04 19:05:01,424 - INFO -   Val Loss:   1.2026
2026-02-04 19:05:01,424 - INFO -   LR:         0.000796
2026-02-04 19:05:01,424 - INFO - 
2026-02-04 19:05:03,543 - INFO - Epoch 7/20
2026-02-04 19:05:03,543 - INFO -   Train Loss: 1.1651
2026-02-04 19:05:03,543 - INFO -   Val Loss:   1.2032
2026-02-04 19:05:03,543 - INFO -   LR:         0.000730
2026-02-04 19:05:03,543 - INFO - 
2026-02-04 19:05:05,783 - INFO - Epoch 8/20
2026-02-04 19:05:05,783 - INFO -   Train Loss: 1.1644
2026-02-04 19:05:05,783 - INFO -   Val Loss:   1.1899
2026-02-04 19:05:05,784 - INFO -   LR:         0.000658
2026-02-04 19:05:05,784 - INFO - 
2026-02-04 19:05:08,085 - INFO - Epoch 9/20
2026-02-04 19:05:08,085 - INFO -   Train Loss: 1.1641
2026-02-04 19:05:08,085 - INFO -   Val Loss:   1.1807
2026-02-04 19:05:08,085 - INFO -   LR:         0.000582
2026-02-04 19:05:08,085 - INFO -   ** New best val loss: 1.1807
2026-02-04 19:05:08,093 - INFO - 
2026-02-04 19:05:10,285 - INFO - Epoch 10/20
2026-02-04 19:05:10,286 - INFO -   Train Loss: 1.1537
2026-02-04 19:05:10,286 - INFO -   Val Loss:   1.1860
2026-02-04 19:05:10,286 - INFO -   LR:         0.000505
2026-02-04 19:05:10,286 - INFO - 
2026-02-04 19:05:12,422 - INFO - Epoch 11/20
2026-02-04 19:05:12,422 - INFO -   Train Loss: 1.1634
2026-02-04 19:05:12,422 - INFO -   Val Loss:   1.1887
2026-02-04 19:05:12,422 - INFO -   LR:         0.000428
2026-02-04 19:05:12,422 - INFO - 
2026-02-04 19:05:14,583 - INFO - Epoch 12/20
2026-02-04 19:05:14,583 - INFO -   Train Loss: 1.1520
2026-02-04 19:05:14,583 - INFO -   Val Loss:   1.1808
2026-02-04 19:05:14,583 - INFO -   LR:         0.000352
2026-02-04 19:05:14,583 - INFO - 
2026-02-04 19:05:16,723 - INFO - Epoch 13/20
2026-02-04 19:05:16,723 - INFO -   Train Loss: 1.1446
2026-02-04 19:05:16,723 - INFO -   Val Loss:   1.1830
2026-02-04 19:05:16,723 - INFO -   LR:         0.000280
2026-02-04 19:05:16,723 - INFO - 
2026-02-04 19:05:18,843 - INFO - Epoch 14/20
2026-02-04 19:05:18,843 - INFO -   Train Loss: 1.1562
2026-02-04 19:05:18,843 - INFO -   Val Loss:   1.1645
2026-02-04 19:05:18,843 - INFO -   LR:         0.000214
2026-02-04 19:05:18,844 - INFO -   ** New best val loss: 1.1645
2026-02-04 19:05:18,852 - INFO - 
2026-02-04 19:05:20,972 - INFO - Epoch 15/20
2026-02-04 19:05:20,973 - INFO -   Train Loss: 1.1454
2026-02-04 19:05:20,973 - INFO -   Val Loss:   1.1802
2026-02-04 19:05:20,973 - INFO -   LR:         0.000155
2026-02-04 19:05:20,973 - INFO - 
2026-02-04 19:05:23,125 - INFO - Epoch 16/20
2026-02-04 19:05:23,125 - INFO -   Train Loss: 1.1317
2026-02-04 19:05:23,125 - INFO -   Val Loss:   1.1689
2026-02-04 19:05:23,125 - INFO -   LR:         0.000105
2026-02-04 19:05:23,125 - INFO - 
2026-02-04 19:05:25,356 - INFO - Epoch 17/20
2026-02-04 19:05:25,357 - INFO -   Train Loss: 1.1456
2026-02-04 19:05:25,357 - INFO -   Val Loss:   1.1672
2026-02-04 19:05:25,357 - INFO -   LR:         0.000064
2026-02-04 19:05:25,357 - INFO - 
2026-02-04 19:05:27,493 - INFO - Epoch 18/20
2026-02-04 19:05:27,494 - INFO -   Train Loss: 1.1491
2026-02-04 19:05:27,494 - INFO -   Val Loss:   1.1709
2026-02-04 19:05:27,494 - INFO -   LR:         0.000034
2026-02-04 19:05:27,494 - INFO - 
2026-02-04 19:05:29,659 - INFO - Epoch 19/20
2026-02-04 19:05:29,659 - INFO -   Train Loss: 1.1398
2026-02-04 19:05:29,659 - INFO -   Val Loss:   1.1718
2026-02-04 19:05:29,659 - INFO -   LR:         0.000016
2026-02-04 19:05:29,659 - INFO - 
2026-02-04 19:05:29,660 - INFO - Early stopping triggered at epoch 19

2026-02-04 19:05:29,844 - INFO - Fold 3 complete. Best val loss: 1.1645

2026-02-04 19:05:29,844 - INFO - ============================================================
2026-02-04 19:05:29,844 - INFO - Fold 4/5
2026-02-04 19:05:29,844 - INFO - ============================================================
2026-02-04 19:05:29,844 - INFO - Train samples: 541, Val samples: 135

2026-02-04 19:05:31,947 - INFO - Epoch 1/20
2026-02-04 19:05:31,948 - INFO -   Train Loss: 1.2106
2026-02-04 19:05:31,948 - INFO -   Val Loss:   1.3033
2026-02-04 19:05:31,948 - INFO -   LR:         0.000994
2026-02-04 19:05:31,948 - INFO -   ** New best val loss: 1.3033
2026-02-04 19:05:31,957 - INFO - 
2026-02-04 19:05:34,091 - INFO - Epoch 2/20
2026-02-04 19:05:34,091 - INFO -   Train Loss: 1.1770
2026-02-04 19:05:34,092 - INFO -   Val Loss:   1.1804
2026-02-04 19:05:34,092 - INFO -   LR:         0.000976
2026-02-04 19:05:34,092 - INFO -   ** New best val loss: 1.1804
2026-02-04 19:05:34,098 - INFO - 
2026-02-04 19:05:36,386 - INFO - Epoch 3/20
2026-02-04 19:05:36,386 - INFO -   Train Loss: 1.1601
2026-02-04 19:05:36,386 - INFO -   Val Loss:   1.3249
2026-02-04 19:05:36,386 - INFO -   LR:         0.000946
2026-02-04 19:05:36,386 - INFO - 
2026-02-04 19:05:38,735 - INFO - Epoch 4/20
2026-02-04 19:05:38,735 - INFO -   Train Loss: 1.1684
2026-02-04 19:05:38,736 - INFO -   Val Loss:   1.2361
2026-02-04 19:05:38,736 - INFO -   LR:         0.000905
2026-02-04 19:05:38,736 - INFO - 
2026-02-04 19:05:41,028 - INFO - Epoch 5/20
2026-02-04 19:05:41,029 - INFO -   Train Loss: 1.1700
2026-02-04 19:05:41,029 - INFO -   Val Loss:   1.1850
2026-02-04 19:05:41,029 - INFO -   LR:         0.000855
2026-02-04 19:05:41,029 - INFO - 
2026-02-04 19:05:43,174 - INFO - Epoch 6/20
2026-02-04 19:05:43,174 - INFO -   Train Loss: 1.1641
2026-02-04 19:05:43,174 - INFO -   Val Loss:   1.2883
2026-02-04 19:05:43,175 - INFO -   LR:         0.000796
2026-02-04 19:05:43,175 - INFO - 
2026-02-04 19:05:45,336 - INFO - Epoch 7/20
2026-02-04 19:05:45,336 - INFO -   Train Loss: 1.1525
2026-02-04 19:05:45,336 - INFO -   Val Loss:   1.2635
2026-02-04 19:05:45,336 - INFO -   LR:         0.000730
2026-02-04 19:05:45,337 - INFO - 
2026-02-04 19:05:45,337 - INFO - Early stopping triggered at epoch 7

2026-02-04 19:05:45,519 - INFO - Fold 4 complete. Best val loss: 1.1804

2026-02-04 19:05:45,519 - INFO - ============================================================
2026-02-04 19:05:45,519 - INFO - Fold 5/5
2026-02-04 19:05:45,519 - INFO - ============================================================
2026-02-04 19:05:45,520 - INFO - Train samples: 541, Val samples: 135

2026-02-04 19:05:47,670 - INFO - Epoch 1/20
2026-02-04 19:05:47,670 - INFO -   Train Loss: 1.2167
2026-02-04 19:05:47,670 - INFO -   Val Loss:   1.2400
2026-02-04 19:05:47,670 - INFO -   LR:         0.000994
2026-02-04 19:05:47,670 - INFO -   ** New best val loss: 1.2400
2026-02-04 19:05:47,677 - INFO - 
2026-02-04 19:05:49,806 - INFO - Epoch 2/20
2026-02-04 19:05:49,806 - INFO -   Train Loss: 1.1896
2026-02-04 19:05:49,806 - INFO -   Val Loss:   1.2139
2026-02-04 19:05:49,806 - INFO -   LR:         0.000976
2026-02-04 19:05:49,806 - INFO -   ** New best val loss: 1.2139
2026-02-04 19:05:49,814 - INFO - 
2026-02-04 19:05:51,961 - INFO - Epoch 3/20
2026-02-04 19:05:51,961 - INFO -   Train Loss: 1.2005
2026-02-04 19:05:51,961 - INFO -   Val Loss:   1.2123
2026-02-04 19:05:51,961 - INFO -   LR:         0.000946
2026-02-04 19:05:51,961 - INFO -   ** New best val loss: 1.2123
2026-02-04 19:05:51,967 - INFO - 
2026-02-04 19:05:54,096 - INFO - Epoch 4/20
2026-02-04 19:05:54,096 - INFO -   Train Loss: 1.1742
2026-02-04 19:05:54,096 - INFO -   Val Loss:   1.2111
2026-02-04 19:05:54,096 - INFO -   LR:         0.000905
2026-02-04 19:05:54,097 - INFO -   ** New best val loss: 1.2111
2026-02-04 19:05:54,105 - INFO - 
2026-02-04 19:05:56,319 - INFO - Epoch 5/20
2026-02-04 19:05:56,320 - INFO -   Train Loss: 1.1634
2026-02-04 19:05:56,320 - INFO -   Val Loss:   1.2550
2026-02-04 19:05:56,320 - INFO -   LR:         0.000855
2026-02-04 19:05:56,320 - INFO - 
2026-02-04 19:05:58,421 - INFO - Epoch 6/20
2026-02-04 19:05:58,421 - INFO -   Train Loss: 1.1657
2026-02-04 19:05:58,422 - INFO -   Val Loss:   1.2107
2026-02-04 19:05:58,422 - INFO -   LR:         0.000796
2026-02-04 19:05:58,422 - INFO -   ** New best val loss: 1.2107
2026-02-04 19:05:58,428 - INFO - 
2026-02-04 19:06:00,601 - INFO - Epoch 7/20
2026-02-04 19:06:00,601 - INFO -   Train Loss: 1.1671
2026-02-04 19:06:00,601 - INFO -   Val Loss:   1.2027
2026-02-04 19:06:00,601 - INFO -   LR:         0.000730
2026-02-04 19:06:00,601 - INFO -   ** New best val loss: 1.2027
2026-02-04 19:06:00,609 - INFO - 
2026-02-04 19:06:02,737 - INFO - Epoch 8/20
2026-02-04 19:06:02,737 - INFO -   Train Loss: 1.1603
2026-02-04 19:06:02,738 - INFO -   Val Loss:   1.2077
2026-02-04 19:06:02,738 - INFO -   LR:         0.000658
2026-02-04 19:06:02,738 - INFO - 
2026-02-04 19:06:04,844 - INFO - Epoch 9/20
2026-02-04 19:06:04,845 - INFO -   Train Loss: 1.1573
2026-02-04 19:06:04,845 - INFO -   Val Loss:   1.2170
2026-02-04 19:06:04,845 - INFO -   LR:         0.000582
2026-02-04 19:06:04,845 - INFO - 
2026-02-04 19:06:07,204 - INFO - Epoch 10/20
2026-02-04 19:06:07,205 - INFO -   Train Loss: 1.1490
2026-02-04 19:06:07,205 - INFO -   Val Loss:   1.2205
2026-02-04 19:06:07,205 - INFO -   LR:         0.000505
2026-02-04 19:06:07,205 - INFO - 
2026-02-04 19:06:09,507 - INFO - Epoch 11/20
2026-02-04 19:06:09,507 - INFO -   Train Loss: 1.1552
2026-02-04 19:06:09,508 - INFO -   Val Loss:   1.2514
2026-02-04 19:06:09,508 - INFO -   LR:         0.000428
2026-02-04 19:06:09,508 - INFO - 
2026-02-04 19:06:11,623 - INFO - Epoch 12/20
2026-02-04 19:06:11,623 - INFO -   Train Loss: 1.1540
2026-02-04 19:06:11,623 - INFO -   Val Loss:   1.2292
2026-02-04 19:06:11,623 - INFO -   LR:         0.000352
2026-02-04 19:06:11,623 - INFO - 
2026-02-04 19:06:11,623 - INFO - Early stopping triggered at epoch 12

2026-02-04 19:06:11,792 - INFO - Fold 5 complete. Best val loss: 1.2027

2026-02-04 19:06:11,794 - INFO - OOF predictions saved to: d:\workspace\MRes\NoiseRate\kfold_results\oof_predictions.npy
2026-02-04 19:06:11,794 - INFO - Shape: (676, 12)

2026-02-04 19:06:11,794 - INFO - 
============================================================
2026-02-04 19:06:11,794 - INFO - VALIDATION - GT LABELS
2026-02-04 19:06:11,795 - INFO - ============================================================

2026-02-04 19:06:11,838 - INFO - ============================================================
2026-02-04 19:06:11,838 - INFO - Per-Class AUROC (GT model)
2026-02-04 19:06:11,838 - INFO - ============================================================
2026-02-04 19:06:11,854 - INFO - ============================================================
2026-02-04 19:06:11,854 - INFO - CNN-GT - Per-Class AUROC
2026-02-04 19:06:11,854 - INFO - ============================================================
2026-02-04 19:06:11,854 - INFO - 
Pathology                           AUROC
2026-02-04 19:06:11,854 - INFO - ---------------------------------------------
2026-02-04 19:06:11,855 - INFO - Atelectasis                         0.554
2026-02-04 19:06:11,855 - INFO - Cardiomegaly                        0.583
2026-02-04 19:06:11,855 - INFO - Consolidation                       0.513
2026-02-04 19:06:11,855 - INFO - Edema                               0.610
2026-02-04 19:06:11,855 - INFO - Enlarged Cardiomediastinum          0.670
2026-02-04 19:06:11,855 - INFO - Fracture                            0.610
2026-02-04 19:06:11,855 - INFO - Lung Lesion                         0.600
2026-02-04 19:06:11,855 - INFO - Lung Opacity                        0.554
2026-02-04 19:06:11,855 - INFO - Pleural Effusion                    0.586
2026-02-04 19:06:11,855 - INFO - Pleural Other                       0.662
2026-02-04 19:06:11,855 - INFO - Pneumonia                           0.630
2026-02-04 19:06:11,856 - INFO - Pneumothorax                        0.457
2026-02-04 19:06:11,856 - INFO - ---------------------------------------------
2026-02-04 19:06:11,856 - INFO - Mean AUROC                          0.586
2026-02-04 19:06:11,856 - INFO - 
2026-02-04 19:06:11,856 - INFO - ============================================================
2026-02-04 19:06:11,856 - INFO - Per-Class Noise Analysis
2026-02-04 19:06:11,856 - INFO - ============================================================

2026-02-04 19:06:11,856 - INFO - ============================================================
2026-02-04 19:06:11,856 - INFO - Per-Class Noise Analysis (GT labels)
2026-02-04 19:06:11,857 - INFO - ============================================================
2026-02-04 19:06:11,857 - INFO - 
Analyzing 12 pathology classes individually...
2026-02-04 19:07:49,932 - INFO - 
Per-class noise rates:
2026-02-04 19:07:49,932 - INFO - Pathology                      Positive Negative  Issues     Rate
2026-02-04 19:07:49,933 - INFO - ----------------------------------------------------------------------
2026-02-04 19:07:49,933 - INFO - Atelectasis                         189      487    291    43.0%
2026-02-04 19:07:49,933 - INFO - Cardiomegaly                        146      530    312    46.2%
2026-02-04 19:07:49,933 - INFO - Consolidation                        51      625    299    44.2%
2026-02-04 19:07:49,933 - INFO - Edema                               141      535    300    44.4%
2026-02-04 19:07:49,933 - INFO - Enlarged Cardiomediastinum           39      637    237    35.1%
2026-02-04 19:07:49,934 - INFO - Fracture                             41      635    275    40.7%
2026-02-04 19:07:49,934 - INFO - Lung Lesion                          47      629    161    23.8%
2026-02-04 19:07:49,934 - INFO - Lung Opacity                        167      509    284    42.0%
2026-02-04 19:07:49,934 - INFO - Pleural Effusion                    260      416    267    39.5%
2026-02-04 19:07:49,934 - INFO - Pleural Other                        28      648    255    37.7%
2026-02-04 19:07:49,934 - INFO - Pneumonia                            52      624    293    43.3%
2026-02-04 19:07:49,934 - INFO - Pneumothorax                         34      642    227    33.6%
2026-02-04 19:07:49,934 - INFO - 
2026-02-04 19:07:49,938 - INFO - Results saved to: d:\workspace\MRes\NoiseRate\kfold_results\cnn_gt_results_20260204_190749.csv

2026-02-04 19:07:49,939 - INFO - 
============================================================
2026-02-04 19:07:49,939 - INFO - GT TRAINING AND VALIDATION - COMPLETE
2026-02-04 19:07:49,939 - INFO - ============================================================

