2026-02-04 22:00:07,244 - INFO - Logging initialized. Log file: d:\workspace\MRes\NoiseRate\kfold_results\logs\kfold_gt_20260204_220007.log
2026-02-04 22:00:07,245 - INFO - 
============================================================
2026-02-04 22:00:07,245 - INFO - K-FOLD TRAINING - GT LABELS
2026-02-04 22:00:07,245 - INFO - ============================================================

2026-02-04 22:00:07,289 - INFO - Using device: cuda

2026-02-04 22:00:07,290 - INFO - ============================================================
2026-02-04 22:00:07,290 - INFO - Loading and Preparing Data
2026-02-04 22:00:07,290 - INFO - ============================================================
2026-02-04 22:00:07,290 - INFO - Loading metadata from: d:/workspace/MRes/datasets/mimic-cxr-clean/gt/metadata.csv
2026-02-04 22:00:07,301 - INFO - Loaded 1029 samples
2026-02-04 22:00:07,301 - INFO - Filtering for ViewPosition: ['AP', 'PA']
2026-02-04 22:00:07,309 - INFO - After filtering: 676 samples

2026-02-04 22:00:07,309 - INFO - Using GT labels for training
2026-02-04 22:00:07,310 - INFO - Using 12 CheXpert pathology columns
2026-02-04 22:00:07,310 - INFO - Applying uncertain label strategy: u_ones
2026-02-04 22:00:07,314 - INFO - Processed Data Label Statistics (Total Samples: 676):
2026-02-04 22:00:07,314 - INFO - Pathology                      Positive   Negative   Pos Rate  
2026-02-04 22:00:07,314 - INFO - -----------------------------------------------------------------
2026-02-04 22:00:07,315 - INFO - gt_Atelectasis                 232        444             34.3%
2026-02-04 22:00:07,315 - INFO - gt_Cardiomegaly                185        491             27.4%
2026-02-04 22:00:07,315 - INFO - gt_Consolidation               77         599             11.4%
2026-02-04 22:00:07,316 - INFO - gt_Edema                       184        492             27.2%
2026-02-04 22:00:07,316 - INFO - gt_Enlarged Cardiomediastinum  70         606             10.4%
2026-02-04 22:00:07,317 - INFO - gt_Fracture                    43         633              6.4%
2026-02-04 22:00:07,317 - INFO - gt_Lung Lesion                 56         620              8.3%
2026-02-04 22:00:07,317 - INFO - gt_Lung Opacity                167        509             24.7%
2026-02-04 22:00:07,317 - INFO - gt_Pleural Effusion            283        393             41.9%
2026-02-04 22:00:07,317 - INFO - gt_Pleural Other               28         648              4.1%
2026-02-04 22:00:07,317 - INFO - gt_Pneumonia                   143        533             21.2%
2026-02-04 22:00:07,317 - INFO - gt_Pneumothorax                45         631              6.7%
2026-02-04 22:00:07,319 - INFO - 
2026-02-04 22:00:07,320 - INFO - Labels shape: (676, 12)

2026-02-04 22:00:07,321 - INFO - ============================================================
2026-02-04 22:00:07,321 - INFO - K-Fold Split
2026-02-04 22:00:07,321 - INFO - ============================================================
2026-02-04 22:00:07,321 - INFO - K-fold: 5 splits, stratified by first label

2026-02-04 22:00:07,324 - INFO - ============================================================
2026-02-04 22:00:07,324 - INFO - Fold 1/5
2026-02-04 22:00:07,324 - INFO - ============================================================
2026-02-04 22:00:07,324 - INFO - Train samples: 540, Val samples: 136

2026-02-04 22:00:10,242 - INFO - Epoch 1/20
2026-02-04 22:00:10,242 - INFO -   Train Loss: 1.1621
2026-02-04 22:00:10,242 - INFO -   Val Loss:   1.2439
2026-02-04 22:00:10,243 - INFO -   LR:         0.000994
2026-02-04 22:00:10,243 - INFO -   ** New best val loss: 1.2439
2026-02-04 22:00:10,269 - INFO - 
2026-02-04 22:00:11,937 - INFO - Epoch 2/20
2026-02-04 22:00:11,937 - INFO -   Train Loss: 1.1420
2026-02-04 22:00:11,937 - INFO -   Val Loss:   1.1926
2026-02-04 22:00:11,937 - INFO -   LR:         0.000976
2026-02-04 22:00:11,937 - INFO -   ** New best val loss: 1.1926
2026-02-04 22:00:11,943 - INFO - 
2026-02-04 22:00:13,478 - INFO - Epoch 3/20
2026-02-04 22:00:13,479 - INFO -   Train Loss: 1.1324
2026-02-04 22:00:13,479 - INFO -   Val Loss:   1.1947
2026-02-04 22:00:13,479 - INFO -   LR:         0.000946
2026-02-04 22:00:13,479 - INFO - 
2026-02-04 22:00:15,031 - INFO - Epoch 4/20
2026-02-04 22:00:15,031 - INFO -   Train Loss: 1.1162
2026-02-04 22:00:15,031 - INFO -   Val Loss:   1.1456
2026-02-04 22:00:15,031 - INFO -   LR:         0.000905
2026-02-04 22:00:15,031 - INFO -   ** New best val loss: 1.1456
2026-02-04 22:00:15,037 - INFO - 
2026-02-04 22:00:16,577 - INFO - Epoch 5/20
2026-02-04 22:00:16,577 - INFO -   Train Loss: 1.1251
2026-02-04 22:00:16,577 - INFO -   Val Loss:   1.3092
2026-02-04 22:00:16,577 - INFO -   LR:         0.000855
2026-02-04 22:00:16,579 - INFO - 
2026-02-04 22:00:18,141 - INFO - Epoch 6/20
2026-02-04 22:00:18,142 - INFO -   Train Loss: 1.1236
2026-02-04 22:00:18,142 - INFO -   Val Loss:   1.1671
2026-02-04 22:00:18,142 - INFO -   LR:         0.000796
2026-02-04 22:00:18,142 - INFO - 
2026-02-04 22:00:19,720 - INFO - Epoch 7/20
2026-02-04 22:00:19,721 - INFO -   Train Loss: 1.1067
2026-02-04 22:00:19,721 - INFO -   Val Loss:   1.1475
2026-02-04 22:00:19,721 - INFO -   LR:         0.000730
2026-02-04 22:00:19,721 - INFO - 
2026-02-04 22:00:21,316 - INFO - Epoch 8/20
2026-02-04 22:00:21,316 - INFO -   Train Loss: 1.1060
2026-02-04 22:00:21,316 - INFO -   Val Loss:   1.2303
2026-02-04 22:00:21,316 - INFO -   LR:         0.000658
2026-02-04 22:00:21,316 - INFO - 
2026-02-04 22:00:22,889 - INFO - Epoch 9/20
2026-02-04 22:00:22,889 - INFO -   Train Loss: 1.1079
2026-02-04 22:00:22,889 - INFO -   Val Loss:   1.2026
2026-02-04 22:00:22,889 - INFO -   LR:         0.000582
2026-02-04 22:00:22,889 - INFO - 
2026-02-04 22:00:22,889 - INFO - Early stopping triggered at epoch 9

2026-02-04 22:00:23,042 - INFO - Fold 1 complete. Best val loss: 1.1456

2026-02-04 22:00:23,042 - INFO - ============================================================
2026-02-04 22:00:23,042 - INFO - Fold 2/5
2026-02-04 22:00:23,042 - INFO - ============================================================
2026-02-04 22:00:23,042 - INFO - Train samples: 541, Val samples: 135

2026-02-04 22:00:24,660 - INFO - Epoch 1/20
2026-02-04 22:00:24,660 - INFO -   Train Loss: 1.1530
2026-02-04 22:00:24,660 - INFO -   Val Loss:   1.1242
2026-02-04 22:00:24,660 - INFO -   LR:         0.000994
2026-02-04 22:00:24,660 - INFO -   ** New best val loss: 1.1242
2026-02-04 22:00:24,665 - INFO - 
2026-02-04 22:00:26,255 - INFO - Epoch 2/20
2026-02-04 22:00:26,256 - INFO -   Train Loss: 1.1389
2026-02-04 22:00:26,256 - INFO -   Val Loss:   1.1050
2026-02-04 22:00:26,256 - INFO -   LR:         0.000976
2026-02-04 22:00:26,256 - INFO -   ** New best val loss: 1.1050
2026-02-04 22:00:26,261 - INFO - 
2026-02-04 22:00:27,837 - INFO - Epoch 3/20
2026-02-04 22:00:27,837 - INFO -   Train Loss: 1.1287
2026-02-04 22:00:27,837 - INFO -   Val Loss:   1.0951
2026-02-04 22:00:27,837 - INFO -   LR:         0.000946
2026-02-04 22:00:27,837 - INFO -   ** New best val loss: 1.0951
2026-02-04 22:00:27,843 - INFO - 
2026-02-04 22:00:29,451 - INFO - Epoch 4/20
2026-02-04 22:00:29,451 - INFO -   Train Loss: 1.1288
2026-02-04 22:00:29,452 - INFO -   Val Loss:   1.0926
2026-02-04 22:00:29,452 - INFO -   LR:         0.000905
2026-02-04 22:00:29,452 - INFO -   ** New best val loss: 1.0926
2026-02-04 22:00:29,458 - INFO - 
2026-02-04 22:00:31,038 - INFO - Epoch 5/20
2026-02-04 22:00:31,039 - INFO -   Train Loss: 1.1207
2026-02-04 22:00:31,039 - INFO -   Val Loss:   1.0864
2026-02-04 22:00:31,039 - INFO -   LR:         0.000855
2026-02-04 22:00:31,039 - INFO -   ** New best val loss: 1.0864
2026-02-04 22:00:31,044 - INFO - 
2026-02-04 22:00:32,631 - INFO - Epoch 6/20
2026-02-04 22:00:32,631 - INFO -   Train Loss: 1.1230
2026-02-04 22:00:32,631 - INFO -   Val Loss:   1.0823
2026-02-04 22:00:32,631 - INFO -   LR:         0.000796
2026-02-04 22:00:32,631 - INFO -   ** New best val loss: 1.0823
2026-02-04 22:00:32,637 - INFO - 
2026-02-04 22:00:34,260 - INFO - Epoch 7/20
2026-02-04 22:00:34,260 - INFO -   Train Loss: 1.1099
2026-02-04 22:00:34,260 - INFO -   Val Loss:   1.1468
2026-02-04 22:00:34,261 - INFO -   LR:         0.000730
2026-02-04 22:00:34,261 - INFO - 
2026-02-04 22:00:35,842 - INFO - Epoch 8/20
2026-02-04 22:00:35,842 - INFO -   Train Loss: 1.1282
2026-02-04 22:00:35,842 - INFO -   Val Loss:   1.0879
2026-02-04 22:00:35,842 - INFO -   LR:         0.000658
2026-02-04 22:00:35,842 - INFO - 
2026-02-04 22:00:37,439 - INFO - Epoch 9/20
2026-02-04 22:00:37,439 - INFO -   Train Loss: 1.1116
2026-02-04 22:00:37,439 - INFO -   Val Loss:   1.1372
2026-02-04 22:00:37,439 - INFO -   LR:         0.000582
2026-02-04 22:00:37,439 - INFO - 
2026-02-04 22:00:39,219 - INFO - Epoch 10/20
2026-02-04 22:00:39,219 - INFO -   Train Loss: 1.1074
2026-02-04 22:00:39,219 - INFO -   Val Loss:   1.0863
2026-02-04 22:00:39,219 - INFO -   LR:         0.000505
2026-02-04 22:00:39,219 - INFO - 
2026-02-04 22:00:41,003 - INFO - Epoch 11/20
2026-02-04 22:00:41,005 - INFO -   Train Loss: 1.1113
2026-02-04 22:00:41,005 - INFO -   Val Loss:   1.1016
2026-02-04 22:00:41,005 - INFO -   LR:         0.000428
2026-02-04 22:00:41,005 - INFO - 
2026-02-04 22:00:41,005 - INFO - Early stopping triggered at epoch 11

2026-02-04 22:00:41,152 - INFO - Fold 2 complete. Best val loss: 1.0823

2026-02-04 22:00:41,154 - INFO - ============================================================
2026-02-04 22:00:41,154 - INFO - Fold 3/5
2026-02-04 22:00:41,154 - INFO - ============================================================
2026-02-04 22:00:41,154 - INFO - Train samples: 541, Val samples: 135

2026-02-04 22:00:42,775 - INFO - Epoch 1/20
2026-02-04 22:00:42,775 - INFO -   Train Loss: 1.1582
2026-02-04 22:00:42,775 - INFO -   Val Loss:   1.1871
2026-02-04 22:00:42,775 - INFO -   LR:         0.000994
2026-02-04 22:00:42,775 - INFO -   ** New best val loss: 1.1871
2026-02-04 22:00:42,781 - INFO - 
2026-02-04 22:00:44,674 - INFO - Epoch 2/20
2026-02-04 22:00:44,674 - INFO -   Train Loss: 1.1347
2026-02-04 22:00:44,674 - INFO -   Val Loss:   1.1541
2026-02-04 22:00:44,674 - INFO -   LR:         0.000976
2026-02-04 22:00:44,674 - INFO -   ** New best val loss: 1.1541
2026-02-04 22:00:44,680 - INFO - 
2026-02-04 22:00:46,374 - INFO - Epoch 3/20
2026-02-04 22:00:46,374 - INFO -   Train Loss: 1.1228
2026-02-04 22:00:46,375 - INFO -   Val Loss:   1.1628
2026-02-04 22:00:46,375 - INFO -   LR:         0.000946
2026-02-04 22:00:46,375 - INFO - 
2026-02-04 22:00:47,954 - INFO - Epoch 4/20
2026-02-04 22:00:47,955 - INFO -   Train Loss: 1.1165
2026-02-04 22:00:47,955 - INFO -   Val Loss:   1.1699
2026-02-04 22:00:47,955 - INFO -   LR:         0.000905
2026-02-04 22:00:47,955 - INFO - 
2026-02-04 22:00:49,573 - INFO - Epoch 5/20
2026-02-04 22:00:49,573 - INFO -   Train Loss: 1.1155
2026-02-04 22:00:49,574 - INFO -   Val Loss:   1.1843
2026-02-04 22:00:49,574 - INFO -   LR:         0.000855
2026-02-04 22:00:49,574 - INFO - 
2026-02-04 22:00:51,181 - INFO - Epoch 6/20
2026-02-04 22:00:51,181 - INFO -   Train Loss: 1.1170
2026-02-04 22:00:51,181 - INFO -   Val Loss:   1.1543
2026-02-04 22:00:51,181 - INFO -   LR:         0.000796
2026-02-04 22:00:51,181 - INFO - 
2026-02-04 22:00:52,799 - INFO - Epoch 7/20
2026-02-04 22:00:52,799 - INFO -   Train Loss: 1.1229
2026-02-04 22:00:52,799 - INFO -   Val Loss:   1.1558
2026-02-04 22:00:52,799 - INFO -   LR:         0.000730
2026-02-04 22:00:52,800 - INFO - 
2026-02-04 22:00:52,800 - INFO - Early stopping triggered at epoch 7

2026-02-04 22:00:52,949 - INFO - Fold 3 complete. Best val loss: 1.1541

2026-02-04 22:00:52,950 - INFO - ============================================================
2026-02-04 22:00:52,950 - INFO - Fold 4/5
2026-02-04 22:00:52,950 - INFO - ============================================================
2026-02-04 22:00:52,950 - INFO - Train samples: 541, Val samples: 135

2026-02-04 22:00:54,577 - INFO - Epoch 1/20
2026-02-04 22:00:54,577 - INFO -   Train Loss: 1.1613
2026-02-04 22:00:54,578 - INFO -   Val Loss:   1.2488
2026-02-04 22:00:54,578 - INFO -   LR:         0.000994
2026-02-04 22:00:54,578 - INFO -   ** New best val loss: 1.2488
2026-02-04 22:00:54,584 - INFO - 
2026-02-04 22:00:56,198 - INFO - Epoch 2/20
2026-02-04 22:00:56,199 - INFO -   Train Loss: 1.1430
2026-02-04 22:00:56,199 - INFO -   Val Loss:   1.1848
2026-02-04 22:00:56,199 - INFO -   LR:         0.000976
2026-02-04 22:00:56,199 - INFO -   ** New best val loss: 1.1848
2026-02-04 22:00:56,205 - INFO - 
2026-02-04 22:00:57,831 - INFO - Epoch 3/20
2026-02-04 22:00:57,831 - INFO -   Train Loss: 1.1351
2026-02-04 22:00:57,831 - INFO -   Val Loss:   1.2689
2026-02-04 22:00:57,833 - INFO -   LR:         0.000946
2026-02-04 22:00:57,833 - INFO - 
2026-02-04 22:00:59,446 - INFO - Epoch 4/20
2026-02-04 22:00:59,448 - INFO -   Train Loss: 1.1332
2026-02-04 22:00:59,448 - INFO -   Val Loss:   1.2719
2026-02-04 22:00:59,448 - INFO -   LR:         0.000905
2026-02-04 22:00:59,448 - INFO - 
2026-02-04 22:01:01,060 - INFO - Epoch 5/20
2026-02-04 22:01:01,060 - INFO -   Train Loss: 1.1160
2026-02-04 22:01:01,061 - INFO -   Val Loss:   1.2821
2026-02-04 22:01:01,061 - INFO -   LR:         0.000855
2026-02-04 22:01:01,061 - INFO - 
2026-02-04 22:01:02,675 - INFO - Epoch 6/20
2026-02-04 22:01:02,675 - INFO -   Train Loss: 1.1179
2026-02-04 22:01:02,675 - INFO -   Val Loss:   1.2499
2026-02-04 22:01:02,675 - INFO -   LR:         0.000796
2026-02-04 22:01:02,675 - INFO - 
2026-02-04 22:01:04,299 - INFO - Epoch 7/20
2026-02-04 22:01:04,299 - INFO -   Train Loss: 1.1186
2026-02-04 22:01:04,299 - INFO -   Val Loss:   1.1694
2026-02-04 22:01:04,299 - INFO -   LR:         0.000730
2026-02-04 22:01:04,299 - INFO -   ** New best val loss: 1.1694
2026-02-04 22:01:04,305 - INFO - 
2026-02-04 22:01:05,889 - INFO - Epoch 8/20
2026-02-04 22:01:05,890 - INFO -   Train Loss: 1.1077
2026-02-04 22:01:05,890 - INFO -   Val Loss:   1.1822
2026-02-04 22:01:05,890 - INFO -   LR:         0.000658
2026-02-04 22:01:05,890 - INFO - 
2026-02-04 22:01:07,514 - INFO - Epoch 9/20
2026-02-04 22:01:07,516 - INFO -   Train Loss: 1.1188
2026-02-04 22:01:07,516 - INFO -   Val Loss:   1.1789
2026-02-04 22:01:07,516 - INFO -   LR:         0.000582
2026-02-04 22:01:07,516 - INFO - 
2026-02-04 22:01:09,317 - INFO - Epoch 10/20
2026-02-04 22:01:09,318 - INFO -   Train Loss: 1.1069
2026-02-04 22:01:09,318 - INFO -   Val Loss:   1.2113
2026-02-04 22:01:09,319 - INFO -   LR:         0.000505
2026-02-04 22:01:09,319 - INFO - 
2026-02-04 22:01:11,094 - INFO - Epoch 11/20
2026-02-04 22:01:11,094 - INFO -   Train Loss: 1.1039
2026-02-04 22:01:11,095 - INFO -   Val Loss:   1.2140
2026-02-04 22:01:11,095 - INFO -   LR:         0.000428
2026-02-04 22:01:11,095 - INFO - 
2026-02-04 22:01:12,715 - INFO - Epoch 12/20
2026-02-04 22:01:12,715 - INFO -   Train Loss: 1.1020
2026-02-04 22:01:12,715 - INFO -   Val Loss:   1.1675
2026-02-04 22:01:12,715 - INFO -   LR:         0.000352
2026-02-04 22:01:12,715 - INFO -   ** New best val loss: 1.1675
2026-02-04 22:01:12,722 - INFO - 
2026-02-04 22:01:14,353 - INFO - Epoch 13/20
2026-02-04 22:01:14,354 - INFO -   Train Loss: 1.1136
2026-02-04 22:01:14,354 - INFO -   Val Loss:   1.1794
2026-02-04 22:01:14,354 - INFO -   LR:         0.000280
2026-02-04 22:01:14,354 - INFO - 
2026-02-04 22:01:15,974 - INFO - Epoch 14/20
2026-02-04 22:01:15,975 - INFO -   Train Loss: 1.1086
2026-02-04 22:01:15,975 - INFO -   Val Loss:   1.1730
2026-02-04 22:01:15,975 - INFO -   LR:         0.000214
2026-02-04 22:01:15,975 - INFO - 
2026-02-04 22:01:17,601 - INFO - Epoch 15/20
2026-02-04 22:01:17,601 - INFO -   Train Loss: 1.1055
2026-02-04 22:01:17,602 - INFO -   Val Loss:   1.1607
2026-02-04 22:01:17,602 - INFO -   LR:         0.000155
2026-02-04 22:01:17,602 - INFO -   ** New best val loss: 1.1607
2026-02-04 22:01:17,608 - INFO - 
2026-02-04 22:01:19,209 - INFO - Epoch 16/20
2026-02-04 22:01:19,211 - INFO -   Train Loss: 1.1059
2026-02-04 22:01:19,211 - INFO -   Val Loss:   1.1648
2026-02-04 22:01:19,211 - INFO -   LR:         0.000105
2026-02-04 22:01:19,211 - INFO - 
2026-02-04 22:01:20,833 - INFO - Epoch 17/20
2026-02-04 22:01:20,834 - INFO -   Train Loss: 1.0953
2026-02-04 22:01:20,834 - INFO -   Val Loss:   1.1653
2026-02-04 22:01:20,834 - INFO -   LR:         0.000064
2026-02-04 22:01:20,834 - INFO - 
2026-02-04 22:01:22,436 - INFO - Epoch 18/20
2026-02-04 22:01:22,436 - INFO -   Train Loss: 1.0957
2026-02-04 22:01:22,437 - INFO -   Val Loss:   1.1637
2026-02-04 22:01:22,437 - INFO -   LR:         0.000034
2026-02-04 22:01:22,437 - INFO - 
2026-02-04 22:01:24,054 - INFO - Epoch 19/20
2026-02-04 22:01:24,055 - INFO -   Train Loss: 1.0934
2026-02-04 22:01:24,055 - INFO -   Val Loss:   1.1640
2026-02-04 22:01:24,055 - INFO -   LR:         0.000016
2026-02-04 22:01:24,055 - INFO - 
2026-02-04 22:01:25,647 - INFO - Epoch 20/20
2026-02-04 22:01:25,648 - INFO -   Train Loss: 1.0963
2026-02-04 22:01:25,648 - INFO -   Val Loss:   1.1640
2026-02-04 22:01:25,648 - INFO -   LR:         0.000010
2026-02-04 22:01:25,648 - INFO - 
2026-02-04 22:01:25,648 - INFO - Early stopping triggered at epoch 20

2026-02-04 22:01:25,796 - INFO - Fold 4 complete. Best val loss: 1.1607

2026-02-04 22:01:25,796 - INFO - ============================================================
2026-02-04 22:01:25,796 - INFO - Fold 5/5
2026-02-04 22:01:25,796 - INFO - ============================================================
2026-02-04 22:01:25,796 - INFO - Train samples: 541, Val samples: 135

2026-02-04 22:01:27,388 - INFO - Epoch 1/20
2026-02-04 22:01:27,389 - INFO -   Train Loss: 1.1668
2026-02-04 22:01:27,389 - INFO -   Val Loss:   1.2014
2026-02-04 22:01:27,389 - INFO -   LR:         0.000994
2026-02-04 22:01:27,389 - INFO -   ** New best val loss: 1.2014
2026-02-04 22:01:27,395 - INFO - 
2026-02-04 22:01:28,983 - INFO - Epoch 2/20
2026-02-04 22:01:28,983 - INFO -   Train Loss: 1.1360
2026-02-04 22:01:28,984 - INFO -   Val Loss:   1.0857
2026-02-04 22:01:28,984 - INFO -   LR:         0.000976
2026-02-04 22:01:28,984 - INFO -   ** New best val loss: 1.0857
2026-02-04 22:01:28,990 - INFO - 
2026-02-04 22:01:30,590 - INFO - Epoch 3/20
2026-02-04 22:01:30,590 - INFO -   Train Loss: 1.1336
2026-02-04 22:01:30,590 - INFO -   Val Loss:   1.1183
2026-02-04 22:01:30,590 - INFO -   LR:         0.000946
2026-02-04 22:01:30,590 - INFO - 
2026-02-04 22:01:32,197 - INFO - Epoch 4/20
2026-02-04 22:01:32,197 - INFO -   Train Loss: 1.1254
2026-02-04 22:01:32,197 - INFO -   Val Loss:   1.0975
2026-02-04 22:01:32,197 - INFO -   LR:         0.000905
2026-02-04 22:01:32,197 - INFO - 
2026-02-04 22:01:33,921 - INFO - Epoch 5/20
2026-02-04 22:01:33,921 - INFO -   Train Loss: 1.1158
2026-02-04 22:01:33,921 - INFO -   Val Loss:   1.1080
2026-02-04 22:01:33,921 - INFO -   LR:         0.000855
2026-02-04 22:01:33,921 - INFO - 
2026-02-04 22:01:35,565 - INFO - Epoch 6/20
2026-02-04 22:01:35,566 - INFO -   Train Loss: 1.1145
2026-02-04 22:01:35,566 - INFO -   Val Loss:   1.0786
2026-02-04 22:01:35,566 - INFO -   LR:         0.000796
2026-02-04 22:01:35,566 - INFO -   ** New best val loss: 1.0786
2026-02-04 22:01:35,572 - INFO - 
2026-02-04 22:01:37,168 - INFO - Epoch 7/20
2026-02-04 22:01:37,168 - INFO -   Train Loss: 1.1123
2026-02-04 22:01:37,169 - INFO -   Val Loss:   1.1276
2026-02-04 22:01:37,169 - INFO -   LR:         0.000730
2026-02-04 22:01:37,169 - INFO - 
2026-02-04 22:01:38,941 - INFO - Epoch 8/20
2026-02-04 22:01:38,941 - INFO -   Train Loss: 1.1132
2026-02-04 22:01:38,941 - INFO -   Val Loss:   1.2049
2026-02-04 22:01:38,941 - INFO -   LR:         0.000658
2026-02-04 22:01:38,941 - INFO - 
2026-02-04 22:01:40,707 - INFO - Epoch 9/20
2026-02-04 22:01:40,708 - INFO -   Train Loss: 1.1139
2026-02-04 22:01:40,708 - INFO -   Val Loss:   1.0984
2026-02-04 22:01:40,708 - INFO -   LR:         0.000582
2026-02-04 22:01:40,708 - INFO - 
2026-02-04 22:01:42,342 - INFO - Epoch 10/20
2026-02-04 22:01:42,343 - INFO -   Train Loss: 1.1108
2026-02-04 22:01:42,343 - INFO -   Val Loss:   1.1003
2026-02-04 22:01:42,343 - INFO -   LR:         0.000505
2026-02-04 22:01:42,343 - INFO - 
2026-02-04 22:01:43,952 - INFO - Epoch 11/20
2026-02-04 22:01:43,952 - INFO -   Train Loss: 1.0979
2026-02-04 22:01:43,954 - INFO -   Val Loss:   1.0723
2026-02-04 22:01:43,954 - INFO -   LR:         0.000428
2026-02-04 22:01:43,954 - INFO -   ** New best val loss: 1.0723
2026-02-04 22:01:43,959 - INFO - 
2026-02-04 22:01:45,593 - INFO - Epoch 12/20
2026-02-04 22:01:45,593 - INFO -   Train Loss: 1.1048
2026-02-04 22:01:45,594 - INFO -   Val Loss:   1.0735
2026-02-04 22:01:45,594 - INFO -   LR:         0.000352
2026-02-04 22:01:45,594 - INFO - 
2026-02-04 22:01:47,223 - INFO - Epoch 13/20
2026-02-04 22:01:47,223 - INFO -   Train Loss: 1.1067
2026-02-04 22:01:47,223 - INFO -   Val Loss:   1.0671
2026-02-04 22:01:47,223 - INFO -   LR:         0.000280
2026-02-04 22:01:47,223 - INFO -   ** New best val loss: 1.0671
2026-02-04 22:01:47,229 - INFO - 
2026-02-04 22:01:48,855 - INFO - Epoch 14/20
2026-02-04 22:01:48,856 - INFO -   Train Loss: 1.1046
2026-02-04 22:01:48,856 - INFO -   Val Loss:   1.0687
2026-02-04 22:01:48,856 - INFO -   LR:         0.000214
2026-02-04 22:01:48,856 - INFO - 
2026-02-04 22:01:50,476 - INFO - Epoch 15/20
2026-02-04 22:01:50,476 - INFO -   Train Loss: 1.1054
2026-02-04 22:01:50,476 - INFO -   Val Loss:   1.0684
2026-02-04 22:01:50,476 - INFO -   LR:         0.000155
2026-02-04 22:01:50,476 - INFO - 
2026-02-04 22:01:52,075 - INFO - Epoch 16/20
2026-02-04 22:01:52,076 - INFO -   Train Loss: 1.0943
2026-02-04 22:01:52,076 - INFO -   Val Loss:   1.0670
2026-02-04 22:01:52,076 - INFO -   LR:         0.000105
2026-02-04 22:01:52,076 - INFO -   ** New best val loss: 1.0670
2026-02-04 22:01:52,083 - INFO - 
2026-02-04 22:01:53,690 - INFO - Epoch 17/20
2026-02-04 22:01:53,692 - INFO -   Train Loss: 1.0929
2026-02-04 22:01:53,692 - INFO -   Val Loss:   1.0663
2026-02-04 22:01:53,692 - INFO -   LR:         0.000064
2026-02-04 22:01:53,692 - INFO -   ** New best val loss: 1.0663
2026-02-04 22:01:53,700 - INFO - 
2026-02-04 22:01:55,313 - INFO - Epoch 18/20
2026-02-04 22:01:55,314 - INFO -   Train Loss: 1.1024
2026-02-04 22:01:55,314 - INFO -   Val Loss:   1.0658
2026-02-04 22:01:55,314 - INFO -   LR:         0.000034
2026-02-04 22:01:55,314 - INFO -   ** New best val loss: 1.0658
2026-02-04 22:01:55,319 - INFO - 
2026-02-04 22:01:56,939 - INFO - Epoch 19/20
2026-02-04 22:01:56,939 - INFO -   Train Loss: 1.0883
2026-02-04 22:01:56,939 - INFO -   Val Loss:   1.0667
2026-02-04 22:01:56,939 - INFO -   LR:         0.000016
2026-02-04 22:01:56,939 - INFO - 
2026-02-04 22:01:58,562 - INFO - Epoch 20/20
2026-02-04 22:01:58,563 - INFO -   Train Loss: 1.0976
2026-02-04 22:01:58,563 - INFO -   Val Loss:   1.0668
2026-02-04 22:01:58,563 - INFO -   LR:         0.000010
2026-02-04 22:01:58,563 - INFO - 
2026-02-04 22:01:58,710 - INFO - Fold 5 complete. Best val loss: 1.0658

2026-02-04 22:01:58,713 - INFO - OOF predictions saved to: d:\workspace\MRes\NoiseRate\kfold_results\oof_predictions.npy
2026-02-04 22:01:58,713 - INFO - Shape: (676, 12)

2026-02-04 22:01:58,713 - INFO - 
============================================================
2026-02-04 22:01:58,713 - INFO - VALIDATION - GT LABELS
2026-02-04 22:01:58,713 - INFO - ============================================================

2026-02-04 22:01:58,750 - INFO - ============================================================
2026-02-04 22:01:58,750 - INFO - Per-Class AUROC (GT model)
2026-02-04 22:01:58,750 - INFO - ============================================================
2026-02-04 22:01:58,762 - INFO - ============================================================
2026-02-04 22:01:58,764 - INFO - CNN-GT - Per-Class AUROC
2026-02-04 22:01:58,764 - INFO - ============================================================
2026-02-04 22:01:58,764 - INFO - 
Pathology                           AUROC
2026-02-04 22:01:58,764 - INFO - ---------------------------------------------
2026-02-04 22:01:58,764 - INFO - Atelectasis                         0.540
2026-02-04 22:01:58,764 - INFO - Cardiomegaly                        0.602
2026-02-04 22:01:58,764 - INFO - Consolidation                       0.559
2026-02-04 22:01:58,764 - INFO - Edema                               0.637
2026-02-04 22:01:58,764 - INFO - Enlarged Cardiomediastinum          0.606
2026-02-04 22:01:58,764 - INFO - Fracture                            0.639
2026-02-04 22:01:58,765 - INFO - Lung Lesion                         0.543
2026-02-04 22:01:58,765 - INFO - Lung Opacity                        0.556
2026-02-04 22:01:58,765 - INFO - Pleural Effusion                    0.580
2026-02-04 22:01:58,765 - INFO - Pleural Other                       0.643
2026-02-04 22:01:58,765 - INFO - Pneumonia                           0.546
2026-02-04 22:01:58,765 - INFO - Pneumothorax                        0.594
2026-02-04 22:01:58,765 - INFO - ---------------------------------------------
2026-02-04 22:01:58,765 - INFO - Mean AUROC                          0.587
2026-02-04 22:01:58,765 - INFO - 
2026-02-04 22:01:58,765 - INFO - ============================================================
2026-02-04 22:01:58,765 - INFO - Per-Class Noise Analysis
2026-02-04 22:01:58,765 - INFO - ============================================================

2026-02-04 22:01:58,765 - INFO - ============================================================
2026-02-04 22:01:58,766 - INFO - Per-Class Noise Analysis (GT labels)
2026-02-04 22:01:58,766 - INFO - ============================================================
2026-02-04 22:01:58,766 - INFO - 
Analyzing 12 pathology classes individually...
2026-02-04 22:03:17,284 - INFO - 
Per-class noise rates:
2026-02-04 22:03:17,285 - INFO - Pathology                      Positive Negative  Issues     Rate
2026-02-04 22:03:17,285 - INFO - ----------------------------------------------------------------------
2026-02-04 22:03:17,285 - INFO - Atelectasis                         232      444    338    50.0%
2026-02-04 22:03:17,285 - INFO - Cardiomegaly                        185      491    285    42.2%
2026-02-04 22:03:17,285 - INFO - Consolidation                        77      599    271    40.1%
2026-02-04 22:03:17,285 - INFO - Edema                               184      492    280    41.4%
2026-02-04 22:03:17,285 - INFO - Enlarged Cardiomediastinum           70      606    285    42.2%
2026-02-04 22:03:17,286 - INFO - Fracture                             43      633    264    39.1%
2026-02-04 22:03:17,286 - INFO - Lung Lesion                          56      620    304    45.0%
2026-02-04 22:03:17,286 - INFO - Lung Opacity                        167      509    243    35.9%
2026-02-04 22:03:17,286 - INFO - Pleural Effusion                    283      393    281    41.6%
2026-02-04 22:03:17,286 - INFO - Pleural Other                        28      648    226    33.4%
2026-02-04 22:03:17,286 - INFO - Pneumonia                           143      533    262    38.8%
2026-02-04 22:03:17,286 - INFO - Pneumothorax                         45      631    121    17.9%
2026-02-04 22:03:17,286 - INFO - 
2026-02-04 22:03:17,289 - INFO - Issue IDs saved to: d:\workspace\MRes\NoiseRate\kfold_results\issues_gt_20260204_220317.txt
2026-02-04 22:03:17,293 - INFO - Results saved to: d:\workspace\MRes\NoiseRate\kfold_results\cnn_gt_results_20260204_220317.csv

2026-02-04 22:03:17,293 - INFO - 
============================================================
2026-02-04 22:03:17,294 - INFO - GT TRAINING AND VALIDATION - COMPLETE
2026-02-04 22:03:17,294 - INFO - ============================================================

