2026-02-04 00:15:16,123 - INFO - Logging initialized. Log file: d:\workspace\MRes\NoiseRate\kfold_results\logs\kfold_training_20260204_001516.log
2026-02-04 00:15:16,123 - INFO - 
============================================================
2026-02-04 00:15:16,123 - INFO - K-FOLD TRAINING - START
2026-02-04 00:15:16,123 - INFO - ============================================================

2026-02-04 00:15:16,141 - INFO - Using device: cuda

2026-02-04 00:15:16,143 - INFO - ============================================================
2026-02-04 00:15:16,143 - INFO - Loading and Preparing Data
2026-02-04 00:15:16,143 - INFO - ============================================================
2026-02-04 00:15:16,144 - INFO - Loading metadata from: d:/workspace/MRes/datasets/mimic-cxr-clean/gt/metadata.csv
2026-02-04 00:15:16,150 - INFO - Loaded 1029 samples
2026-02-04 00:15:16,151 - INFO - Filtering for ViewPosition: ['AP', 'PA']
2026-02-04 00:15:16,152 - INFO - After filtering: 676 samples

2026-02-04 00:15:16,302 - INFO - Using 12 CheXpert pathology columns
2026-02-04 00:15:16,302 - INFO - Applying uncertain label strategy: u_zeros
2026-02-04 00:15:16,305 - INFO - Labels shape: (676, 12)

2026-02-04 00:15:16,307 - INFO - Creating 5-fold stratified splits...
2026-02-04 00:15:16,308 - INFO - Created 5 folds
2026-02-04 00:15:16,308 - INFO -   Fold 1: 540 train, 136 val
2026-02-04 00:15:16,308 - INFO -   Fold 2: 541 train, 135 val
2026-02-04 00:15:16,308 - INFO -   Fold 3: 541 train, 135 val
2026-02-04 00:15:16,308 - INFO -   Fold 4: 541 train, 135 val
2026-02-04 00:15:16,308 - INFO -   Fold 5: 541 train, 135 val
2026-02-04 00:15:16,308 - INFO - 
2026-02-04 00:15:16,309 - INFO - ============================================================
2026-02-04 00:15:16,309 - INFO - Training Fold 1/5
2026-02-04 00:15:16,309 - INFO - ============================================================
2026-02-04 00:15:16,310 - INFO - Train batches: 17, Val batches: 5
2026-02-04 00:15:16,393 - INFO - Model parameters: 391,404
2026-02-04 00:15:16,394 - INFO - Computed pos_weight: [ 2.576159   3.6956522 13.594595   3.8214285 15.875     14.882353
 15.363636   2.8297873  1.5352113 26.        10.489362  18.285715 ]
2026-02-04 00:15:16,394 - INFO - 
Epoch 1/20
2026-02-04 00:15:16,395 - INFO - ----------------------------------------
2026-02-04 00:15:18,846 - INFO -   Train Loss: 1.2182
2026-02-04 00:15:18,846 - INFO -   Val Loss:   1.2890
2026-02-04 00:15:18,846 - INFO -   LR:         0.000994
2026-02-04 00:15:18,846 - INFO -   ** New best val loss: 1.2890
2026-02-04 00:15:18,846 - INFO - 
Epoch 2/20
2026-02-04 00:15:18,848 - INFO - ----------------------------------------
2026-02-04 00:15:20,673 - INFO -   Train Loss: 1.1911
2026-02-04 00:15:20,673 - INFO -   Val Loss:   1.2013
2026-02-04 00:15:20,674 - INFO -   LR:         0.000976
2026-02-04 00:15:20,674 - INFO -   ** New best val loss: 1.2013
2026-02-04 00:15:20,674 - INFO - 
Epoch 3/20
2026-02-04 00:15:20,674 - INFO - ----------------------------------------
2026-02-04 00:15:22,450 - INFO -   Train Loss: 1.1723
2026-02-04 00:15:22,450 - INFO -   Val Loss:   1.2653
2026-02-04 00:15:22,450 - INFO -   LR:         0.000946
2026-02-04 00:15:22,450 - INFO - 
Epoch 4/20
2026-02-04 00:15:22,450 - INFO - ----------------------------------------
2026-02-04 00:15:24,314 - INFO -   Train Loss: 1.1655
2026-02-04 00:15:24,314 - INFO -   Val Loss:   1.2894
2026-02-04 00:15:24,314 - INFO -   LR:         0.000905
2026-02-04 00:15:24,314 - INFO - 
Epoch 5/20
2026-02-04 00:15:24,314 - INFO - ----------------------------------------
2026-02-04 00:15:26,131 - INFO -   Train Loss: 1.1720
2026-02-04 00:15:26,131 - INFO -   Val Loss:   1.1984
2026-02-04 00:15:26,131 - INFO -   LR:         0.000855
2026-02-04 00:15:26,131 - INFO -   ** New best val loss: 1.1984
2026-02-04 00:15:26,132 - INFO - 
Epoch 6/20
2026-02-04 00:15:26,132 - INFO - ----------------------------------------
2026-02-04 00:15:27,835 - INFO -   Train Loss: 1.1589
2026-02-04 00:15:27,835 - INFO -   Val Loss:   1.1915
2026-02-04 00:15:27,835 - INFO -   LR:         0.000796
2026-02-04 00:15:27,835 - INFO -   ** New best val loss: 1.1915
2026-02-04 00:15:27,836 - INFO - 
Epoch 7/20
2026-02-04 00:15:27,836 - INFO - ----------------------------------------
2026-02-04 00:15:29,587 - INFO -   Train Loss: 1.1473
2026-02-04 00:15:29,588 - INFO -   Val Loss:   1.2361
2026-02-04 00:15:29,588 - INFO -   LR:         0.000730
2026-02-04 00:15:29,588 - INFO - 
Epoch 8/20
2026-02-04 00:15:29,588 - INFO - ----------------------------------------
2026-02-04 00:15:31,563 - INFO -   Train Loss: 1.1497
2026-02-04 00:15:31,563 - INFO -   Val Loss:   1.2016
2026-02-04 00:15:31,563 - INFO -   LR:         0.000658
2026-02-04 00:15:31,563 - INFO - 
Epoch 9/20
2026-02-04 00:15:31,563 - INFO - ----------------------------------------
2026-02-04 00:15:33,306 - INFO -   Train Loss: 1.1569
2026-02-04 00:15:33,306 - INFO -   Val Loss:   1.1990
2026-02-04 00:15:33,306 - INFO -   LR:         0.000582
2026-02-04 00:15:33,306 - INFO - 
Epoch 10/20
2026-02-04 00:15:33,306 - INFO - ----------------------------------------
2026-02-04 00:15:35,124 - INFO -   Train Loss: 1.1465
2026-02-04 00:15:35,124 - INFO -   Val Loss:   1.2332
2026-02-04 00:15:35,124 - INFO -   LR:         0.000505
2026-02-04 00:15:35,125 - INFO - 
Epoch 11/20
2026-02-04 00:15:35,125 - INFO - ----------------------------------------
2026-02-04 00:15:37,077 - INFO -   Train Loss: 1.1379
2026-02-04 00:15:37,077 - INFO -   Val Loss:   1.1775
2026-02-04 00:15:37,078 - INFO -   LR:         0.000428
2026-02-04 00:15:37,078 - INFO -   ** New best val loss: 1.1775
2026-02-04 00:15:37,078 - INFO - 
Epoch 12/20
2026-02-04 00:15:37,078 - INFO - ----------------------------------------
2026-02-04 00:15:39,013 - INFO -   Train Loss: 1.1415
2026-02-04 00:15:39,013 - INFO -   Val Loss:   1.2044
2026-02-04 00:15:39,013 - INFO -   LR:         0.000352
2026-02-04 00:15:39,013 - INFO - 
Epoch 13/20
2026-02-04 00:15:39,013 - INFO - ----------------------------------------
2026-02-04 00:15:40,719 - INFO -   Train Loss: 1.1305
2026-02-04 00:15:40,719 - INFO -   Val Loss:   1.1731
2026-02-04 00:15:40,719 - INFO -   LR:         0.000280
2026-02-04 00:15:40,720 - INFO -   ** New best val loss: 1.1731
2026-02-04 00:15:40,720 - INFO - 
Epoch 14/20
2026-02-04 00:15:40,720 - INFO - ----------------------------------------
2026-02-04 00:15:42,641 - INFO -   Train Loss: 1.1409
2026-02-04 00:15:42,641 - INFO -   Val Loss:   1.2082
2026-02-04 00:15:42,641 - INFO -   LR:         0.000214
2026-02-04 00:15:42,642 - INFO - 
Epoch 15/20
2026-02-04 00:15:42,642 - INFO - ----------------------------------------
2026-02-04 00:15:44,627 - INFO -   Train Loss: 1.1331
2026-02-04 00:15:44,627 - INFO -   Val Loss:   1.1889
2026-02-04 00:15:44,628 - INFO -   LR:         0.000155
2026-02-04 00:15:44,628 - INFO - 
Epoch 16/20
2026-02-04 00:15:44,628 - INFO - ----------------------------------------
2026-02-04 00:15:46,331 - INFO -   Train Loss: 1.1273
2026-02-04 00:15:46,331 - INFO -   Val Loss:   1.1760
2026-02-04 00:15:46,331 - INFO -   LR:         0.000105
2026-02-04 00:15:46,331 - INFO - 
Epoch 17/20
2026-02-04 00:15:46,332 - INFO - ----------------------------------------
2026-02-04 00:15:48,001 - INFO -   Train Loss: 1.1311
2026-02-04 00:15:48,001 - INFO -   Val Loss:   1.1827
2026-02-04 00:15:48,001 - INFO -   LR:         0.000064
2026-02-04 00:15:48,002 - INFO - 
Epoch 18/20
2026-02-04 00:15:48,002 - INFO - ----------------------------------------
2026-02-04 00:15:49,674 - INFO -   Train Loss: 1.1234
2026-02-04 00:15:49,674 - INFO -   Val Loss:   1.1883
2026-02-04 00:15:49,674 - INFO -   LR:         0.000034
2026-02-04 00:15:49,674 - INFO - 
Early stopping triggered at epoch 18
2026-02-04 00:15:49,812 - INFO - 
Model saved to: d:\workspace\MRes\NoiseRate\kfold_results\models\fold_1_model.pth
2026-02-04 00:15:49,812 - INFO - ============================================================
2026-02-04 00:15:49,812 - INFO - Training Fold 2/5
2026-02-04 00:15:49,813 - INFO - ============================================================
2026-02-04 00:15:49,813 - INFO - Train batches: 17, Val batches: 5
2026-02-04 00:15:49,817 - INFO - Model parameters: 391,404
2026-02-04 00:15:49,818 - INFO - Computed pos_weight: [ 2.5592105  3.5083334 10.76087    4.0560746 14.911765  14.911765
 11.581395   3.1615384  1.5518868 23.59091   13.236842  19.807692 ]
2026-02-04 00:15:49,818 - INFO - 
Epoch 1/20
2026-02-04 00:15:49,819 - INFO - ----------------------------------------
2026-02-04 00:15:51,486 - INFO -   Train Loss: 1.2236
2026-02-04 00:15:51,486 - INFO -   Val Loss:   1.1473
2026-02-04 00:15:51,486 - INFO -   LR:         0.000994
2026-02-04 00:15:51,487 - INFO -   ** New best val loss: 1.1473
2026-02-04 00:15:51,487 - INFO - 
Epoch 2/20
2026-02-04 00:15:51,487 - INFO - ----------------------------------------
2026-02-04 00:15:53,218 - INFO -   Train Loss: 1.1757
2026-02-04 00:15:53,219 - INFO -   Val Loss:   1.1438
2026-02-04 00:15:53,219 - INFO -   LR:         0.000976
2026-02-04 00:15:53,219 - INFO -   ** New best val loss: 1.1438
2026-02-04 00:15:53,219 - INFO - 
Epoch 3/20
2026-02-04 00:15:53,219 - INFO - ----------------------------------------
2026-02-04 00:15:54,904 - INFO -   Train Loss: 1.1771
2026-02-04 00:15:54,904 - INFO -   Val Loss:   1.1517
2026-02-04 00:15:54,904 - INFO -   LR:         0.000946
2026-02-04 00:15:54,905 - INFO - 
Epoch 4/20
2026-02-04 00:15:54,905 - INFO - ----------------------------------------
2026-02-04 00:15:56,594 - INFO -   Train Loss: 1.1742
2026-02-04 00:15:56,594 - INFO -   Val Loss:   1.1393
2026-02-04 00:15:56,594 - INFO -   LR:         0.000905
2026-02-04 00:15:56,594 - INFO -   ** New best val loss: 1.1393
2026-02-04 00:15:56,595 - INFO - 
Epoch 5/20
2026-02-04 00:15:56,595 - INFO - ----------------------------------------
2026-02-04 00:15:58,267 - INFO -   Train Loss: 1.1573
2026-02-04 00:15:58,267 - INFO -   Val Loss:   1.1552
2026-02-04 00:15:58,267 - INFO -   LR:         0.000855
2026-02-04 00:15:58,267 - INFO - 
Epoch 6/20
2026-02-04 00:15:58,267 - INFO - ----------------------------------------
2026-02-04 00:15:59,948 - INFO -   Train Loss: 1.1544
2026-02-04 00:15:59,948 - INFO -   Val Loss:   1.1527
2026-02-04 00:15:59,948 - INFO -   LR:         0.000796
2026-02-04 00:15:59,948 - INFO - 
Epoch 7/20
2026-02-04 00:15:59,948 - INFO - ----------------------------------------
2026-02-04 00:16:01,637 - INFO -   Train Loss: 1.1597
2026-02-04 00:16:01,637 - INFO -   Val Loss:   1.1269
2026-02-04 00:16:01,637 - INFO -   LR:         0.000730
2026-02-04 00:16:01,637 - INFO -   ** New best val loss: 1.1269
2026-02-04 00:16:01,637 - INFO - 
Epoch 8/20
2026-02-04 00:16:01,639 - INFO - ----------------------------------------
2026-02-04 00:16:03,337 - INFO -   Train Loss: 1.1477
2026-02-04 00:16:03,337 - INFO -   Val Loss:   1.2260
2026-02-04 00:16:03,337 - INFO -   LR:         0.000658
2026-02-04 00:16:03,337 - INFO - 
Epoch 9/20
2026-02-04 00:16:03,337 - INFO - ----------------------------------------
2026-02-04 00:16:05,048 - INFO -   Train Loss: 1.1462
2026-02-04 00:16:05,048 - INFO -   Val Loss:   1.1333
2026-02-04 00:16:05,049 - INFO -   LR:         0.000582
2026-02-04 00:16:05,049 - INFO - 
Epoch 10/20
2026-02-04 00:16:05,049 - INFO - ----------------------------------------
2026-02-04 00:16:06,722 - INFO -   Train Loss: 1.1409
2026-02-04 00:16:06,723 - INFO -   Val Loss:   1.1439
2026-02-04 00:16:06,723 - INFO -   LR:         0.000505
2026-02-04 00:16:06,723 - INFO - 
Epoch 11/20
2026-02-04 00:16:06,723 - INFO - ----------------------------------------
2026-02-04 00:16:08,430 - INFO -   Train Loss: 1.1465
2026-02-04 00:16:08,430 - INFO -   Val Loss:   1.1485
2026-02-04 00:16:08,431 - INFO -   LR:         0.000428
2026-02-04 00:16:08,431 - INFO - 
Epoch 12/20
2026-02-04 00:16:08,431 - INFO - ----------------------------------------
2026-02-04 00:16:10,158 - INFO -   Train Loss: 1.1449
2026-02-04 00:16:10,158 - INFO -   Val Loss:   1.1675
2026-02-04 00:16:10,158 - INFO -   LR:         0.000352
2026-02-04 00:16:10,159 - INFO - 
Early stopping triggered at epoch 12
2026-02-04 00:16:10,284 - INFO - 
Model saved to: d:\workspace\MRes\NoiseRate\kfold_results\models\fold_2_model.pth
2026-02-04 00:16:10,284 - INFO - ============================================================
2026-02-04 00:16:10,285 - INFO - Training Fold 3/5
2026-02-04 00:16:10,285 - INFO - ============================================================
2026-02-04 00:16:10,286 - INFO - Train batches: 17, Val batches: 5
2026-02-04 00:16:10,289 - INFO - Model parameters: 391,404
2026-02-04 00:16:10,290 - INFO - Computed pos_weight: [ 2.5827816  3.9633029 11.581395   3.663793  17.655172  15.393939
 12.525      3.0676692  1.6915423 22.52174   13.236842  19.807692 ]
2026-02-04 00:16:10,290 - INFO - 
Epoch 1/20
2026-02-04 00:16:10,290 - INFO - ----------------------------------------
2026-02-04 00:16:12,137 - INFO -   Train Loss: 1.2239
2026-02-04 00:16:12,137 - INFO -   Val Loss:   1.2387
2026-02-04 00:16:12,137 - INFO -   LR:         0.000994
2026-02-04 00:16:12,138 - INFO -   ** New best val loss: 1.2387
2026-02-04 00:16:12,138 - INFO - 
Epoch 2/20
2026-02-04 00:16:12,138 - INFO - ----------------------------------------
2026-02-04 00:16:14,013 - INFO -   Train Loss: 1.1988
2026-02-04 00:16:14,013 - INFO -   Val Loss:   1.1995
2026-02-04 00:16:14,013 - INFO -   LR:         0.000976
2026-02-04 00:16:14,013 - INFO -   ** New best val loss: 1.1995
2026-02-04 00:16:14,014 - INFO - 
Epoch 3/20
2026-02-04 00:16:14,014 - INFO - ----------------------------------------
2026-02-04 00:16:15,705 - INFO -   Train Loss: 1.1879
2026-02-04 00:16:15,705 - INFO -   Val Loss:   1.1917
2026-02-04 00:16:15,705 - INFO -   LR:         0.000946
2026-02-04 00:16:15,705 - INFO -   ** New best val loss: 1.1917
2026-02-04 00:16:15,706 - INFO - 
Epoch 4/20
2026-02-04 00:16:15,706 - INFO - ----------------------------------------
2026-02-04 00:16:17,390 - INFO -   Train Loss: 1.1767
2026-02-04 00:16:17,391 - INFO -   Val Loss:   1.1855
2026-02-04 00:16:17,391 - INFO -   LR:         0.000905
2026-02-04 00:16:17,391 - INFO -   ** New best val loss: 1.1855
2026-02-04 00:16:17,391 - INFO - 
Epoch 5/20
2026-02-04 00:16:17,391 - INFO - ----------------------------------------
2026-02-04 00:16:19,083 - INFO -   Train Loss: 1.1711
2026-02-04 00:16:19,083 - INFO -   Val Loss:   1.1993
2026-02-04 00:16:19,083 - INFO -   LR:         0.000855
2026-02-04 00:16:19,083 - INFO - 
Epoch 6/20
2026-02-04 00:16:19,083 - INFO - ----------------------------------------
2026-02-04 00:16:20,775 - INFO -   Train Loss: 1.1641
2026-02-04 00:16:20,775 - INFO -   Val Loss:   1.1796
2026-02-04 00:16:20,775 - INFO -   LR:         0.000796
2026-02-04 00:16:20,775 - INFO -   ** New best val loss: 1.1796
2026-02-04 00:16:20,776 - INFO - 
Epoch 7/20
2026-02-04 00:16:20,776 - INFO - ----------------------------------------
2026-02-04 00:16:22,460 - INFO -   Train Loss: 1.1722
2026-02-04 00:16:22,461 - INFO -   Val Loss:   1.2560
2026-02-04 00:16:22,461 - INFO -   LR:         0.000730
2026-02-04 00:16:22,461 - INFO - 
Epoch 8/20
2026-02-04 00:16:22,461 - INFO - ----------------------------------------
2026-02-04 00:16:24,154 - INFO -   Train Loss: 1.1605
2026-02-04 00:16:24,154 - INFO -   Val Loss:   1.1728
2026-02-04 00:16:24,154 - INFO -   LR:         0.000658
2026-02-04 00:16:24,154 - INFO -   ** New best val loss: 1.1728
2026-02-04 00:16:24,155 - INFO - 
Epoch 9/20
2026-02-04 00:16:24,155 - INFO - ----------------------------------------
2026-02-04 00:16:25,944 - INFO -   Train Loss: 1.1691
2026-02-04 00:16:25,945 - INFO -   Val Loss:   1.1639
2026-02-04 00:16:25,945 - INFO -   LR:         0.000582
2026-02-04 00:16:25,945 - INFO -   ** New best val loss: 1.1639
2026-02-04 00:16:25,945 - INFO - 
Epoch 10/20
2026-02-04 00:16:25,945 - INFO - ----------------------------------------
2026-02-04 00:16:27,699 - INFO -   Train Loss: 1.1601
2026-02-04 00:16:27,700 - INFO -   Val Loss:   1.1904
2026-02-04 00:16:27,700 - INFO -   LR:         0.000505
2026-02-04 00:16:27,701 - INFO - 
Epoch 11/20
2026-02-04 00:16:27,701 - INFO - ----------------------------------------
2026-02-04 00:16:29,388 - INFO -   Train Loss: 1.1708
2026-02-04 00:16:29,389 - INFO -   Val Loss:   1.2114
2026-02-04 00:16:29,389 - INFO -   LR:         0.000428
2026-02-04 00:16:29,389 - INFO - 
Epoch 12/20
2026-02-04 00:16:29,389 - INFO - ----------------------------------------
2026-02-04 00:16:31,098 - INFO -   Train Loss: 1.1617
2026-02-04 00:16:31,098 - INFO -   Val Loss:   1.1626
2026-02-04 00:16:31,098 - INFO -   LR:         0.000352
2026-02-04 00:16:31,098 - INFO -   ** New best val loss: 1.1626
2026-02-04 00:16:31,098 - INFO - 
Epoch 13/20
2026-02-04 00:16:31,099 - INFO - ----------------------------------------
2026-02-04 00:16:32,792 - INFO -   Train Loss: 1.1639
2026-02-04 00:16:32,792 - INFO -   Val Loss:   1.1607
2026-02-04 00:16:32,792 - INFO -   LR:         0.000280
2026-02-04 00:16:32,792 - INFO -   ** New best val loss: 1.1607
2026-02-04 00:16:32,793 - INFO - 
Epoch 14/20
2026-02-04 00:16:32,793 - INFO - ----------------------------------------
2026-02-04 00:16:34,466 - INFO -   Train Loss: 1.1558
2026-02-04 00:16:34,466 - INFO -   Val Loss:   1.1641
2026-02-04 00:16:34,466 - INFO -   LR:         0.000214
2026-02-04 00:16:34,466 - INFO - 
Epoch 15/20
2026-02-04 00:16:34,466 - INFO - ----------------------------------------
2026-02-04 00:16:36,180 - INFO -   Train Loss: 1.1422
2026-02-04 00:16:36,180 - INFO -   Val Loss:   1.1634
2026-02-04 00:16:36,180 - INFO -   LR:         0.000155
2026-02-04 00:16:36,181 - INFO - 
Epoch 16/20
2026-02-04 00:16:36,181 - INFO - ----------------------------------------
2026-02-04 00:16:37,879 - INFO -   Train Loss: 1.1464
2026-02-04 00:16:37,879 - INFO -   Val Loss:   1.1645
2026-02-04 00:16:37,879 - INFO -   LR:         0.000105
2026-02-04 00:16:37,879 - INFO - 
Epoch 17/20
2026-02-04 00:16:37,880 - INFO - ----------------------------------------
2026-02-04 00:16:39,577 - INFO -   Train Loss: 1.1472
2026-02-04 00:16:39,577 - INFO -   Val Loss:   1.1660
2026-02-04 00:16:39,577 - INFO -   LR:         0.000064
2026-02-04 00:16:39,577 - INFO - 
Epoch 18/20
2026-02-04 00:16:39,577 - INFO - ----------------------------------------
2026-02-04 00:16:41,371 - INFO -   Train Loss: 1.1402
2026-02-04 00:16:41,372 - INFO -   Val Loss:   1.1650
2026-02-04 00:16:41,372 - INFO -   LR:         0.000034
2026-02-04 00:16:41,372 - INFO - 
Early stopping triggered at epoch 18
2026-02-04 00:16:41,501 - INFO - 
Model saved to: d:\workspace\MRes\NoiseRate\kfold_results\models\fold_3_model.pth
2026-02-04 00:16:41,502 - INFO - ============================================================
2026-02-04 00:16:41,502 - INFO - Training Fold 4/5
2026-02-04 00:16:41,502 - INFO - ============================================================
2026-02-04 00:16:41,502 - INFO - Train batches: 17, Val batches: 5
2026-02-04 00:16:41,508 - INFO - Model parameters: 391,404
2026-02-04 00:16:41,509 - INFO - Computed pos_weight: [ 2.5827816  3.4710743 14.027778   3.5083334 17.655172  16.451612
 14.027778   2.9779413  1.5761905 20.64      11.295455  16.451612 ]
2026-02-04 00:16:41,509 - INFO - 
Epoch 1/20
2026-02-04 00:16:41,509 - INFO - ----------------------------------------
2026-02-04 00:16:43,345 - INFO -   Train Loss: 1.2159
2026-02-04 00:16:43,346 - INFO -   Val Loss:   1.1831
2026-02-04 00:16:43,346 - INFO -   LR:         0.000994
2026-02-04 00:16:43,346 - INFO -   ** New best val loss: 1.1831
2026-02-04 00:16:43,346 - INFO - 
Epoch 2/20
2026-02-04 00:16:43,346 - INFO - ----------------------------------------
2026-02-04 00:16:45,105 - INFO -   Train Loss: 1.1859
2026-02-04 00:16:45,105 - INFO -   Val Loss:   1.1792
2026-02-04 00:16:45,105 - INFO -   LR:         0.000976
2026-02-04 00:16:45,106 - INFO -   ** New best val loss: 1.1792
2026-02-04 00:16:45,106 - INFO - 
Epoch 3/20
2026-02-04 00:16:45,106 - INFO - ----------------------------------------
2026-02-04 00:16:47,169 - INFO -   Train Loss: 1.1650
2026-02-04 00:16:47,169 - INFO -   Val Loss:   1.1702
2026-02-04 00:16:47,169 - INFO -   LR:         0.000946
2026-02-04 00:16:47,169 - INFO -   ** New best val loss: 1.1702
2026-02-04 00:16:47,170 - INFO - 
Epoch 4/20
2026-02-04 00:16:47,170 - INFO - ----------------------------------------
2026-02-04 00:16:48,856 - INFO -   Train Loss: 1.1669
2026-02-04 00:16:48,856 - INFO -   Val Loss:   1.1521
2026-02-04 00:16:48,856 - INFO -   LR:         0.000905
2026-02-04 00:16:48,856 - INFO -   ** New best val loss: 1.1521
2026-02-04 00:16:48,858 - INFO - 
Epoch 5/20
2026-02-04 00:16:48,858 - INFO - ----------------------------------------
2026-02-04 00:16:50,552 - INFO -   Train Loss: 1.1598
2026-02-04 00:16:50,552 - INFO -   Val Loss:   1.1435
2026-02-04 00:16:50,552 - INFO -   LR:         0.000855
2026-02-04 00:16:50,552 - INFO -   ** New best val loss: 1.1435
2026-02-04 00:16:50,552 - INFO - 
Epoch 6/20
2026-02-04 00:16:50,553 - INFO - ----------------------------------------
2026-02-04 00:16:52,251 - INFO -   Train Loss: 1.1545
2026-02-04 00:16:52,251 - INFO -   Val Loss:   1.1887
2026-02-04 00:16:52,251 - INFO -   LR:         0.000796
2026-02-04 00:16:52,252 - INFO - 
Epoch 7/20
2026-02-04 00:16:52,252 - INFO - ----------------------------------------
2026-02-04 00:16:53,922 - INFO -   Train Loss: 1.1478
2026-02-04 00:16:53,922 - INFO -   Val Loss:   1.1846
2026-02-04 00:16:53,922 - INFO -   LR:         0.000730
2026-02-04 00:16:53,923 - INFO - 
Epoch 8/20
2026-02-04 00:16:53,923 - INFO - ----------------------------------------
2026-02-04 00:16:55,609 - INFO -   Train Loss: 1.1597
2026-02-04 00:16:55,610 - INFO -   Val Loss:   1.1509
2026-02-04 00:16:55,610 - INFO -   LR:         0.000658
2026-02-04 00:16:55,610 - INFO - 
Epoch 9/20
2026-02-04 00:16:55,610 - INFO - ----------------------------------------
2026-02-04 00:16:57,337 - INFO -   Train Loss: 1.1456
2026-02-04 00:16:57,337 - INFO -   Val Loss:   1.1561
2026-02-04 00:16:57,337 - INFO -   LR:         0.000582
2026-02-04 00:16:57,338 - INFO - 
Epoch 10/20
2026-02-04 00:16:57,338 - INFO - ----------------------------------------
2026-02-04 00:16:59,004 - INFO -   Train Loss: 1.1444
2026-02-04 00:16:59,004 - INFO -   Val Loss:   1.1549
2026-02-04 00:16:59,004 - INFO -   LR:         0.000505
2026-02-04 00:16:59,004 - INFO - 
Early stopping triggered at epoch 10
2026-02-04 00:16:59,133 - INFO - 
Model saved to: d:\workspace\MRes\NoiseRate\kfold_results\models\fold_4_model.pth
2026-02-04 00:16:59,133 - INFO - ============================================================
2026-02-04 00:16:59,135 - INFO - Training Fold 5/5
2026-02-04 00:16:59,135 - INFO - ============================================================
2026-02-04 00:16:59,135 - INFO - Train batches: 17, Val batches: 5
2026-02-04 00:16:59,139 - INFO - Model parameters: 391,404
2026-02-04 00:16:59,140 - INFO - Computed pos_weight: [ 2.5827816  3.5462184 11.880953   3.9633029 15.90625   15.90625
 14.027778   3.2265625  1.6519607 23.59091   12.195122  20.64     ]
2026-02-04 00:16:59,140 - INFO - 
Epoch 1/20
2026-02-04 00:16:59,140 - INFO - ----------------------------------------
2026-02-04 00:17:00,820 - INFO -   Train Loss: 1.2412
2026-02-04 00:17:00,821 - INFO -   Val Loss:   1.2457
2026-02-04 00:17:00,821 - INFO -   LR:         0.000994
2026-02-04 00:17:00,821 - INFO -   ** New best val loss: 1.2457
2026-02-04 00:17:00,822 - INFO - 
Epoch 2/20
2026-02-04 00:17:00,822 - INFO - ----------------------------------------
2026-02-04 00:17:02,511 - INFO -   Train Loss: 1.1983
2026-02-04 00:17:02,511 - INFO -   Val Loss:   1.2273
2026-02-04 00:17:02,511 - INFO -   LR:         0.000976
2026-02-04 00:17:02,513 - INFO -   ** New best val loss: 1.2273
2026-02-04 00:17:02,513 - INFO - 
Epoch 3/20
2026-02-04 00:17:02,513 - INFO - ----------------------------------------
2026-02-04 00:17:04,217 - INFO -   Train Loss: 1.1949
2026-02-04 00:17:04,218 - INFO -   Val Loss:   1.2319
2026-02-04 00:17:04,218 - INFO -   LR:         0.000946
2026-02-04 00:17:04,218 - INFO - 
Epoch 4/20
2026-02-04 00:17:04,218 - INFO - ----------------------------------------
2026-02-04 00:17:05,882 - INFO -   Train Loss: 1.1755
2026-02-04 00:17:05,882 - INFO -   Val Loss:   1.2146
2026-02-04 00:17:05,882 - INFO -   LR:         0.000905
2026-02-04 00:17:05,882 - INFO -   ** New best val loss: 1.2146
2026-02-04 00:17:05,883 - INFO - 
Epoch 5/20
2026-02-04 00:17:05,883 - INFO - ----------------------------------------
2026-02-04 00:17:07,626 - INFO -   Train Loss: 1.1644
2026-02-04 00:17:07,626 - INFO -   Val Loss:   1.2456
2026-02-04 00:17:07,626 - INFO -   LR:         0.000855
2026-02-04 00:17:07,626 - INFO - 
Epoch 6/20
2026-02-04 00:17:07,626 - INFO - ----------------------------------------
2026-02-04 00:17:09,330 - INFO -   Train Loss: 1.1611
2026-02-04 00:17:09,330 - INFO -   Val Loss:   1.4116
2026-02-04 00:17:09,331 - INFO -   LR:         0.000796
2026-02-04 00:17:09,331 - INFO - 
Epoch 7/20
2026-02-04 00:17:09,331 - INFO - ----------------------------------------
2026-02-04 00:17:11,087 - INFO -   Train Loss: 1.1791
2026-02-04 00:17:11,088 - INFO -   Val Loss:   1.3598
2026-02-04 00:17:11,088 - INFO -   LR:         0.000730
2026-02-04 00:17:11,088 - INFO - 
Epoch 8/20
2026-02-04 00:17:11,088 - INFO - ----------------------------------------
2026-02-04 00:17:13,054 - INFO -   Train Loss: 1.1787
2026-02-04 00:17:13,055 - INFO -   Val Loss:   1.2920
2026-02-04 00:17:13,055 - INFO -   LR:         0.000658
2026-02-04 00:17:13,055 - INFO - 
Epoch 9/20
2026-02-04 00:17:13,055 - INFO - ----------------------------------------
2026-02-04 00:17:14,839 - INFO -   Train Loss: 1.1675
2026-02-04 00:17:14,839 - INFO -   Val Loss:   1.2228
2026-02-04 00:17:14,839 - INFO -   LR:         0.000582
2026-02-04 00:17:14,839 - INFO - 
Early stopping triggered at epoch 9
2026-02-04 00:17:14,963 - INFO - 
Model saved to: d:\workspace\MRes\NoiseRate\kfold_results\models\fold_5_model.pth
2026-02-04 00:17:14,964 - INFO - 
============================================================
2026-02-04 00:17:14,964 - INFO - Out-of-fold predictions saved to: d:\workspace\MRes\NoiseRate\kfold_results\oof_predictions.npy
2026-02-04 00:17:14,964 - INFO - Shape: (676, 12)
2026-02-04 00:17:14,965 - INFO - ============================================================
2026-02-04 00:17:14,965 - INFO - 
============================================================
2026-02-04 00:17:14,965 - INFO - K-FOLD TRAINING - COMPLETE
2026-02-04 00:17:14,965 - INFO - ============================================================

