2026-02-04 21:11:14,401 - INFO - Logging initialized. Log file: d:\workspace\MRes\NoiseRate\kfold_results\logs\kfold_gt_20260204_211114.log
2026-02-04 21:11:14,402 - INFO - 
============================================================
2026-02-04 21:11:14,402 - INFO - K-FOLD TRAINING - GT LABELS
2026-02-04 21:11:14,402 - INFO - ============================================================

2026-02-04 21:11:14,419 - INFO - Using device: cuda

2026-02-04 21:11:14,419 - INFO - ============================================================
2026-02-04 21:11:14,419 - INFO - Loading and Preparing Data
2026-02-04 21:11:14,419 - INFO - ============================================================
2026-02-04 21:11:14,421 - INFO - Loading metadata from: d:/workspace/MRes/datasets/mimic-cxr-clean/gt/metadata.csv
2026-02-04 21:11:14,427 - INFO - Loaded 1029 samples
2026-02-04 21:11:14,428 - INFO - Filtering for ViewPosition: ['AP', 'PA']
2026-02-04 21:11:14,430 - INFO - After filtering: 676 samples

2026-02-04 21:11:14,430 - INFO - Using GT labels for training
2026-02-04 21:11:14,430 - INFO - Using 12 CheXpert pathology columns
2026-02-04 21:11:14,430 - INFO - Applying uncertain label strategy: u_zeros
2026-02-04 21:11:14,433 - INFO - Processed Data Label Statistics (Total Samples: 676):
2026-02-04 21:11:14,433 - INFO - Pathology                      Positive   Negative   Pos Rate  
2026-02-04 21:11:14,433 - INFO - -----------------------------------------------------------------
2026-02-04 21:11:14,434 - INFO - gt_Atelectasis                 189        487             28.0%
2026-02-04 21:11:14,434 - INFO - gt_Cardiomegaly                146        530             21.6%
2026-02-04 21:11:14,434 - INFO - gt_Consolidation               51         625              7.5%
2026-02-04 21:11:14,435 - INFO - gt_Edema                       141        535             20.9%
2026-02-04 21:11:14,435 - INFO - gt_Enlarged Cardiomediastinum  39         637              5.8%
2026-02-04 21:11:14,435 - INFO - gt_Fracture                    41         635              6.1%
2026-02-04 21:11:14,436 - INFO - gt_Lung Lesion                 47         629              7.0%
2026-02-04 21:11:14,436 - INFO - gt_Lung Opacity                167        509             24.7%
2026-02-04 21:11:14,436 - INFO - gt_Pleural Effusion            260        416             38.5%
2026-02-04 21:11:14,436 - INFO - gt_Pleural Other               28         648              4.1%
2026-02-04 21:11:14,436 - INFO - gt_Pneumonia                   52         624              7.7%
2026-02-04 21:11:14,437 - INFO - gt_Pneumothorax                34         642              5.0%
2026-02-04 21:11:14,437 - INFO - 
2026-02-04 21:11:14,437 - INFO - Labels shape: (676, 12)

2026-02-04 21:11:14,438 - INFO - ============================================================
2026-02-04 21:11:14,438 - INFO - K-Fold Split
2026-02-04 21:11:14,438 - INFO - ============================================================
2026-02-04 21:11:14,438 - INFO - K-fold: 5 splits, stratified by first label

2026-02-04 21:11:14,439 - INFO - ============================================================
2026-02-04 21:11:14,439 - INFO - Fold 1/5
2026-02-04 21:11:14,440 - INFO - ============================================================
2026-02-04 21:11:14,440 - INFO - Train samples: 540, Val samples: 136

2026-02-04 21:11:16,449 - INFO - Epoch 1/20
2026-02-04 21:11:16,449 - INFO -   Train Loss: 1.2144
2026-02-04 21:11:16,449 - INFO -   Val Loss:   1.2376
2026-02-04 21:11:16,449 - INFO -   LR:         0.000994
2026-02-04 21:11:16,450 - INFO -   ** New best val loss: 1.2376
2026-02-04 21:11:16,456 - INFO - 
2026-02-04 21:11:17,990 - INFO - Epoch 2/20
2026-02-04 21:11:17,990 - INFO -   Train Loss: 1.1790
2026-02-04 21:11:17,990 - INFO -   Val Loss:   1.1940
2026-02-04 21:11:17,992 - INFO -   LR:         0.000976
2026-02-04 21:11:17,992 - INFO -   ** New best val loss: 1.1940
2026-02-04 21:11:17,999 - INFO - 
2026-02-04 21:11:19,563 - INFO - Epoch 3/20
2026-02-04 21:11:19,563 - INFO -   Train Loss: 1.1862
2026-02-04 21:11:19,563 - INFO -   Val Loss:   1.1817
2026-02-04 21:11:19,563 - INFO -   LR:         0.000946
2026-02-04 21:11:19,563 - INFO -   ** New best val loss: 1.1817
2026-02-04 21:11:19,568 - INFO - 
2026-02-04 21:11:21,160 - INFO - Epoch 4/20
2026-02-04 21:11:21,160 - INFO -   Train Loss: 1.1700
2026-02-04 21:11:21,160 - INFO -   Val Loss:   1.1830
2026-02-04 21:11:21,160 - INFO -   LR:         0.000905
2026-02-04 21:11:21,160 - INFO - 
2026-02-04 21:11:22,725 - INFO - Epoch 5/20
2026-02-04 21:11:22,726 - INFO -   Train Loss: 1.1850
2026-02-04 21:11:22,726 - INFO -   Val Loss:   1.2199
2026-02-04 21:11:22,726 - INFO -   LR:         0.000855
2026-02-04 21:11:22,726 - INFO - 
2026-02-04 21:11:24,292 - INFO - Epoch 6/20
2026-02-04 21:11:24,292 - INFO -   Train Loss: 1.1646
2026-02-04 21:11:24,292 - INFO -   Val Loss:   1.2078
2026-02-04 21:11:24,293 - INFO -   LR:         0.000796
2026-02-04 21:11:24,293 - INFO - 
2026-02-04 21:11:25,861 - INFO - Epoch 7/20
2026-02-04 21:11:25,862 - INFO -   Train Loss: 1.1704
2026-02-04 21:11:25,862 - INFO -   Val Loss:   1.1809
2026-02-04 21:11:25,862 - INFO -   LR:         0.000730
2026-02-04 21:11:25,862 - INFO -   ** New best val loss: 1.1809
2026-02-04 21:11:25,868 - INFO - 
2026-02-04 21:11:27,458 - INFO - Epoch 8/20
2026-02-04 21:11:27,458 - INFO -   Train Loss: 1.1677
2026-02-04 21:11:27,458 - INFO -   Val Loss:   1.1671
2026-02-04 21:11:27,458 - INFO -   LR:         0.000658
2026-02-04 21:11:27,459 - INFO -   ** New best val loss: 1.1671
2026-02-04 21:11:27,465 - INFO - 
2026-02-04 21:11:29,102 - INFO - Epoch 9/20
2026-02-04 21:11:29,102 - INFO -   Train Loss: 1.1685
2026-02-04 21:11:29,102 - INFO -   Val Loss:   1.1790
2026-02-04 21:11:29,102 - INFO -   LR:         0.000582
2026-02-04 21:11:29,102 - INFO - 
2026-02-04 21:11:30,731 - INFO - Epoch 10/20
2026-02-04 21:11:30,731 - INFO -   Train Loss: 1.1555
2026-02-04 21:11:30,731 - INFO -   Val Loss:   1.1792
2026-02-04 21:11:30,732 - INFO -   LR:         0.000505
2026-02-04 21:11:30,732 - INFO - 
2026-02-04 21:11:32,302 - INFO - Epoch 11/20
2026-02-04 21:11:32,302 - INFO -   Train Loss: 1.1474
2026-02-04 21:11:32,304 - INFO -   Val Loss:   1.2215
2026-02-04 21:11:32,304 - INFO -   LR:         0.000428
2026-02-04 21:11:32,304 - INFO - 
2026-02-04 21:11:33,908 - INFO - Epoch 12/20
2026-02-04 21:11:33,908 - INFO -   Train Loss: 1.1451
2026-02-04 21:11:33,908 - INFO -   Val Loss:   1.2066
2026-02-04 21:11:33,908 - INFO -   LR:         0.000352
2026-02-04 21:11:33,908 - INFO - 
2026-02-04 21:11:35,480 - INFO - Epoch 13/20
2026-02-04 21:11:35,480 - INFO -   Train Loss: 1.1520
2026-02-04 21:11:35,480 - INFO -   Val Loss:   1.1696
2026-02-04 21:11:35,481 - INFO -   LR:         0.000280
2026-02-04 21:11:35,481 - INFO - 
2026-02-04 21:11:35,481 - INFO - Early stopping triggered at epoch 13

2026-02-04 21:11:35,613 - INFO - Fold 1 complete. Best val loss: 1.1671

2026-02-04 21:11:35,614 - INFO - ============================================================
2026-02-04 21:11:35,614 - INFO - Fold 2/5
2026-02-04 21:11:35,614 - INFO - ============================================================
2026-02-04 21:11:35,614 - INFO - Train samples: 541, Val samples: 135

2026-02-04 21:11:37,314 - INFO - Epoch 1/20
2026-02-04 21:11:37,315 - INFO -   Train Loss: 1.2226
2026-02-04 21:11:37,315 - INFO -   Val Loss:   1.1561
2026-02-04 21:11:37,315 - INFO -   LR:         0.000994
2026-02-04 21:11:37,315 - INFO -   ** New best val loss: 1.1561
2026-02-04 21:11:37,321 - INFO - 
2026-02-04 21:11:39,066 - INFO - Epoch 2/20
2026-02-04 21:11:39,066 - INFO -   Train Loss: 1.1870
2026-02-04 21:11:39,066 - INFO -   Val Loss:   1.1402
2026-02-04 21:11:39,066 - INFO -   LR:         0.000976
2026-02-04 21:11:39,067 - INFO -   ** New best val loss: 1.1402
2026-02-04 21:11:39,073 - INFO - 
2026-02-04 21:11:40,758 - INFO - Epoch 3/20
2026-02-04 21:11:40,758 - INFO -   Train Loss: 1.1770
2026-02-04 21:11:40,759 - INFO -   Val Loss:   1.1410
2026-02-04 21:11:40,759 - INFO -   LR:         0.000946
2026-02-04 21:11:40,759 - INFO - 
2026-02-04 21:11:42,323 - INFO - Epoch 4/20
2026-02-04 21:11:42,323 - INFO -   Train Loss: 1.1669
2026-02-04 21:11:42,323 - INFO -   Val Loss:   1.2249
2026-02-04 21:11:42,324 - INFO -   LR:         0.000905
2026-02-04 21:11:42,324 - INFO - 
2026-02-04 21:11:43,899 - INFO - Epoch 5/20
2026-02-04 21:11:43,899 - INFO -   Train Loss: 1.1681
2026-02-04 21:11:43,899 - INFO -   Val Loss:   1.1460
2026-02-04 21:11:43,899 - INFO -   LR:         0.000855
2026-02-04 21:11:43,899 - INFO - 
2026-02-04 21:11:45,487 - INFO - Epoch 6/20
2026-02-04 21:11:45,487 - INFO -   Train Loss: 1.1563
2026-02-04 21:11:45,487 - INFO -   Val Loss:   1.2081
2026-02-04 21:11:45,487 - INFO -   LR:         0.000796
2026-02-04 21:11:45,487 - INFO - 
2026-02-04 21:11:47,099 - INFO - Epoch 7/20
2026-02-04 21:11:47,099 - INFO -   Train Loss: 1.1724
2026-02-04 21:11:47,099 - INFO -   Val Loss:   1.2077
2026-02-04 21:11:47,099 - INFO -   LR:         0.000730
2026-02-04 21:11:47,100 - INFO - 
2026-02-04 21:11:47,100 - INFO - Early stopping triggered at epoch 7

2026-02-04 21:11:47,227 - INFO - Fold 2 complete. Best val loss: 1.1402

2026-02-04 21:11:47,227 - INFO - ============================================================
2026-02-04 21:11:47,227 - INFO - Fold 3/5
2026-02-04 21:11:47,227 - INFO - ============================================================
2026-02-04 21:11:47,227 - INFO - Train samples: 541, Val samples: 135

2026-02-04 21:11:48,848 - INFO - Epoch 1/20
2026-02-04 21:11:48,848 - INFO -   Train Loss: 1.2136
2026-02-04 21:11:48,848 - INFO -   Val Loss:   1.4436
2026-02-04 21:11:48,848 - INFO -   LR:         0.000994
2026-02-04 21:11:48,849 - INFO -   ** New best val loss: 1.4436
2026-02-04 21:11:48,855 - INFO - 
2026-02-04 21:11:50,455 - INFO - Epoch 2/20
2026-02-04 21:11:50,455 - INFO -   Train Loss: 1.1980
2026-02-04 21:11:50,455 - INFO -   Val Loss:   1.2011
2026-02-04 21:11:50,455 - INFO -   LR:         0.000976
2026-02-04 21:11:50,455 - INFO -   ** New best val loss: 1.2011
2026-02-04 21:11:50,461 - INFO - 
2026-02-04 21:11:52,066 - INFO - Epoch 3/20
2026-02-04 21:11:52,067 - INFO -   Train Loss: 1.1868
2026-02-04 21:11:52,067 - INFO -   Val Loss:   1.2442
2026-02-04 21:11:52,067 - INFO -   LR:         0.000946
2026-02-04 21:11:52,067 - INFO - 
2026-02-04 21:11:53,672 - INFO - Epoch 4/20
2026-02-04 21:11:53,673 - INFO -   Train Loss: 1.1899
2026-02-04 21:11:53,673 - INFO -   Val Loss:   1.1830
2026-02-04 21:11:53,673 - INFO -   LR:         0.000905
2026-02-04 21:11:53,673 - INFO -   ** New best val loss: 1.1830
2026-02-04 21:11:53,680 - INFO - 
2026-02-04 21:11:55,248 - INFO - Epoch 5/20
2026-02-04 21:11:55,248 - INFO -   Train Loss: 1.1806
2026-02-04 21:11:55,248 - INFO -   Val Loss:   1.1768
2026-02-04 21:11:55,248 - INFO -   LR:         0.000855
2026-02-04 21:11:55,248 - INFO -   ** New best val loss: 1.1768
2026-02-04 21:11:55,254 - INFO - 
2026-02-04 21:11:56,844 - INFO - Epoch 6/20
2026-02-04 21:11:56,844 - INFO -   Train Loss: 1.1697
2026-02-04 21:11:56,844 - INFO -   Val Loss:   1.1684
2026-02-04 21:11:56,844 - INFO -   LR:         0.000796
2026-02-04 21:11:56,844 - INFO -   ** New best val loss: 1.1684
2026-02-04 21:11:56,851 - INFO - 
2026-02-04 21:11:58,401 - INFO - Epoch 7/20
2026-02-04 21:11:58,402 - INFO -   Train Loss: 1.1636
2026-02-04 21:11:58,402 - INFO -   Val Loss:   1.2291
2026-02-04 21:11:58,402 - INFO -   LR:         0.000730
2026-02-04 21:11:58,402 - INFO - 
2026-02-04 21:12:00,009 - INFO - Epoch 8/20
2026-02-04 21:12:00,010 - INFO -   Train Loss: 1.1641
2026-02-04 21:12:00,010 - INFO -   Val Loss:   1.2412
2026-02-04 21:12:00,010 - INFO -   LR:         0.000658
2026-02-04 21:12:00,010 - INFO - 
2026-02-04 21:12:01,609 - INFO - Epoch 9/20
2026-02-04 21:12:01,609 - INFO -   Train Loss: 1.1597
2026-02-04 21:12:01,609 - INFO -   Val Loss:   1.2961
2026-02-04 21:12:01,610 - INFO -   LR:         0.000582
2026-02-04 21:12:01,610 - INFO - 
2026-02-04 21:12:03,208 - INFO - Epoch 10/20
2026-02-04 21:12:03,209 - INFO -   Train Loss: 1.1700
2026-02-04 21:12:03,209 - INFO -   Val Loss:   1.1569
2026-02-04 21:12:03,209 - INFO -   LR:         0.000505
2026-02-04 21:12:03,209 - INFO -   ** New best val loss: 1.1569
2026-02-04 21:12:03,215 - INFO - 
2026-02-04 21:12:04,806 - INFO - Epoch 11/20
2026-02-04 21:12:04,806 - INFO -   Train Loss: 1.1604
2026-02-04 21:12:04,807 - INFO -   Val Loss:   1.1671
2026-02-04 21:12:04,807 - INFO -   LR:         0.000428
2026-02-04 21:12:04,807 - INFO - 
2026-02-04 21:12:06,391 - INFO - Epoch 12/20
2026-02-04 21:12:06,392 - INFO -   Train Loss: 1.1459
2026-02-04 21:12:06,392 - INFO -   Val Loss:   1.1735
2026-02-04 21:12:06,392 - INFO -   LR:         0.000352
2026-02-04 21:12:06,392 - INFO - 
2026-02-04 21:12:08,153 - INFO - Epoch 13/20
2026-02-04 21:12:08,153 - INFO -   Train Loss: 1.1602
2026-02-04 21:12:08,154 - INFO -   Val Loss:   1.1678
2026-02-04 21:12:08,154 - INFO -   LR:         0.000280
2026-02-04 21:12:08,154 - INFO - 
2026-02-04 21:12:09,961 - INFO - Epoch 14/20
2026-02-04 21:12:09,962 - INFO -   Train Loss: 1.1370
2026-02-04 21:12:09,962 - INFO -   Val Loss:   1.1570
2026-02-04 21:12:09,962 - INFO -   LR:         0.000214
2026-02-04 21:12:09,962 - INFO - 
2026-02-04 21:12:11,571 - INFO - Epoch 15/20
2026-02-04 21:12:11,571 - INFO -   Train Loss: 1.1544
2026-02-04 21:12:11,572 - INFO -   Val Loss:   1.1585
2026-02-04 21:12:11,572 - INFO -   LR:         0.000155
2026-02-04 21:12:11,572 - INFO - 
2026-02-04 21:12:11,572 - INFO - Early stopping triggered at epoch 15

2026-02-04 21:12:11,709 - INFO - Fold 3 complete. Best val loss: 1.1569

2026-02-04 21:12:11,710 - INFO - ============================================================
2026-02-04 21:12:11,710 - INFO - Fold 4/5
2026-02-04 21:12:11,710 - INFO - ============================================================
2026-02-04 21:12:11,710 - INFO - Train samples: 541, Val samples: 135

2026-02-04 21:12:13,309 - INFO - Epoch 1/20
2026-02-04 21:12:13,310 - INFO -   Train Loss: 1.2076
2026-02-04 21:12:13,310 - INFO -   Val Loss:   1.1680
2026-02-04 21:12:13,310 - INFO -   LR:         0.000994
2026-02-04 21:12:13,310 - INFO -   ** New best val loss: 1.1680
2026-02-04 21:12:13,316 - INFO - 
2026-02-04 21:12:14,955 - INFO - Epoch 2/20
2026-02-04 21:12:14,955 - INFO -   Train Loss: 1.1907
2026-02-04 21:12:14,955 - INFO -   Val Loss:   1.1661
2026-02-04 21:12:14,955 - INFO -   LR:         0.000976
2026-02-04 21:12:14,956 - INFO -   ** New best val loss: 1.1661
2026-02-04 21:12:14,962 - INFO - 
2026-02-04 21:12:16,525 - INFO - Epoch 3/20
2026-02-04 21:12:16,525 - INFO -   Train Loss: 1.1709
2026-02-04 21:12:16,525 - INFO -   Val Loss:   1.1518
2026-02-04 21:12:16,525 - INFO -   LR:         0.000946
2026-02-04 21:12:16,526 - INFO -   ** New best val loss: 1.1518
2026-02-04 21:12:16,531 - INFO - 
2026-02-04 21:12:18,140 - INFO - Epoch 4/20
2026-02-04 21:12:18,141 - INFO -   Train Loss: 1.1655
2026-02-04 21:12:18,141 - INFO -   Val Loss:   1.1595
2026-02-04 21:12:18,141 - INFO -   LR:         0.000905
2026-02-04 21:12:18,141 - INFO - 
2026-02-04 21:12:19,760 - INFO - Epoch 5/20
2026-02-04 21:12:19,760 - INFO -   Train Loss: 1.1564
2026-02-04 21:12:19,760 - INFO -   Val Loss:   1.1880
2026-02-04 21:12:19,760 - INFO -   LR:         0.000855
2026-02-04 21:12:19,760 - INFO - 
2026-02-04 21:12:21,360 - INFO - Epoch 6/20
2026-02-04 21:12:21,360 - INFO -   Train Loss: 1.1461
2026-02-04 21:12:21,361 - INFO -   Val Loss:   1.1644
2026-02-04 21:12:21,361 - INFO -   LR:         0.000796
2026-02-04 21:12:21,361 - INFO - 
2026-02-04 21:12:22,954 - INFO - Epoch 7/20
2026-02-04 21:12:22,954 - INFO -   Train Loss: 1.1412
2026-02-04 21:12:22,954 - INFO -   Val Loss:   1.2106
2026-02-04 21:12:22,954 - INFO -   LR:         0.000730
2026-02-04 21:12:22,954 - INFO - 
2026-02-04 21:12:24,553 - INFO - Epoch 8/20
2026-02-04 21:12:24,553 - INFO -   Train Loss: 1.1461
2026-02-04 21:12:24,554 - INFO -   Val Loss:   1.1551
2026-02-04 21:12:24,554 - INFO -   LR:         0.000658
2026-02-04 21:12:24,554 - INFO - 
2026-02-04 21:12:24,554 - INFO - Early stopping triggered at epoch 8

2026-02-04 21:12:24,692 - INFO - Fold 4 complete. Best val loss: 1.1518

2026-02-04 21:12:24,692 - INFO - ============================================================
2026-02-04 21:12:24,692 - INFO - Fold 5/5
2026-02-04 21:12:24,692 - INFO - ============================================================
2026-02-04 21:12:24,692 - INFO - Train samples: 541, Val samples: 135

2026-02-04 21:12:26,278 - INFO - Epoch 1/20
2026-02-04 21:12:26,278 - INFO -   Train Loss: 1.2073
2026-02-04 21:12:26,278 - INFO -   Val Loss:   1.2762
2026-02-04 21:12:26,278 - INFO -   LR:         0.000994
2026-02-04 21:12:26,279 - INFO -   ** New best val loss: 1.2762
2026-02-04 21:12:26,284 - INFO - 
2026-02-04 21:12:27,864 - INFO - Epoch 2/20
2026-02-04 21:12:27,864 - INFO -   Train Loss: 1.1808
2026-02-04 21:12:27,864 - INFO -   Val Loss:   1.2223
2026-02-04 21:12:27,864 - INFO -   LR:         0.000976
2026-02-04 21:12:27,864 - INFO -   ** New best val loss: 1.2223
2026-02-04 21:12:27,869 - INFO - 
2026-02-04 21:12:29,463 - INFO - Epoch 3/20
2026-02-04 21:12:29,464 - INFO -   Train Loss: 1.1828
2026-02-04 21:12:29,464 - INFO -   Val Loss:   1.2509
2026-02-04 21:12:29,464 - INFO -   LR:         0.000946
2026-02-04 21:12:29,464 - INFO - 
2026-02-04 21:12:31,055 - INFO - Epoch 4/20
2026-02-04 21:12:31,055 - INFO -   Train Loss: 1.1779
2026-02-04 21:12:31,055 - INFO -   Val Loss:   1.2186
2026-02-04 21:12:31,055 - INFO -   LR:         0.000905
2026-02-04 21:12:31,055 - INFO -   ** New best val loss: 1.2186
2026-02-04 21:12:31,061 - INFO - 
2026-02-04 21:12:32,672 - INFO - Epoch 5/20
2026-02-04 21:12:32,672 - INFO -   Train Loss: 1.1664
2026-02-04 21:12:32,672 - INFO -   Val Loss:   1.2232
2026-02-04 21:12:32,672 - INFO -   LR:         0.000855
2026-02-04 21:12:32,672 - INFO - 
2026-02-04 21:12:34,289 - INFO - Epoch 6/20
2026-02-04 21:12:34,289 - INFO -   Train Loss: 1.1564
2026-02-04 21:12:34,290 - INFO -   Val Loss:   1.2859
2026-02-04 21:12:34,290 - INFO -   LR:         0.000796
2026-02-04 21:12:34,290 - INFO - 
2026-02-04 21:12:35,881 - INFO - Epoch 7/20
2026-02-04 21:12:35,881 - INFO -   Train Loss: 1.1521
2026-02-04 21:12:35,881 - INFO -   Val Loss:   1.2094
2026-02-04 21:12:35,881 - INFO -   LR:         0.000730
2026-02-04 21:12:35,881 - INFO -   ** New best val loss: 1.2094
2026-02-04 21:12:35,887 - INFO - 
2026-02-04 21:12:37,593 - INFO - Epoch 8/20
2026-02-04 21:12:37,594 - INFO -   Train Loss: 1.1590
2026-02-04 21:12:37,594 - INFO -   Val Loss:   1.1979
2026-02-04 21:12:37,594 - INFO -   LR:         0.000658
2026-02-04 21:12:37,594 - INFO -   ** New best val loss: 1.1979
2026-02-04 21:12:37,600 - INFO - 
2026-02-04 21:12:39,384 - INFO - Epoch 9/20
2026-02-04 21:12:39,384 - INFO -   Train Loss: 1.1554
2026-02-04 21:12:39,384 - INFO -   Val Loss:   1.2346
2026-02-04 21:12:39,384 - INFO -   LR:         0.000582
2026-02-04 21:12:39,384 - INFO - 
2026-02-04 21:12:41,069 - INFO - Epoch 10/20
2026-02-04 21:12:41,069 - INFO -   Train Loss: 1.1759
2026-02-04 21:12:41,069 - INFO -   Val Loss:   1.2234
2026-02-04 21:12:41,069 - INFO -   LR:         0.000505
2026-02-04 21:12:41,069 - INFO - 
2026-02-04 21:12:42,659 - INFO - Epoch 11/20
2026-02-04 21:12:42,659 - INFO -   Train Loss: 1.1402
2026-02-04 21:12:42,659 - INFO -   Val Loss:   1.1984
2026-02-04 21:12:42,660 - INFO -   LR:         0.000428
2026-02-04 21:12:42,660 - INFO - 
2026-02-04 21:12:44,266 - INFO - Epoch 12/20
2026-02-04 21:12:44,267 - INFO -   Train Loss: 1.1457
2026-02-04 21:12:44,267 - INFO -   Val Loss:   1.1976
2026-02-04 21:12:44,267 - INFO -   LR:         0.000352
2026-02-04 21:12:44,267 - INFO -   ** New best val loss: 1.1976
2026-02-04 21:12:44,273 - INFO - 
2026-02-04 21:12:45,906 - INFO - Epoch 13/20
2026-02-04 21:12:45,906 - INFO -   Train Loss: 1.1436
2026-02-04 21:12:45,906 - INFO -   Val Loss:   1.2156
2026-02-04 21:12:45,906 - INFO -   LR:         0.000280
2026-02-04 21:12:45,906 - INFO - 
2026-02-04 21:12:45,906 - INFO - Early stopping triggered at epoch 13

2026-02-04 21:12:46,039 - INFO - Fold 5 complete. Best val loss: 1.1976

2026-02-04 21:12:46,042 - INFO - OOF predictions saved to: d:\workspace\MRes\NoiseRate\kfold_results\oof_predictions.npy
2026-02-04 21:12:46,042 - INFO - Shape: (676, 12)

2026-02-04 21:12:46,042 - INFO - 
============================================================
2026-02-04 21:12:46,043 - INFO - VALIDATION - GT LABELS
2026-02-04 21:12:46,043 - INFO - ============================================================

2026-02-04 21:12:46,081 - INFO - ============================================================
2026-02-04 21:12:46,081 - INFO - Per-Class AUROC (GT model)
2026-02-04 21:12:46,081 - INFO - ============================================================
2026-02-04 21:12:46,094 - INFO - ============================================================
2026-02-04 21:12:46,094 - INFO - CNN-GT - Per-Class AUROC
2026-02-04 21:12:46,094 - INFO - ============================================================
2026-02-04 21:12:46,094 - INFO - 
Pathology                           AUROC
2026-02-04 21:12:46,094 - INFO - ---------------------------------------------
2026-02-04 21:12:46,094 - INFO - Atelectasis                         0.552
2026-02-04 21:12:46,094 - INFO - Cardiomegaly                        0.607
2026-02-04 21:12:46,094 - INFO - Consolidation                       0.638
2026-02-04 21:12:46,094 - INFO - Edema                               0.677
2026-02-04 21:12:46,094 - INFO - Enlarged Cardiomediastinum          0.673
2026-02-04 21:12:46,094 - INFO - Fracture                            0.641
2026-02-04 21:12:46,096 - INFO - Lung Lesion                         0.612
2026-02-04 21:12:46,096 - INFO - Lung Opacity                        0.516
2026-02-04 21:12:46,096 - INFO - Pleural Effusion                    0.570
2026-02-04 21:12:46,096 - INFO - Pleural Other                       0.643
2026-02-04 21:12:46,096 - INFO - Pneumonia                           0.590
2026-02-04 21:12:46,096 - INFO - Pneumothorax                        0.487
2026-02-04 21:12:46,096 - INFO - ---------------------------------------------
2026-02-04 21:12:46,096 - INFO - Mean AUROC                          0.600
2026-02-04 21:12:46,096 - INFO - 
2026-02-04 21:12:46,096 - INFO - ============================================================
2026-02-04 21:12:46,096 - INFO - Per-Class Noise Analysis
2026-02-04 21:12:46,096 - INFO - ============================================================

2026-02-04 21:12:46,096 - INFO - ============================================================
2026-02-04 21:12:46,096 - INFO - Per-Class Noise Analysis (GT labels)
2026-02-04 21:12:46,096 - INFO - ============================================================
2026-02-04 21:12:46,096 - INFO - 
Analyzing 12 pathology classes individually...
2026-02-04 21:14:03,134 - INFO - 
Per-class noise rates:
2026-02-04 21:14:03,134 - INFO - Pathology                      Positive Negative  Issues     Rate
2026-02-04 21:14:03,135 - INFO - ----------------------------------------------------------------------
2026-02-04 21:14:03,135 - INFO - Atelectasis                         189      487    313    46.3%
2026-02-04 21:14:03,135 - INFO - Cardiomegaly                        146      530    329    48.7%
2026-02-04 21:14:03,135 - INFO - Consolidation                        51      625    220    32.5%
2026-02-04 21:14:03,135 - INFO - Edema                               141      535    280    41.4%
2026-02-04 21:14:03,135 - INFO - Enlarged Cardiomediastinum           39      637    282    41.7%
2026-02-04 21:14:03,135 - INFO - Fracture                             41      635    246    36.4%
2026-02-04 21:14:03,135 - INFO - Lung Lesion                          47      629    280    41.4%
2026-02-04 21:14:03,135 - INFO - Lung Opacity                        167      509    304    45.0%
2026-02-04 21:14:03,135 - INFO - Pleural Effusion                    260      416    329    48.7%
2026-02-04 21:14:03,135 - INFO - Pleural Other                        28      648    204    30.2%
2026-02-04 21:14:03,135 - INFO - Pneumonia                            52      624    259    38.3%
2026-02-04 21:14:03,135 - INFO - Pneumothorax                         34      642    297    43.9%
2026-02-04 21:14:03,135 - INFO - 
2026-02-04 21:14:03,138 - INFO - Issue IDs saved to: d:\workspace\MRes\NoiseRate\kfold_results\issues_gt_20260204_211403.txt
2026-02-04 21:14:03,142 - INFO - Results saved to: d:\workspace\MRes\NoiseRate\kfold_results\cnn_gt_results_20260204_211403.csv

2026-02-04 21:14:03,142 - INFO - 
============================================================
2026-02-04 21:14:03,142 - INFO - GT TRAINING AND VALIDATION - COMPLETE
2026-02-04 21:14:03,142 - INFO - ============================================================

