2026-02-04 19:07:49,944 - INFO - Logging initialized. Log file: d:\workspace\MRes\NoiseRate\kfold_results_pseudo\logs\kfold_pseudo_20260204_190749.log
2026-02-04 19:07:49,944 - INFO - 
============================================================
2026-02-04 19:07:49,944 - INFO - K-FOLD TRAINING - PSEUDO LABELS
2026-02-04 19:07:49,945 - INFO - ============================================================

2026-02-04 19:07:49,945 - INFO - Using device: cuda

2026-02-04 19:07:49,945 - INFO - ============================================================
2026-02-04 19:07:49,945 - INFO - Loading and Preparing Data
2026-02-04 19:07:49,945 - INFO - ============================================================
2026-02-04 19:07:49,946 - INFO - Loading metadata from: d:/workspace/MRes/datasets/mimic-cxr-clean/gt/metadata.csv
2026-02-04 19:07:49,955 - INFO - Loaded 1029 samples
2026-02-04 19:07:49,955 - INFO - Filtering for ViewPosition: ['AP', 'PA']
2026-02-04 19:07:49,956 - INFO - After filtering: 676 samples

2026-02-04 19:07:49,956 - INFO - Using PSEUDO labels for training
2026-02-04 19:07:49,956 - INFO - Using 12 CheXpert pathology columns
2026-02-04 19:07:49,957 - INFO - Applying uncertain label strategy: u_zeros
2026-02-04 19:07:49,963 - INFO - Labels shape: (676, 12)

2026-02-04 19:07:49,963 - INFO - ============================================================
2026-02-04 19:07:49,964 - INFO - K-Fold Split
2026-02-04 19:07:49,964 - INFO - ============================================================
2026-02-04 19:07:49,964 - INFO - K-fold: 5 splits, stratified by first label

2026-02-04 19:07:49,965 - INFO - ============================================================
2026-02-04 19:07:49,965 - INFO - Fold 1/5
2026-02-04 19:07:49,965 - INFO - ============================================================
2026-02-04 19:07:49,965 - INFO - Train samples: 540, Val samples: 136

2026-02-04 19:07:52,213 - INFO - Epoch 1/20
2026-02-04 19:07:52,214 - INFO -   Train Loss: 1.1977
2026-02-04 19:07:52,214 - INFO -   Val Loss:   1.1724
2026-02-04 19:07:52,214 - INFO -   LR:         0.000994
2026-02-04 19:07:52,214 - INFO -   ** New best val loss: 1.1724
2026-02-04 19:07:52,221 - INFO - 
2026-02-04 19:07:54,396 - INFO - Epoch 2/20
2026-02-04 19:07:54,396 - INFO -   Train Loss: 1.1720
2026-02-04 19:07:54,396 - INFO -   Val Loss:   1.1399
2026-02-04 19:07:54,396 - INFO -   LR:         0.000976
2026-02-04 19:07:54,397 - INFO -   ** New best val loss: 1.1399
2026-02-04 19:07:54,403 - INFO - 
2026-02-04 19:07:56,563 - INFO - Epoch 3/20
2026-02-04 19:07:56,563 - INFO -   Train Loss: 1.1547
2026-02-04 19:07:56,564 - INFO -   Val Loss:   1.1268
2026-02-04 19:07:56,564 - INFO -   LR:         0.000946
2026-02-04 19:07:56,564 - INFO -   ** New best val loss: 1.1268
2026-02-04 19:07:56,570 - INFO - 
2026-02-04 19:07:58,702 - INFO - Epoch 4/20
2026-02-04 19:07:58,703 - INFO -   Train Loss: 1.1500
2026-02-04 19:07:58,703 - INFO -   Val Loss:   1.1865
2026-02-04 19:07:58,703 - INFO -   LR:         0.000905
2026-02-04 19:07:58,703 - INFO - 
2026-02-04 19:08:00,857 - INFO - Epoch 5/20
2026-02-04 19:08:00,857 - INFO -   Train Loss: 1.1537
2026-02-04 19:08:00,858 - INFO -   Val Loss:   1.1223
2026-02-04 19:08:00,858 - INFO -   LR:         0.000855
2026-02-04 19:08:00,858 - INFO -   ** New best val loss: 1.1223
2026-02-04 19:08:00,865 - INFO - 
2026-02-04 19:08:02,977 - INFO - Epoch 6/20
2026-02-04 19:08:02,977 - INFO -   Train Loss: 1.1486
2026-02-04 19:08:02,977 - INFO -   Val Loss:   1.2075
2026-02-04 19:08:02,977 - INFO -   LR:         0.000796
2026-02-04 19:08:02,977 - INFO - 
2026-02-04 19:08:05,265 - INFO - Epoch 7/20
2026-02-04 19:08:05,265 - INFO -   Train Loss: 1.1425
2026-02-04 19:08:05,266 - INFO -   Val Loss:   1.2193
2026-02-04 19:08:05,266 - INFO -   LR:         0.000730
2026-02-04 19:08:05,266 - INFO - 
2026-02-04 19:08:07,680 - INFO - Epoch 8/20
2026-02-04 19:08:07,681 - INFO -   Train Loss: 1.1397
2026-02-04 19:08:07,681 - INFO -   Val Loss:   1.1092
2026-02-04 19:08:07,681 - INFO -   LR:         0.000658
2026-02-04 19:08:07,681 - INFO -   ** New best val loss: 1.1092
2026-02-04 19:08:07,688 - INFO - 
2026-02-04 19:08:10,244 - INFO - Epoch 9/20
2026-02-04 19:08:10,244 - INFO -   Train Loss: 1.1330
2026-02-04 19:08:10,244 - INFO -   Val Loss:   1.1086
2026-02-04 19:08:10,244 - INFO -   LR:         0.000582
2026-02-04 19:08:10,245 - INFO -   ** New best val loss: 1.1086
2026-02-04 19:08:10,252 - INFO - 
2026-02-04 19:08:12,519 - INFO - Epoch 10/20
2026-02-04 19:08:12,519 - INFO -   Train Loss: 1.1345
2026-02-04 19:08:12,519 - INFO -   Val Loss:   1.1648
2026-02-04 19:08:12,519 - INFO -   LR:         0.000505
2026-02-04 19:08:12,519 - INFO - 
2026-02-04 19:08:14,669 - INFO - Epoch 11/20
2026-02-04 19:08:14,669 - INFO -   Train Loss: 1.1418
2026-02-04 19:08:14,669 - INFO -   Val Loss:   1.1789
2026-02-04 19:08:14,670 - INFO -   LR:         0.000428
2026-02-04 19:08:14,670 - INFO - 
2026-02-04 19:08:16,794 - INFO - Epoch 12/20
2026-02-04 19:08:16,794 - INFO -   Train Loss: 1.1280
2026-02-04 19:08:16,794 - INFO -   Val Loss:   1.1262
2026-02-04 19:08:16,795 - INFO -   LR:         0.000352
2026-02-04 19:08:16,795 - INFO - 
2026-02-04 19:08:18,923 - INFO - Epoch 13/20
2026-02-04 19:08:18,923 - INFO -   Train Loss: 1.1179
2026-02-04 19:08:18,923 - INFO -   Val Loss:   1.1163
2026-02-04 19:08:18,923 - INFO -   LR:         0.000280
2026-02-04 19:08:18,923 - INFO - 
2026-02-04 19:08:18,923 - INFO - Early stopping triggered at epoch 13

2026-02-04 19:08:19,096 - INFO - Fold 1 complete. Best val loss: 1.1086

2026-02-04 19:08:19,096 - INFO - ============================================================
2026-02-04 19:08:19,096 - INFO - Fold 2/5
2026-02-04 19:08:19,096 - INFO - ============================================================
2026-02-04 19:08:19,096 - INFO - Train samples: 541, Val samples: 135

2026-02-04 19:08:21,297 - INFO - Epoch 1/20
2026-02-04 19:08:21,297 - INFO -   Train Loss: 1.1974
2026-02-04 19:08:21,297 - INFO -   Val Loss:   1.2818
2026-02-04 19:08:21,297 - INFO -   LR:         0.000994
2026-02-04 19:08:21,298 - INFO -   ** New best val loss: 1.2818
2026-02-04 19:08:21,304 - INFO - 
2026-02-04 19:08:23,431 - INFO - Epoch 2/20
2026-02-04 19:08:23,431 - INFO -   Train Loss: 1.1777
2026-02-04 19:08:23,432 - INFO -   Val Loss:   1.1835
2026-02-04 19:08:23,432 - INFO -   LR:         0.000976
2026-02-04 19:08:23,432 - INFO -   ** New best val loss: 1.1835
2026-02-04 19:08:23,439 - INFO - 
2026-02-04 19:08:25,567 - INFO - Epoch 3/20
2026-02-04 19:08:25,567 - INFO -   Train Loss: 1.1650
2026-02-04 19:08:25,567 - INFO -   Val Loss:   1.1845
2026-02-04 19:08:25,567 - INFO -   LR:         0.000946
2026-02-04 19:08:25,568 - INFO - 
2026-02-04 19:08:27,707 - INFO - Epoch 4/20
2026-02-04 19:08:27,707 - INFO -   Train Loss: 1.1536
2026-02-04 19:08:27,707 - INFO -   Val Loss:   1.1814
2026-02-04 19:08:27,707 - INFO -   LR:         0.000905
2026-02-04 19:08:27,708 - INFO -   ** New best val loss: 1.1814
2026-02-04 19:08:27,714 - INFO - 
2026-02-04 19:08:29,882 - INFO - Epoch 5/20
2026-02-04 19:08:29,882 - INFO -   Train Loss: 1.1478
2026-02-04 19:08:29,882 - INFO -   Val Loss:   1.1755
2026-02-04 19:08:29,882 - INFO -   LR:         0.000855
2026-02-04 19:08:29,882 - INFO -   ** New best val loss: 1.1755
2026-02-04 19:08:29,889 - INFO - 
2026-02-04 19:08:32,027 - INFO - Epoch 6/20
2026-02-04 19:08:32,027 - INFO -   Train Loss: 1.1438
2026-02-04 19:08:32,027 - INFO -   Val Loss:   1.1649
2026-02-04 19:08:32,027 - INFO -   LR:         0.000796
2026-02-04 19:08:32,027 - INFO -   ** New best val loss: 1.1649
2026-02-04 19:08:32,036 - INFO - 
2026-02-04 19:08:34,184 - INFO - Epoch 7/20
2026-02-04 19:08:34,184 - INFO -   Train Loss: 1.1529
2026-02-04 19:08:34,184 - INFO -   Val Loss:   1.1648
2026-02-04 19:08:34,184 - INFO -   LR:         0.000730
2026-02-04 19:08:34,184 - INFO -   ** New best val loss: 1.1648
2026-02-04 19:08:34,190 - INFO - 
2026-02-04 19:08:36,490 - INFO - Epoch 8/20
2026-02-04 19:08:36,490 - INFO -   Train Loss: 1.1329
2026-02-04 19:08:36,490 - INFO -   Val Loss:   1.2308
2026-02-04 19:08:36,490 - INFO -   LR:         0.000658
2026-02-04 19:08:36,492 - INFO - 
2026-02-04 19:08:38,802 - INFO - Epoch 9/20
2026-02-04 19:08:38,802 - INFO -   Train Loss: 1.1407
2026-02-04 19:08:38,802 - INFO -   Val Loss:   1.1783
2026-02-04 19:08:38,802 - INFO -   LR:         0.000582
2026-02-04 19:08:38,802 - INFO - 
2026-02-04 19:08:40,962 - INFO - Epoch 10/20
2026-02-04 19:08:40,963 - INFO -   Train Loss: 1.1310
2026-02-04 19:08:40,963 - INFO -   Val Loss:   1.1799
2026-02-04 19:08:40,963 - INFO -   LR:         0.000505
2026-02-04 19:08:40,963 - INFO - 
2026-02-04 19:08:43,094 - INFO - Epoch 11/20
2026-02-04 19:08:43,094 - INFO -   Train Loss: 1.1390
2026-02-04 19:08:43,094 - INFO -   Val Loss:   1.1783
2026-02-04 19:08:43,095 - INFO -   LR:         0.000428
2026-02-04 19:08:43,095 - INFO - 
2026-02-04 19:08:43,095 - INFO - Early stopping triggered at epoch 11

2026-02-04 19:08:43,271 - INFO - Fold 2 complete. Best val loss: 1.1648

2026-02-04 19:08:43,272 - INFO - ============================================================
2026-02-04 19:08:43,272 - INFO - Fold 3/5
2026-02-04 19:08:43,272 - INFO - ============================================================
2026-02-04 19:08:43,272 - INFO - Train samples: 541, Val samples: 135

2026-02-04 19:08:45,405 - INFO - Epoch 1/20
2026-02-04 19:08:45,405 - INFO -   Train Loss: 1.1984
2026-02-04 19:08:45,406 - INFO -   Val Loss:   1.2319
2026-02-04 19:08:45,406 - INFO -   LR:         0.000994
2026-02-04 19:08:45,406 - INFO -   ** New best val loss: 1.2319
2026-02-04 19:08:45,415 - INFO - 
2026-02-04 19:08:47,551 - INFO - Epoch 2/20
2026-02-04 19:08:47,551 - INFO -   Train Loss: 1.1706
2026-02-04 19:08:47,551 - INFO -   Val Loss:   1.2275
2026-02-04 19:08:47,551 - INFO -   LR:         0.000976
2026-02-04 19:08:47,551 - INFO -   ** New best val loss: 1.2275
2026-02-04 19:08:47,559 - INFO - 
2026-02-04 19:08:49,673 - INFO - Epoch 3/20
2026-02-04 19:08:49,674 - INFO -   Train Loss: 1.1551
2026-02-04 19:08:49,674 - INFO -   Val Loss:   1.2306
2026-02-04 19:08:49,674 - INFO -   LR:         0.000946
2026-02-04 19:08:49,674 - INFO - 
2026-02-04 19:08:51,789 - INFO - Epoch 4/20
2026-02-04 19:08:51,789 - INFO -   Train Loss: 1.1529
2026-02-04 19:08:51,789 - INFO -   Val Loss:   1.2123
2026-02-04 19:08:51,789 - INFO -   LR:         0.000905
2026-02-04 19:08:51,789 - INFO -   ** New best val loss: 1.2123
2026-02-04 19:08:51,796 - INFO - 
2026-02-04 19:08:53,971 - INFO - Epoch 5/20
2026-02-04 19:08:53,972 - INFO -   Train Loss: 1.1476
2026-02-04 19:08:53,972 - INFO -   Val Loss:   1.2058
2026-02-04 19:08:53,972 - INFO -   LR:         0.000855
2026-02-04 19:08:53,972 - INFO -   ** New best val loss: 1.2058
2026-02-04 19:08:53,979 - INFO - 
2026-02-04 19:08:56,107 - INFO - Epoch 6/20
2026-02-04 19:08:56,108 - INFO -   Train Loss: 1.1479
2026-02-04 19:08:56,108 - INFO -   Val Loss:   1.2433
2026-02-04 19:08:56,108 - INFO -   LR:         0.000796
2026-02-04 19:08:56,109 - INFO - 
2026-02-04 19:08:58,232 - INFO - Epoch 7/20
2026-02-04 19:08:58,232 - INFO -   Train Loss: 1.1440
2026-02-04 19:08:58,232 - INFO -   Val Loss:   1.2209
2026-02-04 19:08:58,232 - INFO -   LR:         0.000730
2026-02-04 19:08:58,232 - INFO - 
2026-02-04 19:09:00,376 - INFO - Epoch 8/20
2026-02-04 19:09:00,376 - INFO -   Train Loss: 1.1442
2026-02-04 19:09:00,376 - INFO -   Val Loss:   1.3792
2026-02-04 19:09:00,376 - INFO -   LR:         0.000658
2026-02-04 19:09:00,376 - INFO - 
2026-02-04 19:09:02,499 - INFO - Epoch 9/20
2026-02-04 19:09:02,500 - INFO -   Train Loss: 1.1407
2026-02-04 19:09:02,500 - INFO -   Val Loss:   1.2269
2026-02-04 19:09:02,500 - INFO -   LR:         0.000582
2026-02-04 19:09:02,500 - INFO - 
2026-02-04 19:09:04,653 - INFO - Epoch 10/20
2026-02-04 19:09:04,654 - INFO -   Train Loss: 1.1444
2026-02-04 19:09:04,654 - INFO -   Val Loss:   1.2105
2026-02-04 19:09:04,654 - INFO -   LR:         0.000505
2026-02-04 19:09:04,654 - INFO - 
2026-02-04 19:09:04,654 - INFO - Early stopping triggered at epoch 10

2026-02-04 19:09:04,841 - INFO - Fold 3 complete. Best val loss: 1.2058

2026-02-04 19:09:04,841 - INFO - ============================================================
2026-02-04 19:09:04,841 - INFO - Fold 4/5
2026-02-04 19:09:04,841 - INFO - ============================================================
2026-02-04 19:09:04,842 - INFO - Train samples: 541, Val samples: 135

2026-02-04 19:09:07,220 - INFO - Epoch 1/20
2026-02-04 19:09:07,220 - INFO -   Train Loss: 1.1866
2026-02-04 19:09:07,220 - INFO -   Val Loss:   1.2592
2026-02-04 19:09:07,220 - INFO -   LR:         0.000994
2026-02-04 19:09:07,220 - INFO -   ** New best val loss: 1.2592
2026-02-04 19:09:07,227 - INFO - 
2026-02-04 19:09:09,514 - INFO - Epoch 2/20
2026-02-04 19:09:09,514 - INFO -   Train Loss: 1.1700
2026-02-04 19:09:09,515 - INFO -   Val Loss:   1.1872
2026-02-04 19:09:09,515 - INFO -   LR:         0.000976
2026-02-04 19:09:09,515 - INFO -   ** New best val loss: 1.1872
2026-02-04 19:09:09,522 - INFO - 
2026-02-04 19:09:11,643 - INFO - Epoch 3/20
2026-02-04 19:09:11,644 - INFO -   Train Loss: 1.1522
2026-02-04 19:09:11,644 - INFO -   Val Loss:   1.1658
2026-02-04 19:09:11,644 - INFO -   LR:         0.000946
2026-02-04 19:09:11,644 - INFO -   ** New best val loss: 1.1658
2026-02-04 19:09:11,650 - INFO - 
2026-02-04 19:09:14,065 - INFO - Epoch 4/20
2026-02-04 19:09:14,065 - INFO -   Train Loss: 1.1406
2026-02-04 19:09:14,066 - INFO -   Val Loss:   1.1903
2026-02-04 19:09:14,066 - INFO -   LR:         0.000905
2026-02-04 19:09:14,066 - INFO - 
2026-02-04 19:09:16,546 - INFO - Epoch 5/20
2026-02-04 19:09:16,546 - INFO -   Train Loss: 1.1474
2026-02-04 19:09:16,546 - INFO -   Val Loss:   1.1908
2026-02-04 19:09:16,547 - INFO -   LR:         0.000855
2026-02-04 19:09:16,547 - INFO - 
2026-02-04 19:09:18,929 - INFO - Epoch 6/20
2026-02-04 19:09:18,929 - INFO -   Train Loss: 1.1476
2026-02-04 19:09:18,929 - INFO -   Val Loss:   1.1742
2026-02-04 19:09:18,929 - INFO -   LR:         0.000796
2026-02-04 19:09:18,930 - INFO - 
2026-02-04 19:09:21,448 - INFO - Epoch 7/20
2026-02-04 19:09:21,448 - INFO -   Train Loss: 1.1417
2026-02-04 19:09:21,448 - INFO -   Val Loss:   1.1529
2026-02-04 19:09:21,448 - INFO -   LR:         0.000730
2026-02-04 19:09:21,448 - INFO -   ** New best val loss: 1.1529
2026-02-04 19:09:21,457 - INFO - 
2026-02-04 19:09:23,745 - INFO - Epoch 8/20
2026-02-04 19:09:23,745 - INFO -   Train Loss: 1.1496
2026-02-04 19:09:23,745 - INFO -   Val Loss:   1.1494
2026-02-04 19:09:23,745 - INFO -   LR:         0.000658
2026-02-04 19:09:23,745 - INFO -   ** New best val loss: 1.1494
2026-02-04 19:09:23,753 - INFO - 
2026-02-04 19:09:26,277 - INFO - Epoch 9/20
2026-02-04 19:09:26,277 - INFO -   Train Loss: 1.1315
2026-02-04 19:09:26,277 - INFO -   Val Loss:   1.1735
2026-02-04 19:09:26,277 - INFO -   LR:         0.000582
2026-02-04 19:09:26,278 - INFO - 
2026-02-04 19:09:28,698 - INFO - Epoch 10/20
2026-02-04 19:09:28,698 - INFO -   Train Loss: 1.1297
2026-02-04 19:09:28,698 - INFO -   Val Loss:   1.1757
2026-02-04 19:09:28,698 - INFO -   LR:         0.000505
2026-02-04 19:09:28,698 - INFO - 
2026-02-04 19:09:31,258 - INFO - Epoch 11/20
2026-02-04 19:09:31,258 - INFO -   Train Loss: 1.1301
2026-02-04 19:09:31,258 - INFO -   Val Loss:   1.1978
2026-02-04 19:09:31,259 - INFO -   LR:         0.000428
2026-02-04 19:09:31,259 - INFO - 
2026-02-04 19:09:33,364 - INFO - Epoch 12/20
2026-02-04 19:09:33,364 - INFO -   Train Loss: 1.1246
2026-02-04 19:09:33,364 - INFO -   Val Loss:   1.1761
2026-02-04 19:09:33,365 - INFO -   LR:         0.000352
2026-02-04 19:09:33,365 - INFO - 
2026-02-04 19:09:35,606 - INFO - Epoch 13/20
2026-02-04 19:09:35,606 - INFO -   Train Loss: 1.1227
2026-02-04 19:09:35,606 - INFO -   Val Loss:   1.1585
2026-02-04 19:09:35,606 - INFO -   LR:         0.000280
2026-02-04 19:09:35,607 - INFO - 
2026-02-04 19:09:35,607 - INFO - Early stopping triggered at epoch 13

2026-02-04 19:09:35,782 - INFO - Fold 4 complete. Best val loss: 1.1494

2026-02-04 19:09:35,783 - INFO - ============================================================
2026-02-04 19:09:35,783 - INFO - Fold 5/5
2026-02-04 19:09:35,783 - INFO - ============================================================
2026-02-04 19:09:35,783 - INFO - Train samples: 541, Val samples: 135

2026-02-04 19:09:38,117 - INFO - Epoch 1/20
2026-02-04 19:09:38,118 - INFO -   Train Loss: 1.1809
2026-02-04 19:09:38,118 - INFO -   Val Loss:   1.2231
2026-02-04 19:09:38,118 - INFO -   LR:         0.000994
2026-02-04 19:09:38,118 - INFO -   ** New best val loss: 1.2231
2026-02-04 19:09:38,125 - INFO - 
2026-02-04 19:09:40,510 - INFO - Epoch 2/20
2026-02-04 19:09:40,511 - INFO -   Train Loss: 1.1565
2026-02-04 19:09:40,511 - INFO -   Val Loss:   1.1098
2026-02-04 19:09:40,511 - INFO -   LR:         0.000976
2026-02-04 19:09:40,511 - INFO -   ** New best val loss: 1.1098
2026-02-04 19:09:40,519 - INFO - 
2026-02-04 19:09:42,743 - INFO - Epoch 3/20
2026-02-04 19:09:42,743 - INFO -   Train Loss: 1.1489
2026-02-04 19:09:42,743 - INFO -   Val Loss:   1.1019
2026-02-04 19:09:42,743 - INFO -   LR:         0.000946
2026-02-04 19:09:42,743 - INFO -   ** New best val loss: 1.1019
2026-02-04 19:09:42,750 - INFO - 
2026-02-04 19:09:44,901 - INFO - Epoch 4/20
2026-02-04 19:09:44,902 - INFO -   Train Loss: 1.1357
2026-02-04 19:09:44,902 - INFO -   Val Loss:   1.1250
2026-02-04 19:09:44,902 - INFO -   LR:         0.000905
2026-02-04 19:09:44,902 - INFO - 
2026-02-04 19:09:47,019 - INFO - Epoch 5/20
2026-02-04 19:09:47,019 - INFO -   Train Loss: 1.1374
2026-02-04 19:09:47,019 - INFO -   Val Loss:   1.1713
2026-02-04 19:09:47,019 - INFO -   LR:         0.000855
2026-02-04 19:09:47,020 - INFO - 
2026-02-04 19:09:49,224 - INFO - Epoch 6/20
2026-02-04 19:09:49,224 - INFO -   Train Loss: 1.1401
2026-02-04 19:09:49,224 - INFO -   Val Loss:   1.1711
2026-02-04 19:09:49,224 - INFO -   LR:         0.000796
2026-02-04 19:09:49,224 - INFO - 
2026-02-04 19:09:51,400 - INFO - Epoch 7/20
2026-02-04 19:09:51,401 - INFO -   Train Loss: 1.1314
2026-02-04 19:09:51,401 - INFO -   Val Loss:   1.1398
2026-02-04 19:09:51,401 - INFO -   LR:         0.000730
2026-02-04 19:09:51,401 - INFO - 
2026-02-04 19:09:53,508 - INFO - Epoch 8/20
2026-02-04 19:09:53,508 - INFO -   Train Loss: 1.1296
2026-02-04 19:09:53,508 - INFO -   Val Loss:   1.1527
2026-02-04 19:09:53,508 - INFO -   LR:         0.000658
2026-02-04 19:09:53,508 - INFO - 
2026-02-04 19:09:53,509 - INFO - Early stopping triggered at epoch 8

2026-02-04 19:09:53,681 - INFO - Fold 5 complete. Best val loss: 1.1019

2026-02-04 19:09:53,683 - INFO - OOF predictions saved to: d:\workspace\MRes\NoiseRate\kfold_results_pseudo\oof_predictions_pseudo.npy
2026-02-04 19:09:53,683 - INFO - Shape: (676, 12)

2026-02-04 19:09:53,683 - INFO - 
============================================================
2026-02-04 19:09:53,683 - INFO - VALIDATION - PSEUDO LABELS
2026-02-04 19:09:53,683 - INFO - ============================================================

2026-02-04 19:09:53,733 - INFO - ============================================================
2026-02-04 19:09:53,734 - INFO - Per-Class AUROC (PSEUDO model)
2026-02-04 19:09:53,734 - INFO - ============================================================
2026-02-04 19:09:53,750 - INFO - ============================================================
2026-02-04 19:09:53,750 - INFO - CNN-PSEUDO - Per-Class AUROC
2026-02-04 19:09:53,750 - INFO - ============================================================
2026-02-04 19:09:53,750 - INFO - 
Pathology                           AUROC
2026-02-04 19:09:53,750 - INFO - ---------------------------------------------
2026-02-04 19:09:53,750 - INFO - Atelectasis                         0.556
2026-02-04 19:09:53,751 - INFO - Cardiomegaly                        0.617
2026-02-04 19:09:53,751 - INFO - Consolidation                       0.593
2026-02-04 19:09:53,752 - INFO - Edema                               0.680
2026-02-04 19:09:53,752 - INFO - Enlarged Cardiomediastinum          0.467
2026-02-04 19:09:53,752 - INFO - Fracture                            0.613
2026-02-04 19:09:53,752 - INFO - Lung Lesion                         0.552
2026-02-04 19:09:53,752 - INFO - Lung Opacity                        0.548
2026-02-04 19:09:53,752 - INFO - Pleural Effusion                    0.578
2026-02-04 19:09:53,752 - INFO - Pleural Other                       0.647
2026-02-04 19:09:53,752 - INFO - Pneumonia                           0.651
2026-02-04 19:09:53,752 - INFO - Pneumothorax                        0.459
2026-02-04 19:09:53,752 - INFO - ---------------------------------------------
2026-02-04 19:09:53,754 - INFO - Mean AUROC                          0.580
2026-02-04 19:09:53,754 - INFO - 
2026-02-04 19:09:53,754 - INFO - ============================================================
2026-02-04 19:09:53,754 - INFO - Per-Class Noise Analysis
2026-02-04 19:09:53,754 - INFO - ============================================================

2026-02-04 19:09:53,800 - INFO - ============================================================
2026-02-04 19:09:53,800 - INFO - Per-Class Noise Analysis (PSEUDO labels)
2026-02-04 19:09:53,800 - INFO - ============================================================
2026-02-04 19:09:53,800 - INFO - 
Analyzing 12 pathology classes individually...
2026-02-04 19:11:36,178 - INFO - 
Per-class noise rates:
2026-02-04 19:11:36,178 - INFO - Pathology                      Positive Negative  Issues     Rate
2026-02-04 19:11:36,178 - INFO - ----------------------------------------------------------------------
2026-02-04 19:11:36,179 - INFO - Atelectasis                         188      488    309    45.7%
2026-02-04 19:11:36,179 - INFO - Cardiomegaly                        176      500    268    39.6%
2026-02-04 19:11:36,179 - INFO - Consolidation                        62      614    206    30.5%
2026-02-04 19:11:36,179 - INFO - Edema                               140      536    261    38.6%
2026-02-04 19:11:36,179 - INFO - Enlarged Cardiomediastinum           50      626    403    59.6%
2026-02-04 19:11:36,179 - INFO - Fracture                             51      625    254    37.6%
2026-02-04 19:11:36,179 - INFO - Lung Lesion                          51      625    273    40.4%
2026-02-04 19:11:36,179 - INFO - Lung Opacity                        214      462    204    30.2%
2026-02-04 19:11:36,181 - INFO - Pleural Effusion                    246      430    313    46.3%
2026-02-04 19:11:36,181 - INFO - Pleural Other                        35      641    197    29.1%
2026-02-04 19:11:36,181 - INFO - Pneumonia                            77      599    272    40.2%
2026-02-04 19:11:36,181 - INFO - Pneumothorax                         52      624    135    20.0%
2026-02-04 19:11:36,181 - INFO - 
2026-02-04 19:11:36,183 - INFO - Results saved to: d:\workspace\MRes\NoiseRate\kfold_results_pseudo\cnn_pseudo_results_20260204_191136.csv

2026-02-04 19:11:36,183 - INFO - 
============================================================
2026-02-04 19:11:36,184 - INFO - PSEUDO TRAINING AND VALIDATION - COMPLETE
2026-02-04 19:11:36,184 - INFO - ============================================================

