2026-02-04 21:38:04,005 - INFO - Logging initialized. Log file: d:\workspace\MRes\NoiseRate\kfold_results_pseudo\logs\kfold_pseudo_20260204_213804.log
2026-02-04 21:38:04,005 - INFO - 
============================================================
2026-02-04 21:38:04,005 - INFO - K-FOLD TRAINING - PSEUDO LABELS
2026-02-04 21:38:04,005 - INFO - ============================================================

2026-02-04 21:38:04,005 - INFO - Using device: cuda

2026-02-04 21:38:04,005 - INFO - ============================================================
2026-02-04 21:38:04,005 - INFO - Loading and Preparing Data
2026-02-04 21:38:04,005 - INFO - ============================================================
2026-02-04 21:38:04,007 - INFO - Loading metadata from: d:/workspace/MRes/datasets/mimic-cxr-clean/gt/metadata.csv
2026-02-04 21:38:04,014 - INFO - Loaded 1029 samples
2026-02-04 21:38:04,014 - INFO - Filtering for ViewPosition: ['AP', 'PA']
2026-02-04 21:38:04,015 - INFO - After filtering: 676 samples

2026-02-04 21:38:04,015 - INFO - Using PSEUDO labels for training
2026-02-04 21:38:04,015 - INFO - Using 12 CheXpert pathology columns
2026-02-04 21:38:04,015 - INFO - Applying uncertain label strategy: u_zeros
2026-02-04 21:38:04,018 - INFO - Processed Data Label Statistics (Total Samples: 676):
2026-02-04 21:38:04,018 - INFO - Pathology                      Positive   Negative   Pos Rate  
2026-02-04 21:38:04,018 - INFO - -----------------------------------------------------------------
2026-02-04 21:38:04,019 - INFO - Atelectasis                    188        488             27.8%
2026-02-04 21:38:04,019 - INFO - Cardiomegaly                   176        500             26.0%
2026-02-04 21:38:04,019 - INFO - Consolidation                  62         614              9.2%
2026-02-04 21:38:04,020 - INFO - Edema                          140        536             20.7%
2026-02-04 21:38:04,020 - INFO - Enlarged Cardiomediastinum     50         626              7.4%
2026-02-04 21:38:04,020 - INFO - Fracture                       51         625              7.5%
2026-02-04 21:38:04,020 - INFO - Lung Lesion                    51         625              7.5%
2026-02-04 21:38:04,021 - INFO - Lung Opacity                   214        462             31.7%
2026-02-04 21:38:04,021 - INFO - Pleural Effusion               246        430             36.4%
2026-02-04 21:38:04,021 - INFO - Pleural Other                  35         641              5.2%
2026-02-04 21:38:04,021 - INFO - Pneumonia                      77         599             11.4%
2026-02-04 21:38:04,022 - INFO - Pneumothorax                   52         624              7.7%
2026-02-04 21:38:04,022 - INFO - 
2026-02-04 21:38:04,022 - INFO - Labels shape: (676, 12)

2026-02-04 21:38:04,023 - INFO - ============================================================
2026-02-04 21:38:04,023 - INFO - K-Fold Split
2026-02-04 21:38:04,023 - INFO - ============================================================
2026-02-04 21:38:04,023 - INFO - K-fold: 5 splits, stratified by first label

2026-02-04 21:38:04,024 - INFO - ============================================================
2026-02-04 21:38:04,024 - INFO - Fold 1/5
2026-02-04 21:38:04,024 - INFO - ============================================================
2026-02-04 21:38:04,024 - INFO - Train samples: 540, Val samples: 136

2026-02-04 21:38:05,818 - INFO - Epoch 1/20
2026-02-04 21:38:05,818 - INFO -   Train Loss: 1.1951
2026-02-04 21:38:05,818 - INFO -   Val Loss:   1.2176
2026-02-04 21:38:05,818 - INFO -   LR:         0.000994
2026-02-04 21:38:05,818 - INFO -   ** New best val loss: 1.2176
2026-02-04 21:38:05,825 - INFO - 
2026-02-04 21:38:07,562 - INFO - Epoch 2/20
2026-02-04 21:38:07,563 - INFO -   Train Loss: 1.1591
2026-02-04 21:38:07,563 - INFO -   Val Loss:   1.1272
2026-02-04 21:38:07,563 - INFO -   LR:         0.000976
2026-02-04 21:38:07,563 - INFO -   ** New best val loss: 1.1272
2026-02-04 21:38:07,571 - INFO - 
2026-02-04 21:38:09,523 - INFO - Epoch 3/20
2026-02-04 21:38:09,523 - INFO -   Train Loss: 1.1548
2026-02-04 21:38:09,523 - INFO -   Val Loss:   1.1361
2026-02-04 21:38:09,523 - INFO -   LR:         0.000946
2026-02-04 21:38:09,523 - INFO - 
2026-02-04 21:38:11,322 - INFO - Epoch 4/20
2026-02-04 21:38:11,322 - INFO -   Train Loss: 1.1469
2026-02-04 21:38:11,322 - INFO -   Val Loss:   1.1069
2026-02-04 21:38:11,322 - INFO -   LR:         0.000905
2026-02-04 21:38:11,322 - INFO -   ** New best val loss: 1.1069
2026-02-04 21:38:11,329 - INFO - 
2026-02-04 21:38:12,972 - INFO - Epoch 5/20
2026-02-04 21:38:12,972 - INFO -   Train Loss: 1.1433
2026-02-04 21:38:12,972 - INFO -   Val Loss:   1.1336
2026-02-04 21:38:12,972 - INFO -   LR:         0.000855
2026-02-04 21:38:12,972 - INFO - 
2026-02-04 21:38:14,694 - INFO - Epoch 6/20
2026-02-04 21:38:14,694 - INFO -   Train Loss: 1.1405
2026-02-04 21:38:14,694 - INFO -   Val Loss:   1.1933
2026-02-04 21:38:14,695 - INFO -   LR:         0.000796
2026-02-04 21:38:14,695 - INFO - 
2026-02-04 21:38:16,629 - INFO - Epoch 7/20
2026-02-04 21:38:16,630 - INFO -   Train Loss: 1.1517
2026-02-04 21:38:16,630 - INFO -   Val Loss:   1.3402
2026-02-04 21:38:16,630 - INFO -   LR:         0.000730
2026-02-04 21:38:16,630 - INFO - 
2026-02-04 21:38:18,547 - INFO - Epoch 8/20
2026-02-04 21:38:18,547 - INFO -   Train Loss: 1.1285
2026-02-04 21:38:18,547 - INFO -   Val Loss:   1.1543
2026-02-04 21:38:18,547 - INFO -   LR:         0.000658
2026-02-04 21:38:18,547 - INFO - 
2026-02-04 21:38:20,242 - INFO - Epoch 9/20
2026-02-04 21:38:20,242 - INFO -   Train Loss: 1.1384
2026-02-04 21:38:20,242 - INFO -   Val Loss:   1.1418
2026-02-04 21:38:20,242 - INFO -   LR:         0.000582
2026-02-04 21:38:20,242 - INFO - 
2026-02-04 21:38:20,243 - INFO - Early stopping triggered at epoch 9

2026-02-04 21:38:20,396 - INFO - Fold 1 complete. Best val loss: 1.1069

2026-02-04 21:38:20,396 - INFO - ============================================================
2026-02-04 21:38:20,396 - INFO - Fold 2/5
2026-02-04 21:38:20,396 - INFO - ============================================================
2026-02-04 21:38:20,396 - INFO - Train samples: 541, Val samples: 135

2026-02-04 21:38:22,235 - INFO - Epoch 1/20
2026-02-04 21:38:22,235 - INFO -   Train Loss: 1.1832
2026-02-04 21:38:22,235 - INFO -   Val Loss:   1.2162
2026-02-04 21:38:22,235 - INFO -   LR:         0.000994
2026-02-04 21:38:22,235 - INFO -   ** New best val loss: 1.2162
2026-02-04 21:38:22,242 - INFO - 
2026-02-04 21:38:23,877 - INFO - Epoch 2/20
2026-02-04 21:38:23,877 - INFO -   Train Loss: 1.1641
2026-02-04 21:38:23,878 - INFO -   Val Loss:   1.1762
2026-02-04 21:38:23,878 - INFO -   LR:         0.000976
2026-02-04 21:38:23,878 - INFO -   ** New best val loss: 1.1762
2026-02-04 21:38:23,884 - INFO - 
2026-02-04 21:38:25,549 - INFO - Epoch 3/20
2026-02-04 21:38:25,550 - INFO -   Train Loss: 1.1503
2026-02-04 21:38:25,550 - INFO -   Val Loss:   1.2022
2026-02-04 21:38:25,550 - INFO -   LR:         0.000946
2026-02-04 21:38:25,550 - INFO - 
2026-02-04 21:38:28,181 - INFO - Epoch 4/20
2026-02-04 21:38:28,183 - INFO -   Train Loss: 1.1524
2026-02-04 21:38:28,183 - INFO -   Val Loss:   1.1761
2026-02-04 21:38:28,183 - INFO -   LR:         0.000905
2026-02-04 21:38:28,183 - INFO -   ** New best val loss: 1.1761
2026-02-04 21:38:28,190 - INFO - 
2026-02-04 21:38:30,751 - INFO - Epoch 5/20
2026-02-04 21:38:30,751 - INFO -   Train Loss: 1.1483
2026-02-04 21:38:30,751 - INFO -   Val Loss:   1.1645
2026-02-04 21:38:30,751 - INFO -   LR:         0.000855
2026-02-04 21:38:30,751 - INFO -   ** New best val loss: 1.1645
2026-02-04 21:38:30,759 - INFO - 
2026-02-04 21:38:33,233 - INFO - Epoch 6/20
2026-02-04 21:38:33,234 - INFO -   Train Loss: 1.1440
2026-02-04 21:38:33,234 - INFO -   Val Loss:   1.1692
2026-02-04 21:38:33,234 - INFO -   LR:         0.000796
2026-02-04 21:38:33,234 - INFO - 
2026-02-04 21:38:35,043 - INFO - Epoch 7/20
2026-02-04 21:38:35,043 - INFO -   Train Loss: 1.1476
2026-02-04 21:38:35,043 - INFO -   Val Loss:   1.1947
2026-02-04 21:38:35,043 - INFO -   LR:         0.000730
2026-02-04 21:38:35,043 - INFO - 
2026-02-04 21:38:36,694 - INFO - Epoch 8/20
2026-02-04 21:38:36,694 - INFO -   Train Loss: 1.1370
2026-02-04 21:38:36,694 - INFO -   Val Loss:   1.2117
2026-02-04 21:38:36,694 - INFO -   LR:         0.000658
2026-02-04 21:38:36,694 - INFO - 
2026-02-04 21:38:38,488 - INFO - Epoch 9/20
2026-02-04 21:38:38,488 - INFO -   Train Loss: 1.1349
2026-02-04 21:38:38,488 - INFO -   Val Loss:   1.1655
2026-02-04 21:38:38,488 - INFO -   LR:         0.000582
2026-02-04 21:38:38,488 - INFO - 
2026-02-04 21:38:40,314 - INFO - Epoch 10/20
2026-02-04 21:38:40,314 - INFO -   Train Loss: 1.1386
2026-02-04 21:38:40,314 - INFO -   Val Loss:   1.1932
2026-02-04 21:38:40,314 - INFO -   LR:         0.000505
2026-02-04 21:38:40,314 - INFO - 
2026-02-04 21:38:40,314 - INFO - Early stopping triggered at epoch 10

2026-02-04 21:38:40,465 - INFO - Fold 2 complete. Best val loss: 1.1645

2026-02-04 21:38:40,465 - INFO - ============================================================
2026-02-04 21:38:40,465 - INFO - Fold 3/5
2026-02-04 21:38:40,465 - INFO - ============================================================
2026-02-04 21:38:40,465 - INFO - Train samples: 541, Val samples: 135

2026-02-04 21:38:42,122 - INFO - Epoch 1/20
2026-02-04 21:38:42,122 - INFO -   Train Loss: 1.1858
2026-02-04 21:38:42,122 - INFO -   Val Loss:   1.2650
2026-02-04 21:38:42,122 - INFO -   LR:         0.000994
2026-02-04 21:38:42,122 - INFO -   ** New best val loss: 1.2650
2026-02-04 21:38:42,129 - INFO - 
2026-02-04 21:38:43,769 - INFO - Epoch 2/20
2026-02-04 21:38:43,769 - INFO -   Train Loss: 1.1712
2026-02-04 21:38:43,769 - INFO -   Val Loss:   1.2141
2026-02-04 21:38:43,769 - INFO -   LR:         0.000976
2026-02-04 21:38:43,769 - INFO -   ** New best val loss: 1.2141
2026-02-04 21:38:43,775 - INFO - 
2026-02-04 21:38:45,409 - INFO - Epoch 3/20
2026-02-04 21:38:45,409 - INFO -   Train Loss: 1.1637
2026-02-04 21:38:45,409 - INFO -   Val Loss:   1.2241
2026-02-04 21:38:45,409 - INFO -   LR:         0.000946
2026-02-04 21:38:45,409 - INFO - 
2026-02-04 21:38:47,034 - INFO - Epoch 4/20
2026-02-04 21:38:47,034 - INFO -   Train Loss: 1.1562
2026-02-04 21:38:47,034 - INFO -   Val Loss:   1.2089
2026-02-04 21:38:47,034 - INFO -   LR:         0.000905
2026-02-04 21:38:47,034 - INFO -   ** New best val loss: 1.2089
2026-02-04 21:38:47,041 - INFO - 
2026-02-04 21:38:48,679 - INFO - Epoch 5/20
2026-02-04 21:38:48,680 - INFO -   Train Loss: 1.1436
2026-02-04 21:38:48,680 - INFO -   Val Loss:   1.2063
2026-02-04 21:38:48,680 - INFO -   LR:         0.000855
2026-02-04 21:38:48,680 - INFO -   ** New best val loss: 1.2063
2026-02-04 21:38:48,685 - INFO - 
2026-02-04 21:38:50,346 - INFO - Epoch 6/20
2026-02-04 21:38:50,346 - INFO -   Train Loss: 1.1481
2026-02-04 21:38:50,346 - INFO -   Val Loss:   1.1917
2026-02-04 21:38:50,346 - INFO -   LR:         0.000796
2026-02-04 21:38:50,346 - INFO -   ** New best val loss: 1.1917
2026-02-04 21:38:50,353 - INFO - 
2026-02-04 21:38:51,973 - INFO - Epoch 7/20
2026-02-04 21:38:51,973 - INFO -   Train Loss: 1.1426
2026-02-04 21:38:51,973 - INFO -   Val Loss:   1.1883
2026-02-04 21:38:51,973 - INFO -   LR:         0.000730
2026-02-04 21:38:51,974 - INFO -   ** New best val loss: 1.1883
2026-02-04 21:38:51,979 - INFO - 
2026-02-04 21:38:53,619 - INFO - Epoch 8/20
2026-02-04 21:38:53,619 - INFO -   Train Loss: 1.1378
2026-02-04 21:38:53,619 - INFO -   Val Loss:   1.2001
2026-02-04 21:38:53,619 - INFO -   LR:         0.000658
2026-02-04 21:38:53,619 - INFO - 
2026-02-04 21:38:55,240 - INFO - Epoch 9/20
2026-02-04 21:38:55,242 - INFO -   Train Loss: 1.1403
2026-02-04 21:38:55,242 - INFO -   Val Loss:   1.2254
2026-02-04 21:38:55,242 - INFO -   LR:         0.000582
2026-02-04 21:38:55,242 - INFO - 
2026-02-04 21:38:56,879 - INFO - Epoch 10/20
2026-02-04 21:38:56,880 - INFO -   Train Loss: 1.1332
2026-02-04 21:38:56,880 - INFO -   Val Loss:   1.1960
2026-02-04 21:38:56,880 - INFO -   LR:         0.000505
2026-02-04 21:38:56,880 - INFO - 
2026-02-04 21:38:58,497 - INFO - Epoch 11/20
2026-02-04 21:38:58,498 - INFO -   Train Loss: 1.1426
2026-02-04 21:38:58,498 - INFO -   Val Loss:   1.2428
2026-02-04 21:38:58,498 - INFO -   LR:         0.000428
2026-02-04 21:38:58,498 - INFO - 
2026-02-04 21:39:00,128 - INFO - Epoch 12/20
2026-02-04 21:39:00,128 - INFO -   Train Loss: 1.1331
2026-02-04 21:39:00,128 - INFO -   Val Loss:   1.1902
2026-02-04 21:39:00,128 - INFO -   LR:         0.000352
2026-02-04 21:39:00,128 - INFO - 
2026-02-04 21:39:00,128 - INFO - Early stopping triggered at epoch 12

2026-02-04 21:39:00,269 - INFO - Fold 3 complete. Best val loss: 1.1883

2026-02-04 21:39:00,269 - INFO - ============================================================
2026-02-04 21:39:00,269 - INFO - Fold 4/5
2026-02-04 21:39:00,269 - INFO - ============================================================
2026-02-04 21:39:00,269 - INFO - Train samples: 541, Val samples: 135

2026-02-04 21:39:01,911 - INFO - Epoch 1/20
2026-02-04 21:39:01,911 - INFO -   Train Loss: 1.2059
2026-02-04 21:39:01,911 - INFO -   Val Loss:   1.2078
2026-02-04 21:39:01,911 - INFO -   LR:         0.000994
2026-02-04 21:39:01,911 - INFO -   ** New best val loss: 1.2078
2026-02-04 21:39:01,918 - INFO - 
2026-02-04 21:39:03,592 - INFO - Epoch 2/20
2026-02-04 21:39:03,592 - INFO -   Train Loss: 1.1707
2026-02-04 21:39:03,592 - INFO -   Val Loss:   1.1765
2026-02-04 21:39:03,592 - INFO -   LR:         0.000976
2026-02-04 21:39:03,592 - INFO -   ** New best val loss: 1.1765
2026-02-04 21:39:03,598 - INFO - 
2026-02-04 21:39:05,246 - INFO - Epoch 3/20
2026-02-04 21:39:05,246 - INFO -   Train Loss: 1.1601
2026-02-04 21:39:05,246 - INFO -   Val Loss:   1.1730
2026-02-04 21:39:05,246 - INFO -   LR:         0.000946
2026-02-04 21:39:05,246 - INFO -   ** New best val loss: 1.1730
2026-02-04 21:39:05,252 - INFO - 
2026-02-04 21:39:06,887 - INFO - Epoch 4/20
2026-02-04 21:39:06,887 - INFO -   Train Loss: 1.1507
2026-02-04 21:39:06,887 - INFO -   Val Loss:   1.1556
2026-02-04 21:39:06,887 - INFO -   LR:         0.000905
2026-02-04 21:39:06,887 - INFO -   ** New best val loss: 1.1556
2026-02-04 21:39:06,892 - INFO - 
2026-02-04 21:39:08,677 - INFO - Epoch 5/20
2026-02-04 21:39:08,677 - INFO -   Train Loss: 1.1461
2026-02-04 21:39:08,677 - INFO -   Val Loss:   1.1647
2026-02-04 21:39:08,677 - INFO -   LR:         0.000855
2026-02-04 21:39:08,677 - INFO - 
2026-02-04 21:39:10,449 - INFO - Epoch 6/20
2026-02-04 21:39:10,449 - INFO -   Train Loss: 1.1456
2026-02-04 21:39:10,449 - INFO -   Val Loss:   1.1795
2026-02-04 21:39:10,449 - INFO -   LR:         0.000796
2026-02-04 21:39:10,449 - INFO - 
2026-02-04 21:39:12,085 - INFO - Epoch 7/20
2026-02-04 21:39:12,085 - INFO -   Train Loss: 1.1318
2026-02-04 21:39:12,085 - INFO -   Val Loss:   1.1830
2026-02-04 21:39:12,086 - INFO -   LR:         0.000730
2026-02-04 21:39:12,086 - INFO - 
2026-02-04 21:39:13,724 - INFO - Epoch 8/20
2026-02-04 21:39:13,724 - INFO -   Train Loss: 1.1419
2026-02-04 21:39:13,724 - INFO -   Val Loss:   1.1698
2026-02-04 21:39:13,724 - INFO -   LR:         0.000658
2026-02-04 21:39:13,724 - INFO - 
2026-02-04 21:39:15,414 - INFO - Epoch 9/20
2026-02-04 21:39:15,414 - INFO -   Train Loss: 1.1335
2026-02-04 21:39:15,414 - INFO -   Val Loss:   1.1548
2026-02-04 21:39:15,414 - INFO -   LR:         0.000582
2026-02-04 21:39:15,415 - INFO -   ** New best val loss: 1.1548
2026-02-04 21:39:15,420 - INFO - 
2026-02-04 21:39:15,420 - INFO - Early stopping triggered at epoch 9

2026-02-04 21:39:15,555 - INFO - Fold 4 complete. Best val loss: 1.1548

2026-02-04 21:39:15,556 - INFO - ============================================================
2026-02-04 21:39:15,556 - INFO - Fold 5/5
2026-02-04 21:39:15,556 - INFO - ============================================================
2026-02-04 21:39:15,556 - INFO - Train samples: 541, Val samples: 135

2026-02-04 21:39:17,255 - INFO - Epoch 1/20
2026-02-04 21:39:17,255 - INFO -   Train Loss: 1.1819
2026-02-04 21:39:17,256 - INFO -   Val Loss:   1.1156
2026-02-04 21:39:17,256 - INFO -   LR:         0.000994
2026-02-04 21:39:17,256 - INFO -   ** New best val loss: 1.1156
2026-02-04 21:39:17,262 - INFO - 
2026-02-04 21:39:18,881 - INFO - Epoch 2/20
2026-02-04 21:39:18,881 - INFO -   Train Loss: 1.1558
2026-02-04 21:39:18,881 - INFO -   Val Loss:   1.1045
2026-02-04 21:39:18,881 - INFO -   LR:         0.000976
2026-02-04 21:39:18,881 - INFO -   ** New best val loss: 1.1045
2026-02-04 21:39:18,887 - INFO - 
2026-02-04 21:39:20,523 - INFO - Epoch 3/20
2026-02-04 21:39:20,523 - INFO -   Train Loss: 1.1451
2026-02-04 21:39:20,523 - INFO -   Val Loss:   1.1197
2026-02-04 21:39:20,523 - INFO -   LR:         0.000946
2026-02-04 21:39:20,523 - INFO - 
2026-02-04 21:39:22,155 - INFO - Epoch 4/20
2026-02-04 21:39:22,156 - INFO -   Train Loss: 1.1459
2026-02-04 21:39:22,156 - INFO -   Val Loss:   1.1162
2026-02-04 21:39:22,156 - INFO -   LR:         0.000905
2026-02-04 21:39:22,156 - INFO - 
2026-02-04 21:39:23,766 - INFO - Epoch 5/20
2026-02-04 21:39:23,766 - INFO -   Train Loss: 1.1527
2026-02-04 21:39:23,766 - INFO -   Val Loss:   1.1095
2026-02-04 21:39:23,766 - INFO -   LR:         0.000855
2026-02-04 21:39:23,766 - INFO - 
2026-02-04 21:39:25,377 - INFO - Epoch 6/20
2026-02-04 21:39:25,377 - INFO -   Train Loss: 1.1395
2026-02-04 21:39:25,377 - INFO -   Val Loss:   1.1052
2026-02-04 21:39:25,377 - INFO -   LR:         0.000796
2026-02-04 21:39:25,377 - INFO - 
2026-02-04 21:39:27,022 - INFO - Epoch 7/20
2026-02-04 21:39:27,022 - INFO -   Train Loss: 1.1345
2026-02-04 21:39:27,022 - INFO -   Val Loss:   1.0981
2026-02-04 21:39:27,022 - INFO -   LR:         0.000730
2026-02-04 21:39:27,022 - INFO -   ** New best val loss: 1.0981
2026-02-04 21:39:27,028 - INFO - 
2026-02-04 21:39:28,695 - INFO - Epoch 8/20
2026-02-04 21:39:28,695 - INFO -   Train Loss: 1.1368
2026-02-04 21:39:28,695 - INFO -   Val Loss:   1.1031
2026-02-04 21:39:28,695 - INFO -   LR:         0.000658
2026-02-04 21:39:28,695 - INFO - 
2026-02-04 21:39:30,316 - INFO - Epoch 9/20
2026-02-04 21:39:30,316 - INFO -   Train Loss: 1.1318
2026-02-04 21:39:30,316 - INFO -   Val Loss:   1.1229
2026-02-04 21:39:30,316 - INFO -   LR:         0.000582
2026-02-04 21:39:30,316 - INFO - 
2026-02-04 21:39:31,929 - INFO - Epoch 10/20
2026-02-04 21:39:31,929 - INFO -   Train Loss: 1.1303
2026-02-04 21:39:31,929 - INFO -   Val Loss:   1.1047
2026-02-04 21:39:31,930 - INFO -   LR:         0.000505
2026-02-04 21:39:31,930 - INFO - 
2026-02-04 21:39:33,597 - INFO - Epoch 11/20
2026-02-04 21:39:33,597 - INFO -   Train Loss: 1.1182
2026-02-04 21:39:33,597 - INFO -   Val Loss:   1.1692
2026-02-04 21:39:33,597 - INFO -   LR:         0.000428
2026-02-04 21:39:33,597 - INFO - 
2026-02-04 21:39:35,231 - INFO - Epoch 12/20
2026-02-04 21:39:35,231 - INFO -   Train Loss: 1.1278
2026-02-04 21:39:35,231 - INFO -   Val Loss:   1.1359
2026-02-04 21:39:35,231 - INFO -   LR:         0.000352
2026-02-04 21:39:35,231 - INFO - 
2026-02-04 21:39:35,232 - INFO - Early stopping triggered at epoch 12

2026-02-04 21:39:35,364 - INFO - Fold 5 complete. Best val loss: 1.0981

2026-02-04 21:39:35,367 - INFO - OOF predictions saved to: d:\workspace\MRes\NoiseRate\kfold_results_pseudo\oof_predictions_pseudo.npy
2026-02-04 21:39:35,367 - INFO - Shape: (676, 12)

2026-02-04 21:39:35,367 - INFO - 
============================================================
2026-02-04 21:39:35,367 - INFO - VALIDATION - PSEUDO LABELS
2026-02-04 21:39:35,367 - INFO - ============================================================

2026-02-04 21:39:35,399 - INFO - ============================================================
2026-02-04 21:39:35,400 - INFO - Per-Class AUROC (PSEUDO model)
2026-02-04 21:39:35,400 - INFO - ============================================================
2026-02-04 21:39:35,413 - INFO - ============================================================
2026-02-04 21:39:35,413 - INFO - CNN-PSEUDO - Per-Class AUROC
2026-02-04 21:39:35,413 - INFO - ============================================================
2026-02-04 21:39:35,414 - INFO - 
Pathology                           AUROC
2026-02-04 21:39:35,414 - INFO - ---------------------------------------------
2026-02-04 21:39:35,414 - INFO - Atelectasis                         0.558
2026-02-04 21:39:35,414 - INFO - Cardiomegaly                        0.612
2026-02-04 21:39:35,414 - INFO - Consolidation                       0.568
2026-02-04 21:39:35,414 - INFO - Edema                               0.666
2026-02-04 21:39:35,414 - INFO - Enlarged Cardiomediastinum          0.577
2026-02-04 21:39:35,415 - INFO - Fracture                            0.602
2026-02-04 21:39:35,415 - INFO - Lung Lesion                         0.491
2026-02-04 21:39:35,415 - INFO - Lung Opacity                        0.548
2026-02-04 21:39:35,415 - INFO - Pleural Effusion                    0.582
2026-02-04 21:39:35,415 - INFO - Pleural Other                       0.683
2026-02-04 21:39:35,415 - INFO - Pneumonia                           0.664
2026-02-04 21:39:35,415 - INFO - Pneumothorax                        0.487
2026-02-04 21:39:35,415 - INFO - ---------------------------------------------
2026-02-04 21:39:35,416 - INFO - Mean AUROC                          0.586
2026-02-04 21:39:35,416 - INFO - 
2026-02-04 21:39:35,416 - INFO - ============================================================
2026-02-04 21:39:35,416 - INFO - Per-Class Noise Analysis
2026-02-04 21:39:35,416 - INFO - ============================================================

2026-02-04 21:39:35,451 - INFO - ============================================================
2026-02-04 21:39:35,451 - INFO - Per-Class Noise Analysis (PSEUDO labels)
2026-02-04 21:39:35,451 - INFO - ============================================================
2026-02-04 21:39:35,451 - INFO - 
Analyzing 12 pathology classes individually...
2026-02-04 21:40:53,009 - INFO - 
Per-class noise rates:
2026-02-04 21:40:53,009 - INFO - Pathology                      Positive Negative  Issues     Rate
2026-02-04 21:40:53,009 - INFO - ----------------------------------------------------------------------
2026-02-04 21:40:53,009 - INFO - Atelectasis                         188      488    304    45.0%
2026-02-04 21:40:53,009 - INFO - Cardiomegaly                        176      500    270    39.9%
2026-02-04 21:40:53,009 - INFO - Consolidation                        62      614    260    38.5%
2026-02-04 21:40:53,009 - INFO - Edema                               140      536    260    38.5%
2026-02-04 21:40:53,009 - INFO - Enlarged Cardiomediastinum           50      626    293    43.3%
2026-02-04 21:40:53,010 - INFO - Fracture                             51      625    247    36.5%
2026-02-04 21:40:53,010 - INFO - Lung Lesion                          51      625    314    46.4%
2026-02-04 21:40:53,010 - INFO - Lung Opacity                        214      462    200    29.6%
2026-02-04 21:40:53,010 - INFO - Pleural Effusion                    246      430    312    46.2%
2026-02-04 21:40:53,010 - INFO - Pleural Other                        35      641    207    30.6%
2026-02-04 21:40:53,010 - INFO - Pneumonia                            77      599    258    38.2%
2026-02-04 21:40:53,010 - INFO - Pneumothorax                         52      624    109    16.1%
2026-02-04 21:40:53,010 - INFO - 
2026-02-04 21:40:53,013 - INFO - Issue IDs saved to: d:\workspace\MRes\NoiseRate\kfold_results_pseudo\issues_pseudo_20260204_214053.txt
2026-02-04 21:40:53,014 - INFO - Results saved to: d:\workspace\MRes\NoiseRate\kfold_results_pseudo\cnn_pseudo_results_20260204_214053.csv
2026-02-04 21:40:53,015 - INFO - 
============================================================
2026-02-04 21:40:53,015 - INFO - PSEUDO TRAINING AND VALIDATION - COMPLETE
2026-02-04 21:40:53,015 - INFO - ============================================================

