2026-02-04 19:44:20,981 - INFO - Logging initialized. Log file: d:\workspace\MRes\NoiseRate\kfold_results_pseudo\logs\kfold_pseudo_20260204_194420.log
2026-02-04 19:44:20,981 - INFO - 
============================================================
2026-02-04 19:44:20,981 - INFO - K-FOLD TRAINING - PSEUDO LABELS
2026-02-04 19:44:20,981 - INFO - ============================================================

2026-02-04 19:44:20,981 - INFO - Using device: cuda

2026-02-04 19:44:20,981 - INFO - ============================================================
2026-02-04 19:44:20,982 - INFO - Loading and Preparing Data
2026-02-04 19:44:20,982 - INFO - ============================================================
2026-02-04 19:44:20,983 - INFO - Loading metadata from: d:/workspace/MRes/datasets/mimic-cxr-clean/gt/metadata.csv
2026-02-04 19:44:20,992 - INFO - Loaded 1029 samples
2026-02-04 19:44:20,992 - INFO - Filtering for ViewPosition: ['AP', 'PA']
2026-02-04 19:44:20,993 - INFO - After filtering: 676 samples

2026-02-04 19:44:20,993 - INFO - Using PSEUDO labels for training
2026-02-04 19:44:20,994 - INFO - Using 12 CheXpert pathology columns
2026-02-04 19:44:20,994 - INFO - Applying uncertain label strategy: u_zeros
2026-02-04 19:44:20,999 - INFO - Labels shape: (676, 12)

2026-02-04 19:44:20,999 - INFO - ============================================================
2026-02-04 19:44:20,999 - INFO - K-Fold Split
2026-02-04 19:44:20,999 - INFO - ============================================================
2026-02-04 19:44:21,000 - INFO - K-fold: 5 splits, stratified by first label

2026-02-04 19:44:21,001 - INFO - ============================================================
2026-02-04 19:44:21,001 - INFO - Fold 1/5
2026-02-04 19:44:21,001 - INFO - ============================================================
2026-02-04 19:44:21,002 - INFO - Train samples: 540, Val samples: 136

2026-02-04 19:44:23,266 - INFO - Epoch 1/20
2026-02-04 19:44:23,266 - INFO -   Train Loss: 1.2023
2026-02-04 19:44:23,266 - INFO -   Val Loss:   1.3207
2026-02-04 19:44:23,266 - INFO -   LR:         0.000994
2026-02-04 19:44:23,266 - INFO -   ** New best val loss: 1.3207
2026-02-04 19:44:23,274 - INFO - 
2026-02-04 19:44:25,462 - INFO - Epoch 2/20
2026-02-04 19:44:25,462 - INFO -   Train Loss: 1.1602
2026-02-04 19:44:25,463 - INFO -   Val Loss:   1.1194
2026-02-04 19:44:25,463 - INFO -   LR:         0.000976
2026-02-04 19:44:25,463 - INFO -   ** New best val loss: 1.1194
2026-02-04 19:44:25,471 - INFO - 
2026-02-04 19:44:27,660 - INFO - Epoch 3/20
2026-02-04 19:44:27,661 - INFO -   Train Loss: 1.1523
2026-02-04 19:44:27,661 - INFO -   Val Loss:   1.1461
2026-02-04 19:44:27,661 - INFO -   LR:         0.000946
2026-02-04 19:44:27,661 - INFO - 
2026-02-04 19:44:29,819 - INFO - Epoch 4/20
2026-02-04 19:44:29,819 - INFO -   Train Loss: 1.1419
2026-02-04 19:44:29,820 - INFO -   Val Loss:   1.1048
2026-02-04 19:44:29,820 - INFO -   LR:         0.000905
2026-02-04 19:44:29,820 - INFO -   ** New best val loss: 1.1048
2026-02-04 19:44:29,826 - INFO - 
2026-02-04 19:44:32,021 - INFO - Epoch 5/20
2026-02-04 19:44:32,021 - INFO -   Train Loss: 1.1467
2026-02-04 19:44:32,022 - INFO -   Val Loss:   1.1501
2026-02-04 19:44:32,022 - INFO -   LR:         0.000855
2026-02-04 19:44:32,022 - INFO - 
2026-02-04 19:44:34,191 - INFO - Epoch 6/20
2026-02-04 19:44:34,192 - INFO -   Train Loss: 1.1422
2026-02-04 19:44:34,192 - INFO -   Val Loss:   1.1066
2026-02-04 19:44:34,192 - INFO -   LR:         0.000796
2026-02-04 19:44:34,192 - INFO - 
2026-02-04 19:44:36,499 - INFO - Epoch 7/20
2026-02-04 19:44:36,499 - INFO -   Train Loss: 1.1458
2026-02-04 19:44:36,500 - INFO -   Val Loss:   1.1391
2026-02-04 19:44:36,500 - INFO -   LR:         0.000730
2026-02-04 19:44:36,500 - INFO - 
2026-02-04 19:44:38,838 - INFO - Epoch 8/20
2026-02-04 19:44:38,839 - INFO -   Train Loss: 1.1403
2026-02-04 19:44:38,839 - INFO -   Val Loss:   1.1208
2026-02-04 19:44:38,839 - INFO -   LR:         0.000658
2026-02-04 19:44:38,839 - INFO - 
2026-02-04 19:44:41,130 - INFO - Epoch 9/20
2026-02-04 19:44:41,131 - INFO -   Train Loss: 1.1339
2026-02-04 19:44:41,131 - INFO -   Val Loss:   1.2091
2026-02-04 19:44:41,131 - INFO -   LR:         0.000582
2026-02-04 19:44:41,131 - INFO - 
2026-02-04 19:44:41,132 - INFO - Early stopping triggered at epoch 9

2026-02-04 19:44:41,306 - INFO - Fold 1 complete. Best val loss: 1.1048

2026-02-04 19:44:41,307 - INFO - ============================================================
2026-02-04 19:44:41,307 - INFO - Fold 2/5
2026-02-04 19:44:41,307 - INFO - ============================================================
2026-02-04 19:44:41,307 - INFO - Train samples: 541, Val samples: 135

2026-02-04 19:44:43,482 - INFO - Epoch 1/20
2026-02-04 19:44:43,482 - INFO -   Train Loss: 1.1990
2026-02-04 19:44:43,482 - INFO -   Val Loss:   1.2718
2026-02-04 19:44:43,482 - INFO -   LR:         0.000994
2026-02-04 19:44:43,482 - INFO -   ** New best val loss: 1.2718
2026-02-04 19:44:43,490 - INFO - 
2026-02-04 19:44:45,665 - INFO - Epoch 2/20
2026-02-04 19:44:45,666 - INFO -   Train Loss: 1.1713
2026-02-04 19:44:45,666 - INFO -   Val Loss:   1.1739
2026-02-04 19:44:45,666 - INFO -   LR:         0.000976
2026-02-04 19:44:45,666 - INFO -   ** New best val loss: 1.1739
2026-02-04 19:44:45,674 - INFO - 
2026-02-04 19:44:47,857 - INFO - Epoch 3/20
2026-02-04 19:44:47,857 - INFO -   Train Loss: 1.1500
2026-02-04 19:44:47,858 - INFO -   Val Loss:   1.1708
2026-02-04 19:44:47,858 - INFO -   LR:         0.000946
2026-02-04 19:44:47,858 - INFO -   ** New best val loss: 1.1708
2026-02-04 19:44:47,865 - INFO - 
2026-02-04 19:44:50,167 - INFO - Epoch 4/20
2026-02-04 19:44:50,167 - INFO -   Train Loss: 1.1416
2026-02-04 19:44:50,168 - INFO -   Val Loss:   1.1661
2026-02-04 19:44:50,168 - INFO -   LR:         0.000905
2026-02-04 19:44:50,168 - INFO -   ** New best val loss: 1.1661
2026-02-04 19:44:50,174 - INFO - 
2026-02-04 19:44:52,416 - INFO - Epoch 5/20
2026-02-04 19:44:52,416 - INFO -   Train Loss: 1.1553
2026-02-04 19:44:52,416 - INFO -   Val Loss:   1.1657
2026-02-04 19:44:52,416 - INFO -   LR:         0.000855
2026-02-04 19:44:52,416 - INFO -   ** New best val loss: 1.1657
2026-02-04 19:44:52,423 - INFO - 
2026-02-04 19:44:54,628 - INFO - Epoch 6/20
2026-02-04 19:44:54,628 - INFO -   Train Loss: 1.1412
2026-02-04 19:44:54,628 - INFO -   Val Loss:   1.1752
2026-02-04 19:44:54,628 - INFO -   LR:         0.000796
2026-02-04 19:44:54,629 - INFO - 
2026-02-04 19:44:56,795 - INFO - Epoch 7/20
2026-02-04 19:44:56,796 - INFO -   Train Loss: 1.1392
2026-02-04 19:44:56,796 - INFO -   Val Loss:   1.1773
2026-02-04 19:44:56,796 - INFO -   LR:         0.000730
2026-02-04 19:44:56,796 - INFO - 
2026-02-04 19:44:58,975 - INFO - Epoch 8/20
2026-02-04 19:44:58,975 - INFO -   Train Loss: 1.1405
2026-02-04 19:44:58,975 - INFO -   Val Loss:   1.1971
2026-02-04 19:44:58,975 - INFO -   LR:         0.000658
2026-02-04 19:44:58,975 - INFO - 
2026-02-04 19:45:01,203 - INFO - Epoch 9/20
2026-02-04 19:45:01,203 - INFO -   Train Loss: 1.1343
2026-02-04 19:45:01,203 - INFO -   Val Loss:   1.2082
2026-02-04 19:45:01,203 - INFO -   LR:         0.000582
2026-02-04 19:45:01,203 - INFO - 
2026-02-04 19:45:01,203 - INFO - Early stopping triggered at epoch 9

2026-02-04 19:45:01,385 - INFO - Fold 2 complete. Best val loss: 1.1657

2026-02-04 19:45:01,385 - INFO - ============================================================
2026-02-04 19:45:01,385 - INFO - Fold 3/5
2026-02-04 19:45:01,385 - INFO - ============================================================
2026-02-04 19:45:01,385 - INFO - Train samples: 541, Val samples: 135

2026-02-04 19:45:03,585 - INFO - Epoch 1/20
2026-02-04 19:45:03,586 - INFO -   Train Loss: 1.1887
2026-02-04 19:45:03,586 - INFO -   Val Loss:   1.2980
2026-02-04 19:45:03,586 - INFO -   LR:         0.000994
2026-02-04 19:45:03,586 - INFO -   ** New best val loss: 1.2980
2026-02-04 19:45:03,593 - INFO - 
2026-02-04 19:45:05,808 - INFO - Epoch 2/20
2026-02-04 19:45:05,808 - INFO -   Train Loss: 1.1761
2026-02-04 19:45:05,808 - INFO -   Val Loss:   1.2164
2026-02-04 19:45:05,808 - INFO -   LR:         0.000976
2026-02-04 19:45:05,808 - INFO -   ** New best val loss: 1.2164
2026-02-04 19:45:05,816 - INFO - 
2026-02-04 19:45:08,185 - INFO - Epoch 3/20
2026-02-04 19:45:08,186 - INFO -   Train Loss: 1.1555
2026-02-04 19:45:08,186 - INFO -   Val Loss:   1.2310
2026-02-04 19:45:08,186 - INFO -   LR:         0.000946
2026-02-04 19:45:08,186 - INFO - 
2026-02-04 19:45:10,470 - INFO - Epoch 4/20
2026-02-04 19:45:10,471 - INFO -   Train Loss: 1.1497
2026-02-04 19:45:10,471 - INFO -   Val Loss:   1.2102
2026-02-04 19:45:10,471 - INFO -   LR:         0.000905
2026-02-04 19:45:10,471 - INFO -   ** New best val loss: 1.2102
2026-02-04 19:45:10,477 - INFO - 
2026-02-04 19:45:12,640 - INFO - Epoch 5/20
2026-02-04 19:45:12,640 - INFO -   Train Loss: 1.1491
2026-02-04 19:45:12,640 - INFO -   Val Loss:   1.1958
2026-02-04 19:45:12,640 - INFO -   LR:         0.000855
2026-02-04 19:45:12,640 - INFO -   ** New best val loss: 1.1958
2026-02-04 19:45:12,647 - INFO - 
2026-02-04 19:45:14,827 - INFO - Epoch 6/20
2026-02-04 19:45:14,827 - INFO -   Train Loss: 1.1406
2026-02-04 19:45:14,828 - INFO -   Val Loss:   1.4184
2026-02-04 19:45:14,828 - INFO -   LR:         0.000796
2026-02-04 19:45:14,828 - INFO - 
2026-02-04 19:45:17,193 - INFO - Epoch 7/20
2026-02-04 19:45:17,193 - INFO -   Train Loss: 1.1477
2026-02-04 19:45:17,193 - INFO -   Val Loss:   1.5092
2026-02-04 19:45:17,193 - INFO -   LR:         0.000730
2026-02-04 19:45:17,193 - INFO - 
2026-02-04 19:45:19,671 - INFO - Epoch 8/20
2026-02-04 19:45:19,671 - INFO -   Train Loss: 1.1507
2026-02-04 19:45:19,671 - INFO -   Val Loss:   1.1888
2026-02-04 19:45:19,671 - INFO -   LR:         0.000658
2026-02-04 19:45:19,671 - INFO -   ** New best val loss: 1.1888
2026-02-04 19:45:19,678 - INFO - 
2026-02-04 19:45:21,890 - INFO - Epoch 9/20
2026-02-04 19:45:21,890 - INFO -   Train Loss: 1.1399
2026-02-04 19:45:21,890 - INFO -   Val Loss:   1.2056
2026-02-04 19:45:21,890 - INFO -   LR:         0.000582
2026-02-04 19:45:21,892 - INFO - 
2026-02-04 19:45:24,044 - INFO - Epoch 10/20
2026-02-04 19:45:24,044 - INFO -   Train Loss: 1.1428
2026-02-04 19:45:24,044 - INFO -   Val Loss:   1.2197
2026-02-04 19:45:24,045 - INFO -   LR:         0.000505
2026-02-04 19:45:24,045 - INFO - 
2026-02-04 19:45:26,202 - INFO - Epoch 11/20
2026-02-04 19:45:26,204 - INFO -   Train Loss: 1.1379
2026-02-04 19:45:26,204 - INFO -   Val Loss:   1.2184
2026-02-04 19:45:26,204 - INFO -   LR:         0.000428
2026-02-04 19:45:26,204 - INFO - 
2026-02-04 19:45:28,411 - INFO - Epoch 12/20
2026-02-04 19:45:28,411 - INFO -   Train Loss: 1.1342
2026-02-04 19:45:28,411 - INFO -   Val Loss:   1.1977
2026-02-04 19:45:28,411 - INFO -   LR:         0.000352
2026-02-04 19:45:28,411 - INFO - 
2026-02-04 19:45:30,579 - INFO - Epoch 13/20
2026-02-04 19:45:30,580 - INFO -   Train Loss: 1.1331
2026-02-04 19:45:30,580 - INFO -   Val Loss:   1.2139
2026-02-04 19:45:30,580 - INFO -   LR:         0.000280
2026-02-04 19:45:30,580 - INFO - 
2026-02-04 19:45:30,580 - INFO - Early stopping triggered at epoch 13

2026-02-04 19:45:30,753 - INFO - Fold 3 complete. Best val loss: 1.1888

2026-02-04 19:45:30,753 - INFO - ============================================================
2026-02-04 19:45:30,753 - INFO - Fold 4/5
2026-02-04 19:45:30,753 - INFO - ============================================================
2026-02-04 19:45:30,753 - INFO - Train samples: 541, Val samples: 135

2026-02-04 19:45:32,912 - INFO - Epoch 1/20
2026-02-04 19:45:32,912 - INFO -   Train Loss: 1.1799
2026-02-04 19:45:32,912 - INFO -   Val Loss:   1.1932
2026-02-04 19:45:32,912 - INFO -   LR:         0.000994
2026-02-04 19:45:32,912 - INFO -   ** New best val loss: 1.1932
2026-02-04 19:45:32,918 - INFO - 
2026-02-04 19:45:35,117 - INFO - Epoch 2/20
2026-02-04 19:45:35,117 - INFO -   Train Loss: 1.1633
2026-02-04 19:45:35,117 - INFO -   Val Loss:   1.1743
2026-02-04 19:45:35,117 - INFO -   LR:         0.000976
2026-02-04 19:45:35,117 - INFO -   ** New best val loss: 1.1743
2026-02-04 19:45:35,123 - INFO - 
2026-02-04 19:45:37,495 - INFO - Epoch 3/20
2026-02-04 19:45:37,495 - INFO -   Train Loss: 1.1629
2026-02-04 19:45:37,496 - INFO -   Val Loss:   1.1631
2026-02-04 19:45:37,496 - INFO -   LR:         0.000946
2026-02-04 19:45:37,496 - INFO -   ** New best val loss: 1.1631
2026-02-04 19:45:37,503 - INFO - 
2026-02-04 19:45:39,842 - INFO - Epoch 4/20
2026-02-04 19:45:39,843 - INFO -   Train Loss: 1.1452
2026-02-04 19:45:39,843 - INFO -   Val Loss:   1.1796
2026-02-04 19:45:39,843 - INFO -   LR:         0.000905
2026-02-04 19:45:39,843 - INFO - 
2026-02-04 19:45:42,106 - INFO - Epoch 5/20
2026-02-04 19:45:42,106 - INFO -   Train Loss: 1.1451
2026-02-04 19:45:42,106 - INFO -   Val Loss:   1.1775
2026-02-04 19:45:42,106 - INFO -   LR:         0.000855
2026-02-04 19:45:42,106 - INFO - 
2026-02-04 19:45:44,267 - INFO - Epoch 6/20
2026-02-04 19:45:44,267 - INFO -   Train Loss: 1.1394
2026-02-04 19:45:44,267 - INFO -   Val Loss:   1.1587
2026-02-04 19:45:44,268 - INFO -   LR:         0.000796
2026-02-04 19:45:44,268 - INFO -   ** New best val loss: 1.1587
2026-02-04 19:45:44,274 - INFO - 
2026-02-04 19:45:46,449 - INFO - Epoch 7/20
2026-02-04 19:45:46,450 - INFO -   Train Loss: 1.1446
2026-02-04 19:45:46,450 - INFO -   Val Loss:   1.1670
2026-02-04 19:45:46,450 - INFO -   LR:         0.000730
2026-02-04 19:45:46,450 - INFO - 
2026-02-04 19:45:48,711 - INFO - Epoch 8/20
2026-02-04 19:45:48,711 - INFO -   Train Loss: 1.1376
2026-02-04 19:45:48,711 - INFO -   Val Loss:   1.1658
2026-02-04 19:45:48,711 - INFO -   LR:         0.000658
2026-02-04 19:45:48,711 - INFO - 
2026-02-04 19:45:50,896 - INFO - Epoch 9/20
2026-02-04 19:45:50,897 - INFO -   Train Loss: 1.1445
2026-02-04 19:45:50,897 - INFO -   Val Loss:   1.1496
2026-02-04 19:45:50,897 - INFO -   LR:         0.000582
2026-02-04 19:45:50,897 - INFO -   ** New best val loss: 1.1496
2026-02-04 19:45:50,904 - INFO - 
2026-02-04 19:45:53,057 - INFO - Epoch 10/20
2026-02-04 19:45:53,057 - INFO -   Train Loss: 1.1290
2026-02-04 19:45:53,058 - INFO -   Val Loss:   1.1471
2026-02-04 19:45:53,058 - INFO -   LR:         0.000505
2026-02-04 19:45:53,058 - INFO -   ** New best val loss: 1.1471
2026-02-04 19:45:53,066 - INFO - 
2026-02-04 19:45:55,223 - INFO - Epoch 11/20
2026-02-04 19:45:55,224 - INFO -   Train Loss: 1.1335
2026-02-04 19:45:55,224 - INFO -   Val Loss:   1.1540
2026-02-04 19:45:55,224 - INFO -   LR:         0.000428
2026-02-04 19:45:55,224 - INFO - 
2026-02-04 19:45:57,379 - INFO - Epoch 12/20
2026-02-04 19:45:57,379 - INFO -   Train Loss: 1.1243
2026-02-04 19:45:57,379 - INFO -   Val Loss:   1.1758
2026-02-04 19:45:57,379 - INFO -   LR:         0.000352
2026-02-04 19:45:57,379 - INFO - 
2026-02-04 19:45:59,550 - INFO - Epoch 13/20
2026-02-04 19:45:59,551 - INFO -   Train Loss: 1.1256
2026-02-04 19:45:59,551 - INFO -   Val Loss:   1.1499
2026-02-04 19:45:59,552 - INFO -   LR:         0.000280
2026-02-04 19:45:59,552 - INFO - 
2026-02-04 19:46:01,731 - INFO - Epoch 14/20
2026-02-04 19:46:01,731 - INFO -   Train Loss: 1.1262
2026-02-04 19:46:01,731 - INFO -   Val Loss:   1.2038
2026-02-04 19:46:01,731 - INFO -   LR:         0.000214
2026-02-04 19:46:01,732 - INFO - 
2026-02-04 19:46:03,903 - INFO - Epoch 15/20
2026-02-04 19:46:03,903 - INFO -   Train Loss: 1.1167
2026-02-04 19:46:03,903 - INFO -   Val Loss:   1.1547
2026-02-04 19:46:03,903 - INFO -   LR:         0.000155
2026-02-04 19:46:03,903 - INFO - 
2026-02-04 19:46:03,904 - INFO - Early stopping triggered at epoch 15

2026-02-04 19:46:04,076 - INFO - Fold 4 complete. Best val loss: 1.1471

2026-02-04 19:46:04,076 - INFO - ============================================================
2026-02-04 19:46:04,076 - INFO - Fold 5/5
2026-02-04 19:46:04,076 - INFO - ============================================================
2026-02-04 19:46:04,077 - INFO - Train samples: 541, Val samples: 135

2026-02-04 19:46:06,355 - INFO - Epoch 1/20
2026-02-04 19:46:06,355 - INFO -   Train Loss: 1.1800
2026-02-04 19:46:06,355 - INFO -   Val Loss:   1.2840
2026-02-04 19:46:06,355 - INFO -   LR:         0.000994
2026-02-04 19:46:06,355 - INFO -   ** New best val loss: 1.2840
2026-02-04 19:46:06,362 - INFO - 
2026-02-04 19:46:08,699 - INFO - Epoch 2/20
2026-02-04 19:46:08,700 - INFO -   Train Loss: 1.1587
2026-02-04 19:46:08,700 - INFO -   Val Loss:   1.1219
2026-02-04 19:46:08,700 - INFO -   LR:         0.000976
2026-02-04 19:46:08,700 - INFO -   ** New best val loss: 1.1219
2026-02-04 19:46:08,707 - INFO - 
2026-02-04 19:46:11,039 - INFO - Epoch 3/20
2026-02-04 19:46:11,040 - INFO -   Train Loss: 1.1412
2026-02-04 19:46:11,040 - INFO -   Val Loss:   1.1322
2026-02-04 19:46:11,040 - INFO -   LR:         0.000946
2026-02-04 19:46:11,040 - INFO - 
2026-02-04 19:46:13,182 - INFO - Epoch 4/20
2026-02-04 19:46:13,182 - INFO -   Train Loss: 1.1451
2026-02-04 19:46:13,183 - INFO -   Val Loss:   1.1213
2026-02-04 19:46:13,183 - INFO -   LR:         0.000905
2026-02-04 19:46:13,183 - INFO -   ** New best val loss: 1.1213
2026-02-04 19:46:13,189 - INFO - 
2026-02-04 19:46:15,348 - INFO - Epoch 5/20
2026-02-04 19:46:15,348 - INFO -   Train Loss: 1.1424
2026-02-04 19:46:15,348 - INFO -   Val Loss:   1.1126
2026-02-04 19:46:15,350 - INFO -   LR:         0.000855
2026-02-04 19:46:15,350 - INFO -   ** New best val loss: 1.1126
2026-02-04 19:46:15,356 - INFO - 
2026-02-04 19:46:17,531 - INFO - Epoch 6/20
2026-02-04 19:46:17,531 - INFO -   Train Loss: 1.1307
2026-02-04 19:46:17,531 - INFO -   Val Loss:   1.1083
2026-02-04 19:46:17,531 - INFO -   LR:         0.000796
2026-02-04 19:46:17,532 - INFO -   ** New best val loss: 1.1083
2026-02-04 19:46:17,539 - INFO - 
2026-02-04 19:46:19,712 - INFO - Epoch 7/20
2026-02-04 19:46:19,712 - INFO -   Train Loss: 1.1403
2026-02-04 19:46:19,712 - INFO -   Val Loss:   1.1216
2026-02-04 19:46:19,712 - INFO -   LR:         0.000730
2026-02-04 19:46:19,713 - INFO - 
2026-02-04 19:46:21,877 - INFO - Epoch 8/20
2026-02-04 19:46:21,877 - INFO -   Train Loss: 1.1238
2026-02-04 19:46:21,877 - INFO -   Val Loss:   1.1155
2026-02-04 19:46:21,877 - INFO -   LR:         0.000658
2026-02-04 19:46:21,878 - INFO - 
2026-02-04 19:46:24,034 - INFO - Epoch 9/20
2026-02-04 19:46:24,035 - INFO -   Train Loss: 1.1156
2026-02-04 19:46:24,035 - INFO -   Val Loss:   1.1002
2026-02-04 19:46:24,035 - INFO -   LR:         0.000582
2026-02-04 19:46:24,035 - INFO -   ** New best val loss: 1.1002
2026-02-04 19:46:24,042 - INFO - 
2026-02-04 19:46:26,222 - INFO - Epoch 10/20
2026-02-04 19:46:26,222 - INFO -   Train Loss: 1.1297
2026-02-04 19:46:26,222 - INFO -   Val Loss:   1.2026
2026-02-04 19:46:26,223 - INFO -   LR:         0.000505
2026-02-04 19:46:26,223 - INFO - 
2026-02-04 19:46:28,377 - INFO - Epoch 11/20
2026-02-04 19:46:28,377 - INFO -   Train Loss: 1.1220
2026-02-04 19:46:28,377 - INFO -   Val Loss:   1.1263
2026-02-04 19:46:28,377 - INFO -   LR:         0.000428
2026-02-04 19:46:28,378 - INFO - 
2026-02-04 19:46:30,557 - INFO - Epoch 12/20
2026-02-04 19:46:30,557 - INFO -   Train Loss: 1.1213
2026-02-04 19:46:30,557 - INFO -   Val Loss:   1.1088
2026-02-04 19:46:30,557 - INFO -   LR:         0.000352
2026-02-04 19:46:30,558 - INFO - 
2026-02-04 19:46:32,800 - INFO - Epoch 13/20
2026-02-04 19:46:32,800 - INFO -   Train Loss: 1.1154
2026-02-04 19:46:32,800 - INFO -   Val Loss:   1.0936
2026-02-04 19:46:32,801 - INFO -   LR:         0.000280
2026-02-04 19:46:32,801 - INFO -   ** New best val loss: 1.0936
2026-02-04 19:46:32,808 - INFO - 
2026-02-04 19:46:35,010 - INFO - Epoch 14/20
2026-02-04 19:46:35,010 - INFO -   Train Loss: 1.1217
2026-02-04 19:46:35,010 - INFO -   Val Loss:   1.0955
2026-02-04 19:46:35,010 - INFO -   LR:         0.000214
2026-02-04 19:46:35,011 - INFO - 
2026-02-04 19:46:37,342 - INFO - Epoch 15/20
2026-02-04 19:46:37,343 - INFO -   Train Loss: 1.1138
2026-02-04 19:46:37,343 - INFO -   Val Loss:   1.0974
2026-02-04 19:46:37,343 - INFO -   LR:         0.000155
2026-02-04 19:46:37,343 - INFO - 
2026-02-04 19:46:39,688 - INFO - Epoch 16/20
2026-02-04 19:46:39,688 - INFO -   Train Loss: 1.1188
2026-02-04 19:46:39,688 - INFO -   Val Loss:   1.0947
2026-02-04 19:46:39,689 - INFO -   LR:         0.000105
2026-02-04 19:46:39,689 - INFO - 
2026-02-04 19:46:41,846 - INFO - Epoch 17/20
2026-02-04 19:46:41,846 - INFO -   Train Loss: 1.1159
2026-02-04 19:46:41,846 - INFO -   Val Loss:   1.0944
2026-02-04 19:46:41,846 - INFO -   LR:         0.000064
2026-02-04 19:46:41,846 - INFO - 
2026-02-04 19:46:44,030 - INFO - Epoch 18/20
2026-02-04 19:46:44,030 - INFO -   Train Loss: 1.1126
2026-02-04 19:46:44,030 - INFO -   Val Loss:   1.0948
2026-02-04 19:46:44,031 - INFO -   LR:         0.000034
2026-02-04 19:46:44,031 - INFO - 
2026-02-04 19:46:44,031 - INFO - Early stopping triggered at epoch 18

2026-02-04 19:46:44,220 - INFO - Fold 5 complete. Best val loss: 1.0936

2026-02-04 19:46:44,223 - INFO - OOF predictions saved to: d:\workspace\MRes\NoiseRate\kfold_results_pseudo\oof_predictions_pseudo.npy
2026-02-04 19:46:44,223 - INFO - Shape: (676, 12)

2026-02-04 19:46:44,223 - INFO - 
============================================================
2026-02-04 19:46:44,223 - INFO - VALIDATION - PSEUDO LABELS
2026-02-04 19:46:44,223 - INFO - ============================================================

2026-02-04 19:46:44,269 - INFO - ============================================================
2026-02-04 19:46:44,270 - INFO - Per-Class AUROC (PSEUDO model)
2026-02-04 19:46:44,270 - INFO - ============================================================
2026-02-04 19:46:44,285 - INFO - ============================================================
2026-02-04 19:46:44,285 - INFO - CNN-PSEUDO - Per-Class AUROC
2026-02-04 19:46:44,285 - INFO - ============================================================
2026-02-04 19:46:44,285 - INFO - 
Pathology                           AUROC
2026-02-04 19:46:44,285 - INFO - ---------------------------------------------
2026-02-04 19:46:44,286 - INFO - Atelectasis                         0.559
2026-02-04 19:46:44,286 - INFO - Cardiomegaly                        0.634
2026-02-04 19:46:44,286 - INFO - Consolidation                       0.592
2026-02-04 19:46:44,286 - INFO - Edema                               0.670
2026-02-04 19:46:44,286 - INFO - Enlarged Cardiomediastinum          0.616
2026-02-04 19:46:44,286 - INFO - Fracture                            0.620
2026-02-04 19:46:44,287 - INFO - Lung Lesion                         0.491
2026-02-04 19:46:44,287 - INFO - Lung Opacity                        0.551
2026-02-04 19:46:44,287 - INFO - Pleural Effusion                    0.591
2026-02-04 19:46:44,287 - INFO - Pleural Other                       0.649
2026-02-04 19:46:44,287 - INFO - Pneumonia                           0.645
2026-02-04 19:46:44,287 - INFO - Pneumothorax                        0.535
2026-02-04 19:46:44,287 - INFO - ---------------------------------------------
2026-02-04 19:46:44,287 - INFO - Mean AUROC                          0.596
2026-02-04 19:46:44,287 - INFO - 
2026-02-04 19:46:44,287 - INFO - ============================================================
2026-02-04 19:46:44,287 - INFO - Per-Class Noise Analysis
2026-02-04 19:46:44,287 - INFO - ============================================================

2026-02-04 19:46:44,335 - INFO - ============================================================
2026-02-04 19:46:44,336 - INFO - Per-Class Noise Analysis (PSEUDO labels)
2026-02-04 19:46:44,336 - INFO - ============================================================
2026-02-04 19:46:44,336 - INFO - 
Analyzing 12 pathology classes individually...
2026-02-04 19:48:14,243 - INFO - 
Per-class noise rates:
2026-02-04 19:48:14,243 - INFO - Pathology                      Positive Negative  Issues     Rate
2026-02-04 19:48:14,244 - INFO - ----------------------------------------------------------------------
2026-02-04 19:48:14,244 - INFO - Atelectasis                         188      488    336    49.7%
2026-02-04 19:48:14,244 - INFO - Cardiomegaly                        176      500    265    39.2%
2026-02-04 19:48:14,244 - INFO - Consolidation                        62      614    253    37.4%
2026-02-04 19:48:14,244 - INFO - Edema                               140      536    260    38.5%
2026-02-04 19:48:14,244 - INFO - Enlarged Cardiomediastinum           50      626    261    38.6%
2026-02-04 19:48:14,244 - INFO - Fracture                             51      625    193    28.6%
2026-02-04 19:48:14,244 - INFO - Lung Lesion                          51      625    355    52.5%
2026-02-04 19:48:14,245 - INFO - Lung Opacity                        214      462    227    33.6%
2026-02-04 19:48:14,245 - INFO - Pleural Effusion                    246      430    284    42.0%
2026-02-04 19:48:14,245 - INFO - Pleural Other                        35      641    193    28.6%
2026-02-04 19:48:14,245 - INFO - Pneumonia                            77      599    288    42.6%
2026-02-04 19:48:14,245 - INFO - Pneumothorax                         52      624    235    34.8%
2026-02-04 19:48:14,245 - INFO - 
2026-02-04 19:48:14,247 - INFO - Results saved to: d:\workspace\MRes\NoiseRate\kfold_results_pseudo\cnn_pseudo_results_20260204_194814.csv

2026-02-04 19:48:14,247 - INFO - 
============================================================
2026-02-04 19:48:14,247 - INFO - PSEUDO TRAINING AND VALIDATION - COMPLETE
2026-02-04 19:48:14,248 - INFO - ============================================================

