2026-02-04 18:56:17,946 - INFO - Logging initialized. Log file: d:\workspace\MRes\NoiseRate\kfold_results_pseudo\logs\kfold_pseudo_20260204_185617.log
2026-02-04 18:56:17,946 - INFO - 
============================================================
2026-02-04 18:56:17,946 - INFO - K-FOLD TRAINING - PSEUDO LABELS
2026-02-04 18:56:17,946 - INFO - ============================================================

2026-02-04 18:56:17,946 - INFO - Using device: cuda

2026-02-04 18:56:17,948 - INFO - ============================================================
2026-02-04 18:56:17,948 - INFO - Loading and Preparing Data
2026-02-04 18:56:17,948 - INFO - ============================================================
2026-02-04 18:56:17,949 - INFO - Loading metadata from: d:/workspace/MRes/datasets/mimic-cxr-clean/gt/metadata.csv
2026-02-04 18:56:17,955 - INFO - Loaded 1029 samples
2026-02-04 18:56:17,955 - INFO - Filtering for ViewPosition: ['AP', 'PA']
2026-02-04 18:56:17,956 - INFO - After filtering: 676 samples

2026-02-04 18:56:17,956 - INFO - Using PSEUDO labels for training
2026-02-04 18:56:17,956 - INFO - Using 12 CheXpert pathology columns
2026-02-04 18:56:17,956 - INFO - Applying uncertain label strategy: u_zeros
2026-02-04 18:56:17,961 - INFO - Labels shape: (676, 12)

2026-02-04 18:56:17,961 - INFO - ============================================================
2026-02-04 18:56:17,961 - INFO - K-Fold Split
2026-02-04 18:56:17,961 - INFO - ============================================================
2026-02-04 18:56:17,961 - INFO - K-fold: 5 splits, stratified by first label

2026-02-04 18:56:17,962 - INFO - ============================================================
2026-02-04 18:56:17,962 - INFO - Fold 1/5
2026-02-04 18:56:17,963 - INFO - ============================================================
2026-02-04 18:56:17,963 - INFO - Train samples: 540, Val samples: 136

2026-02-04 18:56:19,723 - INFO - Epoch 1/20
2026-02-04 18:56:19,725 - INFO -   Train Loss: 1.1782
2026-02-04 18:56:19,725 - INFO -   Val Loss:   1.2078
2026-02-04 18:56:19,725 - INFO -   LR:         0.000994
2026-02-04 18:56:19,725 - INFO -   ** New best val loss: 1.2078
2026-02-04 18:56:19,731 - INFO - 
2026-02-04 18:56:21,400 - INFO - Epoch 2/20
2026-02-04 18:56:21,401 - INFO -   Train Loss: 1.1687
2026-02-04 18:56:21,401 - INFO -   Val Loss:   1.1317
2026-02-04 18:56:21,401 - INFO -   LR:         0.000976
2026-02-04 18:56:21,401 - INFO -   ** New best val loss: 1.1317
2026-02-04 18:56:21,407 - INFO - 
2026-02-04 18:56:23,107 - INFO - Epoch 3/20
2026-02-04 18:56:23,107 - INFO -   Train Loss: 1.1613
2026-02-04 18:56:23,107 - INFO -   Val Loss:   1.1488
2026-02-04 18:56:23,107 - INFO -   LR:         0.000946
2026-02-04 18:56:23,107 - INFO - 
2026-02-04 18:56:24,770 - INFO - Epoch 4/20
2026-02-04 18:56:24,770 - INFO -   Train Loss: 1.1592
2026-02-04 18:56:24,771 - INFO -   Val Loss:   1.1259
2026-02-04 18:56:24,771 - INFO -   LR:         0.000905
2026-02-04 18:56:24,771 - INFO -   ** New best val loss: 1.1259
2026-02-04 18:56:24,778 - INFO - 
2026-02-04 18:56:26,427 - INFO - Epoch 5/20
2026-02-04 18:56:26,427 - INFO -   Train Loss: 1.1431
2026-02-04 18:56:26,427 - INFO -   Val Loss:   1.1055
2026-02-04 18:56:26,427 - INFO -   LR:         0.000855
2026-02-04 18:56:26,427 - INFO -   ** New best val loss: 1.1055
2026-02-04 18:56:26,435 - INFO - 
2026-02-04 18:56:28,088 - INFO - Epoch 6/20
2026-02-04 18:56:28,088 - INFO -   Train Loss: 1.1477
2026-02-04 18:56:28,088 - INFO -   Val Loss:   1.1629
2026-02-04 18:56:28,088 - INFO -   LR:         0.000796
2026-02-04 18:56:28,088 - INFO - 
2026-02-04 18:56:29,747 - INFO - Epoch 7/20
2026-02-04 18:56:29,747 - INFO -   Train Loss: 1.1392
2026-02-04 18:56:29,747 - INFO -   Val Loss:   1.1258
2026-02-04 18:56:29,748 - INFO -   LR:         0.000730
2026-02-04 18:56:29,748 - INFO - 
2026-02-04 18:56:31,389 - INFO - Epoch 8/20
2026-02-04 18:56:31,389 - INFO -   Train Loss: 1.1393
2026-02-04 18:56:31,389 - INFO -   Val Loss:   1.2201
2026-02-04 18:56:31,389 - INFO -   LR:         0.000658
2026-02-04 18:56:31,389 - INFO - 
2026-02-04 18:56:33,039 - INFO - Epoch 9/20
2026-02-04 18:56:33,040 - INFO -   Train Loss: 1.1427
2026-02-04 18:56:33,040 - INFO -   Val Loss:   1.1464
2026-02-04 18:56:33,040 - INFO -   LR:         0.000582
2026-02-04 18:56:33,040 - INFO - 
2026-02-04 18:56:34,701 - INFO - Epoch 10/20
2026-02-04 18:56:34,701 - INFO -   Train Loss: 1.1297
2026-02-04 18:56:34,701 - INFO -   Val Loss:   1.1098
2026-02-04 18:56:34,701 - INFO -   LR:         0.000505
2026-02-04 18:56:34,701 - INFO - 
2026-02-04 18:56:34,702 - INFO - Early stopping triggered at epoch 10

2026-02-04 18:56:34,867 - INFO - Fold 1 complete. Best val loss: 1.1055

2026-02-04 18:56:34,867 - INFO - ============================================================
2026-02-04 18:56:34,867 - INFO - Fold 2/5
2026-02-04 18:56:34,867 - INFO - ============================================================
2026-02-04 18:56:34,867 - INFO - Train samples: 541, Val samples: 135

2026-02-04 18:56:36,777 - INFO - Epoch 1/20
2026-02-04 18:56:36,777 - INFO -   Train Loss: 1.1899
2026-02-04 18:56:36,777 - INFO -   Val Loss:   1.2083
2026-02-04 18:56:36,777 - INFO -   LR:         0.000994
2026-02-04 18:56:36,778 - INFO -   ** New best val loss: 1.2083
2026-02-04 18:56:36,786 - INFO - 
2026-02-04 18:56:38,599 - INFO - Epoch 2/20
2026-02-04 18:56:38,599 - INFO -   Train Loss: 1.1716
2026-02-04 18:56:38,600 - INFO -   Val Loss:   1.1909
2026-02-04 18:56:38,600 - INFO -   LR:         0.000976
2026-02-04 18:56:38,600 - INFO -   ** New best val loss: 1.1909
2026-02-04 18:56:38,606 - INFO - 
2026-02-04 18:56:40,270 - INFO - Epoch 3/20
2026-02-04 18:56:40,270 - INFO -   Train Loss: 1.1546
2026-02-04 18:56:40,271 - INFO -   Val Loss:   1.1701
2026-02-04 18:56:40,271 - INFO -   LR:         0.000946
2026-02-04 18:56:40,271 - INFO -   ** New best val loss: 1.1701
2026-02-04 18:56:40,276 - INFO - 
2026-02-04 18:56:41,938 - INFO - Epoch 4/20
2026-02-04 18:56:41,938 - INFO -   Train Loss: 1.1571
2026-02-04 18:56:41,938 - INFO -   Val Loss:   1.1903
2026-02-04 18:56:41,938 - INFO -   LR:         0.000905
2026-02-04 18:56:41,938 - INFO - 
2026-02-04 18:56:43,588 - INFO - Epoch 5/20
2026-02-04 18:56:43,588 - INFO -   Train Loss: 1.1486
2026-02-04 18:56:43,588 - INFO -   Val Loss:   1.2090
2026-02-04 18:56:43,588 - INFO -   LR:         0.000855
2026-02-04 18:56:43,588 - INFO - 
2026-02-04 18:56:45,237 - INFO - Epoch 6/20
2026-02-04 18:56:45,237 - INFO -   Train Loss: 1.1457
2026-02-04 18:56:45,237 - INFO -   Val Loss:   1.1719
2026-02-04 18:56:45,237 - INFO -   LR:         0.000796
2026-02-04 18:56:45,237 - INFO - 
2026-02-04 18:56:46,888 - INFO - Epoch 7/20
2026-02-04 18:56:46,888 - INFO -   Train Loss: 1.1465
2026-02-04 18:56:46,889 - INFO -   Val Loss:   1.1970
2026-02-04 18:56:46,889 - INFO -   LR:         0.000730
2026-02-04 18:56:46,889 - INFO - 
2026-02-04 18:56:48,604 - INFO - Epoch 8/20
2026-02-04 18:56:48,605 - INFO -   Train Loss: 1.1434
2026-02-04 18:56:48,605 - INFO -   Val Loss:   1.2618
2026-02-04 18:56:48,605 - INFO -   LR:         0.000658
2026-02-04 18:56:48,605 - INFO - 
2026-02-04 18:56:48,605 - INFO - Early stopping triggered at epoch 8

2026-02-04 18:56:48,756 - INFO - Fold 2 complete. Best val loss: 1.1701

2026-02-04 18:56:48,756 - INFO - ============================================================
2026-02-04 18:56:48,756 - INFO - Fold 3/5
2026-02-04 18:56:48,756 - INFO - ============================================================
2026-02-04 18:56:48,756 - INFO - Train samples: 541, Val samples: 135

2026-02-04 18:56:50,423 - INFO - Epoch 1/20
2026-02-04 18:56:50,424 - INFO -   Train Loss: 1.2038
2026-02-04 18:56:50,424 - INFO -   Val Loss:   1.2961
2026-02-04 18:56:50,424 - INFO -   LR:         0.000994
2026-02-04 18:56:50,424 - INFO -   ** New best val loss: 1.2961
2026-02-04 18:56:50,431 - INFO - 
2026-02-04 18:56:52,105 - INFO - Epoch 2/20
2026-02-04 18:56:52,105 - INFO -   Train Loss: 1.1613
2026-02-04 18:56:52,105 - INFO -   Val Loss:   1.2048
2026-02-04 18:56:52,105 - INFO -   LR:         0.000976
2026-02-04 18:56:52,105 - INFO -   ** New best val loss: 1.2048
2026-02-04 18:56:52,112 - INFO - 
2026-02-04 18:56:53,815 - INFO - Epoch 3/20
2026-02-04 18:56:53,815 - INFO -   Train Loss: 1.1606
2026-02-04 18:56:53,815 - INFO -   Val Loss:   1.2058
2026-02-04 18:56:53,815 - INFO -   LR:         0.000946
2026-02-04 18:56:53,815 - INFO - 
2026-02-04 18:56:55,658 - INFO - Epoch 4/20
2026-02-04 18:56:55,658 - INFO -   Train Loss: 1.1545
2026-02-04 18:56:55,658 - INFO -   Val Loss:   1.2036
2026-02-04 18:56:55,659 - INFO -   LR:         0.000905
2026-02-04 18:56:55,659 - INFO -   ** New best val loss: 1.2036
2026-02-04 18:56:55,666 - INFO - 
2026-02-04 18:56:57,542 - INFO - Epoch 5/20
2026-02-04 18:56:57,543 - INFO -   Train Loss: 1.1487
2026-02-04 18:56:57,543 - INFO -   Val Loss:   1.3664
2026-02-04 18:56:57,543 - INFO -   LR:         0.000855
2026-02-04 18:56:57,543 - INFO - 
2026-02-04 18:56:59,259 - INFO - Epoch 6/20
2026-02-04 18:56:59,260 - INFO -   Train Loss: 1.1479
2026-02-04 18:56:59,260 - INFO -   Val Loss:   1.2324
2026-02-04 18:56:59,260 - INFO -   LR:         0.000796
2026-02-04 18:56:59,260 - INFO - 
2026-02-04 18:57:00,938 - INFO - Epoch 7/20
2026-02-04 18:57:00,938 - INFO -   Train Loss: 1.1424
2026-02-04 18:57:00,939 - INFO -   Val Loss:   1.1965
2026-02-04 18:57:00,939 - INFO -   LR:         0.000730
2026-02-04 18:57:00,939 - INFO -   ** New best val loss: 1.1965
2026-02-04 18:57:00,944 - INFO - 
2026-02-04 18:57:02,643 - INFO - Epoch 8/20
2026-02-04 18:57:02,643 - INFO -   Train Loss: 1.1458
2026-02-04 18:57:02,643 - INFO -   Val Loss:   1.1873
2026-02-04 18:57:02,643 - INFO -   LR:         0.000658
2026-02-04 18:57:02,643 - INFO -   ** New best val loss: 1.1873
2026-02-04 18:57:02,651 - INFO - 
2026-02-04 18:57:04,390 - INFO - Epoch 9/20
2026-02-04 18:57:04,390 - INFO -   Train Loss: 1.1352
2026-02-04 18:57:04,390 - INFO -   Val Loss:   1.2185
2026-02-04 18:57:04,390 - INFO -   LR:         0.000582
2026-02-04 18:57:04,390 - INFO - 
2026-02-04 18:57:06,219 - INFO - Epoch 10/20
2026-02-04 18:57:06,219 - INFO -   Train Loss: 1.1304
2026-02-04 18:57:06,219 - INFO -   Val Loss:   1.2382
2026-02-04 18:57:06,219 - INFO -   LR:         0.000505
2026-02-04 18:57:06,220 - INFO - 
2026-02-04 18:57:08,166 - INFO - Epoch 11/20
2026-02-04 18:57:08,166 - INFO -   Train Loss: 1.1360
2026-02-04 18:57:08,166 - INFO -   Val Loss:   1.2002
2026-02-04 18:57:08,167 - INFO -   LR:         0.000428
2026-02-04 18:57:08,167 - INFO - 
2026-02-04 18:57:09,856 - INFO - Epoch 12/20
2026-02-04 18:57:09,857 - INFO -   Train Loss: 1.1328
2026-02-04 18:57:09,857 - INFO -   Val Loss:   1.2064
2026-02-04 18:57:09,857 - INFO -   LR:         0.000352
2026-02-04 18:57:09,857 - INFO - 
2026-02-04 18:57:11,509 - INFO - Epoch 13/20
2026-02-04 18:57:11,510 - INFO -   Train Loss: 1.1251
2026-02-04 18:57:11,510 - INFO -   Val Loss:   1.2305
2026-02-04 18:57:11,510 - INFO -   LR:         0.000280
2026-02-04 18:57:11,510 - INFO - 
2026-02-04 18:57:11,510 - INFO - Early stopping triggered at epoch 13

2026-02-04 18:57:11,653 - INFO - Fold 3 complete. Best val loss: 1.1873

2026-02-04 18:57:11,653 - INFO - ============================================================
2026-02-04 18:57:11,654 - INFO - Fold 4/5
2026-02-04 18:57:11,654 - INFO - ============================================================
2026-02-04 18:57:11,654 - INFO - Train samples: 541, Val samples: 135

2026-02-04 18:57:13,336 - INFO - Epoch 1/20
2026-02-04 18:57:13,336 - INFO -   Train Loss: 1.1890
2026-02-04 18:57:13,336 - INFO -   Val Loss:   1.3093
2026-02-04 18:57:13,336 - INFO -   LR:         0.000994
2026-02-04 18:57:13,336 - INFO -   ** New best val loss: 1.3093
2026-02-04 18:57:13,345 - INFO - 
2026-02-04 18:57:14,992 - INFO - Epoch 2/20
2026-02-04 18:57:14,993 - INFO -   Train Loss: 1.1674
2026-02-04 18:57:14,993 - INFO -   Val Loss:   1.1741
2026-02-04 18:57:14,993 - INFO -   LR:         0.000976
2026-02-04 18:57:14,993 - INFO -   ** New best val loss: 1.1741
2026-02-04 18:57:14,999 - INFO - 
2026-02-04 18:57:16,695 - INFO - Epoch 3/20
2026-02-04 18:57:16,695 - INFO -   Train Loss: 1.1628
2026-02-04 18:57:16,695 - INFO -   Val Loss:   1.2172
2026-02-04 18:57:16,696 - INFO -   LR:         0.000946
2026-02-04 18:57:16,696 - INFO - 
2026-02-04 18:57:18,337 - INFO - Epoch 4/20
2026-02-04 18:57:18,337 - INFO -   Train Loss: 1.1488
2026-02-04 18:57:18,337 - INFO -   Val Loss:   1.1794
2026-02-04 18:57:18,337 - INFO -   LR:         0.000905
2026-02-04 18:57:18,338 - INFO - 
2026-02-04 18:57:20,068 - INFO - Epoch 5/20
2026-02-04 18:57:20,069 - INFO -   Train Loss: 1.1433
2026-02-04 18:57:20,069 - INFO -   Val Loss:   1.1732
2026-02-04 18:57:20,069 - INFO -   LR:         0.000855
2026-02-04 18:57:20,069 - INFO -   ** New best val loss: 1.1732
2026-02-04 18:57:20,077 - INFO - 
2026-02-04 18:57:22,231 - INFO - Epoch 6/20
2026-02-04 18:57:22,231 - INFO -   Train Loss: 1.1425
2026-02-04 18:57:22,231 - INFO -   Val Loss:   1.1841
2026-02-04 18:57:22,231 - INFO -   LR:         0.000796
2026-02-04 18:57:22,231 - INFO - 
2026-02-04 18:57:24,842 - INFO - Epoch 7/20
2026-02-04 18:57:24,843 - INFO -   Train Loss: 1.1508
2026-02-04 18:57:24,843 - INFO -   Val Loss:   1.2161
2026-02-04 18:57:24,843 - INFO -   LR:         0.000730
2026-02-04 18:57:24,843 - INFO - 
2026-02-04 18:57:24,843 - INFO - Early stopping triggered at epoch 7

2026-02-04 18:57:25,034 - INFO - Fold 4 complete. Best val loss: 1.1732

2026-02-04 18:57:25,034 - INFO - ============================================================
2026-02-04 18:57:25,035 - INFO - Fold 5/5
2026-02-04 18:57:25,035 - INFO - ============================================================
2026-02-04 18:57:25,035 - INFO - Train samples: 541, Val samples: 135

2026-02-04 18:57:27,455 - INFO - Epoch 1/20
2026-02-04 18:57:27,456 - INFO -   Train Loss: 1.1889
2026-02-04 18:57:27,456 - INFO -   Val Loss:   1.3264
2026-02-04 18:57:27,456 - INFO -   LR:         0.000994
2026-02-04 18:57:27,456 - INFO -   ** New best val loss: 1.3264
2026-02-04 18:57:27,463 - INFO - 
2026-02-04 18:57:29,300 - INFO - Epoch 2/20
2026-02-04 18:57:29,300 - INFO -   Train Loss: 1.1506
2026-02-04 18:57:29,300 - INFO -   Val Loss:   1.1212
2026-02-04 18:57:29,300 - INFO -   LR:         0.000976
2026-02-04 18:57:29,300 - INFO -   ** New best val loss: 1.1212
2026-02-04 18:57:29,306 - INFO - 
2026-02-04 18:57:30,961 - INFO - Epoch 3/20
2026-02-04 18:57:30,961 - INFO -   Train Loss: 1.1609
2026-02-04 18:57:30,961 - INFO -   Val Loss:   1.1109
2026-02-04 18:57:30,961 - INFO -   LR:         0.000946
2026-02-04 18:57:30,962 - INFO -   ** New best val loss: 1.1109
2026-02-04 18:57:30,968 - INFO - 
2026-02-04 18:57:32,646 - INFO - Epoch 4/20
2026-02-04 18:57:32,646 - INFO -   Train Loss: 1.1389
2026-02-04 18:57:32,646 - INFO -   Val Loss:   1.1113
2026-02-04 18:57:32,647 - INFO -   LR:         0.000905
2026-02-04 18:57:32,647 - INFO - 
2026-02-04 18:57:34,295 - INFO - Epoch 5/20
2026-02-04 18:57:34,295 - INFO -   Train Loss: 1.1452
2026-02-04 18:57:34,295 - INFO -   Val Loss:   1.1187
2026-02-04 18:57:34,296 - INFO -   LR:         0.000855
2026-02-04 18:57:34,296 - INFO - 
2026-02-04 18:57:36,095 - INFO - Epoch 6/20
2026-02-04 18:57:36,095 - INFO -   Train Loss: 1.1410
2026-02-04 18:57:36,095 - INFO -   Val Loss:   1.1328
2026-02-04 18:57:36,095 - INFO -   LR:         0.000796
2026-02-04 18:57:36,095 - INFO - 
2026-02-04 18:57:37,927 - INFO - Epoch 7/20
2026-02-04 18:57:37,927 - INFO -   Train Loss: 1.1432
2026-02-04 18:57:37,927 - INFO -   Val Loss:   1.1347
2026-02-04 18:57:37,927 - INFO -   LR:         0.000730
2026-02-04 18:57:37,927 - INFO - 
2026-02-04 18:57:39,593 - INFO - Epoch 8/20
2026-02-04 18:57:39,593 - INFO -   Train Loss: 1.1339
2026-02-04 18:57:39,593 - INFO -   Val Loss:   1.1600
2026-02-04 18:57:39,593 - INFO -   LR:         0.000658
2026-02-04 18:57:39,593 - INFO - 
2026-02-04 18:57:39,593 - INFO - Early stopping triggered at epoch 8

2026-02-04 18:57:39,743 - INFO - Fold 5 complete. Best val loss: 1.1109

2026-02-04 18:57:39,744 - INFO - OOF predictions saved to: d:\workspace\MRes\NoiseRate\kfold_results_pseudo\oof_predictions_pseudo.npy
2026-02-04 18:57:39,744 - INFO - Shape: (676, 12)

2026-02-04 18:57:39,744 - INFO - 
============================================================
2026-02-04 18:57:39,744 - INFO - VALIDATION - PSEUDO LABELS
2026-02-04 18:57:39,744 - INFO - ============================================================

2026-02-04 18:57:39,779 - INFO - ============================================================
2026-02-04 18:57:39,779 - INFO - Per-Class AUROC (PSEUDO model)
2026-02-04 18:57:39,780 - INFO - ============================================================
2026-02-04 18:57:39,794 - INFO - ============================================================
2026-02-04 18:57:39,794 - INFO - CNN-PSEUDO - Per-Class AUROC
2026-02-04 18:57:39,795 - INFO - ============================================================
2026-02-04 18:57:39,795 - INFO - 
Pathology                           AUROC
2026-02-04 18:57:39,795 - INFO - ---------------------------------------------
2026-02-04 18:57:39,795 - INFO - Atelectasis                         0.554
2026-02-04 18:57:39,795 - INFO - Cardiomegaly                        0.603
2026-02-04 18:57:39,795 - INFO - Consolidation                       0.591
2026-02-04 18:57:39,796 - INFO - Edema                               0.670
2026-02-04 18:57:39,796 - INFO - Enlarged Cardiomediastinum          0.442
2026-02-04 18:57:39,796 - INFO - Fracture                            0.599
2026-02-04 18:57:39,796 - INFO - Lung Lesion                         0.470
2026-02-04 18:57:39,796 - INFO - Lung Opacity                        0.525
2026-02-04 18:57:39,796 - INFO - Pleural Effusion                    0.575
2026-02-04 18:57:39,796 - INFO - Pleural Other                       0.667
2026-02-04 18:57:39,796 - INFO - Pneumonia                           0.610
2026-02-04 18:57:39,796 - INFO - Pneumothorax                        0.455
2026-02-04 18:57:39,797 - INFO - ---------------------------------------------
2026-02-04 18:57:39,797 - INFO - Mean AUROC                          0.563
2026-02-04 18:57:39,797 - INFO - 
2026-02-04 18:57:39,797 - INFO - ============================================================
2026-02-04 18:57:39,797 - INFO - Per-Class Noise Analysis
2026-02-04 18:57:39,797 - INFO - ============================================================

2026-02-04 18:57:39,832 - INFO - ============================================================
2026-02-04 18:57:39,832 - INFO - Per-Class Noise Analysis (PSEUDO labels)
2026-02-04 18:57:39,833 - INFO - ============================================================
2026-02-04 18:57:39,833 - INFO - 
Analyzing 12 pathology classes individually...
2026-02-04 18:58:59,450 - INFO - 
Per-class noise rates:
2026-02-04 18:58:59,450 - INFO - Pathology                      Positive Negative  Issues     Rate
2026-02-04 18:58:59,450 - INFO - ----------------------------------------------------------------------
2026-02-04 18:58:59,450 - INFO - Atelectasis                         188      488    335    49.6%
2026-02-04 18:58:59,450 - INFO - Cardiomegaly                        176      500    301    44.5%
2026-02-04 18:58:59,450 - INFO - Consolidation                        62      614    250    37.0%
2026-02-04 18:58:59,450 - INFO - Edema                               140      536    263    38.9%
2026-02-04 18:58:59,450 - INFO - Enlarged Cardiomediastinum           50      626    383    56.7%
2026-02-04 18:58:59,450 - INFO - Fracture                             51      625    266    39.3%
2026-02-04 18:58:59,452 - INFO - Lung Lesion                          51      625    344    50.9%
2026-02-04 18:58:59,452 - INFO - Lung Opacity                        214      462    290    42.9%
2026-02-04 18:58:59,452 - INFO - Pleural Effusion                    246      430    288    42.6%
2026-02-04 18:58:59,452 - INFO - Pleural Other                        35      641    203    30.0%
2026-02-04 18:58:59,452 - INFO - Pneumonia                            77      599    265    39.2%
2026-02-04 18:58:59,452 - INFO - Pneumothorax                         52      624    296    43.8%
2026-02-04 18:58:59,452 - INFO - 
2026-02-04 18:58:59,455 - INFO - Results saved to: d:\workspace\MRes\NoiseRate\kfold_results_pseudo\cnn_pseudo_results_20260204_185859.csv

2026-02-04 18:58:59,455 - INFO - 
============================================================
2026-02-04 18:58:59,455 - INFO - PSEUDO TRAINING AND VALIDATION - COMPLETE
2026-02-04 18:58:59,455 - INFO - ============================================================

