2026-02-04 17:25:40,883 - INFO - Logging initialized. Log file: d:\workspace\MRes\NoiseRate\kfold_results_pseudo\logs\kfold_training_20260204_172540.log
2026-02-04 17:25:40,884 - INFO - 
============================================================
2026-02-04 17:25:40,884 - INFO - K-FOLD TRAINING - START
2026-02-04 17:25:40,884 - INFO - ============================================================

2026-02-04 17:25:40,905 - INFO - Using device: cuda

2026-02-04 17:25:40,905 - INFO - ============================================================
2026-02-04 17:25:40,905 - INFO - Loading and Preparing Data
2026-02-04 17:25:40,905 - INFO - ============================================================
2026-02-04 17:25:40,906 - INFO - Loading metadata from: d:/workspace/MRes/datasets/mimic-cxr-clean/gt/metadata.csv
2026-02-04 17:25:40,929 - INFO - Loaded 1029 samples
2026-02-04 17:25:40,930 - INFO - Filtering for ViewPosition: ['AP', 'PA']
2026-02-04 17:25:40,934 - INFO - After filtering: 676 samples

2026-02-04 17:25:41,326 - INFO - Using PSEUDO labels for training
2026-02-04 17:25:41,327 - INFO - Using 12 CheXpert pathology columns
2026-02-04 17:25:41,327 - INFO - Applying uncertain label strategy: u_zeros
2026-02-04 17:25:41,331 - INFO - Labels shape: (676, 12)

2026-02-04 17:25:41,332 - INFO - Creating 5-fold stratified splits...
2026-02-04 17:25:41,334 - INFO - Created 5 folds
2026-02-04 17:25:41,334 - INFO -   Fold 1: 540 train, 136 val
2026-02-04 17:25:41,334 - INFO -   Fold 2: 541 train, 135 val
2026-02-04 17:25:41,334 - INFO -   Fold 3: 541 train, 135 val
2026-02-04 17:25:41,334 - INFO -   Fold 4: 541 train, 135 val
2026-02-04 17:25:41,335 - INFO -   Fold 5: 541 train, 135 val
2026-02-04 17:25:41,335 - INFO - 
2026-02-04 17:25:41,335 - INFO - ============================================================
2026-02-04 17:25:41,335 - INFO - Training Fold 1/5
2026-02-04 17:25:41,335 - INFO - ============================================================
2026-02-04 17:25:41,338 - INFO - Train batches: 17, Val batches: 5
2026-02-04 17:25:41,459 - INFO - Model parameters: 391,404
2026-02-04 17:25:41,461 - INFO - Computed pos_weight: [ 2.6        2.8028169  9.         3.7787611 11.272727  11.272727
 12.5        2.1578948  1.755102  20.6        8.310345  11.55814  ]
2026-02-04 17:25:41,461 - INFO - 
Epoch 1/20
2026-02-04 17:25:41,461 - INFO - ----------------------------------------
2026-02-04 17:25:50,113 - INFO -   Train Loss: 1.1871
2026-02-04 17:25:50,114 - INFO -   Val Loss:   1.1679
2026-02-04 17:25:50,114 - INFO -   LR:         0.000994
2026-02-04 17:25:50,114 - INFO -   ** New best val loss: 1.1679
2026-02-04 17:25:50,114 - INFO - 
Epoch 2/20
2026-02-04 17:25:50,114 - INFO - ----------------------------------------
2026-02-04 17:25:51,682 - INFO -   Train Loss: 1.1575
2026-02-04 17:25:51,682 - INFO -   Val Loss:   1.1224
2026-02-04 17:25:51,682 - INFO -   LR:         0.000976
2026-02-04 17:25:51,684 - INFO -   ** New best val loss: 1.1224
2026-02-04 17:25:51,684 - INFO - 
Epoch 3/20
2026-02-04 17:25:51,684 - INFO - ----------------------------------------
2026-02-04 17:25:53,233 - INFO -   Train Loss: 1.1659
2026-02-04 17:25:53,234 - INFO -   Val Loss:   1.1523
2026-02-04 17:25:53,234 - INFO -   LR:         0.000946
2026-02-04 17:25:53,234 - INFO - 
Epoch 4/20
2026-02-04 17:25:53,234 - INFO - ----------------------------------------
2026-02-04 17:25:54,768 - INFO -   Train Loss: 1.1403
2026-02-04 17:25:54,769 - INFO -   Val Loss:   1.1422
2026-02-04 17:25:54,769 - INFO -   LR:         0.000905
2026-02-04 17:25:54,769 - INFO - 
Epoch 5/20
2026-02-04 17:25:54,769 - INFO - ----------------------------------------
2026-02-04 17:25:56,301 - INFO -   Train Loss: 1.1361
2026-02-04 17:25:56,301 - INFO -   Val Loss:   1.1275
2026-02-04 17:25:56,301 - INFO -   LR:         0.000855
2026-02-04 17:25:56,301 - INFO - 
Epoch 6/20
2026-02-04 17:25:56,301 - INFO - ----------------------------------------
2026-02-04 17:25:57,827 - INFO -   Train Loss: 1.1395
2026-02-04 17:25:57,827 - INFO -   Val Loss:   1.1087
2026-02-04 17:25:57,828 - INFO -   LR:         0.000796
2026-02-04 17:25:57,828 - INFO -   ** New best val loss: 1.1087
2026-02-04 17:25:57,828 - INFO - 
Epoch 7/20
2026-02-04 17:25:57,828 - INFO - ----------------------------------------
2026-02-04 17:25:59,381 - INFO -   Train Loss: 1.1352
2026-02-04 17:25:59,381 - INFO -   Val Loss:   1.1107
2026-02-04 17:25:59,381 - INFO -   LR:         0.000730
2026-02-04 17:25:59,381 - INFO - 
Epoch 8/20
2026-02-04 17:25:59,381 - INFO - ----------------------------------------
2026-02-04 17:26:00,942 - INFO -   Train Loss: 1.1388
2026-02-04 17:26:00,942 - INFO -   Val Loss:   1.1698
2026-02-04 17:26:00,942 - INFO -   LR:         0.000658
2026-02-04 17:26:00,942 - INFO - 
Epoch 9/20
2026-02-04 17:26:00,942 - INFO - ----------------------------------------
2026-02-04 17:26:02,479 - INFO -   Train Loss: 1.1402
2026-02-04 17:26:02,479 - INFO -   Val Loss:   1.0984
2026-02-04 17:26:02,479 - INFO -   LR:         0.000582
2026-02-04 17:26:02,479 - INFO -   ** New best val loss: 1.0984
2026-02-04 17:26:02,480 - INFO - 
Epoch 10/20
2026-02-04 17:26:02,480 - INFO - ----------------------------------------
2026-02-04 17:26:04,112 - INFO -   Train Loss: 1.1383
2026-02-04 17:26:04,113 - INFO -   Val Loss:   1.1321
2026-02-04 17:26:04,113 - INFO -   LR:         0.000505
2026-02-04 17:26:04,113 - INFO - 
Epoch 11/20
2026-02-04 17:26:04,113 - INFO - ----------------------------------------
2026-02-04 17:26:05,780 - INFO -   Train Loss: 1.1378
2026-02-04 17:26:05,780 - INFO -   Val Loss:   1.1816
2026-02-04 17:26:05,780 - INFO -   LR:         0.000428
2026-02-04 17:26:05,780 - INFO - 
Epoch 12/20
2026-02-04 17:26:05,780 - INFO - ----------------------------------------
2026-02-04 17:26:07,386 - INFO -   Train Loss: 1.1328
2026-02-04 17:26:07,386 - INFO -   Val Loss:   1.1252
2026-02-04 17:26:07,386 - INFO -   LR:         0.000352
2026-02-04 17:26:07,386 - INFO - 
Epoch 13/20
2026-02-04 17:26:07,387 - INFO - ----------------------------------------
2026-02-04 17:26:08,938 - INFO -   Train Loss: 1.1267
2026-02-04 17:26:08,939 - INFO -   Val Loss:   1.2043
2026-02-04 17:26:08,939 - INFO -   LR:         0.000280
2026-02-04 17:26:08,939 - INFO - 
Epoch 14/20
2026-02-04 17:26:08,939 - INFO - ----------------------------------------
2026-02-04 17:26:10,529 - INFO -   Train Loss: 1.1284
2026-02-04 17:26:10,529 - INFO -   Val Loss:   1.0969
2026-02-04 17:26:10,529 - INFO -   LR:         0.000214
2026-02-04 17:26:10,529 - INFO -   ** New best val loss: 1.0969
2026-02-04 17:26:10,529 - INFO - 
Epoch 15/20
2026-02-04 17:26:10,529 - INFO - ----------------------------------------
2026-02-04 17:26:12,072 - INFO -   Train Loss: 1.1165
2026-02-04 17:26:12,072 - INFO -   Val Loss:   1.0951
2026-02-04 17:26:12,072 - INFO -   LR:         0.000155
2026-02-04 17:26:12,072 - INFO -   ** New best val loss: 1.0951
2026-02-04 17:26:12,073 - INFO - 
Epoch 16/20
2026-02-04 17:26:12,073 - INFO - ----------------------------------------
2026-02-04 17:26:13,752 - INFO -   Train Loss: 1.1180
2026-02-04 17:26:13,752 - INFO -   Val Loss:   1.1067
2026-02-04 17:26:13,752 - INFO -   LR:         0.000105
2026-02-04 17:26:13,752 - INFO - 
Epoch 17/20
2026-02-04 17:26:13,752 - INFO - ----------------------------------------
2026-02-04 17:26:15,455 - INFO -   Train Loss: 1.1211
2026-02-04 17:26:15,455 - INFO -   Val Loss:   1.0931
2026-02-04 17:26:15,455 - INFO -   LR:         0.000064
2026-02-04 17:26:15,455 - INFO -   ** New best val loss: 1.0931
2026-02-04 17:26:15,455 - INFO - 
Epoch 18/20
2026-02-04 17:26:15,455 - INFO - ----------------------------------------
2026-02-04 17:26:17,174 - INFO -   Train Loss: 1.1335
2026-02-04 17:26:17,174 - INFO -   Val Loss:   1.0977
2026-02-04 17:26:17,174 - INFO -   LR:         0.000034
2026-02-04 17:26:17,174 - INFO - 
Epoch 19/20
2026-02-04 17:26:17,174 - INFO - ----------------------------------------
2026-02-04 17:26:18,723 - INFO -   Train Loss: 1.1162
2026-02-04 17:26:18,724 - INFO -   Val Loss:   1.0965
2026-02-04 17:26:18,724 - INFO -   LR:         0.000016
2026-02-04 17:26:18,724 - INFO - 
Epoch 20/20
2026-02-04 17:26:18,724 - INFO - ----------------------------------------
2026-02-04 17:26:20,284 - INFO -   Train Loss: 1.1223
2026-02-04 17:26:20,285 - INFO -   Val Loss:   1.0983
2026-02-04 17:26:20,285 - INFO -   LR:         0.000010
2026-02-04 17:26:20,309 - INFO - 
Model saved to: d:\workspace\MRes\NoiseRate\kfold_results_pseudo\models\fold_1_model.pth
2026-02-04 17:26:20,311 - INFO - ============================================================
2026-02-04 17:26:20,311 - INFO - Training Fold 2/5
2026-02-04 17:26:20,311 - INFO - ============================================================
2026-02-04 17:26:20,312 - INFO - Train batches: 17, Val batches: 5
2026-02-04 17:26:20,315 - INFO - Model parameters: 391,404
2026-02-04 17:26:20,316 - INFO - Computed pos_weight: [ 2.5827816  2.7054794 10.270833   3.745614  12.871795  11.581395
 12.525      2.259036   1.718593  18.321428   8.660714  12.195122 ]
2026-02-04 17:26:20,316 - INFO - 
Epoch 1/20
2026-02-04 17:26:20,316 - INFO - ----------------------------------------
2026-02-04 17:26:21,912 - INFO -   Train Loss: 1.2004
2026-02-04 17:26:21,912 - INFO -   Val Loss:   1.2849
2026-02-04 17:26:21,912 - INFO -   LR:         0.000994
2026-02-04 17:26:21,912 - INFO -   ** New best val loss: 1.2849
2026-02-04 17:26:21,912 - INFO - 
Epoch 2/20
2026-02-04 17:26:21,913 - INFO - ----------------------------------------
2026-02-04 17:26:23,469 - INFO -   Train Loss: 1.1771
2026-02-04 17:26:23,470 - INFO -   Val Loss:   1.1891
2026-02-04 17:26:23,470 - INFO -   LR:         0.000976
2026-02-04 17:26:23,470 - INFO -   ** New best val loss: 1.1891
2026-02-04 17:26:23,470 - INFO - 
Epoch 3/20
2026-02-04 17:26:23,470 - INFO - ----------------------------------------
2026-02-04 17:26:25,005 - INFO -   Train Loss: 1.1717
2026-02-04 17:26:25,006 - INFO -   Val Loss:   1.1964
2026-02-04 17:26:25,006 - INFO -   LR:         0.000946
2026-02-04 17:26:25,006 - INFO - 
Epoch 4/20
2026-02-04 17:26:25,006 - INFO - ----------------------------------------
2026-02-04 17:26:26,571 - INFO -   Train Loss: 1.1622
2026-02-04 17:26:26,571 - INFO -   Val Loss:   1.1696
2026-02-04 17:26:26,571 - INFO -   LR:         0.000905
2026-02-04 17:26:26,571 - INFO -   ** New best val loss: 1.1696
2026-02-04 17:26:26,572 - INFO - 
Epoch 5/20
2026-02-04 17:26:26,572 - INFO - ----------------------------------------
2026-02-04 17:26:28,340 - INFO -   Train Loss: 1.1523
2026-02-04 17:26:28,341 - INFO -   Val Loss:   1.2326
2026-02-04 17:26:28,341 - INFO -   LR:         0.000855
2026-02-04 17:26:28,341 - INFO - 
Epoch 6/20
2026-02-04 17:26:28,341 - INFO - ----------------------------------------
2026-02-04 17:26:31,840 - INFO -   Train Loss: 1.1529
2026-02-04 17:26:31,842 - INFO -   Val Loss:   1.2521
2026-02-04 17:26:31,843 - INFO -   LR:         0.000796
2026-02-04 17:26:31,844 - INFO - 
Epoch 7/20
2026-02-04 17:26:31,845 - INFO - ----------------------------------------
2026-02-04 17:26:37,259 - INFO -   Train Loss: 1.1485
2026-02-04 17:26:37,260 - INFO -   Val Loss:   1.1692
2026-02-04 17:26:37,260 - INFO -   LR:         0.000730
2026-02-04 17:26:37,260 - INFO -   ** New best val loss: 1.1692
2026-02-04 17:26:37,261 - INFO - 
Epoch 8/20
2026-02-04 17:26:37,261 - INFO - ----------------------------------------
2026-02-04 17:26:39,435 - INFO -   Train Loss: 1.1467
2026-02-04 17:26:39,435 - INFO -   Val Loss:   1.1566
2026-02-04 17:26:39,436 - INFO -   LR:         0.000658
2026-02-04 17:26:39,436 - INFO -   ** New best val loss: 1.1566
2026-02-04 17:26:39,437 - INFO - 
Epoch 9/20
2026-02-04 17:26:39,437 - INFO - ----------------------------------------
2026-02-04 17:26:41,442 - INFO -   Train Loss: 1.1375
2026-02-04 17:26:41,442 - INFO -   Val Loss:   1.1658
2026-02-04 17:26:41,442 - INFO -   LR:         0.000582
2026-02-04 17:26:41,442 - INFO - 
Epoch 10/20
2026-02-04 17:26:41,442 - INFO - ----------------------------------------
2026-02-04 17:26:43,231 - INFO -   Train Loss: 1.1335
2026-02-04 17:26:43,232 - INFO -   Val Loss:   1.1638
2026-02-04 17:26:43,232 - INFO -   LR:         0.000505
2026-02-04 17:26:43,232 - INFO - 
Epoch 11/20
2026-02-04 17:26:43,232 - INFO - ----------------------------------------
2026-02-04 17:26:45,153 - INFO -   Train Loss: 1.1294
2026-02-04 17:26:45,153 - INFO -   Val Loss:   1.1851
2026-02-04 17:26:45,154 - INFO -   LR:         0.000428
2026-02-04 17:26:45,154 - INFO - 
Epoch 12/20
2026-02-04 17:26:45,154 - INFO - ----------------------------------------
2026-02-04 17:26:46,859 - INFO -   Train Loss: 1.1402
2026-02-04 17:26:46,860 - INFO -   Val Loss:   1.1745
2026-02-04 17:26:46,860 - INFO -   LR:         0.000352
2026-02-04 17:26:46,860 - INFO - 
Epoch 13/20
2026-02-04 17:26:46,860 - INFO - ----------------------------------------
2026-02-04 17:26:48,597 - INFO -   Train Loss: 1.1348
2026-02-04 17:26:48,597 - INFO -   Val Loss:   1.1984
2026-02-04 17:26:48,597 - INFO -   LR:         0.000280
2026-02-04 17:26:48,599 - INFO - 
Early stopping triggered at epoch 13
2026-02-04 17:26:48,729 - INFO - 
Model saved to: d:\workspace\MRes\NoiseRate\kfold_results_pseudo\models\fold_2_model.pth
2026-02-04 17:26:48,730 - INFO - ============================================================
2026-02-04 17:26:48,730 - INFO - Training Fold 3/5
2026-02-04 17:26:48,730 - INFO - ============================================================
2026-02-04 17:26:48,731 - INFO - Train batches: 17, Val batches: 5
2026-02-04 17:26:48,735 - INFO - Model parameters: 391,404
2026-02-04 17:26:48,737 - INFO - Computed pos_weight: [ 2.5827816  2.9202898 10.040816   4.0560746 12.525     14.027778
 12.871795   2.1091955  1.7461929 15.90625    7.5873017 14.027778 ]
2026-02-04 17:26:48,737 - INFO - 
Epoch 1/20
2026-02-04 17:26:48,737 - INFO - ----------------------------------------
2026-02-04 17:26:50,584 - INFO -   Train Loss: 1.1843
2026-02-04 17:26:50,584 - INFO -   Val Loss:   1.2246
2026-02-04 17:26:50,584 - INFO -   LR:         0.000994
2026-02-04 17:26:50,584 - INFO -   ** New best val loss: 1.2246
2026-02-04 17:26:50,585 - INFO - 
Epoch 2/20
2026-02-04 17:26:50,585 - INFO - ----------------------------------------
2026-02-04 17:26:52,201 - INFO -   Train Loss: 1.1639
2026-02-04 17:26:52,201 - INFO -   Val Loss:   1.2058
2026-02-04 17:26:52,201 - INFO -   LR:         0.000976
2026-02-04 17:26:52,202 - INFO -   ** New best val loss: 1.2058
2026-02-04 17:26:52,202 - INFO - 
Epoch 3/20
2026-02-04 17:26:52,202 - INFO - ----------------------------------------
2026-02-04 17:26:53,768 - INFO -   Train Loss: 1.1504
2026-02-04 17:26:53,768 - INFO -   Val Loss:   1.2099
2026-02-04 17:26:53,768 - INFO -   LR:         0.000946
2026-02-04 17:26:53,768 - INFO - 
Epoch 4/20
2026-02-04 17:26:53,768 - INFO - ----------------------------------------
2026-02-04 17:26:55,360 - INFO -   Train Loss: 1.1515
2026-02-04 17:26:55,360 - INFO -   Val Loss:   1.2041
2026-02-04 17:26:55,360 - INFO -   LR:         0.000905
2026-02-04 17:26:55,361 - INFO -   ** New best val loss: 1.2041
2026-02-04 17:26:55,361 - INFO - 
Epoch 5/20
2026-02-04 17:26:55,361 - INFO - ----------------------------------------
2026-02-04 17:26:56,956 - INFO -   Train Loss: 1.1461
2026-02-04 17:26:56,956 - INFO -   Val Loss:   1.1976
2026-02-04 17:26:56,957 - INFO -   LR:         0.000855
2026-02-04 17:26:56,957 - INFO -   ** New best val loss: 1.1976
2026-02-04 17:26:56,957 - INFO - 
Epoch 6/20
2026-02-04 17:26:56,957 - INFO - ----------------------------------------
2026-02-04 17:26:58,540 - INFO -   Train Loss: 1.1472
2026-02-04 17:26:58,540 - INFO -   Val Loss:   1.1933
2026-02-04 17:26:58,540 - INFO -   LR:         0.000796
2026-02-04 17:26:58,541 - INFO -   ** New best val loss: 1.1933
2026-02-04 17:26:58,541 - INFO - 
Epoch 7/20
2026-02-04 17:26:58,541 - INFO - ----------------------------------------
2026-02-04 17:27:00,136 - INFO -   Train Loss: 1.1406
2026-02-04 17:27:00,136 - INFO -   Val Loss:   1.2028
2026-02-04 17:27:00,136 - INFO -   LR:         0.000730
2026-02-04 17:27:00,136 - INFO - 
Epoch 8/20
2026-02-04 17:27:00,136 - INFO - ----------------------------------------
2026-02-04 17:27:01,762 - INFO -   Train Loss: 1.1384
2026-02-04 17:27:01,762 - INFO -   Val Loss:   1.3778
2026-02-04 17:27:01,762 - INFO -   LR:         0.000658
2026-02-04 17:27:01,762 - INFO - 
Epoch 9/20
2026-02-04 17:27:01,762 - INFO - ----------------------------------------
2026-02-04 17:27:03,342 - INFO -   Train Loss: 1.1390
2026-02-04 17:27:03,342 - INFO -   Val Loss:   1.3437
2026-02-04 17:27:03,342 - INFO -   LR:         0.000582
2026-02-04 17:27:03,342 - INFO - 
Epoch 10/20
2026-02-04 17:27:03,343 - INFO - ----------------------------------------
2026-02-04 17:27:05,108 - INFO -   Train Loss: 1.1416
2026-02-04 17:27:05,109 - INFO -   Val Loss:   1.2705
2026-02-04 17:27:05,109 - INFO -   LR:         0.000505
2026-02-04 17:27:05,109 - INFO - 
Epoch 11/20
2026-02-04 17:27:05,109 - INFO - ----------------------------------------
2026-02-04 17:27:06,860 - INFO -   Train Loss: 1.1216
2026-02-04 17:27:06,861 - INFO -   Val Loss:   1.2485
2026-02-04 17:27:06,861 - INFO -   LR:         0.000428
2026-02-04 17:27:06,861 - INFO - 
Early stopping triggered at epoch 11
2026-02-04 17:27:06,979 - INFO - 
Model saved to: d:\workspace\MRes\NoiseRate\kfold_results_pseudo\models\fold_3_model.pth
2026-02-04 17:27:06,980 - INFO - ============================================================
2026-02-04 17:27:06,980 - INFO - Training Fold 4/5
2026-02-04 17:27:06,980 - INFO - ============================================================
2026-02-04 17:27:06,981 - INFO - Train batches: 17, Val batches: 5
2026-02-04 17:27:06,984 - INFO - Model parameters: 391,404
2026-02-04 17:27:06,985 - INFO - Computed pos_weight: [ 2.6066666  2.9202898 10.270833   3.830357  12.871795  12.871795
 11.880953   2.1091955  1.8177084 19.807692   7.3230767 11.295455 ]
2026-02-04 17:27:06,985 - INFO - 
Epoch 1/20
2026-02-04 17:27:06,985 - INFO - ----------------------------------------
2026-02-04 17:27:08,764 - INFO -   Train Loss: 1.1972
2026-02-04 17:27:08,764 - INFO -   Val Loss:   1.2629
2026-02-04 17:27:08,764 - INFO -   LR:         0.000994
2026-02-04 17:27:08,764 - INFO -   ** New best val loss: 1.2629
2026-02-04 17:27:08,764 - INFO - 
Epoch 2/20
2026-02-04 17:27:08,766 - INFO - ----------------------------------------
2026-02-04 17:27:10,520 - INFO -   Train Loss: 1.1705
2026-02-04 17:27:10,520 - INFO -   Val Loss:   1.1921
2026-02-04 17:27:10,520 - INFO -   LR:         0.000976
2026-02-04 17:27:10,520 - INFO -   ** New best val loss: 1.1921
2026-02-04 17:27:10,521 - INFO - 
Epoch 3/20
2026-02-04 17:27:10,521 - INFO - ----------------------------------------
2026-02-04 17:27:12,266 - INFO -   Train Loss: 1.1535
2026-02-04 17:27:12,266 - INFO -   Val Loss:   1.1759
2026-02-04 17:27:12,267 - INFO -   LR:         0.000946
2026-02-04 17:27:12,267 - INFO -   ** New best val loss: 1.1759
2026-02-04 17:27:12,267 - INFO - 
Epoch 4/20
2026-02-04 17:27:12,267 - INFO - ----------------------------------------
2026-02-04 17:27:14,157 - INFO -   Train Loss: 1.1531
2026-02-04 17:27:14,157 - INFO -   Val Loss:   1.1656
2026-02-04 17:27:14,158 - INFO -   LR:         0.000905
2026-02-04 17:27:14,158 - INFO -   ** New best val loss: 1.1656
2026-02-04 17:27:14,158 - INFO - 
Epoch 5/20
2026-02-04 17:27:14,158 - INFO - ----------------------------------------
2026-02-04 17:27:16,078 - INFO -   Train Loss: 1.1444
2026-02-04 17:27:16,078 - INFO -   Val Loss:   1.1921
2026-02-04 17:27:16,078 - INFO -   LR:         0.000855
2026-02-04 17:27:16,078 - INFO - 
Epoch 6/20
2026-02-04 17:27:16,078 - INFO - ----------------------------------------
2026-02-04 17:27:18,510 - INFO -   Train Loss: 1.1512
2026-02-04 17:27:18,510 - INFO -   Val Loss:   1.1715
2026-02-04 17:27:18,511 - INFO -   LR:         0.000796
2026-02-04 17:27:18,511 - INFO - 
Epoch 7/20
2026-02-04 17:27:18,511 - INFO - ----------------------------------------
2026-02-04 17:27:20,342 - INFO -   Train Loss: 1.1390
2026-02-04 17:27:20,342 - INFO -   Val Loss:   1.2123
2026-02-04 17:27:20,342 - INFO -   LR:         0.000730
2026-02-04 17:27:20,342 - INFO - 
Epoch 8/20
2026-02-04 17:27:20,342 - INFO - ----------------------------------------
2026-02-04 17:27:22,162 - INFO -   Train Loss: 1.1325
2026-02-04 17:27:22,162 - INFO -   Val Loss:   1.1487
2026-02-04 17:27:22,162 - INFO -   LR:         0.000658
2026-02-04 17:27:22,163 - INFO -   ** New best val loss: 1.1487
2026-02-04 17:27:22,163 - INFO - 
Epoch 9/20
2026-02-04 17:27:22,163 - INFO - ----------------------------------------
2026-02-04 17:27:23,895 - INFO -   Train Loss: 1.1345
2026-02-04 17:27:23,895 - INFO -   Val Loss:   1.1759
2026-02-04 17:27:23,896 - INFO -   LR:         0.000582
2026-02-04 17:27:23,896 - INFO - 
Epoch 10/20
2026-02-04 17:27:23,896 - INFO - ----------------------------------------
2026-02-04 17:27:25,673 - INFO -   Train Loss: 1.1314
2026-02-04 17:27:25,674 - INFO -   Val Loss:   1.1549
2026-02-04 17:27:25,674 - INFO -   LR:         0.000505
2026-02-04 17:27:25,674 - INFO - 
Epoch 11/20
2026-02-04 17:27:25,674 - INFO - ----------------------------------------
2026-02-04 17:27:27,447 - INFO -   Train Loss: 1.1228
2026-02-04 17:27:27,447 - INFO -   Val Loss:   1.1598
2026-02-04 17:27:27,447 - INFO -   LR:         0.000428
2026-02-04 17:27:27,447 - INFO - 
Epoch 12/20
2026-02-04 17:27:27,447 - INFO - ----------------------------------------
2026-02-04 17:27:29,261 - INFO -   Train Loss: 1.1274
2026-02-04 17:27:29,261 - INFO -   Val Loss:   1.1442
2026-02-04 17:27:29,262 - INFO -   LR:         0.000352
2026-02-04 17:27:29,262 - INFO -   ** New best val loss: 1.1442
2026-02-04 17:27:29,262 - INFO - 
Epoch 13/20
2026-02-04 17:27:29,262 - INFO - ----------------------------------------
2026-02-04 17:27:31,015 - INFO -   Train Loss: 1.1303
2026-02-04 17:27:31,015 - INFO -   Val Loss:   1.1623
2026-02-04 17:27:31,015 - INFO -   LR:         0.000280
2026-02-04 17:27:31,015 - INFO - 
Epoch 14/20
2026-02-04 17:27:31,015 - INFO - ----------------------------------------
2026-02-04 17:27:32,785 - INFO -   Train Loss: 1.1179
2026-02-04 17:27:32,786 - INFO -   Val Loss:   1.1468
2026-02-04 17:27:32,786 - INFO -   LR:         0.000214
2026-02-04 17:27:32,786 - INFO - 
Epoch 15/20
2026-02-04 17:27:32,786 - INFO - ----------------------------------------
2026-02-04 17:27:34,707 - INFO -   Train Loss: 1.1218
2026-02-04 17:27:34,707 - INFO -   Val Loss:   1.1491
2026-02-04 17:27:34,707 - INFO -   LR:         0.000155
2026-02-04 17:27:34,707 - INFO - 
Epoch 16/20
2026-02-04 17:27:34,707 - INFO - ----------------------------------------
2026-02-04 17:27:36,662 - INFO -   Train Loss: 1.1163
2026-02-04 17:27:36,662 - INFO -   Val Loss:   1.1509
2026-02-04 17:27:36,662 - INFO -   LR:         0.000105
2026-02-04 17:27:36,662 - INFO - 
Epoch 17/20
2026-02-04 17:27:36,662 - INFO - ----------------------------------------
2026-02-04 17:27:38,477 - INFO -   Train Loss: 1.1167
2026-02-04 17:27:38,477 - INFO -   Val Loss:   1.1444
2026-02-04 17:27:38,477 - INFO -   LR:         0.000064
2026-02-04 17:27:38,477 - INFO - 
Early stopping triggered at epoch 17
2026-02-04 17:27:38,609 - INFO - 
Model saved to: d:\workspace\MRes\NoiseRate\kfold_results_pseudo\models\fold_4_model.pth
2026-02-04 17:27:38,610 - INFO - ============================================================
2026-02-04 17:27:38,610 - INFO - Training Fold 5/5
2026-02-04 17:27:38,610 - INFO - ============================================================
2026-02-04 17:27:38,611 - INFO - Train batches: 17, Val batches: 5
2026-02-04 17:27:38,615 - INFO - Model parameters: 391,404
2026-02-04 17:27:38,617 - INFO - Computed pos_weight: [ 2.6066666  2.8642857 10.040816   3.745614  13.236842  11.880953
 11.581395   2.1637428  1.705     17.655172   7.1969695 11.295455 ]
2026-02-04 17:27:38,617 - INFO - 
Epoch 1/20
2026-02-04 17:27:38,617 - INFO - ----------------------------------------
2026-02-04 17:27:40,412 - INFO -   Train Loss: 1.1949
2026-02-04 17:27:40,412 - INFO -   Val Loss:   1.1266
2026-02-04 17:27:40,412 - INFO -   LR:         0.000994
2026-02-04 17:27:40,412 - INFO -   ** New best val loss: 1.1266
2026-02-04 17:27:40,413 - INFO - 
Epoch 2/20
2026-02-04 17:27:40,413 - INFO - ----------------------------------------
2026-02-04 17:27:42,201 - INFO -   Train Loss: 1.1615
2026-02-04 17:27:42,202 - INFO -   Val Loss:   1.1195
2026-02-04 17:27:42,202 - INFO -   LR:         0.000976
2026-02-04 17:27:42,202 - INFO -   ** New best val loss: 1.1195
2026-02-04 17:27:42,202 - INFO - 
Epoch 3/20
2026-02-04 17:27:42,203 - INFO - ----------------------------------------
2026-02-04 17:27:43,960 - INFO -   Train Loss: 1.1564
2026-02-04 17:27:43,961 - INFO -   Val Loss:   1.1046
2026-02-04 17:27:43,961 - INFO -   LR:         0.000946
2026-02-04 17:27:43,961 - INFO -   ** New best val loss: 1.1046
2026-02-04 17:27:43,961 - INFO - 
Epoch 4/20
2026-02-04 17:27:43,961 - INFO - ----------------------------------------
2026-02-04 17:27:45,726 - INFO -   Train Loss: 1.1475
2026-02-04 17:27:45,727 - INFO -   Val Loss:   1.1191
2026-02-04 17:27:45,727 - INFO -   LR:         0.000905
2026-02-04 17:27:45,727 - INFO - 
Epoch 5/20
2026-02-04 17:27:45,727 - INFO - ----------------------------------------
2026-02-04 17:27:47,481 - INFO -   Train Loss: 1.1324
2026-02-04 17:27:47,481 - INFO -   Val Loss:   1.1575
2026-02-04 17:27:47,481 - INFO -   LR:         0.000855
2026-02-04 17:27:47,481 - INFO - 
Epoch 6/20
2026-02-04 17:27:47,481 - INFO - ----------------------------------------
2026-02-04 17:27:49,249 - INFO -   Train Loss: 1.1408
2026-02-04 17:27:49,249 - INFO -   Val Loss:   1.1050
2026-02-04 17:27:49,249 - INFO -   LR:         0.000796
2026-02-04 17:27:49,249 - INFO - 
Epoch 7/20
2026-02-04 17:27:49,249 - INFO - ----------------------------------------
2026-02-04 17:27:50,999 - INFO -   Train Loss: 1.1253
2026-02-04 17:27:50,999 - INFO -   Val Loss:   1.1232
2026-02-04 17:27:50,999 - INFO -   LR:         0.000730
2026-02-04 17:27:50,999 - INFO - 
Epoch 8/20
2026-02-04 17:27:50,999 - INFO - ----------------------------------------
2026-02-04 17:27:52,823 - INFO -   Train Loss: 1.1333
2026-02-04 17:27:52,823 - INFO -   Val Loss:   1.1086
2026-02-04 17:27:52,823 - INFO -   LR:         0.000658
2026-02-04 17:27:52,823 - INFO - 
Early stopping triggered at epoch 8
2026-02-04 17:27:52,947 - INFO - 
Model saved to: d:\workspace\MRes\NoiseRate\kfold_results_pseudo\models\fold_5_model.pth
2026-02-04 17:27:52,949 - INFO - 
============================================================
2026-02-04 17:27:52,949 - INFO - Out-of-fold predictions saved to: d:\workspace\MRes\NoiseRate\kfold_results_pseudo\oof_predictions_pseudo.npy
2026-02-04 17:27:52,949 - INFO - Shape: (676, 12)
2026-02-04 17:27:52,949 - INFO - ============================================================
2026-02-04 17:27:52,949 - INFO - 
============================================================
2026-02-04 17:27:52,949 - INFO - K-FOLD TRAINING - COMPLETE
2026-02-04 17:27:52,949 - INFO - ============================================================

