2026-02-04 22:03:17,301 - INFO - Logging initialized. Log file: d:\workspace\MRes\NoiseRate\kfold_results_pseudo\logs\kfold_pseudo_20260204_220317.log
2026-02-04 22:03:17,301 - INFO - 
============================================================
2026-02-04 22:03:17,301 - INFO - K-FOLD TRAINING - PSEUDO LABELS
2026-02-04 22:03:17,301 - INFO - ============================================================

2026-02-04 22:03:17,302 - INFO - Using device: cuda

2026-02-04 22:03:17,302 - INFO - ============================================================
2026-02-04 22:03:17,302 - INFO - Loading and Preparing Data
2026-02-04 22:03:17,302 - INFO - ============================================================
2026-02-04 22:03:17,302 - INFO - Loading metadata from: d:/workspace/MRes/datasets/mimic-cxr-clean/gt/metadata.csv
2026-02-04 22:03:17,311 - INFO - Loaded 1029 samples
2026-02-04 22:03:17,311 - INFO - Filtering for ViewPosition: ['AP', 'PA']
2026-02-04 22:03:17,312 - INFO - After filtering: 676 samples

2026-02-04 22:03:17,313 - INFO - Using PSEUDO labels for training
2026-02-04 22:03:17,313 - INFO - Using 12 CheXpert pathology columns
2026-02-04 22:03:17,313 - INFO - Applying uncertain label strategy: u_ones
2026-02-04 22:03:17,318 - INFO - Processed Data Label Statistics (Total Samples: 676):
2026-02-04 22:03:17,318 - INFO - Pathology                      Positive   Negative   Pos Rate  
2026-02-04 22:03:17,318 - INFO - -----------------------------------------------------------------
2026-02-04 22:03:17,318 - INFO - Atelectasis                    227        449             33.6%
2026-02-04 22:03:17,319 - INFO - Cardiomegaly                   189        487             28.0%
2026-02-04 22:03:17,320 - INFO - Consolidation                  74         602             10.9%
2026-02-04 22:03:17,320 - INFO - Edema                          191        485             28.3%
2026-02-04 22:03:17,320 - INFO - Enlarged Cardiomediastinum     73         603             10.8%
2026-02-04 22:03:17,320 - INFO - Fracture                       51         625              7.5%
2026-02-04 22:03:17,322 - INFO - Lung Lesion                    54         622              8.0%
2026-02-04 22:03:17,322 - INFO - Lung Opacity                   230        446             34.0%
2026-02-04 22:03:17,322 - INFO - Pleural Effusion               273        403             40.4%
2026-02-04 22:03:17,323 - INFO - Pleural Other                  42         634              6.2%
2026-02-04 22:03:17,325 - INFO - Pneumonia                      165        511             24.4%
2026-02-04 22:03:17,325 - INFO - Pneumothorax                   56         620              8.3%
2026-02-04 22:03:17,325 - INFO - 
2026-02-04 22:03:17,327 - INFO - Labels shape: (676, 12)

2026-02-04 22:03:17,327 - INFO - ============================================================
2026-02-04 22:03:17,327 - INFO - K-Fold Split
2026-02-04 22:03:17,327 - INFO - ============================================================
2026-02-04 22:03:17,327 - INFO - K-fold: 5 splits, stratified by first label

2026-02-04 22:03:17,328 - INFO - ============================================================
2026-02-04 22:03:17,328 - INFO - Fold 1/5
2026-02-04 22:03:17,329 - INFO - ============================================================
2026-02-04 22:03:17,329 - INFO - Train samples: 540, Val samples: 136

2026-02-04 22:03:19,030 - INFO - Epoch 1/20
2026-02-04 22:03:19,031 - INFO -   Train Loss: 1.1325
2026-02-04 22:03:19,031 - INFO -   Val Loss:   1.1594
2026-02-04 22:03:19,031 - INFO -   LR:         0.000994
2026-02-04 22:03:19,031 - INFO -   ** New best val loss: 1.1594
2026-02-04 22:03:19,035 - INFO - 
2026-02-04 22:03:20,645 - INFO - Epoch 2/20
2026-02-04 22:03:20,646 - INFO -   Train Loss: 1.1109
2026-02-04 22:03:20,646 - INFO -   Val Loss:   1.1031
2026-02-04 22:03:20,646 - INFO -   LR:         0.000976
2026-02-04 22:03:20,646 - INFO -   ** New best val loss: 1.1031
2026-02-04 22:03:20,652 - INFO - 
2026-02-04 22:03:22,227 - INFO - Epoch 3/20
2026-02-04 22:03:22,227 - INFO -   Train Loss: 1.1073
2026-02-04 22:03:22,228 - INFO -   Val Loss:   1.0842
2026-02-04 22:03:22,228 - INFO -   LR:         0.000946
2026-02-04 22:03:22,228 - INFO -   ** New best val loss: 1.0842
2026-02-04 22:03:22,233 - INFO - 
2026-02-04 22:03:23,820 - INFO - Epoch 4/20
2026-02-04 22:03:23,820 - INFO -   Train Loss: 1.0946
2026-02-04 22:03:23,820 - INFO -   Val Loss:   1.1002
2026-02-04 22:03:23,820 - INFO -   LR:         0.000905
2026-02-04 22:03:23,820 - INFO - 
2026-02-04 22:03:25,411 - INFO - Epoch 5/20
2026-02-04 22:03:25,411 - INFO -   Train Loss: 1.1028
2026-02-04 22:03:25,411 - INFO -   Val Loss:   1.1131
2026-02-04 22:03:25,411 - INFO -   LR:         0.000855
2026-02-04 22:03:25,411 - INFO - 
2026-02-04 22:03:27,012 - INFO - Epoch 6/20
2026-02-04 22:03:27,012 - INFO -   Train Loss: 1.1017
2026-02-04 22:03:27,013 - INFO -   Val Loss:   1.1062
2026-02-04 22:03:27,013 - INFO -   LR:         0.000796
2026-02-04 22:03:27,013 - INFO - 
2026-02-04 22:03:28,613 - INFO - Epoch 7/20
2026-02-04 22:03:28,614 - INFO -   Train Loss: 1.0874
2026-02-04 22:03:28,614 - INFO -   Val Loss:   1.1507
2026-02-04 22:03:28,614 - INFO -   LR:         0.000730
2026-02-04 22:03:28,614 - INFO - 
2026-02-04 22:03:30,218 - INFO - Epoch 8/20
2026-02-04 22:03:30,218 - INFO -   Train Loss: 1.0799
2026-02-04 22:03:30,218 - INFO -   Val Loss:   1.1868
2026-02-04 22:03:30,218 - INFO -   LR:         0.000658
2026-02-04 22:03:30,218 - INFO - 
2026-02-04 22:03:30,218 - INFO - Early stopping triggered at epoch 8

2026-02-04 22:03:30,357 - INFO - Fold 1 complete. Best val loss: 1.0842

2026-02-04 22:03:30,357 - INFO - ============================================================
2026-02-04 22:03:30,357 - INFO - Fold 2/5
2026-02-04 22:03:30,357 - INFO - ============================================================
2026-02-04 22:03:30,358 - INFO - Train samples: 541, Val samples: 135

2026-02-04 22:03:31,946 - INFO - Epoch 1/20
2026-02-04 22:03:31,946 - INFO -   Train Loss: 1.1274
2026-02-04 22:03:31,946 - INFO -   Val Loss:   1.1033
2026-02-04 22:03:31,946 - INFO -   LR:         0.000994
2026-02-04 22:03:31,946 - INFO -   ** New best val loss: 1.1033
2026-02-04 22:03:31,952 - INFO - 
2026-02-04 22:03:33,555 - INFO - Epoch 2/20
2026-02-04 22:03:33,555 - INFO -   Train Loss: 1.0963
2026-02-04 22:03:33,555 - INFO -   Val Loss:   1.0725
2026-02-04 22:03:33,556 - INFO -   LR:         0.000976
2026-02-04 22:03:33,556 - INFO -   ** New best val loss: 1.0725
2026-02-04 22:03:33,561 - INFO - 
2026-02-04 22:03:35,165 - INFO - Epoch 3/20
2026-02-04 22:03:35,166 - INFO -   Train Loss: 1.1017
2026-02-04 22:03:35,166 - INFO -   Val Loss:   1.0773
2026-02-04 22:03:35,166 - INFO -   LR:         0.000946
2026-02-04 22:03:35,166 - INFO - 
2026-02-04 22:03:36,740 - INFO - Epoch 4/20
2026-02-04 22:03:36,742 - INFO -   Train Loss: 1.0938
2026-02-04 22:03:36,742 - INFO -   Val Loss:   1.0780
2026-02-04 22:03:36,742 - INFO -   LR:         0.000905
2026-02-04 22:03:36,742 - INFO - 
2026-02-04 22:03:38,468 - INFO - Epoch 5/20
2026-02-04 22:03:38,468 - INFO -   Train Loss: 1.0919
2026-02-04 22:03:38,469 - INFO -   Val Loss:   1.0734
2026-02-04 22:03:38,469 - INFO -   LR:         0.000855
2026-02-04 22:03:38,469 - INFO - 
2026-02-04 22:03:40,229 - INFO - Epoch 6/20
2026-02-04 22:03:40,230 - INFO -   Train Loss: 1.0903
2026-02-04 22:03:40,230 - INFO -   Val Loss:   1.1378
2026-02-04 22:03:40,230 - INFO -   LR:         0.000796
2026-02-04 22:03:40,230 - INFO - 
2026-02-04 22:03:41,864 - INFO - Epoch 7/20
2026-02-04 22:03:41,865 - INFO -   Train Loss: 1.0742
2026-02-04 22:03:41,865 - INFO -   Val Loss:   1.1151
2026-02-04 22:03:41,865 - INFO -   LR:         0.000730
2026-02-04 22:03:41,865 - INFO - 
2026-02-04 22:03:41,865 - INFO - Early stopping triggered at epoch 7

2026-02-04 22:03:42,005 - INFO - Fold 2 complete. Best val loss: 1.0725

2026-02-04 22:03:42,005 - INFO - ============================================================
2026-02-04 22:03:42,005 - INFO - Fold 3/5
2026-02-04 22:03:42,006 - INFO - ============================================================
2026-02-04 22:03:42,006 - INFO - Train samples: 541, Val samples: 135

2026-02-04 22:03:43,589 - INFO - Epoch 1/20
2026-02-04 22:03:43,590 - INFO -   Train Loss: 1.1463
2026-02-04 22:03:43,590 - INFO -   Val Loss:   1.2403
2026-02-04 22:03:43,590 - INFO -   LR:         0.000994
2026-02-04 22:03:43,590 - INFO -   ** New best val loss: 1.2403
2026-02-04 22:03:43,596 - INFO - 
2026-02-04 22:03:45,182 - INFO - Epoch 2/20
2026-02-04 22:03:45,182 - INFO -   Train Loss: 1.1298
2026-02-04 22:03:45,182 - INFO -   Val Loss:   1.1942
2026-02-04 22:03:45,182 - INFO -   LR:         0.000976
2026-02-04 22:03:45,182 - INFO -   ** New best val loss: 1.1942
2026-02-04 22:03:45,187 - INFO - 
2026-02-04 22:03:46,766 - INFO - Epoch 3/20
2026-02-04 22:03:46,766 - INFO -   Train Loss: 1.1137
2026-02-04 22:03:46,766 - INFO -   Val Loss:   1.2036
2026-02-04 22:03:46,766 - INFO -   LR:         0.000946
2026-02-04 22:03:46,766 - INFO - 
2026-02-04 22:03:48,502 - INFO - Epoch 4/20
2026-02-04 22:03:48,502 - INFO -   Train Loss: 1.1211
2026-02-04 22:03:48,502 - INFO -   Val Loss:   1.1938
2026-02-04 22:03:48,502 - INFO -   LR:         0.000905
2026-02-04 22:03:48,502 - INFO -   ** New best val loss: 1.1938
2026-02-04 22:03:48,508 - INFO - 
2026-02-04 22:03:50,133 - INFO - Epoch 5/20
2026-02-04 22:03:50,134 - INFO -   Train Loss: 1.1051
2026-02-04 22:03:50,134 - INFO -   Val Loss:   1.1856
2026-02-04 22:03:50,134 - INFO -   LR:         0.000855
2026-02-04 22:03:50,134 - INFO -   ** New best val loss: 1.1856
2026-02-04 22:03:50,141 - INFO - 
2026-02-04 22:03:51,910 - INFO - Epoch 6/20
2026-02-04 22:03:51,910 - INFO -   Train Loss: 1.0958
2026-02-04 22:03:51,910 - INFO -   Val Loss:   1.2243
2026-02-04 22:03:51,910 - INFO -   LR:         0.000796
2026-02-04 22:03:51,910 - INFO - 
2026-02-04 22:03:53,608 - INFO - Epoch 7/20
2026-02-04 22:03:53,608 - INFO -   Train Loss: 1.1116
2026-02-04 22:03:53,608 - INFO -   Val Loss:   1.1958
2026-02-04 22:03:53,608 - INFO -   LR:         0.000730
2026-02-04 22:03:53,608 - INFO - 
2026-02-04 22:03:55,230 - INFO - Epoch 8/20
2026-02-04 22:03:55,230 - INFO -   Train Loss: 1.1071
2026-02-04 22:03:55,230 - INFO -   Val Loss:   1.2222
2026-02-04 22:03:55,230 - INFO -   LR:         0.000658
2026-02-04 22:03:55,230 - INFO - 
2026-02-04 22:03:56,909 - INFO - Epoch 9/20
2026-02-04 22:03:56,910 - INFO -   Train Loss: 1.0977
2026-02-04 22:03:56,910 - INFO -   Val Loss:   1.2451
2026-02-04 22:03:56,910 - INFO -   LR:         0.000582
2026-02-04 22:03:56,910 - INFO - 
2026-02-04 22:03:58,576 - INFO - Epoch 10/20
2026-02-04 22:03:58,577 - INFO -   Train Loss: 1.0877
2026-02-04 22:03:58,577 - INFO -   Val Loss:   1.1803
2026-02-04 22:03:58,577 - INFO -   LR:         0.000505
2026-02-04 22:03:58,578 - INFO -   ** New best val loss: 1.1803
2026-02-04 22:03:58,583 - INFO - 
2026-02-04 22:04:00,204 - INFO - Epoch 11/20
2026-02-04 22:04:00,204 - INFO -   Train Loss: 1.0905
2026-02-04 22:04:00,204 - INFO -   Val Loss:   1.1813
2026-02-04 22:04:00,204 - INFO -   LR:         0.000428
2026-02-04 22:04:00,204 - INFO - 
2026-02-04 22:04:01,836 - INFO - Epoch 12/20
2026-02-04 22:04:01,836 - INFO -   Train Loss: 1.0955
2026-02-04 22:04:01,836 - INFO -   Val Loss:   1.2016
2026-02-04 22:04:01,836 - INFO -   LR:         0.000352
2026-02-04 22:04:01,836 - INFO - 
2026-02-04 22:04:03,459 - INFO - Epoch 13/20
2026-02-04 22:04:03,459 - INFO -   Train Loss: 1.0881
2026-02-04 22:04:03,459 - INFO -   Val Loss:   1.1855
2026-02-04 22:04:03,460 - INFO -   LR:         0.000280
2026-02-04 22:04:03,460 - INFO - 
2026-02-04 22:04:05,110 - INFO - Epoch 14/20
2026-02-04 22:04:05,111 - INFO -   Train Loss: 1.0771
2026-02-04 22:04:05,111 - INFO -   Val Loss:   1.1804
2026-02-04 22:04:05,111 - INFO -   LR:         0.000214
2026-02-04 22:04:05,111 - INFO - 
2026-02-04 22:04:06,801 - INFO - Epoch 15/20
2026-02-04 22:04:06,801 - INFO -   Train Loss: 1.0805
2026-02-04 22:04:06,802 - INFO -   Val Loss:   1.1869
2026-02-04 22:04:06,802 - INFO -   LR:         0.000155
2026-02-04 22:04:06,802 - INFO - 
2026-02-04 22:04:06,802 - INFO - Early stopping triggered at epoch 15

2026-02-04 22:04:06,942 - INFO - Fold 3 complete. Best val loss: 1.1803

2026-02-04 22:04:06,942 - INFO - ============================================================
2026-02-04 22:04:06,942 - INFO - Fold 4/5
2026-02-04 22:04:06,942 - INFO - ============================================================
2026-02-04 22:04:06,942 - INFO - Train samples: 541, Val samples: 135

2026-02-04 22:04:08,822 - INFO - Epoch 1/20
2026-02-04 22:04:08,823 - INFO -   Train Loss: 1.1486
2026-02-04 22:04:08,823 - INFO -   Val Loss:   1.1083
2026-02-04 22:04:08,823 - INFO -   LR:         0.000994
2026-02-04 22:04:08,823 - INFO -   ** New best val loss: 1.1083
2026-02-04 22:04:08,829 - INFO - 
2026-02-04 22:04:10,720 - INFO - Epoch 2/20
2026-02-04 22:04:10,720 - INFO -   Train Loss: 1.1173
2026-02-04 22:04:10,720 - INFO -   Val Loss:   1.0996
2026-02-04 22:04:10,720 - INFO -   LR:         0.000976
2026-02-04 22:04:10,720 - INFO -   ** New best val loss: 1.0996
2026-02-04 22:04:10,726 - INFO - 
2026-02-04 22:04:12,481 - INFO - Epoch 3/20
2026-02-04 22:04:12,482 - INFO -   Train Loss: 1.1155
2026-02-04 22:04:12,482 - INFO -   Val Loss:   1.1001
2026-02-04 22:04:12,483 - INFO -   LR:         0.000946
2026-02-04 22:04:12,483 - INFO - 
2026-02-04 22:04:14,189 - INFO - Epoch 4/20
2026-02-04 22:04:14,190 - INFO -   Train Loss: 1.0917
2026-02-04 22:04:14,190 - INFO -   Val Loss:   1.1578
2026-02-04 22:04:14,190 - INFO -   LR:         0.000905
2026-02-04 22:04:14,190 - INFO - 
2026-02-04 22:04:15,825 - INFO - Epoch 5/20
2026-02-04 22:04:15,825 - INFO -   Train Loss: 1.0986
2026-02-04 22:04:15,826 - INFO -   Val Loss:   1.1330
2026-02-04 22:04:15,826 - INFO -   LR:         0.000855
2026-02-04 22:04:15,826 - INFO - 
2026-02-04 22:04:17,473 - INFO - Epoch 6/20
2026-02-04 22:04:17,473 - INFO -   Train Loss: 1.1089
2026-02-04 22:04:17,473 - INFO -   Val Loss:   1.1300
2026-02-04 22:04:17,474 - INFO -   LR:         0.000796
2026-02-04 22:04:17,474 - INFO - 
2026-02-04 22:04:19,111 - INFO - Epoch 7/20
2026-02-04 22:04:19,111 - INFO -   Train Loss: 1.1090
2026-02-04 22:04:19,111 - INFO -   Val Loss:   1.0917
2026-02-04 22:04:19,112 - INFO -   LR:         0.000730
2026-02-04 22:04:19,112 - INFO -   ** New best val loss: 1.0917
2026-02-04 22:04:19,119 - INFO - 
2026-02-04 22:04:20,763 - INFO - Epoch 8/20
2026-02-04 22:04:20,764 - INFO -   Train Loss: 1.1064
2026-02-04 22:04:20,764 - INFO -   Val Loss:   1.1038
2026-02-04 22:04:20,764 - INFO -   LR:         0.000658
2026-02-04 22:04:20,764 - INFO - 
2026-02-04 22:04:22,426 - INFO - Epoch 9/20
2026-02-04 22:04:22,426 - INFO -   Train Loss: 1.0985
2026-02-04 22:04:22,427 - INFO -   Val Loss:   1.1121
2026-02-04 22:04:22,427 - INFO -   LR:         0.000582
2026-02-04 22:04:22,427 - INFO - 
2026-02-04 22:04:24,130 - INFO - Epoch 10/20
2026-02-04 22:04:24,130 - INFO -   Train Loss: 1.0986
2026-02-04 22:04:24,130 - INFO -   Val Loss:   1.1058
2026-02-04 22:04:24,130 - INFO -   LR:         0.000505
2026-02-04 22:04:24,130 - INFO - 
2026-02-04 22:04:25,820 - INFO - Epoch 11/20
2026-02-04 22:04:25,821 - INFO -   Train Loss: 1.0955
2026-02-04 22:04:25,821 - INFO -   Val Loss:   1.0913
2026-02-04 22:04:25,821 - INFO -   LR:         0.000428
2026-02-04 22:04:25,821 - INFO -   ** New best val loss: 1.0913
2026-02-04 22:04:25,828 - INFO - 
2026-02-04 22:04:27,517 - INFO - Epoch 12/20
2026-02-04 22:04:27,518 - INFO -   Train Loss: 1.0892
2026-02-04 22:04:27,518 - INFO -   Val Loss:   1.1045
2026-02-04 22:04:27,518 - INFO -   LR:         0.000352
2026-02-04 22:04:27,518 - INFO - 
2026-02-04 22:04:27,518 - INFO - Early stopping triggered at epoch 12

2026-02-04 22:04:27,666 - INFO - Fold 4 complete. Best val loss: 1.0913

2026-02-04 22:04:27,666 - INFO - ============================================================
2026-02-04 22:04:27,666 - INFO - Fold 5/5
2026-02-04 22:04:27,666 - INFO - ============================================================
2026-02-04 22:04:27,668 - INFO - Train samples: 541, Val samples: 135

2026-02-04 22:04:29,421 - INFO - Epoch 1/20
2026-02-04 22:04:29,421 - INFO -   Train Loss: 1.1430
2026-02-04 22:04:29,421 - INFO -   Val Loss:   1.1885
2026-02-04 22:04:29,421 - INFO -   LR:         0.000994
2026-02-04 22:04:29,422 - INFO -   ** New best val loss: 1.1885
2026-02-04 22:04:29,427 - INFO - 
2026-02-04 22:04:31,127 - INFO - Epoch 2/20
2026-02-04 22:04:31,127 - INFO -   Train Loss: 1.1153
2026-02-04 22:04:31,127 - INFO -   Val Loss:   1.0981
2026-02-04 22:04:31,127 - INFO -   LR:         0.000976
2026-02-04 22:04:31,127 - INFO -   ** New best val loss: 1.0981
2026-02-04 22:04:31,133 - INFO - 
2026-02-04 22:04:32,787 - INFO - Epoch 3/20
2026-02-04 22:04:32,787 - INFO -   Train Loss: 1.1096
2026-02-04 22:04:32,787 - INFO -   Val Loss:   1.0957
2026-02-04 22:04:32,787 - INFO -   LR:         0.000946
2026-02-04 22:04:32,787 - INFO -   ** New best val loss: 1.0957
2026-02-04 22:04:32,793 - INFO - 
2026-02-04 22:04:34,520 - INFO - Epoch 4/20
2026-02-04 22:04:34,520 - INFO -   Train Loss: 1.1148
2026-02-04 22:04:34,520 - INFO -   Val Loss:   1.1071
2026-02-04 22:04:34,520 - INFO -   LR:         0.000905
2026-02-04 22:04:34,520 - INFO - 
2026-02-04 22:04:36,286 - INFO - Epoch 5/20
2026-02-04 22:04:36,286 - INFO -   Train Loss: 1.1060
2026-02-04 22:04:36,286 - INFO -   Val Loss:   1.1493
2026-02-04 22:04:36,286 - INFO -   LR:         0.000855
2026-02-04 22:04:36,286 - INFO - 
2026-02-04 22:04:37,978 - INFO - Epoch 6/20
2026-02-04 22:04:37,979 - INFO -   Train Loss: 1.1072
2026-02-04 22:04:37,979 - INFO -   Val Loss:   1.1025
2026-02-04 22:04:37,979 - INFO -   LR:         0.000796
2026-02-04 22:04:37,979 - INFO - 
2026-02-04 22:04:39,825 - INFO - Epoch 7/20
2026-02-04 22:04:39,825 - INFO -   Train Loss: 1.0976
2026-02-04 22:04:39,825 - INFO -   Val Loss:   1.1672
2026-02-04 22:04:39,826 - INFO -   LR:         0.000730
2026-02-04 22:04:39,826 - INFO - 
2026-02-04 22:04:41,614 - INFO - Epoch 8/20
2026-02-04 22:04:41,615 - INFO -   Train Loss: 1.0900
2026-02-04 22:04:41,615 - INFO -   Val Loss:   1.1585
2026-02-04 22:04:41,615 - INFO -   LR:         0.000658
2026-02-04 22:04:41,615 - INFO - 
2026-02-04 22:04:41,615 - INFO - Early stopping triggered at epoch 8

2026-02-04 22:04:41,757 - INFO - Fold 5 complete. Best val loss: 1.0957

2026-02-04 22:04:41,760 - INFO - OOF predictions saved to: d:\workspace\MRes\NoiseRate\kfold_results_pseudo\oof_predictions_pseudo.npy
2026-02-04 22:04:41,760 - INFO - Shape: (676, 12)

2026-02-04 22:04:41,760 - INFO - 
============================================================
2026-02-04 22:04:41,760 - INFO - VALIDATION - PSEUDO LABELS
2026-02-04 22:04:41,760 - INFO - ============================================================

2026-02-04 22:04:41,799 - INFO - ============================================================
2026-02-04 22:04:41,800 - INFO - Per-Class AUROC (PSEUDO model)
2026-02-04 22:04:41,800 - INFO - ============================================================
2026-02-04 22:04:41,811 - INFO - ============================================================
2026-02-04 22:04:41,811 - INFO - CNN-PSEUDO - Per-Class AUROC
2026-02-04 22:04:41,811 - INFO - ============================================================
2026-02-04 22:04:41,811 - INFO - 
Pathology                           AUROC
2026-02-04 22:04:41,811 - INFO - ---------------------------------------------
2026-02-04 22:04:41,812 - INFO - Atelectasis                         0.554
2026-02-04 22:04:41,812 - INFO - Cardiomegaly                        0.594
2026-02-04 22:04:41,812 - INFO - Consolidation                       0.596
2026-02-04 22:04:41,812 - INFO - Edema                               0.684
2026-02-04 22:04:41,812 - INFO - Enlarged Cardiomediastinum          0.545
2026-02-04 22:04:41,812 - INFO - Fracture                            0.503
2026-02-04 22:04:41,812 - INFO - Lung Lesion                         0.509
2026-02-04 22:04:41,812 - INFO - Lung Opacity                        0.576
2026-02-04 22:04:41,813 - INFO - Pleural Effusion                    0.564
2026-02-04 22:04:41,813 - INFO - Pleural Other                       0.654
2026-02-04 22:04:41,813 - INFO - Pneumonia                           0.678
2026-02-04 22:04:41,813 - INFO - Pneumothorax                        0.517
2026-02-04 22:04:41,813 - INFO - ---------------------------------------------
2026-02-04 22:04:41,813 - INFO - Mean AUROC                          0.581
2026-02-04 22:04:41,813 - INFO - 
2026-02-04 22:04:41,813 - INFO - ============================================================
2026-02-04 22:04:41,813 - INFO - Per-Class Noise Analysis
2026-02-04 22:04:41,814 - INFO - ============================================================

2026-02-04 22:04:41,844 - INFO - ============================================================
2026-02-04 22:04:41,844 - INFO - Per-Class Noise Analysis (PSEUDO labels)
2026-02-04 22:04:41,844 - INFO - ============================================================
2026-02-04 22:04:41,844 - INFO - 
Analyzing 12 pathology classes individually...
2026-02-04 22:06:00,320 - INFO - 
Per-class noise rates:
2026-02-04 22:06:00,321 - INFO - Pathology                      Positive Negative  Issues     Rate
2026-02-04 22:06:00,321 - INFO - ----------------------------------------------------------------------
2026-02-04 22:06:00,321 - INFO - Atelectasis                         227      449    307    45.4%
2026-02-04 22:06:00,321 - INFO - Cardiomegaly                        189      487    291    43.0%
2026-02-04 22:06:00,321 - INFO - Consolidation                        74      602    287    42.5%
2026-02-04 22:06:00,321 - INFO - Edema                               191      485    199    29.4%
2026-02-04 22:06:00,321 - INFO - Enlarged Cardiomediastinum           73      603    373    55.2%
2026-02-04 22:06:00,321 - INFO - Fracture                             51      625    320    47.3%
2026-02-04 22:06:00,321 - INFO - Lung Lesion                          54      622    266    39.3%
2026-02-04 22:06:00,321 - INFO - Lung Opacity                        230      446    261    38.6%
2026-02-04 22:06:00,322 - INFO - Pleural Effusion                    273      403    255    37.7%
2026-02-04 22:06:00,322 - INFO - Pleural Other                        42      634    224    33.1%
2026-02-04 22:06:00,322 - INFO - Pneumonia                           165      511    289    42.8%
2026-02-04 22:06:00,322 - INFO - Pneumothorax                         56      620    199    29.4%
2026-02-04 22:06:00,322 - INFO - 
2026-02-04 22:06:00,324 - INFO - Issue IDs saved to: d:\workspace\MRes\NoiseRate\kfold_results_pseudo\issues_pseudo_20260204_220600.txt
2026-02-04 22:06:00,327 - INFO - Results saved to: d:\workspace\MRes\NoiseRate\kfold_results_pseudo\cnn_pseudo_results_20260204_220600.csv
2026-02-04 22:06:00,327 - INFO - 
============================================================
2026-02-04 22:06:00,327 - INFO - PSEUDO TRAINING AND VALIDATION - COMPLETE
2026-02-04 22:06:00,327 - INFO - ============================================================

