2026-02-04 21:14:03,147 - INFO - Logging initialized. Log file: d:\workspace\MRes\NoiseRate\kfold_results_pseudo\logs\kfold_pseudo_20260204_211403.log
2026-02-04 21:14:03,148 - INFO - 
============================================================
2026-02-04 21:14:03,148 - INFO - K-FOLD TRAINING - PSEUDO LABELS
2026-02-04 21:14:03,148 - INFO - ============================================================

2026-02-04 21:14:03,148 - INFO - Using device: cuda

2026-02-04 21:14:03,148 - INFO - ============================================================
2026-02-04 21:14:03,148 - INFO - Loading and Preparing Data
2026-02-04 21:14:03,149 - INFO - ============================================================
2026-02-04 21:14:03,149 - INFO - Loading metadata from: d:/workspace/MRes/datasets/mimic-cxr-clean/gt/metadata.csv
2026-02-04 21:14:03,155 - INFO - Loaded 1029 samples
2026-02-04 21:14:03,155 - INFO - Filtering for ViewPosition: ['AP', 'PA']
2026-02-04 21:14:03,156 - INFO - After filtering: 676 samples

2026-02-04 21:14:03,156 - INFO - Using PSEUDO labels for training
2026-02-04 21:14:03,156 - INFO - Using 12 CheXpert pathology columns
2026-02-04 21:14:03,156 - INFO - Applying uncertain label strategy: u_zeros
2026-02-04 21:14:03,159 - INFO - Processed Data Label Statistics (Total Samples: 676):
2026-02-04 21:14:03,159 - INFO - Pathology                      Positive   Negative   Pos Rate  
2026-02-04 21:14:03,159 - INFO - -----------------------------------------------------------------
2026-02-04 21:14:03,159 - INFO - Atelectasis                    188        488             27.8%
2026-02-04 21:14:03,160 - INFO - Cardiomegaly                   176        500             26.0%
2026-02-04 21:14:03,160 - INFO - Consolidation                  62         614              9.2%
2026-02-04 21:14:03,160 - INFO - Edema                          140        536             20.7%
2026-02-04 21:14:03,161 - INFO - Enlarged Cardiomediastinum     50         626              7.4%
2026-02-04 21:14:03,161 - INFO - Fracture                       51         625              7.5%
2026-02-04 21:14:03,161 - INFO - Lung Lesion                    51         625              7.5%
2026-02-04 21:14:03,161 - INFO - Lung Opacity                   214        462             31.7%
2026-02-04 21:14:03,161 - INFO - Pleural Effusion               246        430             36.4%
2026-02-04 21:14:03,163 - INFO - Pleural Other                  35         641              5.2%
2026-02-04 21:14:03,163 - INFO - Pneumonia                      77         599             11.4%
2026-02-04 21:14:03,163 - INFO - Pneumothorax                   52         624              7.7%
2026-02-04 21:14:03,163 - INFO - 
2026-02-04 21:14:03,164 - INFO - Labels shape: (676, 12)

2026-02-04 21:14:03,164 - INFO - ============================================================
2026-02-04 21:14:03,164 - INFO - K-Fold Split
2026-02-04 21:14:03,164 - INFO - ============================================================
2026-02-04 21:14:03,164 - INFO - K-fold: 5 splits, stratified by first label

2026-02-04 21:14:03,165 - INFO - ============================================================
2026-02-04 21:14:03,165 - INFO - Fold 1/5
2026-02-04 21:14:03,166 - INFO - ============================================================
2026-02-04 21:14:03,166 - INFO - Train samples: 540, Val samples: 136

2026-02-04 21:14:04,885 - INFO - Epoch 1/20
2026-02-04 21:14:04,886 - INFO -   Train Loss: 1.1869
2026-02-04 21:14:04,886 - INFO -   Val Loss:   1.2728
2026-02-04 21:14:04,886 - INFO -   LR:         0.000994
2026-02-04 21:14:04,886 - INFO -   ** New best val loss: 1.2728
2026-02-04 21:14:04,892 - INFO - 
2026-02-04 21:14:06,526 - INFO - Epoch 2/20
2026-02-04 21:14:06,526 - INFO -   Train Loss: 1.1714
2026-02-04 21:14:06,526 - INFO -   Val Loss:   1.1302
2026-02-04 21:14:06,526 - INFO -   LR:         0.000976
2026-02-04 21:14:06,526 - INFO -   ** New best val loss: 1.1302
2026-02-04 21:14:06,533 - INFO - 
2026-02-04 21:14:08,309 - INFO - Epoch 3/20
2026-02-04 21:14:08,309 - INFO -   Train Loss: 1.1590
2026-02-04 21:14:08,309 - INFO -   Val Loss:   1.1486
2026-02-04 21:14:08,309 - INFO -   LR:         0.000946
2026-02-04 21:14:08,309 - INFO - 
2026-02-04 21:14:10,097 - INFO - Epoch 4/20
2026-02-04 21:14:10,098 - INFO -   Train Loss: 1.1456
2026-02-04 21:14:10,098 - INFO -   Val Loss:   1.1315
2026-02-04 21:14:10,098 - INFO -   LR:         0.000905
2026-02-04 21:14:10,098 - INFO - 
2026-02-04 21:14:11,804 - INFO - Epoch 5/20
2026-02-04 21:14:11,804 - INFO -   Train Loss: 1.1466
2026-02-04 21:14:11,804 - INFO -   Val Loss:   1.1394
2026-02-04 21:14:11,804 - INFO -   LR:         0.000855
2026-02-04 21:14:11,804 - INFO - 
2026-02-04 21:14:13,424 - INFO - Epoch 6/20
2026-02-04 21:14:13,424 - INFO -   Train Loss: 1.1474
2026-02-04 21:14:13,424 - INFO -   Val Loss:   1.1114
2026-02-04 21:14:13,424 - INFO -   LR:         0.000796
2026-02-04 21:14:13,424 - INFO -   ** New best val loss: 1.1114
2026-02-04 21:14:13,431 - INFO - 
2026-02-04 21:14:15,072 - INFO - Epoch 7/20
2026-02-04 21:14:15,072 - INFO -   Train Loss: 1.1400
2026-02-04 21:14:15,072 - INFO -   Val Loss:   1.1106
2026-02-04 21:14:15,072 - INFO -   LR:         0.000730
2026-02-04 21:14:15,072 - INFO -   ** New best val loss: 1.1106
2026-02-04 21:14:15,079 - INFO - 
2026-02-04 21:14:16,670 - INFO - Epoch 8/20
2026-02-04 21:14:16,670 - INFO -   Train Loss: 1.1401
2026-02-04 21:14:16,670 - INFO -   Val Loss:   1.1616
2026-02-04 21:14:16,670 - INFO -   LR:         0.000658
2026-02-04 21:14:16,670 - INFO - 
2026-02-04 21:14:18,254 - INFO - Epoch 9/20
2026-02-04 21:14:18,254 - INFO -   Train Loss: 1.1401
2026-02-04 21:14:18,254 - INFO -   Val Loss:   1.1401
2026-02-04 21:14:18,254 - INFO -   LR:         0.000582
2026-02-04 21:14:18,254 - INFO - 
2026-02-04 21:14:19,864 - INFO - Epoch 10/20
2026-02-04 21:14:19,864 - INFO -   Train Loss: 1.1377
2026-02-04 21:14:19,864 - INFO -   Val Loss:   1.1349
2026-02-04 21:14:19,865 - INFO -   LR:         0.000505
2026-02-04 21:14:19,865 - INFO - 
2026-02-04 21:14:21,488 - INFO - Epoch 11/20
2026-02-04 21:14:21,489 - INFO -   Train Loss: 1.1284
2026-02-04 21:14:21,489 - INFO -   Val Loss:   1.1002
2026-02-04 21:14:21,489 - INFO -   LR:         0.000428
2026-02-04 21:14:21,489 - INFO -   ** New best val loss: 1.1002
2026-02-04 21:14:21,496 - INFO - 
2026-02-04 21:14:23,140 - INFO - Epoch 12/20
2026-02-04 21:14:23,140 - INFO -   Train Loss: 1.1363
2026-02-04 21:14:23,140 - INFO -   Val Loss:   1.1174
2026-02-04 21:14:23,140 - INFO -   LR:         0.000352
2026-02-04 21:14:23,140 - INFO - 
2026-02-04 21:14:24,785 - INFO - Epoch 13/20
2026-02-04 21:14:24,785 - INFO -   Train Loss: 1.1299
2026-02-04 21:14:24,785 - INFO -   Val Loss:   1.0974
2026-02-04 21:14:24,786 - INFO -   LR:         0.000280
2026-02-04 21:14:24,786 - INFO -   ** New best val loss: 1.0974
2026-02-04 21:14:24,792 - INFO - 
2026-02-04 21:14:26,369 - INFO - Epoch 14/20
2026-02-04 21:14:26,369 - INFO -   Train Loss: 1.1326
2026-02-04 21:14:26,369 - INFO -   Val Loss:   1.1157
2026-02-04 21:14:26,369 - INFO -   LR:         0.000214
2026-02-04 21:14:26,369 - INFO - 
2026-02-04 21:14:27,987 - INFO - Epoch 15/20
2026-02-04 21:14:27,987 - INFO -   Train Loss: 1.1196
2026-02-04 21:14:27,987 - INFO -   Val Loss:   1.0945
2026-02-04 21:14:27,988 - INFO -   LR:         0.000155
2026-02-04 21:14:27,988 - INFO -   ** New best val loss: 1.0945
2026-02-04 21:14:27,993 - INFO - 
2026-02-04 21:14:29,605 - INFO - Epoch 16/20
2026-02-04 21:14:29,605 - INFO -   Train Loss: 1.1264
2026-02-04 21:14:29,606 - INFO -   Val Loss:   1.1226
2026-02-04 21:14:29,606 - INFO -   LR:         0.000105
2026-02-04 21:14:29,606 - INFO - 
2026-02-04 21:14:31,193 - INFO - Epoch 17/20
2026-02-04 21:14:31,193 - INFO -   Train Loss: 1.1258
2026-02-04 21:14:31,194 - INFO -   Val Loss:   1.0976
2026-02-04 21:14:31,194 - INFO -   LR:         0.000064
2026-02-04 21:14:31,194 - INFO - 
2026-02-04 21:14:32,821 - INFO - Epoch 18/20
2026-02-04 21:14:32,821 - INFO -   Train Loss: 1.1243
2026-02-04 21:14:32,821 - INFO -   Val Loss:   1.1010
2026-02-04 21:14:32,822 - INFO -   LR:         0.000034
2026-02-04 21:14:32,822 - INFO - 
2026-02-04 21:14:34,421 - INFO - Epoch 19/20
2026-02-04 21:14:34,421 - INFO -   Train Loss: 1.1206
2026-02-04 21:14:34,421 - INFO -   Val Loss:   1.1032
2026-02-04 21:14:34,421 - INFO -   LR:         0.000016
2026-02-04 21:14:34,422 - INFO - 
2026-02-04 21:14:36,029 - INFO - Epoch 20/20
2026-02-04 21:14:36,030 - INFO -   Train Loss: 1.1120
2026-02-04 21:14:36,030 - INFO -   Val Loss:   1.1037
2026-02-04 21:14:36,030 - INFO -   LR:         0.000010
2026-02-04 21:14:36,030 - INFO - 
2026-02-04 21:14:36,030 - INFO - Early stopping triggered at epoch 20

2026-02-04 21:14:36,163 - INFO - Fold 1 complete. Best val loss: 1.0945

2026-02-04 21:14:36,163 - INFO - ============================================================
2026-02-04 21:14:36,163 - INFO - Fold 2/5
2026-02-04 21:14:36,163 - INFO - ============================================================
2026-02-04 21:14:36,163 - INFO - Train samples: 541, Val samples: 135

2026-02-04 21:14:37,920 - INFO - Epoch 1/20
2026-02-04 21:14:37,920 - INFO -   Train Loss: 1.1972
2026-02-04 21:14:37,920 - INFO -   Val Loss:   1.4056
2026-02-04 21:14:37,920 - INFO -   LR:         0.000994
2026-02-04 21:14:37,920 - INFO -   ** New best val loss: 1.4056
2026-02-04 21:14:37,927 - INFO - 
2026-02-04 21:14:39,689 - INFO - Epoch 2/20
2026-02-04 21:14:39,690 - INFO -   Train Loss: 1.1787
2026-02-04 21:14:39,690 - INFO -   Val Loss:   1.1937
2026-02-04 21:14:39,690 - INFO -   LR:         0.000976
2026-02-04 21:14:39,690 - INFO -   ** New best val loss: 1.1937
2026-02-04 21:14:39,696 - INFO - 
2026-02-04 21:14:41,364 - INFO - Epoch 3/20
2026-02-04 21:14:41,364 - INFO -   Train Loss: 1.1645
2026-02-04 21:14:41,365 - INFO -   Val Loss:   1.1780
2026-02-04 21:14:41,365 - INFO -   LR:         0.000946
2026-02-04 21:14:41,365 - INFO -   ** New best val loss: 1.1780
2026-02-04 21:14:41,370 - INFO - 
2026-02-04 21:14:42,966 - INFO - Epoch 4/20
2026-02-04 21:14:42,966 - INFO -   Train Loss: 1.1614
2026-02-04 21:14:42,966 - INFO -   Val Loss:   1.2084
2026-02-04 21:14:42,966 - INFO -   LR:         0.000905
2026-02-04 21:14:42,966 - INFO - 
2026-02-04 21:14:44,552 - INFO - Epoch 5/20
2026-02-04 21:14:44,552 - INFO -   Train Loss: 1.1460
2026-02-04 21:14:44,552 - INFO -   Val Loss:   1.1806
2026-02-04 21:14:44,552 - INFO -   LR:         0.000855
2026-02-04 21:14:44,552 - INFO - 
2026-02-04 21:14:46,175 - INFO - Epoch 6/20
2026-02-04 21:14:46,175 - INFO -   Train Loss: 1.1400
2026-02-04 21:14:46,176 - INFO -   Val Loss:   1.1867
2026-02-04 21:14:46,176 - INFO -   LR:         0.000796
2026-02-04 21:14:46,176 - INFO - 
2026-02-04 21:14:47,763 - INFO - Epoch 7/20
2026-02-04 21:14:47,763 - INFO -   Train Loss: 1.1515
2026-02-04 21:14:47,763 - INFO -   Val Loss:   1.1954
2026-02-04 21:14:47,763 - INFO -   LR:         0.000730
2026-02-04 21:14:47,764 - INFO - 
2026-02-04 21:14:49,399 - INFO - Epoch 8/20
2026-02-04 21:14:49,400 - INFO -   Train Loss: 1.1373
2026-02-04 21:14:49,400 - INFO -   Val Loss:   1.1940
2026-02-04 21:14:49,400 - INFO -   LR:         0.000658
2026-02-04 21:14:49,400 - INFO - 
2026-02-04 21:14:49,400 - INFO - Early stopping triggered at epoch 8

2026-02-04 21:14:49,537 - INFO - Fold 2 complete. Best val loss: 1.1780

2026-02-04 21:14:49,537 - INFO - ============================================================
2026-02-04 21:14:49,537 - INFO - Fold 3/5
2026-02-04 21:14:49,537 - INFO - ============================================================
2026-02-04 21:14:49,537 - INFO - Train samples: 541, Val samples: 135

2026-02-04 21:14:51,160 - INFO - Epoch 1/20
2026-02-04 21:14:51,160 - INFO -   Train Loss: 1.1941
2026-02-04 21:14:51,160 - INFO -   Val Loss:   1.2406
2026-02-04 21:14:51,160 - INFO -   LR:         0.000994
2026-02-04 21:14:51,160 - INFO -   ** New best val loss: 1.2406
2026-02-04 21:14:51,166 - INFO - 
2026-02-04 21:14:52,785 - INFO - Epoch 2/20
2026-02-04 21:14:52,785 - INFO -   Train Loss: 1.1631
2026-02-04 21:14:52,786 - INFO -   Val Loss:   1.2208
2026-02-04 21:14:52,786 - INFO -   LR:         0.000976
2026-02-04 21:14:52,786 - INFO -   ** New best val loss: 1.2208
2026-02-04 21:14:52,792 - INFO - 
2026-02-04 21:14:54,398 - INFO - Epoch 3/20
2026-02-04 21:14:54,398 - INFO -   Train Loss: 1.1611
2026-02-04 21:14:54,398 - INFO -   Val Loss:   1.2231
2026-02-04 21:14:54,398 - INFO -   LR:         0.000946
2026-02-04 21:14:54,399 - INFO - 
2026-02-04 21:14:56,034 - INFO - Epoch 4/20
2026-02-04 21:14:56,034 - INFO -   Train Loss: 1.1501
2026-02-04 21:14:56,034 - INFO -   Val Loss:   1.2270
2026-02-04 21:14:56,034 - INFO -   LR:         0.000905
2026-02-04 21:14:56,035 - INFO - 
2026-02-04 21:14:57,645 - INFO - Epoch 5/20
2026-02-04 21:14:57,645 - INFO -   Train Loss: 1.1459
2026-02-04 21:14:57,645 - INFO -   Val Loss:   1.2022
2026-02-04 21:14:57,645 - INFO -   LR:         0.000855
2026-02-04 21:14:57,646 - INFO -   ** New best val loss: 1.2022
2026-02-04 21:14:57,651 - INFO - 
2026-02-04 21:14:59,269 - INFO - Epoch 6/20
2026-02-04 21:14:59,270 - INFO -   Train Loss: 1.1478
2026-02-04 21:14:59,270 - INFO -   Val Loss:   1.1924
2026-02-04 21:14:59,270 - INFO -   LR:         0.000796
2026-02-04 21:14:59,270 - INFO -   ** New best val loss: 1.1924
2026-02-04 21:14:59,275 - INFO - 
2026-02-04 21:15:00,879 - INFO - Epoch 7/20
2026-02-04 21:15:00,880 - INFO -   Train Loss: 1.1380
2026-02-04 21:15:00,880 - INFO -   Val Loss:   1.2001
2026-02-04 21:15:00,880 - INFO -   LR:         0.000730
2026-02-04 21:15:00,880 - INFO - 
2026-02-04 21:15:02,476 - INFO - Epoch 8/20
2026-02-04 21:15:02,477 - INFO -   Train Loss: 1.1362
2026-02-04 21:15:02,477 - INFO -   Val Loss:   1.2340
2026-02-04 21:15:02,477 - INFO -   LR:         0.000658
2026-02-04 21:15:02,477 - INFO - 
2026-02-04 21:15:04,071 - INFO - Epoch 9/20
2026-02-04 21:15:04,072 - INFO -   Train Loss: 1.1269
2026-02-04 21:15:04,072 - INFO -   Val Loss:   1.3419
2026-02-04 21:15:04,072 - INFO -   LR:         0.000582
2026-02-04 21:15:04,072 - INFO - 
2026-02-04 21:15:05,647 - INFO - Epoch 10/20
2026-02-04 21:15:05,647 - INFO -   Train Loss: 1.1393
2026-02-04 21:15:05,648 - INFO -   Val Loss:   1.3095
2026-02-04 21:15:05,648 - INFO -   LR:         0.000505
2026-02-04 21:15:05,648 - INFO - 
2026-02-04 21:15:07,418 - INFO - Epoch 11/20
2026-02-04 21:15:07,418 - INFO -   Train Loss: 1.1430
2026-02-04 21:15:07,418 - INFO -   Val Loss:   1.2055
2026-02-04 21:15:07,418 - INFO -   LR:         0.000428
2026-02-04 21:15:07,418 - INFO - 
2026-02-04 21:15:07,418 - INFO - Early stopping triggered at epoch 11

2026-02-04 21:15:07,565 - INFO - Fold 3 complete. Best val loss: 1.1924

2026-02-04 21:15:07,566 - INFO - ============================================================
2026-02-04 21:15:07,566 - INFO - Fold 4/5
2026-02-04 21:15:07,566 - INFO - ============================================================
2026-02-04 21:15:07,566 - INFO - Train samples: 541, Val samples: 135

2026-02-04 21:15:09,361 - INFO - Epoch 1/20
2026-02-04 21:15:09,362 - INFO -   Train Loss: 1.1931
2026-02-04 21:15:09,362 - INFO -   Val Loss:   1.1963
2026-02-04 21:15:09,362 - INFO -   LR:         0.000994
2026-02-04 21:15:09,362 - INFO -   ** New best val loss: 1.1963
2026-02-04 21:15:09,367 - INFO - 
2026-02-04 21:15:11,061 - INFO - Epoch 2/20
2026-02-04 21:15:11,061 - INFO -   Train Loss: 1.1600
2026-02-04 21:15:11,061 - INFO -   Val Loss:   1.1610
2026-02-04 21:15:11,061 - INFO -   LR:         0.000976
2026-02-04 21:15:11,061 - INFO -   ** New best val loss: 1.1610
2026-02-04 21:15:11,067 - INFO - 
2026-02-04 21:15:12,649 - INFO - Epoch 3/20
2026-02-04 21:15:12,649 - INFO -   Train Loss: 1.1583
2026-02-04 21:15:12,649 - INFO -   Val Loss:   1.1946
2026-02-04 21:15:12,649 - INFO -   LR:         0.000946
2026-02-04 21:15:12,651 - INFO - 
2026-02-04 21:15:14,266 - INFO - Epoch 4/20
2026-02-04 21:15:14,266 - INFO -   Train Loss: 1.1580
2026-02-04 21:15:14,268 - INFO -   Val Loss:   1.2221
2026-02-04 21:15:14,268 - INFO -   LR:         0.000905
2026-02-04 21:15:14,268 - INFO - 
2026-02-04 21:15:15,860 - INFO - Epoch 5/20
2026-02-04 21:15:15,860 - INFO -   Train Loss: 1.1510
2026-02-04 21:15:15,860 - INFO -   Val Loss:   1.1943
2026-02-04 21:15:15,861 - INFO -   LR:         0.000855
2026-02-04 21:15:15,861 - INFO - 
2026-02-04 21:15:17,443 - INFO - Epoch 6/20
2026-02-04 21:15:17,443 - INFO -   Train Loss: 1.1480
2026-02-04 21:15:17,443 - INFO -   Val Loss:   1.2039
2026-02-04 21:15:17,443 - INFO -   LR:         0.000796
2026-02-04 21:15:17,443 - INFO - 
2026-02-04 21:15:19,034 - INFO - Epoch 7/20
2026-02-04 21:15:19,035 - INFO -   Train Loss: 1.1379
2026-02-04 21:15:19,035 - INFO -   Val Loss:   1.1540
2026-02-04 21:15:19,035 - INFO -   LR:         0.000730
2026-02-04 21:15:19,035 - INFO -   ** New best val loss: 1.1540
2026-02-04 21:15:19,042 - INFO - 
2026-02-04 21:15:20,640 - INFO - Epoch 8/20
2026-02-04 21:15:20,640 - INFO -   Train Loss: 1.1401
2026-02-04 21:15:20,640 - INFO -   Val Loss:   1.1707
2026-02-04 21:15:20,641 - INFO -   LR:         0.000658
2026-02-04 21:15:20,641 - INFO - 
2026-02-04 21:15:22,241 - INFO - Epoch 9/20
2026-02-04 21:15:22,241 - INFO -   Train Loss: 1.1369
2026-02-04 21:15:22,241 - INFO -   Val Loss:   1.1880
2026-02-04 21:15:22,242 - INFO -   LR:         0.000582
2026-02-04 21:15:22,242 - INFO - 
2026-02-04 21:15:23,831 - INFO - Epoch 10/20
2026-02-04 21:15:23,831 - INFO -   Train Loss: 1.1381
2026-02-04 21:15:23,831 - INFO -   Val Loss:   1.1565
2026-02-04 21:15:23,832 - INFO -   LR:         0.000505
2026-02-04 21:15:23,832 - INFO - 
2026-02-04 21:15:25,415 - INFO - Epoch 11/20
2026-02-04 21:15:25,415 - INFO -   Train Loss: 1.1210
2026-02-04 21:15:25,415 - INFO -   Val Loss:   1.1509
2026-02-04 21:15:25,415 - INFO -   LR:         0.000428
2026-02-04 21:15:25,415 - INFO -   ** New best val loss: 1.1509
2026-02-04 21:15:25,421 - INFO - 
2026-02-04 21:15:27,017 - INFO - Epoch 12/20
2026-02-04 21:15:27,017 - INFO -   Train Loss: 1.1377
2026-02-04 21:15:27,017 - INFO -   Val Loss:   1.1455
2026-02-04 21:15:27,017 - INFO -   LR:         0.000352
2026-02-04 21:15:27,018 - INFO -   ** New best val loss: 1.1455
2026-02-04 21:15:27,024 - INFO - 
2026-02-04 21:15:28,625 - INFO - Epoch 13/20
2026-02-04 21:15:28,625 - INFO -   Train Loss: 1.1213
2026-02-04 21:15:28,625 - INFO -   Val Loss:   1.1629
2026-02-04 21:15:28,625 - INFO -   LR:         0.000280
2026-02-04 21:15:28,626 - INFO - 
2026-02-04 21:15:30,218 - INFO - Epoch 14/20
2026-02-04 21:15:30,218 - INFO -   Train Loss: 1.1237
2026-02-04 21:15:30,218 - INFO -   Val Loss:   1.1483
2026-02-04 21:15:30,218 - INFO -   LR:         0.000214
2026-02-04 21:15:30,218 - INFO - 
2026-02-04 21:15:31,822 - INFO - Epoch 15/20
2026-02-04 21:15:31,822 - INFO -   Train Loss: 1.1229
2026-02-04 21:15:31,823 - INFO -   Val Loss:   1.1466
2026-02-04 21:15:31,823 - INFO -   LR:         0.000155
2026-02-04 21:15:31,823 - INFO - 
2026-02-04 21:15:33,395 - INFO - Epoch 16/20
2026-02-04 21:15:33,395 - INFO -   Train Loss: 1.1163
2026-02-04 21:15:33,395 - INFO -   Val Loss:   1.1503
2026-02-04 21:15:33,395 - INFO -   LR:         0.000105
2026-02-04 21:15:33,395 - INFO - 
2026-02-04 21:15:34,992 - INFO - Epoch 17/20
2026-02-04 21:15:34,993 - INFO -   Train Loss: 1.1291
2026-02-04 21:15:34,993 - INFO -   Val Loss:   1.1453
2026-02-04 21:15:34,993 - INFO -   LR:         0.000064
2026-02-04 21:15:34,993 - INFO -   ** New best val loss: 1.1453
2026-02-04 21:15:34,998 - INFO - 
2026-02-04 21:15:34,998 - INFO - Early stopping triggered at epoch 17

2026-02-04 21:15:35,138 - INFO - Fold 4 complete. Best val loss: 1.1453

2026-02-04 21:15:35,138 - INFO - ============================================================
2026-02-04 21:15:35,138 - INFO - Fold 5/5
2026-02-04 21:15:35,138 - INFO - ============================================================
2026-02-04 21:15:35,138 - INFO - Train samples: 541, Val samples: 135

2026-02-04 21:15:36,764 - INFO - Epoch 1/20
2026-02-04 21:15:36,765 - INFO -   Train Loss: 1.1941
2026-02-04 21:15:36,765 - INFO -   Val Loss:   1.1183
2026-02-04 21:15:36,765 - INFO -   LR:         0.000994
2026-02-04 21:15:36,765 - INFO -   ** New best val loss: 1.1183
2026-02-04 21:15:36,771 - INFO - 
2026-02-04 21:15:38,560 - INFO - Epoch 2/20
2026-02-04 21:15:38,561 - INFO -   Train Loss: 1.1612
2026-02-04 21:15:38,561 - INFO -   Val Loss:   1.1142
2026-02-04 21:15:38,561 - INFO -   LR:         0.000976
2026-02-04 21:15:38,561 - INFO -   ** New best val loss: 1.1142
2026-02-04 21:15:38,569 - INFO - 
2026-02-04 21:15:40,377 - INFO - Epoch 3/20
2026-02-04 21:15:40,377 - INFO -   Train Loss: 1.1491
2026-02-04 21:15:40,377 - INFO -   Val Loss:   1.2052
2026-02-04 21:15:40,377 - INFO -   LR:         0.000946
2026-02-04 21:15:40,378 - INFO - 
2026-02-04 21:15:41,983 - INFO - Epoch 4/20
2026-02-04 21:15:41,983 - INFO -   Train Loss: 1.1455
2026-02-04 21:15:41,983 - INFO -   Val Loss:   1.1442
2026-02-04 21:15:41,984 - INFO -   LR:         0.000905
2026-02-04 21:15:41,984 - INFO - 
2026-02-04 21:15:43,570 - INFO - Epoch 5/20
2026-02-04 21:15:43,571 - INFO -   Train Loss: 1.1443
2026-02-04 21:15:43,571 - INFO -   Val Loss:   1.1366
2026-02-04 21:15:43,571 - INFO -   LR:         0.000855
2026-02-04 21:15:43,571 - INFO - 
2026-02-04 21:15:45,209 - INFO - Epoch 6/20
2026-02-04 21:15:45,209 - INFO -   Train Loss: 1.1392
2026-02-04 21:15:45,209 - INFO -   Val Loss:   1.1063
2026-02-04 21:15:45,209 - INFO -   LR:         0.000796
2026-02-04 21:15:45,209 - INFO -   ** New best val loss: 1.1063
2026-02-04 21:15:45,216 - INFO - 
2026-02-04 21:15:46,840 - INFO - Epoch 7/20
2026-02-04 21:15:46,840 - INFO -   Train Loss: 1.1483
2026-02-04 21:15:46,841 - INFO -   Val Loss:   1.1164
2026-02-04 21:15:46,841 - INFO -   LR:         0.000730
2026-02-04 21:15:46,841 - INFO - 
2026-02-04 21:15:48,475 - INFO - Epoch 8/20
2026-02-04 21:15:48,475 - INFO -   Train Loss: 1.1364
2026-02-04 21:15:48,475 - INFO -   Val Loss:   1.1876
2026-02-04 21:15:48,476 - INFO -   LR:         0.000658
2026-02-04 21:15:48,476 - INFO - 
2026-02-04 21:15:50,110 - INFO - Epoch 9/20
2026-02-04 21:15:50,110 - INFO -   Train Loss: 1.1280
2026-02-04 21:15:50,110 - INFO -   Val Loss:   1.1466
2026-02-04 21:15:50,110 - INFO -   LR:         0.000582
2026-02-04 21:15:50,110 - INFO - 
2026-02-04 21:15:51,710 - INFO - Epoch 10/20
2026-02-04 21:15:51,711 - INFO -   Train Loss: 1.1328
2026-02-04 21:15:51,711 - INFO -   Val Loss:   1.1001
2026-02-04 21:15:51,711 - INFO -   LR:         0.000505
2026-02-04 21:15:51,711 - INFO -   ** New best val loss: 1.1001
2026-02-04 21:15:51,718 - INFO - 
2026-02-04 21:15:53,326 - INFO - Epoch 11/20
2026-02-04 21:15:53,326 - INFO -   Train Loss: 1.1460
2026-02-04 21:15:53,326 - INFO -   Val Loss:   1.1020
2026-02-04 21:15:53,326 - INFO -   LR:         0.000428
2026-02-04 21:15:53,327 - INFO - 
2026-02-04 21:15:54,904 - INFO - Epoch 12/20
2026-02-04 21:15:54,904 - INFO -   Train Loss: 1.1197
2026-02-04 21:15:54,904 - INFO -   Val Loss:   1.0997
2026-02-04 21:15:54,905 - INFO -   LR:         0.000352
2026-02-04 21:15:54,905 - INFO -   ** New best val loss: 1.0997
2026-02-04 21:15:54,910 - INFO - 
2026-02-04 21:15:56,508 - INFO - Epoch 13/20
2026-02-04 21:15:56,508 - INFO -   Train Loss: 1.1212
2026-02-04 21:15:56,508 - INFO -   Val Loss:   1.1151
2026-02-04 21:15:56,508 - INFO -   LR:         0.000280
2026-02-04 21:15:56,508 - INFO - 
2026-02-04 21:15:58,136 - INFO - Epoch 14/20
2026-02-04 21:15:58,136 - INFO -   Train Loss: 1.1290
2026-02-04 21:15:58,137 - INFO -   Val Loss:   1.0974
2026-02-04 21:15:58,137 - INFO -   LR:         0.000214
2026-02-04 21:15:58,137 - INFO -   ** New best val loss: 1.0974
2026-02-04 21:15:58,144 - INFO - 
2026-02-04 21:15:59,775 - INFO - Epoch 15/20
2026-02-04 21:15:59,775 - INFO -   Train Loss: 1.1125
2026-02-04 21:15:59,775 - INFO -   Val Loss:   1.1036
2026-02-04 21:15:59,775 - INFO -   LR:         0.000155
2026-02-04 21:15:59,775 - INFO - 
2026-02-04 21:16:01,372 - INFO - Epoch 16/20
2026-02-04 21:16:01,372 - INFO -   Train Loss: 1.1274
2026-02-04 21:16:01,372 - INFO -   Val Loss:   1.0999
2026-02-04 21:16:01,372 - INFO -   LR:         0.000105
2026-02-04 21:16:01,372 - INFO - 
2026-02-04 21:16:02,954 - INFO - Epoch 17/20
2026-02-04 21:16:02,954 - INFO -   Train Loss: 1.1071
2026-02-04 21:16:02,954 - INFO -   Val Loss:   1.0998
2026-02-04 21:16:02,955 - INFO -   LR:         0.000064
2026-02-04 21:16:02,955 - INFO - 
2026-02-04 21:16:04,542 - INFO - Epoch 18/20
2026-02-04 21:16:04,543 - INFO -   Train Loss: 1.1178
2026-02-04 21:16:04,543 - INFO -   Val Loss:   1.0980
2026-02-04 21:16:04,543 - INFO -   LR:         0.000034
2026-02-04 21:16:04,543 - INFO - 
2026-02-04 21:16:06,139 - INFO - Epoch 19/20
2026-02-04 21:16:06,140 - INFO -   Train Loss: 1.1221
2026-02-04 21:16:06,140 - INFO -   Val Loss:   1.0974
2026-02-04 21:16:06,140 - INFO -   LR:         0.000016
2026-02-04 21:16:06,140 - INFO - 
2026-02-04 21:16:06,140 - INFO - Early stopping triggered at epoch 19

2026-02-04 21:16:06,273 - INFO - Fold 5 complete. Best val loss: 1.0974

2026-02-04 21:16:06,274 - INFO - OOF predictions saved to: d:\workspace\MRes\NoiseRate\kfold_results_pseudo\oof_predictions_pseudo.npy
2026-02-04 21:16:06,274 - INFO - Shape: (676, 12)

2026-02-04 21:16:06,274 - INFO - 
============================================================
2026-02-04 21:16:06,275 - INFO - VALIDATION - PSEUDO LABELS
2026-02-04 21:16:06,275 - INFO - ============================================================

2026-02-04 21:16:06,309 - INFO - ============================================================
2026-02-04 21:16:06,309 - INFO - Per-Class AUROC (PSEUDO model)
2026-02-04 21:16:06,309 - INFO - ============================================================
2026-02-04 21:16:06,321 - INFO - ============================================================
2026-02-04 21:16:06,321 - INFO - CNN-PSEUDO - Per-Class AUROC
2026-02-04 21:16:06,321 - INFO - ============================================================
2026-02-04 21:16:06,322 - INFO - 
Pathology                           AUROC
2026-02-04 21:16:06,322 - INFO - ---------------------------------------------
2026-02-04 21:16:06,322 - INFO - Atelectasis                         0.546
2026-02-04 21:16:06,322 - INFO - Cardiomegaly                        0.627
2026-02-04 21:16:06,322 - INFO - Consolidation                       0.578
2026-02-04 21:16:06,322 - INFO - Edema                               0.678
2026-02-04 21:16:06,322 - INFO - Enlarged Cardiomediastinum          0.539
2026-02-04 21:16:06,322 - INFO - Fracture                            0.619
2026-02-04 21:16:06,322 - INFO - Lung Lesion                         0.503
2026-02-04 21:16:06,322 - INFO - Lung Opacity                        0.531
2026-02-04 21:16:06,324 - INFO - Pleural Effusion                    0.590
2026-02-04 21:16:06,324 - INFO - Pleural Other                       0.664
2026-02-04 21:16:06,324 - INFO - Pneumonia                           0.616
2026-02-04 21:16:06,324 - INFO - Pneumothorax                        0.557
2026-02-04 21:16:06,324 - INFO - ---------------------------------------------
2026-02-04 21:16:06,324 - INFO - Mean AUROC                          0.587
2026-02-04 21:16:06,324 - INFO - 
2026-02-04 21:16:06,324 - INFO - ============================================================
2026-02-04 21:16:06,324 - INFO - Per-Class Noise Analysis
2026-02-04 21:16:06,325 - INFO - ============================================================

2026-02-04 21:16:06,356 - INFO - ============================================================
2026-02-04 21:16:06,356 - INFO - Per-Class Noise Analysis (PSEUDO labels)
2026-02-04 21:16:06,356 - INFO - ============================================================
2026-02-04 21:16:06,357 - INFO - 
Analyzing 12 pathology classes individually...
2026-02-04 21:17:23,952 - INFO - 
Per-class noise rates:
2026-02-04 21:17:23,953 - INFO - Pathology                      Positive Negative  Issues     Rate
2026-02-04 21:17:23,953 - INFO - ----------------------------------------------------------------------
2026-02-04 21:17:23,953 - INFO - Atelectasis                         188      488    325    48.1%
2026-02-04 21:17:23,953 - INFO - Cardiomegaly                        176      500    268    39.6%
2026-02-04 21:17:23,953 - INFO - Consolidation                        62      614    303    44.8%
2026-02-04 21:17:23,953 - INFO - Edema                               140      536    275    40.7%
2026-02-04 21:17:23,954 - INFO - Enlarged Cardiomediastinum           50      626    305    45.1%
2026-02-04 21:17:23,954 - INFO - Fracture                             51      625    255    37.7%
2026-02-04 21:17:23,954 - INFO - Lung Lesion                          51      625    278    41.1%
2026-02-04 21:17:23,954 - INFO - Lung Opacity                        214      462    247    36.5%
2026-02-04 21:17:23,954 - INFO - Pleural Effusion                    246      430    300    44.4%
2026-02-04 21:17:23,954 - INFO - Pleural Other                        35      641    191    28.3%
2026-02-04 21:17:23,954 - INFO - Pneumonia                            77      599    296    43.8%
2026-02-04 21:17:23,954 - INFO - Pneumothorax                         52      624    217    32.1%
2026-02-04 21:17:23,954 - INFO - 
2026-02-04 21:17:23,956 - INFO - Issue IDs saved to: d:\workspace\MRes\NoiseRate\kfold_results_pseudo\issues_pseudo_20260204_211723.txt
2026-02-04 21:17:23,959 - INFO - Results saved to: d:\workspace\MRes\NoiseRate\kfold_results_pseudo\cnn_pseudo_results_20260204_211723.csv
2026-02-04 21:17:23,959 - INFO - 
============================================================
2026-02-04 21:17:23,960 - INFO - PSEUDO TRAINING AND VALIDATION - COMPLETE
2026-02-04 21:17:23,960 - INFO - ============================================================

